03-16 09:21:44.323  1379  1379 E SurfaceFlinger: Out of order buffers detected for RequestedLayerState{com.motorola.launcher3/com.android.launcher3.CustomizationPanelLauncher#199729 parentId=189046} producedId=117 frameNumber=138 -> producedId=117 frameNumber=64
03-16 09:21:44.325  9126  9126 D nativeloader: Load /data/app/~~9cXgvjzGYcqGxcfB_fLyQw==/com.posandroid-ez8ADl1f5iBbIEfaNRUslw==/base.apk!/lib/arm64-v8a/libjsi.so using class loader ns clns-7 (caller=/data/app/~~9cXgvjzGYcqGxcfB_fLyQw==/com.posandroid-ez8ADl1f5iBbIEfaNRUslw==/base.apk!classes2.dex): ok
03-16 09:21:44.327  9126  9126 D nativeloader: Load /data/app/~~9cXgvjzGYcqGxcfB_fLyQw==/com.posandroid-ez8ADl1f5iBbIEfaNRUslw==/base.apk!/lib/arm64-v8a/libfbjni.so using class loader ns clns-7 (caller=/data/app/~~9cXgvjzGYcqGxcfB_fLyQw==/com.posandroid-ez8ADl1f5iBbIEfaNRUslw==/base.apk!classes2.dex): ok
03-16 09:21:44.330  9126  9126 D nativeloader: Load /data/app/~~9cXgvjzGYcqGxcfB_fLyQw==/com.posandroid-ez8ADl1f5iBbIEfaNRUslw==/base.apk!/lib/arm64-v8a/libreactnative.so using class loader ns clns-7 (caller=/data/app/~~9cXgvjzGYcqGxcfB_fLyQw==/com.posandroid-ez8ADl1f5iBbIEfaNRUslw==/base.apk!classes2.dex): ok
03-16 09:21:44.330  9126  9126 D jni_lib_merge: Entering merged library JNI_OnLoad.
03-16 09:21:44.330  9126  9126 D jni_lib_merge: Preparing 12 pre-merged libs (including stub)
03-16 09:21:44.330  9126  9126 D jni_lib_merge: Preparing to register libfabricjni_so.  onload_func: 0x7cf9625a50
03-16 09:21:44.330  9126  9126 D jni_lib_merge: Preparing to register libreact_devsupportjni_so.  onload_func: 0x7cf96e936c
03-16 09:21:44.330  9126  9126 D jni_lib_merge: Preparing to register libreact_featureflagsjni_so.  onload_func: 0x7cf9703ba8
03-16 09:21:44.330  9126  9126 D jni_lib_merge: Preparing to register libreact_newarchdefaults_so.  onload_func: 0x7cf9741d74
03-16 09:21:44.330  9126  9126 D jni_lib_merge: Preparing to register libreactnativeblob_so.  onload_func: 0x7cf97e2a4c
03-16 09:21:44.330  9126  9126 D jni_lib_merge: Preparing to register libreactnativejni_so.  onload_func: 0x7cf97f79e4
03-16 09:21:44.330  9126  9126 D jni_lib_merge: Preparing to register libreactnativejni_common_so.  onload_func: 0x7cf97fabe0
03-16 09:21:44.330  9126  9126 D jni_lib_merge: Preparing to register librninstance_so.  onload_func: 0x7cf9817778
03-16 09:21:44.330  9126  9126 D jni_lib_merge: Preparing to register libturbomodulejsijni_so.  onload_func: 0x7cf98c10e0
03-16 09:21:44.330  9126  9126 D jni_lib_merge: Preparing to register libuimanagerjni_so.  onload_func: 0x7cf98c7b00
03-16 09:21:44.330  9126  9126 D jni_lib_merge: Preparing to register libyoga_so.  onload_func: 0x7cf98cf0c4
03-16 09:21:44.330  9126  9126 D jni_lib_merge: About to register 11 actual methods.
03-16 09:21:44.336  9126  9126 D nativeloader: Load /data/app/~~9cXgvjzGYcqGxcfB_fLyQw==/com.posandroid-ez8ADl1f5iBbIEfaNRUslw==/base.apk!/lib/arm64-v8a/libreact_codegen_rnscreens.so using class loader ns clns-7 (caller=/data/app/~~9cXgvjzGYcqGxcfB_fLyQw==/com.posandroid-ez8ADl1f5iBbIEfaNRUslw==/base.apk!classes2.dex): ok
03-16 09:21:44.336  9126  9126 D jni_lib_merge: Entering merged library JNI_OnLoad.
03-16 09:21:44.336  9126  9126 D jni_lib_merge: Preparing 12 pre-merged libs (including stub)
03-16 09:21:44.336  9126  9126 D jni_lib_merge: Preparing to register libfabricjni_so.  onload_func: 0x7cf9625a50
03-16 09:21:44.336  9126  9126 D jni_lib_merge: Preparing to register libreact_devsupportjni_so.  onload_func: 0x7cf96e936c
03-16 09:21:44.336  9126  9126 D jni_lib_merge: Preparing to register libreact_featureflagsjni_so.  onload_func: 0x7cf9703ba8
03-16 09:21:44.336  9126  9126 D jni_lib_merge: Preparing to register libreact_newarchdefaults_so.  onload_func: 0x7cf9741d74
03-16 09:21:44.336  9126  9126 D jni_lib_merge: Preparing to register libreactnativeblob_so.  onload_func: 0x7cf97e2a4c
03-16 09:21:44.336  9126  9126 D jni_lib_merge: Preparing to register libreactnativejni_so.  onload_func: 0x7cf97f79e4
03-16 09:21:44.336  9126  9126 D jni_lib_merge: Preparing to register libreactnativejni_common_so.  onload_func: 0x7cf97fabe0
03-16 09:21:44.336  9126  9126 D jni_lib_merge: Preparing to register librninstance_so.  onload_func: 0x7cf9817778
03-16 09:21:44.336  9126  9126 D jni_lib_merge: Preparing to register libturbomodulejsijni_so.  onload_func: 0x7cf98c10e0
03-16 09:21:44.336  9126  9126 D jni_lib_merge: Preparing to register libuimanagerjni_so.  onload_func: 0x7cf98c7b00
03-16 09:21:44.336  9126  9126 D jni_lib_merge: Preparing to register libyoga_so.  onload_func: 0x7cf98cf0c4
03-16 09:21:44.336  9126  9126 D jni_lib_merge: About to register 11 actual methods.
03-16 09:21:44.336  1168  1168 D Zygote  : Forked child process 9144
03-16 09:21:44.337  1997  2200 I ActivityManager: Start proc 9144:com.motorola.motcameradesktop/u0a287 for content provider {com.motorola.motcameradesktop/com.motorola.motoprovider.VideoEffectsProvider}
03-16 09:21:44.339  9126  9126 D nativeloader: Load /data/app/~~9cXgvjzGYcqGxcfB_fLyQw==/com.posandroid-ez8ADl1f5iBbIEfaNRUslw==/base.apk!/lib/arm64-v8a/libreact_codegen_rnsvg.so using class loader ns clns-7 (caller=/data/app/~~9cXgvjzGYcqGxcfB_fLyQw==/com.posandroid-ez8ADl1f5iBbIEfaNRUslw==/base.apk!classes2.dex): ok
03-16 09:21:44.339  9126  9126 D jni_lib_merge: Entering merged library JNI_OnLoad.
03-16 09:21:44.339  9126  9126 D jni_lib_merge: Preparing 12 pre-merged libs (including stub)
03-16 09:21:44.339  9126  9126 D jni_lib_merge: Preparing to register libfabricjni_so.  onload_func: 0x7cf9625a50
03-16 09:21:44.339  9126  9126 D jni_lib_merge: Preparing to register libreact_devsupportjni_so.  onload_func: 0x7cf96e936c
03-16 09:21:44.339  9126  9126 D jni_lib_merge: Preparing to register libreact_featureflagsjni_so.  onload_func: 0x7cf9703ba8
03-16 09:21:44.339  9126  9126 D jni_lib_merge: Preparing to register libreact_newarchdefaults_so.  onload_func: 0x7cf9741d74
03-16 09:21:44.339  9126  9126 D jni_lib_merge: Preparing to register libreactnativeblob_so.  onload_func: 0x7cf97e2a4c
03-16 09:21:44.339  9126  9126 D jni_lib_merge: Preparing to register libreactnativejni_so.  onload_func: 0x7cf97f79e4
03-16 09:21:44.339  9126  9126 D jni_lib_merge: Preparing to register libreactnativejni_common_so.  onload_func: 0x7cf97fabe0
03-16 09:21:44.339  9126  9126 D jni_lib_merge: Preparing to register librninstance_so.  onload_func: 0x7cf9817778
03-16 09:21:44.339  9126  9126 D jni_lib_merge: Preparing to register libturbomodulejsijni_so.  onload_func: 0x7cf98c10e0
03-16 09:21:44.339  9126  9126 D jni_lib_merge: Preparing to register libuimanagerjni_so.  onload_func: 0x7cf98c7b00
03-16 09:21:44.339  9126  9126 D jni_lib_merge: Preparing to register libyoga_so.  onload_func: 0x7cf98cf0c4
03-16 09:21:44.339  9126  9126 D jni_lib_merge: About to register 11 actual methods.
03-16 09:21:44.339 19301 19301 D BaseDepthController: mSurface is null and mCurrentBlur is: 0
03-16 09:21:44.342  9126  9126 D nativeloader: Load /data/app/~~9cXgvjzGYcqGxcfB_fLyQw==/com.posandroid-ez8ADl1f5iBbIEfaNRUslw==/base.apk!/lib/arm64-v8a/libreact_codegen_safeareacontext.so using class loader ns clns-7 (caller=/data/app/~~9cXgvjzGYcqGxcfB_fLyQw==/com.posandroid-ez8ADl1f5iBbIEfaNRUslw==/base.apk!classes2.dex): ok
03-16 09:21:44.344  9126  9126 D nativeloader: Load /data/app/~~9cXgvjzGYcqGxcfB_fLyQw==/com.posandroid-ez8ADl1f5iBbIEfaNRUslw==/base.apk!/lib/arm64-v8a/libappmodules.so using class loader ns clns-7 (caller=/data/app/~~9cXgvjzGYcqGxcfB_fLyQw==/com.posandroid-ez8ADl1f5iBbIEfaNRUslw==/base.apk!classes2.dex): ok
03-16 09:21:44.344  9126  9126 I Typeface: updateThemeFont new=Exo2-Regular;old=sans-serif;new=Exo2-Stacked;old=
03-16 09:21:44.345  9108  9117 D WallpaperLoader: StatusBarColorChangeListener: isStatusAreaLight = false
03-16 09:21:44.345  1379  1379 E SurfaceFlinger: Out of order buffers detected for RequestedLayerState{com.motorola.launcher3/com.android.launcher3.CustomizationPanelLauncher#199729 parentId=189046} producedId=117 frameNumber=138 -> producedId=117 frameNumber=65
03-16 09:21:44.347 19301 19301 D BaseDepthController: mSurface is null and mCurrentBlur is: 0
03-16 09:21:44.347  1997  3765 I ActivityManager: Flag disabled. Ignoring finishAttachApplication from uid: 10498. pid: 9126
03-16 09:21:44.355 19301 19301 D BaseDepthController: mSurface is null and mCurrentBlur is: 0
03-16 09:21:44.356  9126  9126 D AppCompatDelegate: Checking for metadata for AppLocalesMetadataHolderService : Service not found
03-16 09:21:44.356  1379  1379 E SurfaceFlinger: Out of order buffers detected for RequestedLayerState{com.motorola.launcher3/com.android.launcher3.CustomizationPanelLauncher#199729 parentId=189046} producedId=117 frameNumber=138 -> producedId=117 frameNumber=66
03-16 09:21:44.366 19301 19301 D BaseDepthController: mSurface is null and mCurrentBlur is: 0
03-16 09:21:44.367  9144  9144 I otcameradesktop: Using CollectorTypeCC GC.
03-16 09:21:44.367  1379  1379 E SurfaceFlinger: Out of order buffers detected for RequestedLayerState{com.motorola.launcher3/com.android.launcher3.CustomizationPanelLauncher#199729 parentId=189046} producedId=117 frameNumber=138 -> producedId=117 frameNumber=67
03-16 09:21:44.369  2843  2941 D WindowManagerShell: onKeepClearAreasChanged: restricted={Rect(10, 1396 - 710, 1549)}, unrestricted={}
03-16 09:21:44.369  2843  2941 D WindowManagerShell: onKeepClearAreasChanged: restricted={Rect(10, 1395 - 710, 1549)}, unrestricted={}
03-16 09:21:44.372  9126  9126 W SoLoader: Running a recovery step for libhermestooling.so due to com.facebook.soloader.SoLoaderDSONotFoundError: couldn't find DSO to load: libhermestooling.so
03-16 09:21:44.372  9126  9126 W SoLoader: 	existing SO sources: 
03-16 09:21:44.372  9126  9126 W SoLoader: 		SoSource 0: ApplicationSoSource[DirectorySoSource[root = /data/app/~~9cXgvjzGYcqGxcfB_fLyQw==/com.posandroid-ez8ADl1f5iBbIEfaNRUslw==/lib/arm64 flags = 0]]
03-16 09:21:44.372  9126  9126 W SoLoader: 		SoSource 1: DirectApkSoSource[root = [/data/app/~~9cXgvjzGYcqGxcfB_fLyQw==/com.posandroid-ez8ADl1f5iBbIEfaNRUslw==/base.apk!/lib/arm64-v8a]]
03-16 09:21:44.372  9126  9126 W SoLoader: 		SoSource 2: DirectorySoSource[root = /system/lib64 flags = 2]
03-16 09:21:44.372  9126  9126 W SoLoader: 		SoSource 3: DirectorySoSource[root = /vendor/lib64 flags = 2]
03-16 09:21:44.372  9126  9126 W SoLoader: 	Native lib dir: /data/app/~~9cXgvjzGYcqGxcfB_fLyQw==/com.posandroid-ez8ADl1f5iBbIEfaNRUslw==/lib/arm64
03-16 09:21:44.372  9126  9126 W soloader.recovery.CheckBaseApkExists: Base apk exists: /data/app/~~9cXgvjzGYcqGxcfB_fLyQw==/com.posandroid-ez8ADl1f5iBbIEfaNRUslw==/base.apk
03-16 09:21:44.374  9126  9126 W SoLoader: Running a recovery step for libhermestooling.so due to com.facebook.soloader.SoLoaderDSONotFoundError: couldn't find DSO to load: libhermestooling.so
03-16 09:21:44.374  9126  9126 W SoLoader: 	existing SO sources: 
03-16 09:21:44.374  9126  9126 W SoLoader: 		SoSource 0: ApplicationSoSource[DirectorySoSource[root = /data/app/~~9cXgvjzGYcqGxcfB_fLyQw==/com.posandroid-ez8ADl1f5iBbIEfaNRUslw==/lib/arm64 flags = 0]]
03-16 09:21:44.374  9126  9126 W SoLoader: 		SoSource 1: DirectApkSoSource[root = [/data/app/~~9cXgvjzGYcqGxcfB_fLyQw==/com.posandroid-ez8ADl1f5iBbIEfaNRUslw==/base.apk!/lib/arm64-v8a]]
03-16 09:21:44.374  9126  9126 W SoLoader: 		SoSource 2: DirectorySoSource[root = /system/lib64 flags = 2]
03-16 09:21:44.374  9126  9126 W SoLoader: 		SoSource 3: DirectorySoSource[root = /vendor/lib64 flags = 2]
03-16 09:21:44.374  9126  9126 W SoLoader: 	Native lib dir: /data/app/~~9cXgvjzGYcqGxcfB_fLyQw==/com.posandroid-ez8ADl1f5iBbIEfaNRUslw==/lib/arm64
03-16 09:21:44.374  9126  9126 E SoLoader: Checking /data/app missing libraries.
03-16 09:21:44.374  9126  9126 E SoLoader: Successfully recovered from /data/app disk failure.
03-16 09:21:44.374  9126  9126 W SoLoader: Running a recovery step for libhermestooling.so due to com.facebook.soloader.SoLoaderDSONotFoundError: couldn't find DSO to load: libhermestooling.so
03-16 09:21:44.374  9126  9126 W SoLoader: 	existing SO sources: 
03-16 09:21:44.374  9126  9126 W SoLoader: 		SoSource 0: ApplicationSoSource[DirectorySoSource[root = /data/app/~~9cXgvjzGYcqGxcfB_fLyQw==/com.posandroid-ez8ADl1f5iBbIEfaNRUslw==/lib/arm64 flags = 0]]
03-16 09:21:44.374  9126  9126 W SoLoader: 		SoSource 1: DirectApkSoSource[root = [/data/app/~~9cXgvjzGYcqGxcfB_fLyQw==/com.posandroid-ez8ADl1f5iBbIEfaNRUslw==/base.apk!/lib/arm64-v8a]]
03-16 09:21:44.374  9126  9126 W SoLoader: 		SoSource 2: DirectorySoSource[root = /system/lib64 flags = 3]
03-16 09:21:44.374  9126  9126 W SoLoader: 		SoSource 3: DirectorySoSource[root = /vendor/lib64 flags = 3]
03-16 09:21:44.374  9126  9126 W SoLoader: 	Native lib dir: /data/app/~~9cXgvjzGYcqGxcfB_fLyQw==/com.posandroid-ez8ADl1f5iBbIEfaNRUslw==/lib/arm64
03-16 09:21:44.374  9126  9126 E SoLoader: Checking /data/data missing libraries.
03-16 09:21:44.374  9126  9126 E SoLoader: No libraries missing from unpacking so paths while recovering /data/data failure
03-16 09:21:44.375  9126  9126 W SoLoader: Running a recovery step for libhermestooling.so due to com.facebook.soloader.SoLoaderDSONotFoundError: couldn't find DSO to load: libhermestooling.so
03-16 09:21:44.375  9126  9126 W SoLoader: 	existing SO sources: 
03-16 09:21:44.375  9126  9126 W SoLoader: 		SoSource 0: ApplicationSoSource[DirectorySoSource[root = /data/app/~~9cXgvjzGYcqGxcfB_fLyQw==/com.posandroid-ez8ADl1f5iBbIEfaNRUslw==/lib/arm64 flags = 0]]
03-16 09:21:44.375  9126  9126 W SoLoader: 		SoSource 1: DirectApkSoSource[root = [/data/app/~~9cXgvjzGYcqGxcfB_fLyQw==/com.posandroid-ez8ADl1f5iBbIEfaNRUslw==/base.apk!/lib/arm64-v8a]]
03-16 09:21:44.375  9126  9126 W SoLoader: 		SoSource 2: DirectorySoSource[root = /system/lib64 flags = 3]
03-16 09:21:44.375  9126  9126 W SoLoader: 		SoSource 3: DirectorySoSource[root = /vendor/lib64 flags = 3]
03-16 09:21:44.375  9126  9126 W SoLoader: 	Native lib dir: /data/app/~~9cXgvjzGYcqGxcfB_fLyQw==/com.posandroid-ez8ADl1f5iBbIEfaNRUslw==/lib/arm64
03-16 09:21:44.375  9126  9126 W SoLoader: Failed to recover
03-16 09:21:44.375  9126  9126 D AndroidRuntime: Shutting down VM
03-16 09:21:44.375  9126  9126 E AndroidRuntime: FATAL EXCEPTION: main
03-16 09:21:44.375  9126  9126 E AndroidRuntime: Process: com.posandroid, PID: 9126
03-16 09:21:44.375  9126  9126 E AndroidRuntime: com.facebook.soloader.SoLoaderDSONotFoundError: couldn't find DSO to load: libhermestooling.so
03-16 09:21:44.375  9126  9126 E AndroidRuntime: 	existing SO sources: 
03-16 09:21:44.375  9126  9126 E AndroidRuntime: 		SoSource 0: ApplicationSoSource[DirectorySoSource[root = /data/app/~~9cXgvjzGYcqGxcfB_fLyQw==/com.posandroid-ez8ADl1f5iBbIEfaNRUslw==/lib/arm64 flags = 0]]
03-16 09:21:44.375  9126  9126 E AndroidRuntime: 		SoSource 1: DirectApkSoSource[root = [/data/app/~~9cXgvjzGYcqGxcfB_fLyQw==/com.posandroid-ez8ADl1f5iBbIEfaNRUslw==/base.apk!/lib/arm64-v8a]]
03-16 09:21:44.375  9126  9126 E AndroidRuntime: 		SoSource 2: DirectorySoSource[root = /system/lib64 flags = 3]
03-16 09:21:44.375  9126  9126 E AndroidRuntime: 		SoSource 3: DirectorySoSource[root = /vendor/lib64 flags = 3]
03-16 09:21:44.375  9126  9126 E AndroidRuntime: 	Native lib dir: /data/app/~~9cXgvjzGYcqGxcfB_fLyQw==/com.posandroid-ez8ADl1f5iBbIEfaNRUslw==/lib/arm64
03-16 09:21:44.375  9126  9126 E AndroidRuntime: 
03-16 09:21:44.375  9126  9126 E AndroidRuntime: 	at com.facebook.soloader.SoLoader.doLoadLibraryBySoName(SoLoader.java:1216)
03-16 09:21:44.375  9126  9126 E AndroidRuntime: 	at com.facebook.soloader.SoLoader.loadLibraryBySoNameImpl(SoLoader.java:1078)
03-16 09:21:44.375  9126  9126 E AndroidRuntime: 	at com.facebook.soloader.SoLoader.loadLibraryBySoName(SoLoader.java:943)
03-16 09:21:44.375  9126  9126 E AndroidRuntime: 	at com.facebook.soloader.SoLoader.loadLibraryOnAndroid(SoLoader.java:859)
03-16 09:21:44.375  9126  9126 E AndroidRuntime: 	at com.facebook.soloader.SoLoader.loadLibrary(SoLoader.java:842)
03-16 09:21:44.375  9126  9126 E AndroidRuntime: 	at com.facebook.soloader.SoLoader.loadLibrary(SoLoader.java:812)
03-16 09:21:44.375  9126  9126 E AndroidRuntime: 	at com.facebook.react.runtime.hermes.HermesInstance.<clinit>(HermesInstance.kt:26)
03-16 09:21:44.375  9126  9126 E AndroidRuntime: 	at com.facebook.react.defaults.DefaultReactHost.getDefaultReactHost(DefaultReactHost.kt:93)
03-16 09:21:44.375  9126  9126 E AndroidRuntime: 	at com.facebook.react.defaults.DefaultReactHost.getDefaultReactHost$default(DefaultReactHost.kt:60)
03-16 09:21:44.375  9126  9126 E AndroidRuntime: 	at com.posandroid.MainApplication.reactHost_delegate$lambda$1(MainApplication.kt:13)
03-16 09:21:44.375  9126  9126 E AndroidRuntime: 	at com.posandroid.MainApplication.$r8$lambda$3TP1oUSoY_NhCrNVro4eMH8iRFI(Unknown Source:0)
03-16 09:21:44.375  9126  9126 E AndroidRuntime: 	at com.posandroid.MainApplication$$ExternalSyntheticLambda0.invoke(D8$$SyntheticClass:0)
03-16 09:21:44.375  9126  9126 E AndroidRuntime: 	at kotlin.SynchronizedLazyImpl.getValue(LazyJVM.kt:83)
03-16 09:21:44.375  9126  9126 E AndroidRuntime: 	at com.posandroid.MainApplication.getReactHost(MainApplication.kt:12)
03-16 09:21:44.375  9126  9126 E AndroidRuntime: 	at com.facebook.react.ReactActivityDelegate.getReactHost(ReactActivityDelegate.java:109)
03-16 09:21:44.375  9126  9126 E AndroidRuntime: 	at com.facebook.react.ReactActivityDelegate.lambda$onCreate$0(ReactActivityDelegate.java:152)
03-16 09:21:44.375  9126  9126 E AndroidRuntime: 	at com.facebook.react.ReactActivityDelegate.$r8$lambda$HPdXfLmAU1y4Wc1XbwAHziPP2WA(Unknown Source:0)
03-16 09:21:44.375  9126  9126 E AndroidRuntime: 	at com.facebook.react.ReactActivityDelegate$$ExternalSyntheticLambda0.run(D8$$SyntheticClass:0)
03-16 09:21:44.375  9126  9126 E AndroidRuntime: 	at com.facebook.systrace.Systrace.traceSection(Systrace.kt:35)
03-16 09:21:44.375  9126  9126 E AndroidRuntime: 	at com.facebook.react.ReactActivityDelegate.onCreate(ReactActivityDelegate.java:132)
03-16 09:21:44.375  9126  9126 E AndroidRuntime: 	at com.facebook.react.ReactActivity.onCreate(ReactActivity.java:61)
03-16 09:21:44.375  9126  9126 E AndroidRuntime: 	at android.app.Activity.performCreate(Activity.java:9149)
03-16 09:21:44.375  9126  9126 E AndroidRuntime: 	at android.app.Activity.performCreate(Activity.java:9127)
03-16 09:21:44.375  9126  9126 E AndroidRuntime: 	at android.app.Instrumentation.callActivityOnCreate(Instrumentation.java:1526)
03-16 09:21:44.375  9126  9126 E AndroidRuntime: 	at android.app.ActivityThread.performLaunchActivity(ActivityThread.java:4156)
03-16 09:21:44.375  9126  9126 E AndroidRuntime: 	at android.app.ActivityThread.handleLaunchActivity(ActivityThread.java:4365)
03-16 09:21:44.375  9126  9126 E AndroidRuntime: 	at android.app.servertransaction.LaunchActivityItem.execute(LaunchActivityItem.java:112)
03-16 09:21:44.375  9126  9126 E AndroidRuntime: 	at android.app.servertransaction.TransactionExecutor.executeNonLifecycleItem(TransactionExecutor.java:174)
03-16 09:21:44.375  9126  9126 E AndroidRuntime: 	at android.app.servertransaction.TransactionExecutor.executeTransactionItems(TransactionExecutor.java:109)
03-16 09:21:44.375  9126  9126 E AndroidRuntime: 	at android.app.servertransaction.TransactionExecutor.execute(TransactionExecutor.java:81)
03-16 09:21:44.375  9126  9126 E AndroidRuntime: 	at android.app.ActivityThread$H.handleMessage(ActivityThread.java:2751)
03-16 09:21:44.375  9126  9126 E AndroidRuntime: 	at android.os.Handler.dispatchMessage(Handler.java:112)
03-16 09:21:44.375  9126  9126 E AndroidRuntime: 	at android.os.Looper.loopOnce(Looper.java:268)
03-16 09:21:44.375  9126  9126 E AndroidRuntime: 	at android.os.Looper.loop(Looper.java:384)
03-16 09:21:44.375  9126  9126 E AndroidRuntime: 	at android.app.ActivityThread.main(ActivityThread.java:8936)
03-16 09:21:44.375  9126  9126 E AndroidRuntime: 	at java.lang.reflect.Method.invoke(Native Method)
03-16 09:21:44.375  9126  9126 E AndroidRuntime: 	at com.android.internal.os.RuntimeInit$MethodAndArgsCaller.run(RuntimeInit.java:580)
03-16 09:21:44.375  9126  9126 E AndroidRuntime: 	at com.android.internal.os.ZygoteInit.main(ZygoteInit.java:907)
03-16 09:21:44.377  1997  3765 W ActivityTaskManager:   Force finishing activity com.posandroid/.MainActivity
03-16 09:21:44.377  1997  9155 I DropBoxManagerService: add tag=data_app_crash isTagEnabled=true flags=0x2
03-16 09:21:44.377 19301 19301 D BaseDepthController: mSurface is null and mCurrentBlur is: 0
03-16 09:21:44.378  9144  9144 D nativeloader: Load libframework-connectivity-tiramisu-jni.so using APEX ns com_android_tethering for caller /apex/com.android.tethering/javalib/framework-connectivity-t.jar: ok
03-16 09:21:44.379  1379  1379 E SurfaceFlinger: Out of order buffers detected for RequestedLayerState{com.motorola.launcher3/com.android.launcher3.CustomizationPanelLauncher#199729 parentId=189046} producedId=117 frameNumber=138 -> producedId=117 frameNumber=68
03-16 09:21:44.379  2843  2941 V WindowManagerShell: Transition requested (#15425): android.os.BinderProxy@5761f72 TransitionRequestInfo { type = CLOSE, triggerTask = null, pipTask = null, remoteTransition = null, displayChange = null, flags = 16, debugId = 15425 }
03-16 09:21:44.381  1997  3765 D ActivityTrigger: ActivityTrigger activityPauseTrigger 
03-16 09:21:44.386  9108  9108 D LockScreen_Utils: loadClockFaceStyleFromStorage: old selected font name is invalid: 
03-16 09:21:44.386  9108  9108 D LockScreen_Utils: loadClockFaceStyleFromStorage: old selected font name is invalid: 
03-16 09:21:44.386  9108  9108 D LockScreen_Utils: loadClockFaceStyleFromStorage: old selected font name is invalid: 
03-16 09:21:44.386  9108  9108 E LockScreen_Utils: loadClockFaceStyleFromStorage: cost 3
03-16 09:21:44.388 19301 19301 D BaseDepthController: mSurface is null and mCurrentBlur is: 0
03-16 09:21:44.390  1379  1379 E SurfaceFlinger: Out of order buffers detected for RequestedLayerState{com.motorola.launcher3/com.android.launcher3.CustomizationPanelLauncher#199729 parentId=189046} producedId=117 frameNumber=138 -> producedId=117 frameNumber=69
03-16 09:21:44.395  9108  9108 E Styles  : getprop ro.boot.hardware.color=[brilliantblue]
03-16 09:21:44.394  1997  2143 I ActivityManager: 10498 handleShowAppErrorUi: shouldThottle=false,showFirstCrash=false,repeating=true,shouldForceShowError=false
03-16 09:21:44.396  1997  2143 I ActivityManager: Showing crash dialog for package com.posandroid u0
03-16 09:21:44.398 19301 19301 I TopTaskTracker: onTaskMovedToFront: (moved taskInfo to front) taskId=56, baseIntent=Intent { act=android.intent.action.MAIN cat=[android.intent.category.HOME] flg=0x10000100 cmp=com.motorola.launcher3/com.android.launcher3.CustomizationPanelLauncher }
03-16 09:21:44.398  9108  9108 D Styles  : Launcher Home App Count = 2
03-16 09:21:44.399  9108  9108 D Styles  : isMotoLauncherDefaultHome: {com.motorola.launcher3/com.android.launcher3.CustomizationPanelLauncher}
03-16 09:21:44.399 19301 19301 D BaseDepthController: mSurface is null and mCurrentBlur is: 0
03-16 09:21:44.401  1379  1379 E SurfaceFlinger: Out of order buffers detected for RequestedLayerState{com.motorola.launcher3/com.android.launcher3.CustomizationPanelLauncher#199729 parentId=189046} producedId=117 frameNumber=138 -> producedId=117 frameNumber=70
03-16 09:21:44.410 19301 19301 D BaseDepthController: mSurface is null and mCurrentBlur is: 0
03-16 09:21:44.412  1379  1379 E SurfaceFlinger: Out of order buffers detected for RequestedLayerState{com.motorola.launcher3/com.android.launcher3.CustomizationPanelLauncher#199729 parentId=189046} producedId=117 frameNumber=138 -> producedId=117 frameNumber=71
03-16 09:21:44.414  1997  4976 I ActivityManager: Killing 7644:com.google.android.apps.wallpaper/u0a281 (adj 915, setSvc -10000): empty #31
03-16 09:21:44.423 19301 19301 D BaseDepthController: mSurface is null and mCurrentBlur is: 0
03-16 09:21:44.423  1379  1379 E SurfaceFlinger: Out of order buffers detected for RequestedLayerState{com.motorola.launcher3/com.android.launcher3.CustomizationPanelLauncher#199729 parentId=189046} producedId=117 frameNumber=138 -> producedId=117 frameNumber=72
03-16 09:21:44.427  9108  9108 I CheckInWorker: initWorker when Device is unlock? = true
03-16 09:21:44.428  1997  2687 I ImeTracker: com.motorola.launcher3:f1d483bf: onRequestHide at ORIGIN_SERVER reason HIDE_SAME_WINDOW_FOCUSED_WITHOUT_EDITOR fromUser false
03-16 09:21:44.428  1997  2687 I ImeTracker: com.motorola.launcher3:f1d483bf: onCancelled at PHASE_SERVER_SHOULD_HIDE
03-16 09:21:44.430  4965  4965 V A11yInputMethod: startInput(): editor=android.view.inputmethod.EditorInfo@a59d5cc
03-16 09:21:44.430  4965  4965 V A11yInputMethod: CALL: doFinishInput
03-16 09:21:44.430  4965  4965 V A11yInputMethod: CALL: onFinishInput
03-16 09:21:44.431  4755  4755 I GoogleInputMethodService: GoogleInputMethodService.onFinishInput():2113 
03-16 09:21:44.432  4755  4755 I Module  : DeviceLockedStatusModuleProvider$Module.updateDeviceLockedStatus():103 repeatCheckTimes = 0, locked = false
03-16 09:21:44.433  4755  4755 I GoogleInputMethodService: GoogleInputMethodService.onStartInput():1384 onStartInput(EditorInfo{EditorInfo{packageName=com.motorola.launcher3, inputType=0, inputTypeString=NULL, enableLearning=false, autoCorrection=false, autoComplete=false, imeOptions=0, privateImeOptions=null, actionName=UNSPECIFIED, actionLabel=null, initialSelStart=-1, initialSelEnd=-1, initialCapsMode=0, label=null, fieldId=0, fieldName=null, extras=null, hintText=null, hintLocales=[]}}, false)
03-16 09:21:44.433  4755  4755 I Module  : DeviceLockedStatusModuleProvider$Module.updateDeviceLockedStatus():103 repeatCheckTimes = 1, locked = false
03-16 09:21:44.434 19301 19301 D BaseDepthController: mSurface is null and mCurrentBlur is: 0
03-16 09:21:44.434  1997  3527 W PackageConfigPersister: App-specific configuration not found for packageName: com.motorola.launcher3 and userId: 0
03-16 09:21:44.434  1379  1379 E SurfaceFlinger: Out of order buffers detected for RequestedLayerState{com.motorola.launcher3/com.android.launcher3.CustomizationPanelLauncher#199729 parentId=189046} producedId=117 frameNumber=138 -> producedId=117 frameNumber=73
03-16 09:21:44.440  1997  4804 I ActivityManager: appDiedLocked: app=ProcessRecord{b02f32f 7644:com.google.android.apps.wallpaper/u0a281} thread=android.os.BinderProxy@7f98404 fromBinderDied=true isKilledByAm=true reason=null
03-16 09:21:44.440  1997  2278 I libprocessgroup: Removed cgroup /sys/fs/cgroup/uid_10281/pid_7644
03-16 09:21:44.441  1997  2278 W libprocessgroup: RemoveCgroup: /dev/memcg/apps/uid_10281/pid_7644 does not exist.
03-16 09:21:44.441  1168  1168 I Zygote  : Process 7644 exited due to signal 9 (Killed)
03-16 09:21:44.441   829   829 I hwservicemanager: getTransport: Cannot find entry vendor.qti.hardware.iop@2.0::IIop/default in either framework or device VINTF manifest.
03-16 09:21:44.443 19301 19301 D BaseDepthController: mSurface is null and mCurrentBlur is: 0
03-16 09:21:44.445  1379  1379 E SurfaceFlinger: Out of order buffers detected for RequestedLayerState{com.motorola.launcher3/com.android.launcher3.CustomizationPanelLauncher#199729 parentId=189046} producedId=117 frameNumber=138 -> producedId=117 frameNumber=74
03-16 09:21:44.447  9144  9144 D nativeloader: Configuring clns-7 for other apk /system/system_ext/framework/com.motorola.hardware.camera.desktop.jar. target_sdk_version=36, uses_libraries=ALL, library_path=/data/app/~~PqCFfW3Cqm5FaUqfmjBszA==/com.motorola.motcameradesktop-9DGNp864s_OP13rNzf05IA==/lib/arm64:/data/app/~~PqCFfW3Cqm5FaUqfmjBszA==/com.motorola.motcameradesktop-9DGNp864s_OP13rNzf05IA==/base.apk!/lib/arm64-v8a, permitted_path=/data:/mnt/expand:/data/user/0/com.motorola.motcameradesktop
03-16 09:21:44.447  9144  9144 D nativeloader: Extending system_exposed_libraries: libbinauralrenderer_wrapper.qti.so:libhoaeffects.qti.so:libjni_helper.motocameradesktop.so:libimgTuner_jni.motoimagetuner.so:libupdateprof.qti.so:libdiag_system.qti.so:libqape.qti.so:libqesdk_ndk_platform.qti.so:liblistenjni.qti.so
03-16 09:21:44.449  1997  2352 I AppsFilter: interaction: PackageSetting{7f37179 com.savoriapos/10441} -> PackageSetting{68cdc70 com.motorola.dolby.dolbyui/10152} BLOCKED
03-16 09:21:44.450  1997  2352 I AppsFilter: interaction: PackageSetting{98a6b1f com.oem.euiccpartnerapp/10230} -> PackageSetting{68cdc70 com.motorola.dolby.dolbyui/10152} BLOCKED
03-16 09:21:44.453  9144  9144 D nativeloader: Configuring clns-8 for other apk /system/framework/moto-settings.jar. target_sdk_version=36, uses_libraries=ALL, library_path=/data/app/~~PqCFfW3Cqm5FaUqfmjBszA==/com.motorola.motcameradesktop-9DGNp864s_OP13rNzf05IA==/lib/arm64:/data/app/~~PqCFfW3Cqm5FaUqfmjBszA==/com.motorola.motcameradesktop-9DGNp864s_OP13rNzf05IA==/base.apk!/lib/arm64-v8a, permitted_path=/data:/mnt/expand:/data/user/0/com.motorola.motcameradesktop
03-16 09:21:44.453  9144  9144 D nativeloader: Extending system_exposed_libraries: libbinauralrenderer_wrapper.qti.so:libhoaeffects.qti.so:libjni_helper.motocameradesktop.so:libimgTuner_jni.motoimagetuner.so:libupdateprof.qti.so:libdiag_system.qti.so:libqape.qti.so:libqesdk_ndk_platform.qti.so:liblistenjni.qti.so
03-16 09:21:44.455 19301 19301 D BaseDepthController: mSurface is null and mCurrentBlur is: 0
03-16 09:21:44.455 19301 19301 D BaseDepthController: mSurface is null and mCurrentBlur is: 0
03-16 09:21:44.457  1379  1379 E SurfaceFlinger: Out of order buffers detected for RequestedLayerState{com.motorola.launcher3/com.android.launcher3.CustomizationPanelLauncher#199729 parentId=189046} producedId=117 frameNumber=138 -> producedId=117 frameNumber=75
03-16 09:21:44.458  2843  2941 V WindowManagerShell: Transition animation finished (aborted=false), notifying core (#15424) android.os.BinderProxy@fbfd044@0
03-16 09:21:44.460  9144  9144 D nativeloader: Configuring clns-9 for other apk /system/framework/moto-core_services.jar. target_sdk_version=36, uses_libraries=ALL, library_path=/data/app/~~PqCFfW3Cqm5FaUqfmjBszA==/com.motorola.motcameradesktop-9DGNp864s_OP13rNzf05IA==/lib/arm64:/data/app/~~PqCFfW3Cqm5FaUqfmjBszA==/com.motorola.motcameradesktop-9DGNp864s_OP13rNzf05IA==/base.apk!/lib/arm64-v8a, permitted_path=/data:/mnt/expand:/data/user/0/com.motorola.motcameradesktop
03-16 09:21:44.460  9144  9144 D nativeloader: Extending system_exposed_libraries: libbinauralrenderer_wrapper.qti.so:libhoaeffects.qti.so:libjni_helper.motocameradesktop.so:libimgTuner_jni.motoimagetuner.so:libupdateprof.qti.so:libdiag_system.qti.so:libqape.qti.so:libqesdk_ndk_platform.qti.so:liblistenjni.qti.so
03-16 09:21:44.462  9144  9144 D ApplicationLoaders: Returning zygote-cached class loader: /system_ext/framework/androidx.window.extensions.jar
03-16 09:21:44.462  9144  9144 D ApplicationLoaders: Returning zygote-cached class loader: /system_ext/framework/androidx.window.sidecar.jar
03-16 09:21:44.463  1997  4804 D RestartModeController: markWaitRestartAppIsSuicided null processName=com.google.android.apps.wallpaper
03-16 09:21:44.467  1997  2142 V WindowManager: Finish Transition (#15424): created at 03-16 09:21:44.166 collect-started=0.065ms request-sent=13.689ms started=18.559ms ready=54.304ms sent=59.42ms finished=300.008ms
03-16 09:21:44.467  2843  2941 V WindowManagerShell: Track 0 became idle
03-16 09:21:44.468  1379  1379 E SurfaceFlinger: Out of order buffers detected for RequestedLayerState{com.motorola.launcher3/com.android.launcher3.CustomizationPanelLauncher#199729 parentId=189046} producedId=117 frameNumber=138 -> producedId=117 frameNumber=76
03-16 09:21:44.471  1997  4804 D ActivityTaskManager: handleAppDied: uid=10281,diedCount=1,lastDiedTime=472433375,forceStopUids=false
03-16 09:21:44.474  1997  2689 W PackageManager: Missing required system package: org.kde.kdeconnect_tp, but found with extended search.
03-16 09:21:44.474  1997  2689 W PackageManager: Missing required system package: com.quillbot.mobile, but found with extended search.
03-16 09:21:44.475  1997  2780 D ShortcutService: received package broadcast intent: Intent { act=android.intent.action.PACKAGE_CHANGED dat=package: flg=0x45000010 (has extras) }
03-16 09:21:44.475  1997  2780 D ShortcutService: changing package: com.motorola.dolby.dolbyui userId0
03-16 09:21:44.475  1997  2780 D ShortcutService: handlePackageChanged: com.motorola.dolby.dolbyui user=0
03-16 09:21:44.475  1997  2780 D ShortcutService: rescanPackageIfNeeded 0@com.motorola.dolby.dolbyui, forceRescan=true , isNewApp=true
03-16 09:21:44.476  1997  2780 D ShortcutService: Package com.motorola.dolby.dolbyui has 0 manifest shortcut(s), and 0 share target(s)
03-16 09:21:44.477  1997  3527 W PackageManager: Missing required system package: org.kde.kdeconnect_tp, but found with extended search.
03-16 09:21:44.477  1997  3527 W PackageManager: Missing required system package: com.sofascore.results, but found with extended search.
03-16 09:21:44.477  1997  3527 W PackageManager: Missing required system package: com.runtastic.android, but found with extended search.
03-16 09:21:44.477  1997  3527 W PackageManager: Missing required system package: com.openai.chatgpt, but found with extended search.
03-16 09:21:44.478  1997  3527 W PackageManager: Missing required system package: com.heytap.browser, but found with extended search.
03-16 09:21:44.478  1997  3527 W PackageManager: Missing required system package: com.google.android.apps.walletnfcrel, but found with extended search.
03-16 09:21:44.478  1997  3527 W PackageManager: Missing required system package: com.google.android.apps.healthdata, but found with extended search.
03-16 09:21:44.478  1997  3527 W PackageManager: Missing required system package: ai.mistral.chat, but found with extended search.
03-16 09:21:44.479  1379  1379 E SurfaceFlinger: Out of order buffers detected for RequestedLayerState{com.motorola.launcher3/com.android.launcher3.CustomizationPanelLauncher#199729 parentId=189046} producedId=117 frameNumber=138 -> producedId=117 frameNumber=77
03-16 09:21:44.480  1997  2143 D DisplayManagerService: Drop pending events for gone uid 10281
03-16 09:21:44.482  4654 18400 D ForegroundUtils: Foreground UID status: 10195, true; 10199, false; 10224, false; 10231, false; 10243, false; 10250, true; 10268, true; 10286, true; 10289, false; 10317, true; 10331, true; 10335, false; 10341, false; 10370, false; 10385, false; 10407, false; 10447, false; 10498, true; 
03-16 09:21:44.482  4654 18400 D ForegroundUtils: UID: 10281 deleted.
03-16 09:21:44.484  2843  2941 D WindowManagerShell: onKeepClearAreasChanged: restricted={Rect(0, 1414 - 720, 1571)}, unrestricted={}
03-16 09:21:44.485  1997  2728 D InetDiagMessage: Destroyed 0 sockets, proto=IPPROTO_TCP, family=AF_INET, states=14
03-16 09:21:44.486  1997  2728 D InetDiagMessage: Destroyed 0 sockets, proto=IPPROTO_TCP, family=AF_INET6, states=14
03-16 09:21:44.486  1997  2728 D InetDiagMessage: Destroyed live tcp sockets for uids={10281} in 4ms
03-16 09:21:44.486  3051  3051 D CarrierSvcBindHelper: onPackageModified: com.motorola.dolby.dolbyui
03-16 09:21:44.487  1997  2143 D CoreBackPreview: Window{d556eb3 u0 Application Error: com.posandroid}: Setting back callback OnBackInvokedCallbackInfo{mCallback=android.window.WindowOnBackInvokedDispatcher$OnBackInvokedCallbackWrapper@e6359d2, mPriority=0, mIsAnimationCallback=false}
03-16 09:21:44.490  1379  1379 E SurfaceFlinger: Out of order buffers detected for RequestedLayerState{com.motorola.launcher3/com.android.launcher3.CustomizationPanelLauncher#199729 parentId=189046} producedId=117 frameNumber=138 -> producedId=117 frameNumber=78
03-16 09:21:44.490  1997  2774 W PackageManager: Missing required system package: com.spotify.music, but found with extended search.
03-16 09:21:44.490  1997  1997 I TrafficStatsCollector: Receive intent: android.intent.action.PACKAGE_CHANGED
03-16 09:21:44.490  1997  1997 I TrafficStatsCollector: Not com.tmobile.echolocate.system, pkgName=com.motorola.dolby.dolbyui
03-16 09:21:44.492  1997  2728 D InetDiagMessage: Destroyed 0 sockets, proto=IPPROTO_TCP, family=AF_INET, states=14
03-16 09:21:44.492 28738 28746 I PermissionControllerServiceImpl: Updating user sensitive for uid 10152
03-16 09:21:44.494  1997  2193 W UserManagerService: onPackageModified for another profile 0 from 11
03-16 09:21:44.495  9220  9220 D MFL     : inside onPackageChanged 
03-16 09:21:44.495  3051  3051 D CarrierSvcBindHelper: No carrier app for: 0
03-16 09:21:44.495  3051  3051 D CarrierSvcBindHelper: No carrier app for: 1
03-16 09:21:44.496  1997  4804 W PackageManager: Missing required system package: id.dana, but found with extended search.
03-16 09:21:44.496  9144  9144 D nativeloader: Configuring clns-10 for other apk /data/app/~~PqCFfW3Cqm5FaUqfmjBszA==/com.motorola.motcameradesktop-9DGNp864s_OP13rNzf05IA==/base.apk. target_sdk_version=36, uses_libraries=libjni_helper.motocameradesktop.so:libfastcvopt.so:libOpenCL.so, library_path=/data/app/~~PqCFfW3Cqm5FaUqfmjBszA==/com.motorola.motcameradesktop-9DGNp864s_OP13rNzf05IA==/lib/arm64:/data/app/~~PqCFfW3Cqm5FaUqfmjBszA==/com.motorola.motcameradesktop-9DGNp864s_OP13rNzf05IA==/base.apk!/lib/arm64-v8a, permitted_path=/data:/mnt/expand:/data/user/0/com.motorola.motcameradesktop
03-16 09:21:44.497  9144  9144 D nativeloader: Extending system_exposed_libraries: libjni_helper.motocameradesktop.so
03-16 09:21:44.497  1997  4804 W PackageManager: Missing required system package: id.dana, but found with extended search.
03-16 09:21:44.497  1997  4804 W PackageManager: Missing required system package: id.co.bri.brimo, but found with extended search.
03-16 09:21:44.497  1997  4804 W PackageManager: Missing required system package: com.shopeepay.id, but found with extended search.
03-16 09:21:44.497  1997  4804 W PackageManager: Missing required system package: com.shopee.id, but found with extended search.
03-16 09:21:44.497 19301 19461 I PackageUpdatedTask: Packages updated: [com.motorola.dolby.dolbyui], mOp: 2, mUser: UserHandle{0}
03-16 09:21:44.497 19301 19461 D PackageUpdatedTask: Package updated: mOp=UPDATE packages=[com.motorola.dolby.dolbyui]
03-16 09:21:44.497 19301 19461 I SQLiteCacheHelper: SqliteCacheHelper---->delete whereClause = componentName LIKE ? AND profileId = ?, whereArgs = com.motorola.dolby.dolbyui/%;0;
03-16 09:21:44.497  1997  4804 W PackageManager: Missing required system package: id.dana, but found with extended search.
03-16 09:21:44.498  1997  4804 W PackageManager: Missing required system package: com.gojek.gopay, but found with extended search.
03-16 09:21:44.500  6857  6857 W MotoFreeForm: [PackageMonitor] onPackageChangedcom.motorola.dolby.dolbyui
03-16 09:21:44.501  1379  1379 E SurfaceFlinger: Out of order buffers detected for RequestedLayerState{com.motorola.launcher3/com.android.launcher3.CustomizationPanelLauncher#199729 parentId=189046} producedId=117 frameNumber=138 -> producedId=117 frameNumber=79
03-16 09:21:44.504  1997  2193 W PackageManager: Missing required system package: org.kde.kdeconnect_tp, but found with extended search.
03-16 09:21:44.505  1997  5025 E PersistenceController: SettingNotFoundException: sv_custom_ai_icon_enabled
03-16 09:21:44.506  1997  2193 W PackageManager: Missing required system package: droom.sleepIfUCan, but found with extended search.
03-16 09:21:44.507  1997  4976 W PackageManager: Missing required system package: yuku.alkitab, but found with extended search.
03-16 09:21:44.507  1997  2193 W PackageManager: Missing required system package: com.quillbot.mobile, but found with extended search.
03-16 09:21:44.508  1997  2193 W PackageManager: Missing required system package: com.hoptodesk.app, but found with extended search.
03-16 09:21:44.508  1997  2193 W PackageManager: Missing required system package: com.anydesk.adcontrol.ad1, but found with extended search.
03-16 09:21:44.508  1997  4976 W PackageManager: Missing required system package: us.zoom.videomeetings, but found with extended search.
03-16 09:21:44.508  1997  4976 W PackageManager: Missing required system package: ru.zdevs.zarchiver, but found with extended search.
03-16 09:21:44.509  1997  4976 W PackageManager: Missing required system package: org.telegram.messenger, but found with extended search.
03-16 09:21:44.509  1997  4976 W PackageManager: Missing required system package: org.kde.kdeconnect_tp, but found with extended search.
03-16 09:21:44.509  1997  2728 D InetDiagMessage: Destroyed 0 sockets, proto=IPPROTO_TCP, family=AF_INET6, states=14
03-16 09:21:44.509  1997  2728 D InetDiagMessage: Destroyed live tcp sockets for uids={20281} in 19ms
03-16 09:21:44.509  1997  4976 W PackageManager: Missing required system package: org.chromium.webapk.aceec06cf0fc8fa3d_v2, but found with extended search.
03-16 09:21:44.509  1997  4976 W PackageManager: Missing required system package: jp.konami.pesam, but found with extended search.
03-16 09:21:44.509  1997  4976 W PackageManager: Missing required system package: io.voodoo.holeio, but found with extended search.
03-16 09:21:44.509  1997  7375 W PackageManager: Missing required system package: app.source.getcontact, but found with extended search.
03-16 09:21:44.509  1997  4976 W PackageManager: Missing required system package: id.dana, but found with extended search.
03-16 09:21:44.509  1997  4976 W PackageManager: Missing required system package: id.co.bri.brimo, but found with extended search.
03-16 09:21:44.509  1997  4976 W PackageManager: Missing required system package: games.vaveda.militaryoverturn, but found with extended search.
03-16 09:21:44.510  1997  4976 W PackageManager: Missing required system package: droom.sleepIfUCan, but found with extended search.
03-16 09:21:44.510  1997  4976 W PackageManager: Missing required system package: com.zalora.android, but found with extended search.
03-16 09:21:44.510  1997  4976 W PackageManager: Missing required system package: com.xten.ufl, but found with extended search.
03-16 09:21:44.510  1997  4976 W PackageManager: Missing required system package: com.worldance.drama, but found with extended search.
03-16 09:21:44.510  1997  4976 W PackageManager: Missing required system package: com.whatsapp.w4b, but found with extended search.
03-16 09:21:44.510  1997  4976 W PackageManager: Missing required system package: com.whatsapp, but found with extended search.
03-16 09:21:44.510  1997  4976 W PackageManager: Missing required system package: com.vecturagames.android.app.gpxviewer, but found with extended search.
03-16 09:21:44.510  1997  4976 W PackageManager: Missing required system package: com.twitter.android, but found with extended search.
03-16 09:21:44.510  1997  4976 W PackageManager: Missing required system package: com.traveloka.android, but found with extended search.
03-16 09:21:44.510  1997  4976 W PackageManager: Missing required system package: com.travelapp, but found with extended search.
03-16 09:21:44.510  1997  4976 W PackageManager: Missing required system package: com.storymatrix.drama, but found with extended search.
03-16 09:21:44.511  1997  4976 W PackageManager: Missing required system package: com.ss.android.ugc.trill, but found with extended search.
03-16 09:21:44.511  1997  4976 W PackageManager: Missing required system package: com.sofascore.results, but found with extended search.
03-16 09:21:44.511  1997  4976 W PackageManager: Missing required system package: com.sirma.mobile.bible.android, but found with extended search.
03-16 09:21:44.511  1997  4976 W PackageManager: Missing required system package: com.shopeepay.id, but found with extended search.
03-16 09:21:44.511  1997  4976 W PackageManager: Missing required system package: com.shopee.id, but found with extended search.
03-16 09:21:44.511  1997  4976 W PackageManager: Missing required system package: com.runtastic.android, but found with extended search.
03-16 09:21:44.511  1997  4976 W PackageManager: Missing required system package: com.rssakit.epasien, but found with extended search.
03-16 09:21:44.511  1997  4976 W PackageManager: Missing required system package: com.quillbot.mobile, but found with extended search.
03-16 09:21:44.511  1997  4976 W PackageManager: Missing required system package: com.qpon.platform, but found with extended search.
03-16 09:21:44.511  1997  4976 W PackageManager: Missing required system package: com.posandroid, but found with extended search.
03-16 09:21:44.512  1997  4976 W PackageManager: Missing required system package: com.phonegap.dominos, but found with extended search.
03-16 09:21:44.512  1997  4976 W PackageManager: Missing required system package: com.ovelin.guitartuna, but found with extended search.
03-16 09:21:44.512  1997  4976 W PackageManager: Missing required system package: com.openai.chatgpt, but found with extended search.
03-16 09:21:44.512  1997  4976 W PackageManager: Missing required system package: com.mobilechess.gp, but found with extended search.
03-16 09:21:44.512  1997  4976 W PackageManager: Missing required system package: com.miniclip.eightballpool, but found with extended search.
03-16 09:21:44.512  1997  4976 W PackageManager: Missing required system package: com.microsoft.skydrive, but found with extended search.
03-16 09:21:44.512  1379  1379 E SurfaceFlinger: Out of order buffers detected for RequestedLayerState{com.motorola.launcher3/com.android.launcher3.CustomizationPanelLauncher#199729 parentId=189046} producedId=117 frameNumber=138 -> producedId=117 frameNumber=80
03-16 09:21:44.512  1997  4976 W PackageManager: Missing required system package: com.microsoft.office.word, but found with extended search.
03-16 09:21:44.512  1997  4976 W PackageManager: Missing required system package: com.microsoft.office.officehubrow, but found with extended search.
03-16 09:21:44.512  1997  4976 W PackageManager: Missing required system package: com.kai.kaiticketing, but found with extended search.
03-16 09:21:44.512  1997  4976 W PackageManager: Missing required system package: com.instagram.barcelona, but found with extended search.
03-16 09:21:44.513  1997  4976 W PackageManager: Missing required system package: com.instagram.android, but found with extended search.
03-16 09:21:44.513  1997  4976 W PackageManager: Missing required system package: com.ig.screw.puzzle.nuts.botls, but found with extended search.
03-16 09:21:44.513  1997  4976 W PackageManager: Missing required system package: com.hoptodesk.app, but found with extended search.
03-16 09:21:44.513  1997  4976 W PackageManager: Missing required system package: com.google.android.keep, but found with extended search.
03-16 09:21:44.513  1997  4976 W PackageManager: Missing required system package: com.google.android.apps.subscriptions.red, but found with extended search.
03-16 09:21:44.513  1997  4976 W PackageManager: Missing required system package: com.google.android.apps.fitness, but found with extended search.
03-16 09:21:44.513  1997  4976 W PackageManager: Missing required system package: com.google.android.apps.chromecast.app, but found with extended search.
03-16 09:21:44.513  1997  4976 W PackageManager: Missing required system package: com.google.android.apps.bard, but found with extended search.
03-16 09:21:44.513  1997  4976 W PackageManager: Missing required system package: com.google.android.apps.authenticator2, but found with extended search.
03-16 09:21:44.514  1997  4976 W PackageManager: Missing required system package: com.google.android.apps.adm, but found with extended search.
03-16 09:21:44.514  1997  4976 W PackageManager: Missing required system package: com.gojek.gopay, but found with extended search.
03-16 09:21:44.514  1997  4976 W PackageManager: Missing required system package: com.gojek.app, but found with extended search.
03-16 09:21:44.514  1997  4976 W PackageManager: Missing required system package: com.freereels.app, but found with extended search.
03-16 09:21:44.515  1997  4976 W PackageManager: Missing required system package: com.fingerspot.io, but found with extended search.
03-16 09:21:44.515  1997  4976 W PackageManager: Missing required system package: com.finaccel.android, but found with extended search.
03-16 09:21:44.515  1997  4976 W PackageManager: Missing required system package: com.facebook.pages.app, but found with extended search.
03-16 09:21:44.515  1997  4976 W PackageManager: Missing required system package: com.facebook.katana, but found with extended search.
03-16 09:21:44.515  1997  4976 W PackageManager: Missing required system package: com.ea.gp.fifamobile, but found with extended search.
03-16 09:21:44.515  1997  4976 W PackageManager: Missing required system package: com.candywriter.bitlife, but found with extended search.
03-16 09:21:44.516  4654  4654 I RegisteredComponentCache: New Components => 
03-16 09:21:44.516  4654  4654 I RegisteredComponentCache: ComponentInfo: ResolveInfo{e39bf30 com.gojek.gopay/.MainActivity m=0x108000 userHandle=UserHandle{0}}, techs: android.nfc.tech.NfcA, 
03-16 09:21:44.516  4654  4654 I RegisteredComponentCache: ComponentInfo: ResolveInfo{e39bf30 com.gojek.gopay/.MainActivity m=0x108000 userHandle=UserHandle{0}}, techs: android.nfc.tech.NfcB, 
03-16 09:21:44.516  4654  4654 I RegisteredComponentCache: ComponentInfo: ResolveInfo{e39bf30 com.gojek.gopay/.MainActivity m=0x108000 userHandle=UserHandle{0}}, techs: android.nfc.tech.NfcF, 
03-16 09:21:44.516  4654  4654 I RegisteredComponentCache: ComponentInfo: ResolveInfo{e39bf30 com.gojek.gopay/.MainActivity m=0x108000 userHandle=UserHandle{0}}, techs: android.nfc.tech.NfcV, 
03-16 09:21:44.516  4654  4654 I RegisteredComponentCache: ComponentInfo: ResolveInfo{e39bf30 com.gojek.gopay/.MainActivity m=0x108000 userHandle=UserHandle{0}}, techs: android.nfc.tech.NfcBarcode, 
