03-16 09:43:56.196  1997  3262 E PersistenceController: SettingNotFoundException: sv_custom_ai_icon_enabled
03-16 09:43:56.197  1997  2576 D ActivityTaskManager: getPreferredLaunchDisplay userset_displayid true user set display id 0, current focus display 0
03-16 09:43:56.197  1997  2576 D ActivityTaskManager: getPreferredLaunchDisplay userset_displayid true user set display id 0, current focus display 0
03-16 09:43:56.197  1997  2576 D ActivityTaskManager: getPreferredLaunchDisplay userset_displayid true user set display id 0, current focus display 0
03-16 09:43:56.197  1997  2576 D ActivityTaskManager: getPreferredLaunchDisplay userset_displayid true user set display id 0, current focus display 0
03-16 09:43:56.198  1997  2576 D ActivityTaskManager: sendShowDecorCaptionWindow Task is not organized Task{92bd44a #1164 type=undefined}
03-16 09:43:56.198  1997  2576 D ActivityTaskManager: sendShowDecorCaptionWindow Task is not organized Task{92bd44a #1164 type=undefined}
03-16 09:43:56.200  1997  2576 D ActivityTaskManager: getPreferredLaunchDisplay userset_displayid true user set display id 0, current focus display 0
03-16 09:43:56.200  1997  2576 D ActivityTaskManager: getPreferredLaunchDisplay userset_displayid true user set display id 0, current focus display 0
03-16 09:43:56.200  1997  2576 D ActivityTaskManager: layoutTask::ignore force freeform on game mode because of force-fullscreen flag
03-16 09:43:56.203  1997  2576 D PowerManagerService: nativeSetPowerMode ret:true mode:5 enabled:true duration ms: 0
03-16 09:43:56.206  2843  2941 V WindowManagerShell: Transition requested (#15522): android.os.BinderProxy@a382b0 TransitionRequestInfo { type = OPEN, triggerTask = TaskInfo{userId=0 taskId=1164 displayId=0 isRunning=true baseIntent=Intent { act=android.intent.action.MAIN cat=[android.intent.category.LAUNCHER] flg=0x10200000 cmp=com.posandroid/.MainActivity } baseActivity=ComponentInfo{com.posandroid/com.posandroid.MainActivity} topActivity=ComponentInfo{com.posandroid/com.posandroid.MainActivity} origActivity=null realActivity=ComponentInfo{com.posandroid/com.posandroid.MainActivity} numActivities=1 lastActiveTime=747584584 supportsMultiWindow=true supportsGlobalFreeform=true resizeMode=1 isResizeable=true isAppLocked=false isShowDecorCaptionWindowRequest=false canKillAndRestart=false minWidth=-1 minHeight=-1 defaultMinSize=200 token=WCT{android.window.IWindowContainerToken$Stub$Proxy@b907529} topActivityType=1 pictureInPictureParams=null shouldDockBigOverlays=false launchIntoPipHostTaskId=-1 lastParentTaskIdBeforePip=-1 displayCutoutSafeInsets=Rect(0, 77 - 0, 0) topActivityInfo=ActivityInfo{6ea90ae com.posandroid.MainActivity} launchCookies=[android.os.BinderProxy@e88ce4f] positionInParent=Point(0, 0) parentTaskId=-1 isFocused=false isVisible=false isVisibleRequested=false isSleeping=false locusId=null displayAreaFeatureId=1 isTopActivityTransparent=false appCompatTaskInfo=AppCompatTaskInfo { topActivityInSizeCompat=false topActivityEligibleForLetterboxEducation= falseisLetterboxEducationEnabled= false isLetterboxDoubleTapEnabled= false topActivityEligibleForUserAspectRatioButton= false topActivityBoundsLetterboxed= false isFromLetterboxDoubleTap= false topActivityLetterboxVerticalPosition= -1 topActivityLetterboxHorizontalPosition= -1 topActivityLetterboxWidth=720 topActivityLetterboxHeight=1600 isUserFullscreenOverrideEnabled=false isSystemFullscreenOverrideEnabled=false cameraCompatTaskInfo=CameraCompatTaskInfo { cameraCompatControlState=hidden freeformCameraCompatMode=inactive}}}, pipTask = null, remoteTransition = RemoteTransition { remoteTransition = android.window.IRemoteTransition$Stub$Proxy@f3619dc, appThread = android.app.IApplicationThread$Stub$Proxy@2123ae5, debugName = QuickstepLaunch }, displayChange = null, flags = 0, debugId = 15522 }
03-16 09:43:56.206  2843  2941 V WindowManagerShell: RemoteTransition directly requested for (#15522) android.os.BinderProxy@a382b0: RemoteTransition { remoteTransition = android.window.IRemoteTransition$Stub$Proxy@f3619dc, appThread = android.app.IApplicationThread$Stub$Proxy@2123ae5, debugName = QuickstepLaunch }
03-16 09:43:56.206  1997  2576 I ActivityTaskManager: START u0 {act=android.intent.action.MAIN cat=[android.intent.category.LAUNCHER] flg=0x10200000 cmp=com.posandroid/.MainActivity bnds=[360,870][534,1129]} with LAUNCH_SINGLE_TASK from uid 10286 (startActivityAsUser) (BAL_ALLOW_VISIBLE_WINDOW) result code=0
03-16 09:43:56.207  1997  2576 E PersistenceController: SettingNotFoundException: sv_custom_ai_icon_enabled
03-16 09:43:56.216  2843  2941 D WindowManagerShell: setLauncherKeepClearAreaHeight: visible=false, height=121
03-16 09:43:56.225  1997  2200 I ActivityManager: Start proc 16433:com.posandroid/u0a499 for next-top-activity {com.posandroid/com.posandroid.MainActivity}
03-16 09:43:56.230  1997  4996 D CoreBackPreview: Window{15afc97 u0 Splash Screen com.posandroid}: Setting back callback OnBackInvokedCallbackInfo{mCallback=android.window.IOnBackInvokedCallback$Stub$Proxy@f5a3ef0, mPriority=0, mIsAnimationCallback=false}
03-16 09:43:56.240  1997  2142 V WindowManager: Sent Transition (#15522) createdAt=03-16 09:43:56.195 via request=TransitionRequestInfo { type = OPEN, triggerTask = TaskInfo{userId=0 taskId=1164 displayId=0 isRunning=true baseIntent=Intent { act=android.intent.action.MAIN cat=[android.intent.category.LAUNCHER] flg=0x10200000 cmp=com.posandroid/.MainActivity } baseActivity=ComponentInfo{com.posandroid/com.posandroid.MainActivity} topActivity=ComponentInfo{com.posandroid/com.posandroid.MainActivity} origActivity=null realActivity=ComponentInfo{com.posandroid/com.posandroid.MainActivity} numActivities=1 lastActiveTime=747584584 supportsMultiWindow=true supportsGlobalFreeform=true resizeMode=1 isResizeable=true isAppLocked=false isShowDecorCaptionWindowRequest=false canKillAndRestart=true minWidth=-1 minHeight=-1 defaultMinSize=200 token=WCT{RemoteToken{33ae78f Task{92bd44a #1164 type=standard A=10499:com.posandroid}}} topActivityType=1 pictureInPictureParams=null shouldDockBigOverlays=false launchIntoPipHostTaskId=-1 lastParentTaskIdBeforePip=-1 displayCutoutSafeInsets=Rect(0, 77 - 0, 0) topActivityInfo=ActivityInfo{a3c5a1c com.posandroid.MainActivity} launchCookies=[android.os.BinderProxy@ccf1625] positionInParent=Point(0, 0) parentTaskId=-1 isFocused=false isVisible=false isVisibleRequested=false isSleeping=false locusId=null displayAreaFeatureId=1 isTopActivityTransparent=false appCompatTaskInfo=AppCompatTaskInfo { topActivityInSizeCompat=false topActivityEligibleForLetterboxEducation= falseisLetterboxEducationEnabled= false isLetterboxDoubleTapEnabled= false topActivityEligibleForUserAspectRatioButton= false topActivityBoundsLetterboxed= false isFromLetterboxDoubleTap= false topActivityLetterboxVerticalPosition= -1 topActivityLetterboxHorizontalPosition= -1 topActivityLetterboxWidth=720 topActivityLetterboxHeight=1600 isUserFullscreenOverrideEnabled=false isSystemFullscreenOverrideEnabled=false cameraCompatTaskInfo=CameraCompatTaskInfo { cameraCompatControlState=hidden freeformCameraCompatMode=inactive}}}, pipTask = null, remoteTransition = RemoteTransition { remoteTransition = android.window.IRemoteTransition$Stub$Proxy@289e3fa, appThread = android.app.IApplicationThread$Stub$Proxy@5886dab, debugName = QuickstepLaunch }, displayChange = null, flags = 0, debugId = 15522 }
03-16 09:43:56.240  1997  2142 V WindowManager:     startWCT=WindowContainerTransaction { changes = {} hops = [] errorCallbackToken=null taskFragmentOrganizer=null }
03-16 09:43:56.240  1997  2142 V WindowManager:     info={id=15522 t=OPEN f=0x0 trk=0 r=[0@Point(0, 0)] c=[
03-16 09:43:56.240  1997  2142 V WindowManager:         {WCT{RemoteToken{33ae78f Task{92bd44a #1164 type=standard A=10499:com.posandroid}}} m=OPEN f=NONE pTaskId=-1 leash=Surface(name=Task=1164)/@0x63a1c69 sb=Rect(0, 0 - 720, 1600) eb=Rect(0, 0 - 720, 1600) d=0 taskParent=-1},
03-16 09:43:56.240  1997  2142 V WindowManager:         {WCT{RemoteToken{92802e4 Task{6c753f1 #1 type=undefined}}} m=TO_BACK f=SHOW_WALLPAPER pTaskId=-1 leash=Surface(name=Task=1)/@0x9e81095 sb=Rect(0, 0 - 720, 1600) eb=Rect(0, 0 - 720, 1600) d=0 taskParent=-1}
03-16 09:43:56.240  1997  2142 V WindowManager:     ]}
03-16 09:43:56.241  2843 18428 V WindowManagerShell: onTransitionReady(transaction=8577050748399)
03-16 09:43:56.241  2843  2941 V WindowManagerShell: onTransitionReady (#15522) android.os.BinderProxy@a382b0: {id=15522 t=OPEN f=0x0 trk=0 r=[0@Point(0, 0)] c=[{WCT{android.window.IWindowContainerToken$Stub$Proxy@1a1e341} m=OPEN f=NONE pTaskId=-1 leash=Surface(name=Task=1164)/@0x9b1ed1a sb=Rect(0, 0 - 720, 1600) eb=Rect(0, 0 - 720, 1600) d=0 taskParent=-1},{WCT{android.window.IWindowContainerToken$Stub$Proxy@a71c0e6} m=TO_BACK f=SHOW_WALLPAPER pTaskId=-1 leash=Surface(name=Task=1)/@0x31c104b sb=Rect(0, 0 - 720, 1600) eb=Rect(0, 0 - 720, 1600) d=0 taskParent=-1}]}
03-16 09:43:56.241  2843  2941 V WindowManagerShell: Playing animation for (#15522) android.os.BinderProxy@a382b0@0
03-16 09:43:56.242  2843  2941 V WindowManagerShell:  try firstHandler com.android.wm.shell.transition.DefaultMixedHandler@ad75e7e
03-16 09:43:56.242  2843  2941 V WindowManagerShell: Mixed transition for opening an intent with a remote transition and PIP #15522
03-16 09:43:56.242  2843  2941 V WindowManagerShell:  Delegate animation for (#15522) to RemoteTransition { remoteTransition = android.window.IRemoteTransition$Stub$Proxy@f3619dc, appThread = android.app.IApplicationThread$Stub$Proxy@2123ae5, debugName = QuickstepLaunch }
03-16 09:43:56.242  2843  2941 V WindowManagerShell:  animated by firstHandler
03-16 09:43:56.255  1997  3116 W UserManagerService: Requested status bar icon for non-badged user 0
03-16 09:43:56.267  1997  4996 D ActivityTaskManager: sendShowDecorCaptionWindow Task is not organized Task{8e22723 #56 type=undefined I=com.motorola.launcher3/com.android.launcher3.CustomizationPanelLauncher}
03-16 09:43:56.272  2843  2941 D WindowManagerShell: onKeepClearAreasChanged: restricted={Rect(2, 1409 - 718, 1566)}, unrestricted={}
03-16 09:43:56.341  1997  3116 I ActivityManager: Flag disabled. Ignoring finishAttachApplication from uid: 10499. pid: 16433
03-16 09:43:56.361 16433 16433 E AndroidRuntime: FATAL EXCEPTION: main
03-16 09:43:56.361 16433 16433 E AndroidRuntime: Process: com.posandroid, PID: 16433
03-16 09:43:56.361 16433 16433 E AndroidRuntime: com.facebook.soloader.SoLoaderDSONotFoundError: couldn't find DSO to load: libhermestooling.so
03-16 09:43:56.361 16433 16433 E AndroidRuntime: 	existing SO sources: 
03-16 09:43:56.361 16433 16433 E AndroidRuntime: 		SoSource 0: ApplicationSoSource[DirectorySoSource[root = /data/app/~~EbEoQ0YrMr-_lvtxwBV4lw==/com.posandroid-KjcQm3p9ZtKHatXA1fKi6w==/lib/arm64 flags = 0]]
03-16 09:43:56.361 16433 16433 E AndroidRuntime: 		SoSource 1: DirectApkSoSource[root = [/data/app/~~EbEoQ0YrMr-_lvtxwBV4lw==/com.posandroid-KjcQm3p9ZtKHatXA1fKi6w==/base.apk!/lib/arm64-v8a]]
03-16 09:43:56.361 16433 16433 E AndroidRuntime: 		SoSource 2: DirectorySoSource[root = /system/lib64 flags = 3]
03-16 09:43:56.361 16433 16433 E AndroidRuntime: 		SoSource 3: DirectorySoSource[root = /vendor/lib64 flags = 3]
03-16 09:43:56.361 16433 16433 E AndroidRuntime: 	Native lib dir: /data/app/~~EbEoQ0YrMr-_lvtxwBV4lw==/com.posandroid-KjcQm3p9ZtKHatXA1fKi6w==/lib/arm64
03-16 09:43:56.361 16433 16433 E AndroidRuntime: 
03-16 09:43:56.361 16433 16433 E AndroidRuntime: 	at com.facebook.soloader.SoLoader.doLoadLibraryBySoName(SoLoader.java:1216)
03-16 09:43:56.361 16433 16433 E AndroidRuntime: 	at com.facebook.soloader.SoLoader.loadLibraryBySoNameImpl(SoLoader.java:1078)
03-16 09:43:56.361 16433 16433 E AndroidRuntime: 	at com.facebook.soloader.SoLoader.loadLibraryBySoName(SoLoader.java:943)
03-16 09:43:56.361 16433 16433 E AndroidRuntime: 	at com.facebook.soloader.SoLoader.loadLibraryOnAndroid(SoLoader.java:859)
03-16 09:43:56.361 16433 16433 E AndroidRuntime: 	at com.facebook.soloader.SoLoader.loadLibrary(SoLoader.java:842)
03-16 09:43:56.361 16433 16433 E AndroidRuntime: 	at com.facebook.soloader.SoLoader.loadLibrary(SoLoader.java:812)
03-16 09:43:56.361 16433 16433 E AndroidRuntime: 	at com.facebook.react.runtime.hermes.HermesInstance.<clinit>(HermesInstance.kt:26)
03-16 09:43:56.361 16433 16433 E AndroidRuntime: 	at com.facebook.react.defaults.DefaultReactHost.getDefaultReactHost(DefaultReactHost.kt:93)
03-16 09:43:56.361 16433 16433 E AndroidRuntime: 	at com.facebook.react.defaults.DefaultReactHost.getDefaultReactHost$default(DefaultReactHost.kt:60)
03-16 09:43:56.361 16433 16433 E AndroidRuntime: 	at com.posandroid.MainApplication.reactHost_delegate$lambda$1(MainApplication.kt:13)
03-16 09:43:56.361 16433 16433 E AndroidRuntime: 	at com.posandroid.MainApplication.$r8$lambda$3TP1oUSoY_NhCrNVro4eMH8iRFI(Unknown Source:0)
03-16 09:43:56.361 16433 16433 E AndroidRuntime: 	at com.posandroid.MainApplication$$ExternalSyntheticLambda0.invoke(D8$$SyntheticClass:0)
03-16 09:43:56.361 16433 16433 E AndroidRuntime: 	at kotlin.SynchronizedLazyImpl.getValue(LazyJVM.kt:83)
03-16 09:43:56.361 16433 16433 E AndroidRuntime: 	at com.posandroid.MainApplication.getReactHost(MainApplication.kt:12)
03-16 09:43:56.361 16433 16433 E AndroidRuntime: 	at com.facebook.react.ReactActivityDelegate.getReactHost(ReactActivityDelegate.java:109)
03-16 09:43:56.361 16433 16433 E AndroidRuntime: 	at com.facebook.react.ReactActivityDelegate.lambda$onCreate$0(ReactActivityDelegate.java:152)
03-16 09:43:56.361 16433 16433 E AndroidRuntime: 	at com.facebook.react.ReactActivityDelegate.$r8$lambda$HPdXfLmAU1y4Wc1XbwAHziPP2WA(Unknown Source:0)
03-16 09:43:56.361 16433 16433 E AndroidRuntime: 	at com.facebook.react.ReactActivityDelegate$$ExternalSyntheticLambda0.run(D8$$SyntheticClass:0)
03-16 09:43:56.361 16433 16433 E AndroidRuntime: 	at com.facebook.systrace.Systrace.traceSection(Systrace.kt:35)
03-16 09:43:56.361 16433 16433 E AndroidRuntime: 	at com.facebook.react.ReactActivityDelegate.onCreate(ReactActivityDelegate.java:132)
03-16 09:43:56.361 16433 16433 E AndroidRuntime: 	at com.facebook.react.ReactActivity.onCreate(ReactActivity.java:61)
03-16 09:43:56.361 16433 16433 E AndroidRuntime: 	at android.app.Activity.performCreate(Activity.java:9149)
03-16 09:43:56.361 16433 16433 E AndroidRuntime: 	at android.app.Activity.performCreate(Activity.java:9127)
03-16 09:43:56.361 16433 16433 E AndroidRuntime: 	at android.app.Instrumentation.callActivityOnCreate(Instrumentation.java:1526)
03-16 09:43:56.361 16433 16433 E AndroidRuntime: 	at android.app.ActivityThread.performLaunchActivity(ActivityThread.java:4156)
03-16 09:43:56.361 16433 16433 E AndroidRuntime: 	at android.app.ActivityThread.handleLaunchActivity(ActivityThread.java:4365)
03-16 09:43:56.361 16433 16433 E AndroidRuntime: 	at android.app.servertransaction.LaunchActivityItem.execute(LaunchActivityItem.java:112)
03-16 09:43:56.361 16433 16433 E AndroidRuntime: 	at android.app.servertransaction.TransactionExecutor.executeNonLifecycleItem(TransactionExecutor.java:174)
03-16 09:43:56.361 16433 16433 E AndroidRuntime: 	at android.app.servertransaction.TransactionExecutor.executeTransactionItems(TransactionExecutor.java:109)
03-16 09:43:56.361 16433 16433 E AndroidRuntime: 	at android.app.servertransaction.TransactionExecutor.execute(TransactionExecutor.java:81)
03-16 09:43:56.361 16433 16433 E AndroidRuntime: 	at android.app.ActivityThread$H.handleMessage(ActivityThread.java:2751)
03-16 09:43:56.361 16433 16433 E AndroidRuntime: 	at android.os.Handler.dispatchMessage(Handler.java:112)
03-16 09:43:56.361 16433 16433 E AndroidRuntime: 	at android.os.Looper.loopOnce(Looper.java:268)
03-16 09:43:56.361 16433 16433 E AndroidRuntime: 	at android.os.Looper.loop(Looper.java:384)
03-16 09:43:56.361 16433 16433 E AndroidRuntime: 	at android.app.ActivityThread.main(ActivityThread.java:8936)
03-16 09:43:56.361 16433 16433 E AndroidRuntime: 	at java.lang.reflect.Method.invoke(Native Method)
03-16 09:43:56.361 16433 16433 E AndroidRuntime: 	at com.android.internal.os.RuntimeInit$MethodAndArgsCaller.run(RuntimeInit.java:580)
03-16 09:43:56.361 16433 16433 E AndroidRuntime: 	at com.android.internal.os.ZygoteInit.main(ZygoteInit.java:907)
03-16 09:43:56.364  1997  3527 W ActivityTaskManager:   Force finishing activity com.posandroid/.MainActivity
03-16 09:43:56.365  2843  2941 V WindowManagerShell: Transition requested (#15523): android.os.BinderProxy@af9e640 TransitionRequestInfo { type = CLOSE, triggerTask = null, pipTask = null, remoteTransition = null, displayChange = null, flags = 16, debugId = 15523 }
03-16 09:43:56.373  1997  2143 I ActivityManager: 10499 handleShowAppErrorUi: shouldThottle=true,showFirstCrash=false,repeating=true,shouldForceShowError=false
03-16 09:43:56.375  2843  2941 D WindowManagerShell: onKeepClearAreasChanged: restricted={Rect(10, 1395 - 710, 1549)}, unrestricted={}
03-16 09:43:56.382  2843  2941 D WindowManagerShell: onKeepClearAreasChanged: restricted={Rect(10, 1395 - 710, 1548)}, unrestricted={}
03-16 09:43:56.391  1997  4996 I ActivityManager: appDiedLocked: app=ProcessRecord{b099831 16433:com.posandroid/u0a499} thread=android.os.BinderProxy@34cf852 fromBinderDied=true isKilledByAm=false reason=null
03-16 09:43:56.391  1997  4996 I ActivityManager: Process com.posandroid (pid 16433) has died: fg  TOP 
03-16 09:43:56.391  1997  4996 D RestartModeController: markWaitRestartAppIsSuicided null processName=com.posandroid
03-16 09:43:56.392  1997  2143 D DisplayManagerService: Drop pending events for gone uid 10499
03-16 09:43:56.396  1997  4996 D ActivityTaskManager: handleAppDied: uid=10499,diedCount=3,lastDiedTime=517337255,forceStopUids=false
03-16 09:43:56.399  1997  2193 W MotoBatteryCareService: uid: 10286 pkgName:com.motorola.launcher3 come to foreground
03-16 09:43:56.403  2843  2941 D WindowManagerShell: setLauncherKeepClearAreaHeight: visible=true, height=121
03-16 09:43:56.408  2843 18428 V WindowManagerShell: onTransitionReady(transaction=8577050748406)
03-16 09:43:56.408  2843  2941 V WindowManagerShell: onTransitionReady (#15523) android.os.BinderProxy@af9e640: {id=15523 t=CLOSE f=0x10 trk=0 r=[0@Point(0, 0)] c=[{WCT{android.window.IWindowContainerToken$Stub$Proxy@fb7266c} m=TO_FRONT f=SHOW_WALLPAPER|MOVE_TO_TOP pTaskId=-1 leash=Surface(name=Task=1)/@0x60eb979 sb=Rect(0, 0 - 720, 1600) eb=Rect(0, 0 - 720, 1600) d=0 taskParent=-1},{WCT{android.window.IWindowContainerToken$Stub$Proxy@2387435} m=CLOSE f=NONE pTaskId=-1 leash=Surface(name=Task=1164)/@0xd5e06be sb=Rect(0, 0 - 720, 1600) eb=Rect(0, 0 - 720, 1600) d=0 taskParent=-1}]}
03-16 09:43:56.408  2843  2941 V WindowManagerShell: Transition (#15523) android.os.BinderProxy@af9e640@0 ready while (#15522) android.os.BinderProxy@a382b0@0 is still animating. Notify the animating transition in case they can be merged
03-16 09:43:56.408  2843  2941 V WindowManagerShell:    Merge into remote: RemoteTransition { remoteTransition = android.window.IRemoteTransition$Stub$Proxy@f3619dc, appThread = android.app.IApplicationThread$Stub$Proxy@2123ae5, debugName = QuickstepLaunch }
03-16 09:43:56.412  2843  2941 V WindowManagerShell: Transition animation finished (aborted=false), notifying core (#15522) android.os.BinderProxy@a382b0@0
03-16 09:43:56.418  1997  2142 V WindowManager: Sent Transition (#15523) createdAt=03-16 09:43:56.364 via request=TransitionRequestInfo { type = CLOSE, triggerTask = null, pipTask = null, remoteTransition = null, displayChange = null, flags = 16, debugId = 15523 }
03-16 09:43:56.418  1997  2142 V WindowManager:     startWCT=WindowContainerTransaction { changes = {} hops = [] errorCallbackToken=null taskFragmentOrganizer=null }
03-16 09:43:56.419  1997  2142 V WindowManager:     info={id=15523 t=CLOSE f=0x10 trk=0 r=[0@Point(0, 0)] c=[
03-16 09:43:56.419  1997  2142 V WindowManager:         {WCT{RemoteToken{92802e4 Task{6c753f1 #1 type=undefined}}} m=TO_FRONT f=SHOW_WALLPAPER|MOVE_TO_TOP pTaskId=-1 leash=Surface(name=Task=1)/@0x9e81095 sb=Rect(0, 0 - 720, 1600) eb=Rect(0, 0 - 720, 1600) d=0 taskParent=-1},
03-16 09:43:56.419  1997  2142 V WindowManager:         {WCT{RemoteToken{33ae78f Task{92bd44a #1164 type=standard A=10499:com.posandroid}}} m=CLOSE f=NONE pTaskId=-1 leash=Surface(name=Task=1164)/@0x63a1c69 sb=Rect(0, 0 - 720, 1600) eb=Rect(0, 0 - 720, 1600) d=0 taskParent=-1}
03-16 09:43:56.419  1997  2142 V WindowManager:     ]}
03-16 09:43:56.422  1997  4996 W UserManagerService: Requested status bar icon for non-badged user 0
03-16 09:43:56.423  1997  2142 V WindowManager: Finish Transition (#15522): created at 03-16 09:43:56.195 collect-started=0.015ms request-sent=9.552ms started=19.848ms ready=41.51ms sent=44.276ms finished=227.734ms
03-16 09:43:56.424  2843  2941 V WindowManagerShell: Playing animation for (#15523) android.os.BinderProxy@af9e640@0
03-16 09:43:56.424  2843  2941 V WindowManagerShell:  try handler com.android.wm.shell.transition.DefaultMixedHandler@ad75e7e
03-16 09:43:56.424  2843  2941 V WindowManagerShell:  try handler com.android.wm.shell.keyguard.KeyguardTransitionHandler@ff1cfdf
03-16 09:43:56.424  2843  2941 V WindowManagerShell:  try handler com.android.wm.shell.pip.PipTransition@cc5a42c
03-16 09:43:56.424  2843  2941 V WindowManagerShell:  try handler com.android.wm.shell.activityembedding.ActivityEmbeddingController@e347ef5
03-16 09:43:56.424  2843  2941 V WindowManagerShell:  try handler com.android.wm.shell.recents.RecentsTransitionHandler@186e48a
03-16 09:43:56.424  2843  2941 V ShellRecents: RecentsTransitionHandler.startAnimation: no controller found
03-16 09:43:56.424  2843  2941 V WindowManagerShell:  try handler com.android.wm.shell.splitscreen.StageCoordinator@ccd8afb
03-16 09:43:56.424  2843  2941 V WindowManagerShell:  try handler com.android.wm.shell.transition.RemoteTransitionHandler@cfed718
03-16 09:43:56.424  2843  2941 V WindowManagerShell: Transition doesn't have explicit remote, search filters for match for {id=15523 t=CLOSE f=0x10 trk=0 r=[0@Point(0, 0)] c=[{WCT{android.window.IWindowContainerToken$Stub$Proxy@fb7266c} m=TO_FRONT f=SHOW_WALLPAPER|MOVE_TO_TOP pTaskId=-1 leash=Surface(name=Task=1)/@0x60eb979 sb=Rect(0, 0 - 720, 1600) eb=Rect(0, 0 - 720, 1600) d=0 taskParent=-1},{WCT{android.window.IWindowContainerToken$Stub$Proxy@2387435} m=CLOSE f=NONE pTaskId=-1 leash=Surface(name=Task=1164)/@0xd5e06be sb=Rect(0, 0 - 720, 1600) eb=Rect(0, 0 - 720, 1600) d=0 taskParent=-1}]}
03-16 09:43:56.424  2843  2941 V WindowManagerShell:  Checking filter Pair{{types=[] flags=0x0] notFlags=0x100 checks=[{atype=home independent=true modes=[OPEN,TO_FRONT] flags=NONE mustBeTask=false order=TOP topActivity=ComponentInfo{com.motorola.launcher3/com.android.launcher3.uioverrides.QuickstepLauncher} launchCookie=null},{atype=standard independent=true modes=[CLOSE,TO_BACK] flags=NONE mustBeTask=false order=ANY topActivity=null launchCookie=null}]} RemoteTransition { remoteTransition = android.window.IRemoteTransition$Stub$Proxy@c77e456, appThread = android.app.IApplicationThread$Stub$Proxy@7229cd7, debugName = QuickstepLaunchHome }}
03-16 09:43:56.425  2843  2941 D RemoteTransitionHandler: Found filterPair{{types=[] flags=0x0] notFlags=0x100 checks=[{atype=home independent=true modes=[OPEN,TO_FRONT] flags=NONE mustBeTask=false order=TOP topActivity=ComponentInfo{com.motorola.launcher3/com.android.launcher3.uioverrides.QuickstepLauncher} launchCookie=null},{atype=standard independent=true modes=[CLOSE,TO_BACK] flags=NONE mustBeTask=false order=ANY topActivity=null launchCookie=null}]} RemoteTransition { remoteTransition = android.window.IRemoteTransition$Stub$Proxy@c77e456, appThread = android.app.IApplicationThread$Stub$Proxy@7229cd7, debugName = QuickstepLaunchHome }}
03-16 09:43:56.425  2843  2941 V WindowManagerShell:  Delegate animation for (#15523) to RemoteTransition { remoteTransition = android.window.IRemoteTransition$Stub$Proxy@c77e456, appThread = android.app.IApplicationThread$Stub$Proxy@7229cd7, debugName = QuickstepLaunchHome }
03-16 09:43:56.427  1997  4996 W UserManagerService: Requested status bar icon for non-badged user 0
03-16 09:43:56.429  2843  2941 V WindowManagerShell:  animated by com.android.wm.shell.transition.RemoteTransitionHandler@cfed718
03-16 09:43:56.430  1997  3006 W PackageConfigPersister: App-specific configuration not found for packageName: com.motorola.launcher3 and userId: 0
03-16 09:43:56.431  1997  3116 W UserManagerService: Requested status bar icon for non-badged user 0
03-16 09:43:56.435  1997  3116 E PersistenceController: SettingNotFoundException: sv_custom_ai_icon_enabled
03-16 09:43:56.438  1997  2193 W MotoBatteryCareService: uid: 10286 pkgName:com.motorola.launcher3 come to foreground
03-16 09:43:56.439  1997  3116 D PowerManagerService: nativeSetPowerMode ret:true mode:5 enabled:false duration ms: 0
03-16 09:43:56.441  1997  1997 V UiModeManager: updateLocked: null action, mDockState=0, category=null
03-16 09:43:56.442  1997  1997 D UiModeManager: updateConfigurationLocked: mDockState=0; mCarMode=false; mNightMode=com.android.server.UiModeManagerService$1@49e55a8; mNightModeCustomType=-1; uiMode=33
03-16 09:43:56.442  2843 11964 D PowerUI : can't show warning due to - plugged: true status unknown: false
03-16 09:43:56.451  1997  4996 D CoreBackPreview: Window{15afc97 u0 Splash Screen com.posandroid EXITING}: Setting back callback null
03-16 09:43:56.456  1997  2576 W PackageConfigPersister: App-specific configuration not found for packageName: com.motorola.launcher3 and userId: 0
03-16 09:43:56.483  2843  2941 D WindowManagerShell: onKeepClearAreasChanged: restricted={Rect(0, 1414 - 720, 1571)}, unrestricted={}
03-16 09:43:56.733  1997  1997 W AccessibilityManagerService:  wait for adding window timeout: 21448
03-16 09:43:56.769  2843  2941 V WindowManagerShell: Transition animation finished (aborted=false), notifying core (#15523) android.os.BinderProxy@af9e640@0
03-16 09:43:56.773  1997  2142 V WindowManager: Finish Transition (#15523): created at 03-16 09:43:56.364 collect-started=0.368ms request-sent=0.436ms started=10.196ms ready=36.205ms sent=42.077ms finished=408.476ms
03-16 09:43:56.776  2843  2941 V WindowManagerShell: Track 0 became idle
03-16 09:43:56.776  2843  2941 V WindowManagerShell: All active transition animations finished
03-16 09:43:56.778  1997  2576 W UserManagerService: Requested status bar icon for non-badged user 0
03-16 09:43:56.779  1997  3006 W UserManagerService: Requested status bar icon for non-badged user 0
03-16 09:43:56.866  1997  2147 W ActivityTaskManager: Activity top resumed state loss timeout for ActivityRecord{c1f9dec u0 com.posandroid/.MainActivity t-1 f}}
03-16 09:43:56.873  1997  3740 E PersistenceController: SettingNotFoundException: sv_custom_ai_icon_enabled
03-16 09:43:56.874  1997  3527 D ActivityTaskManager: getPreferredLaunchDisplay userset_displayid true user set display id 0, current focus display 0
03-16 09:43:56.875  1997  3527 I SettingsAccessControlPolicy: isDeviceSettingsChangeDisabled: value -> false
03-16 09:43:56.875  1997  3527 W OptProp : Cannot read opt property android.window.PROPERTY_COMPAT_ALLOW_ORIENTATION_OVERRIDE
03-16 09:43:56.875  1997  3527 W OptProp : Cannot read opt property android.window.PROPERTY_COMPAT_ALLOW_RESIZEABLE_ACTIVITY_OVERRIDES
03-16 09:43:56.875  1997  3527 W OptProp : Cannot read opt property android.window.PROPERTY_COMPAT_ALLOW_MIN_ASPECT_RATIO_OVERRIDE
03-16 09:43:56.875  1997  3527 D ActivityTaskManager: getPreferredLaunchDisplay userset_displayid true user set display id 0, current focus display 0
03-16 09:43:56.875  1997  3527 D ActivityTaskManager: getPreferredLaunchDisplay userset_displayid true user set display id 0, current focus display 0
03-16 09:43:56.877  1997  3527 D ActivityTaskManager: getPreferredLaunchDisplay userset_displayid true user set display id 0, current focus display 0
03-16 09:43:56.877  1997  3527 D ActivityTaskManager: getPreferredLaunchDisplay userset_displayid true user set display id 0, current focus display 0
03-16 09:43:56.877  1997  3527 D ActivityTaskManager: getPreferredLaunchDisplay userset_displayid true user set display id 0, current focus display 0
03-16 09:43:56.878  1997  3527 D ActivityTaskManager: getPreferredLaunchDisplay userset_displayid true user set display id 0, current focus display 0
03-16 09:43:56.878  1997  3527 D ActivityTaskManager: sendShowDecorCaptionWindow Task is not organized Task{2793f75 #1165 type=undefined}
03-16 09:43:56.878  1997  3527 D ActivityTaskManager: sendShowDecorCaptionWindow Task is not organized Task{2793f75 #1165 type=undefined}
03-16 09:43:56.880  1997  3527 D ActivityTaskManager: getPreferredLaunchDisplay userset_displayid true user set display id 0, current focus display 0
03-16 09:43:56.880  1997  3527 D ActivityTaskManager: getPreferredLaunchDisplay userset_displayid true user set display id 0, current focus display 0
03-16 09:43:56.880  1997  3527 D ActivityTaskManager: layoutTask::ignore force freeform on game mode because of force-fullscreen flag
03-16 09:43:56.884  1997  3527 D PowerManagerService: nativeSetPowerMode ret:true mode:5 enabled:true duration ms: 0
03-16 09:43:56.888  1997  4996 E PersistenceController: SettingNotFoundException: sv_custom_ai_icon_enabled
03-16 09:43:56.888  1997  3527 I ActivityTaskManager: START u0 {act=android.intent.action.MAIN cat=[android.intent.category.LAUNCHER] flg=0x10200000 cmp=com.posandroid/.MainActivity bnds=[360,870][534,1129]} with LAUNCH_SINGLE_TASK from uid 10286 (startActivityAsUser) (BAL_ALLOW_VISIBLE_WINDOW) result code=0
03-16 09:43:56.889  2843  2941 V WindowManagerShell: Transition requested (#15524): android.os.BinderProxy@ad3f2e9 TransitionRequestInfo { type = OPEN, triggerTask = TaskInfo{userId=0 taskId=1165 displayId=0 isRunning=true baseIntent=Intent { act=android.intent.action.MAIN cat=[android.intent.category.LAUNCHER] flg=0x10200000 cmp=com.posandroid/.MainActivity } baseActivity=ComponentInfo{com.posandroid/com.posandroid.MainActivity} topActivity=ComponentInfo{com.posandroid/com.posandroid.MainActivity} origActivity=null realActivity=ComponentInfo{com.posandroid/com.posandroid.MainActivity} numActivities=1 lastActiveTime=747585267 supportsMultiWindow=true supportsGlobalFreeform=true resizeMode=1 isResizeable=true isAppLocked=false isShowDecorCaptionWindowRequest=false canKillAndRestart=false minWidth=-1 minHeight=-1 defaultMinSize=200 token=WCT{android.window.IWindowContainerToken$Stub$Proxy@e5ce20f} topActivityType=1 pictureInPictureParams=null shouldDockBigOverlays=false launchIntoPipHostTaskId=-1 lastParentTaskIdBeforePip=-1 displayCutoutSafeInsets=Rect(0, 77 - 0, 0) topActivityInfo=ActivityInfo{107029c com.posandroid.MainActivity} launchCookies=[android.os.BinderProxy@36fd4a5] positionInParent=Point(0, 0) parentTaskId=-1 isFocused=false isVisible=false isVisibleRequested=false isSleeping=false locusId=null displayAreaFeatureId=1 isTopActivityTransparent=false appCompatTaskInfo=AppCompatTaskInfo { topActivityInSizeCompat=false topActivityEligibleForLetterboxEducation= falseisLetterboxEducationEnabled= false isLetterboxDoubleTapEnabled= false topActivityEligibleForUserAspectRatioButton= false topActivityBoundsLetterboxed= false isFromLetterboxDoubleTap= false topActivityLetterboxVerticalPosition= -1 topActivityLetterboxHorizontalPosition= -1 topActivityLetterboxWidth=720 topActivityLetterboxHeight=1600 isUserFullscreenOverrideEnabled=false isSystemFullscreenOverrideEnabled=false cameraCompatTaskInfo=CameraCompatTaskInfo { cameraCompatControlState=hidden freeformCameraCompatMode=inactive}}}, pipTask = null, remoteTransition = RemoteTransition { remoteTransition = android.window.IRemoteTransition$Stub$Proxy@606007a, appThread = android.app.IApplicationThread$Stub$Proxy@d0f902b, debugName = QuickstepLaunch }, displayChange = null, flags = 0, debugId = 15524 }
03-16 09:43:56.889  2843  2941 V WindowManagerShell: RemoteTransition directly requested for (#15524) android.os.BinderProxy@ad3f2e9: RemoteTransition { remoteTransition = android.window.IRemoteTransition$Stub$Proxy@606007a, appThread = android.app.IApplicationThread$Stub$Proxy@d0f902b, debugName = QuickstepLaunch }
03-16 09:43:56.898  2843  2941 D WindowManagerShell: setLauncherKeepClearAreaHeight: visible=false, height=121
03-16 09:43:56.908  1997  2200 I ActivityManager: Start proc 16458:com.posandroid/u0a499 for next-top-activity {com.posandroid/com.posandroid.MainActivity}
03-16 09:43:56.911  1997  4996 D CoreBackPreview: Window{62a9857 u0 Splash Screen com.posandroid}: Setting back callback OnBackInvokedCallbackInfo{mCallback=android.window.IOnBackInvokedCallback$Stub$Proxy@4d662f3, mPriority=0, mIsAnimationCallback=false}
03-16 09:43:56.917  1997  2147 W AccessibilityWindowsPopulator: Windows change within in 2 frames continuously over 500 ms and notify windows changed immediately
03-16 09:43:56.922  1997  2142 V WindowManager: Sent Transition (#15524) createdAt=03-16 09:43:56.875 via request=TransitionRequestInfo { type = OPEN, triggerTask = TaskInfo{userId=0 taskId=1165 displayId=0 isRunning=true baseIntent=Intent { act=android.intent.action.MAIN cat=[android.intent.category.LAUNCHER] flg=0x10200000 cmp=com.posandroid/.MainActivity } baseActivity=ComponentInfo{com.posandroid/com.posandroid.MainActivity} topActivity=ComponentInfo{com.posandroid/com.posandroid.MainActivity} origActivity=null realActivity=ComponentInfo{com.posandroid/com.posandroid.MainActivity} numActivities=1 lastActiveTime=747585267 supportsMultiWindow=true supportsGlobalFreeform=true resizeMode=1 isResizeable=true isAppLocked=false isShowDecorCaptionWindowRequest=false canKillAndRestart=true minWidth=-1 minHeight=-1 defaultMinSize=200 token=WCT{RemoteToken{f6a3b4f Task{2793f75 #1165 type=standard A=10499:com.posandroid}}} topActivityType=1 pictureInPictureParams=null shouldDockBigOverlays=false launchIntoPipHostTaskId=-1 lastParentTaskIdBeforePip=-1 displayCutoutSafeInsets=Rect(0, 77 - 0, 0) topActivityInfo=ActivityInfo{c6782dc com.posandroid.MainActivity} launchCookies=[android.os.BinderProxy@419efe5] positionInParent=Point(0, 0) parentTaskId=-1 isFocused=false isVisible=false isVisibleRequested=false isSleeping=false locusId=null displayAreaFeatureId=1 isTopActivityTransparent=false appCompatTaskInfo=AppCompatTaskInfo { topActivityInSizeCompat=false topActivityEligibleForLetterboxEducation= falseisLetterboxEducationEnabled= false isLetterboxDoubleTapEnabled= false topActivityEligibleForUserAspectRatioButton= false topActivityBoundsLetterboxed= false isFromLetterboxDoubleTap= false topActivityLetterboxVerticalPosition= -1 topActivityLetterboxHorizontalPosition= -1 topActivityLetterboxWidth=720 topActivityLetterboxHeight=1600 isUserFullscreenOverrideEnabled=false isSystemFullscreenOverrideEnabled=false cameraCompatTaskInfo=CameraCompatTaskInfo { cameraCompatControlState=hidden freeformCameraCompatMode=inactive}}}, pipTask = null, remoteTransition = RemoteTransition { remoteTransition = android.window.IRemoteTransition$Stub$Proxy@6411aba, appThread = android.app.IApplicationThread$Stub$Proxy@5b93d6b, debugName = QuickstepLaunch }, displayChange = null, flags = 0, debugId = 15524 }
03-16 09:43:56.922  1997  2142 V WindowManager:     startWCT=WindowContainerTransaction { changes = {} hops = [] errorCallbackToken=null taskFragmentOrganizer=null }
03-16 09:43:56.922  1997  2142 V WindowManager:     info={id=15524 t=OPEN f=0x0 trk=0 r=[0@Point(0, 0)] c=[
03-16 09:43:56.922  1997  2142 V WindowManager:         {WCT{RemoteToken{f6a3b4f Task{2793f75 #1165 type=standard A=10499:com.posandroid}}} m=OPEN f=NONE pTaskId=-1 leash=Surface(name=Task=1165)/@0xb16da29 sb=Rect(0, 0 - 720, 1600) eb=Rect(0, 0 - 720, 1600) d=0 taskParent=-1},
03-16 09:43:56.922  1997  2142 V WindowManager:         {WCT{RemoteToken{92802e4 Task{6c753f1 #1 type=undefined}}} m=TO_BACK f=SHOW_WALLPAPER pTaskId=-1 leash=Surface(name=Task=1)/@0x9e81095 sb=Rect(0, 0 - 720, 1600) eb=Rect(0, 0 - 720, 1600) d=0 taskParent=-1}
03-16 09:43:56.922  1997  2142 V WindowManager:     ]}
03-16 09:43:56.923  2843  2866 V WindowManagerShell: onTransitionReady(transaction=8577050748432)
03-16 09:43:56.923  2843  2941 V WindowManagerShell: onTransitionReady (#15524) android.os.BinderProxy@ad3f2e9: {id=15524 t=OPEN f=0x0 trk=0 r=[0@Point(0, 0)] c=[{WCT{android.window.IWindowContainerToken$Stub$Proxy@100800b} m=OPEN f=NONE pTaskId=-1 leash=Surface(name=Task=1165)/@0xeffefc sb=Rect(0, 0 - 720, 1600) eb=Rect(0, 0 - 720, 1600) d=0 taskParent=-1},{WCT{android.window.IWindowContainerToken$Stub$Proxy@7bc0ee8} m=TO_BACK f=SHOW_WALLPAPER pTaskId=-1 leash=Surface(name=Task=1)/@0x8c88985 sb=Rect(0, 0 - 720, 1600) eb=Rect(0, 0 - 720, 1600) d=0 taskParent=-1}]}
03-16 09:43:56.924  2843  2941 V WindowManagerShell: Playing animation for (#15524) android.os.BinderProxy@ad3f2e9@0
03-16 09:43:56.924  2843  2941 V WindowManagerShell:  try firstHandler com.android.wm.shell.transition.DefaultMixedHandler@ad75e7e
03-16 09:43:56.924  2843  2941 V WindowManagerShell: Mixed transition for opening an intent with a remote transition and PIP #15524
03-16 09:43:56.924  2843  2941 V WindowManagerShell:  Delegate animation for (#15524) to RemoteTransition { remoteTransition = android.window.IRemoteTransition$Stub$Proxy@606007a, appThread = android.app.IApplicationThread$Stub$Proxy@d0f902b, debugName = QuickstepLaunch }
03-16 09:43:56.928  2843  2941 V WindowManagerShell:  animated by firstHandler
03-16 09:43:56.936  1997  3006 W UserManagerService: Requested status bar icon for non-badged user 0
03-16 09:43:56.949  1997  3740 D ActivityTaskManager: sendShowDecorCaptionWindow Task is not organized Task{8e22723 #56 type=undefined I=com.motorola.launcher3/com.android.launcher3.CustomizationPanelLauncher}
03-16 09:43:56.962  2843  2941 D WindowManagerShell: onKeepClearAreasChanged: restricted={Rect(2, 1409 - 718, 1566)}, unrestricted={}
03-16 09:43:57.020  1997  3765 I ActivityManager: Flag disabled. Ignoring finishAttachApplication from uid: 10499. pid: 16458
03-16 09:43:57.039 16458 16458 E AndroidRuntime: FATAL EXCEPTION: main
03-16 09:43:57.039 16458 16458 E AndroidRuntime: Process: com.posandroid, PID: 16458
03-16 09:43:57.039 16458 16458 E AndroidRuntime: com.facebook.soloader.SoLoaderDSONotFoundError: couldn't find DSO to load: libhermestooling.so
03-16 09:43:57.039 16458 16458 E AndroidRuntime: 	existing SO sources: 
03-16 09:43:57.039 16458 16458 E AndroidRuntime: 		SoSource 0: ApplicationSoSource[DirectorySoSource[root = /data/app/~~EbEoQ0YrMr-_lvtxwBV4lw==/com.posandroid-KjcQm3p9ZtKHatXA1fKi6w==/lib/arm64 flags = 0]]
03-16 09:43:57.039 16458 16458 E AndroidRuntime: 		SoSource 1: DirectApkSoSource[root = [/data/app/~~EbEoQ0YrMr-_lvtxwBV4lw==/com.posandroid-KjcQm3p9ZtKHatXA1fKi6w==/base.apk!/lib/arm64-v8a]]
03-16 09:43:57.039 16458 16458 E AndroidRuntime: 		SoSource 2: DirectorySoSource[root = /system/lib64 flags = 3]
03-16 09:43:57.039 16458 16458 E AndroidRuntime: 		SoSource 3: DirectorySoSource[root = /vendor/lib64 flags = 3]
03-16 09:43:57.039 16458 16458 E AndroidRuntime: 	Native lib dir: /data/app/~~EbEoQ0YrMr-_lvtxwBV4lw==/com.posandroid-KjcQm3p9ZtKHatXA1fKi6w==/lib/arm64
03-16 09:43:57.039 16458 16458 E AndroidRuntime: 
03-16 09:43:57.039 16458 16458 E AndroidRuntime: 	at com.facebook.soloader.SoLoader.doLoadLibraryBySoName(SoLoader.java:1216)
03-16 09:43:57.039 16458 16458 E AndroidRuntime: 	at com.facebook.soloader.SoLoader.loadLibraryBySoNameImpl(SoLoader.java:1078)
03-16 09:43:57.039 16458 16458 E AndroidRuntime: 	at com.facebook.soloader.SoLoader.loadLibraryBySoName(SoLoader.java:943)
03-16 09:43:57.039 16458 16458 E AndroidRuntime: 	at com.facebook.soloader.SoLoader.loadLibraryOnAndroid(SoLoader.java:859)
03-16 09:43:57.039 16458 16458 E AndroidRuntime: 	at com.facebook.soloader.SoLoader.loadLibrary(SoLoader.java:842)
03-16 09:43:57.039 16458 16458 E AndroidRuntime: 	at com.facebook.soloader.SoLoader.loadLibrary(SoLoader.java:812)
03-16 09:43:57.039 16458 16458 E AndroidRuntime: 	at com.facebook.react.runtime.hermes.HermesInstance.<clinit>(HermesInstance.kt:26)
03-16 09:43:57.039 16458 16458 E AndroidRuntime: 	at com.facebook.react.defaults.DefaultReactHost.getDefaultReactHost(DefaultReactHost.kt:93)
03-16 09:43:57.039 16458 16458 E AndroidRuntime: 	at com.facebook.react.defaults.DefaultReactHost.getDefaultReactHost$default(DefaultReactHost.kt:60)
03-16 09:43:57.039 16458 16458 E AndroidRuntime: 	at com.posandroid.MainApplication.reactHost_delegate$lambda$1(MainApplication.kt:13)
03-16 09:43:57.039 16458 16458 E AndroidRuntime: 	at com.posandroid.MainApplication.$r8$lambda$3TP1oUSoY_NhCrNVro4eMH8iRFI(Unknown Source:0)
03-16 09:43:57.039 16458 16458 E AndroidRuntime: 	at com.posandroid.MainApplication$$ExternalSyntheticLambda0.invoke(D8$$SyntheticClass:0)
03-16 09:43:57.039 16458 16458 E AndroidRuntime: 	at kotlin.SynchronizedLazyImpl.getValue(LazyJVM.kt:83)
03-16 09:43:57.039 16458 16458 E AndroidRuntime: 	at com.posandroid.MainApplication.getReactHost(MainApplication.kt:12)
03-16 09:43:57.039 16458 16458 E AndroidRuntime: 	at com.facebook.react.ReactActivityDelegate.getReactHost(ReactActivityDelegate.java:109)
03-16 09:43:57.039 16458 16458 E AndroidRuntime: 	at com.facebook.react.ReactActivityDelegate.lambda$onCreate$0(ReactActivityDelegate.java:152)
03-16 09:43:57.039 16458 16458 E AndroidRuntime: 	at com.facebook.react.ReactActivityDelegate.$r8$lambda$HPdXfLmAU1y4Wc1XbwAHziPP2WA(Unknown Source:0)
03-16 09:43:57.039 16458 16458 E AndroidRuntime: 	at com.facebook.react.ReactActivityDelegate$$ExternalSyntheticLambda0.run(D8$$SyntheticClass:0)
03-16 09:43:57.039 16458 16458 E AndroidRuntime: 	at com.facebook.systrace.Systrace.traceSection(Systrace.kt:35)
03-16 09:43:57.039 16458 16458 E AndroidRuntime: 	at com.facebook.react.ReactActivityDelegate.onCreate(ReactActivityDelegate.java:132)
03-16 09:43:57.039 16458 16458 E AndroidRuntime: 	at com.facebook.react.ReactActivity.onCreate(ReactActivity.java:61)
03-16 09:43:57.039 16458 16458 E AndroidRuntime: 	at android.app.Activity.performCreate(Activity.java:9149)
03-16 09:43:57.039 16458 16458 E AndroidRuntime: 	at android.app.Activity.performCreate(Activity.java:9127)
03-16 09:43:57.039 16458 16458 E AndroidRuntime: 	at android.app.Instrumentation.callActivityOnCreate(Instrumentation.java:1526)
03-16 09:43:57.039 16458 16458 E AndroidRuntime: 	at android.app.ActivityThread.performLaunchActivity(ActivityThread.java:4156)
03-16 09:43:57.039 16458 16458 E AndroidRuntime: 	at android.app.ActivityThread.handleLaunchActivity(ActivityThread.java:4365)
03-16 09:43:57.039 16458 16458 E AndroidRuntime: 	at android.app.servertransaction.LaunchActivityItem.execute(LaunchActivityItem.java:112)
03-16 09:43:57.039 16458 16458 E AndroidRuntime: 	at android.app.servertransaction.TransactionExecutor.executeNonLifecycleItem(TransactionExecutor.java:174)
03-16 09:43:57.039 16458 16458 E AndroidRuntime: 	at android.app.servertransaction.TransactionExecutor.executeTransactionItems(TransactionExecutor.java:109)
03-16 09:43:57.039 16458 16458 E AndroidRuntime: 	at android.app.servertransaction.TransactionExecutor.execute(TransactionExecutor.java:81)
03-16 09:43:57.039 16458 16458 E AndroidRuntime: 	at android.app.ActivityThread$H.handleMessage(ActivityThread.java:2751)
03-16 09:43:57.039 16458 16458 E AndroidRuntime: 	at android.os.Handler.dispatchMessage(Handler.java:112)
03-16 09:43:57.039 16458 16458 E AndroidRuntime: 	at android.os.Looper.loopOnce(Looper.java:268)
03-16 09:43:57.039 16458 16458 E AndroidRuntime: 	at android.os.Looper.loop(Looper.java:384)
03-16 09:43:57.039 16458 16458 E AndroidRuntime: 	at android.app.ActivityThread.main(ActivityThread.java:8936)
03-16 09:43:57.039 16458 16458 E AndroidRuntime: 	at java.lang.reflect.Method.invoke(Native Method)
03-16 09:43:57.039 16458 16458 E AndroidRuntime: 	at com.android.internal.os.RuntimeInit$MethodAndArgsCaller.run(RuntimeInit.java:580)
03-16 09:43:57.039 16458 16458 E AndroidRuntime: 	at com.android.internal.os.ZygoteInit.main(ZygoteInit.java:907)
03-16 09:43:57.042  1997  3006 W ActivityTaskManager:   Force finishing activity com.posandroid/.MainActivity
03-16 09:43:57.043  2843  2941 V WindowManagerShell: Transition requested (#15525): android.os.BinderProxy@87a7432 TransitionRequestInfo { type = CLOSE, triggerTask = null, pipTask = null, remoteTransition = null, displayChange = null, flags = 16, debugId = 15525 }
03-16 09:43:57.051  1997  2143 I ActivityManager: 10499 handleShowAppErrorUi: shouldThottle=true,showFirstCrash=false,repeating=true,shouldForceShowError=false
03-16 09:43:57.064  2843  2941 D WindowManagerShell: onKeepClearAreasChanged: restricted={Rect(10, 1395 - 710, 1549)}, unrestricted={}
03-16 09:43:57.066  1997  3740 I ActivityManager: appDiedLocked: app=ProcessRecord{9ab5df1 16458:com.posandroid/u0a499} thread=android.os.BinderProxy@ddeee3 fromBinderDied=true isKilledByAm=false reason=null
03-16 09:43:57.067  1997  3740 I ActivityManager: Process com.posandroid (pid 16458) has died: fg  TOP 
03-16 09:43:57.067  1997  3740 D RestartModeController: markWaitRestartAppIsSuicided null processName=com.posandroid
03-16 09:43:57.067  1997  2143 D DisplayManagerService: Drop pending events for gone uid 10499
03-16 09:43:57.071  2843  2941 D WindowManagerShell: onKeepClearAreasChanged: restricted={Rect(10, 1395 - 710, 1548)}, unrestricted={}
03-16 09:43:57.073  1997  3740 D ActivityTaskManager: handleAppDied: uid=10499,diedCount=4,lastDiedTime=517337255,forceStopUids=false
03-16 09:43:57.073  1997  3740 W ActivityTaskManager: 10499 handleAppDied: hadDied too many times within short time
03-16 09:43:57.077  1997  2193 W MotoBatteryCareService: uid: 10286 pkgName:com.motorola.launcher3 come to foreground
03-16 09:43:57.082  2843  2941 D WindowManagerShell: setLauncherKeepClearAreaHeight: visible=true, height=121
03-16 09:43:57.085  2843  3556 V WindowManagerShell: onTransitionReady(transaction=8577050748439)
03-16 09:43:57.085  2843  2941 V WindowManagerShell: onTransitionReady (#15525) android.os.BinderProxy@87a7432: {id=15525 t=CLOSE f=0x10 trk=0 r=[0@Point(0, 0)] c=[{WCT{android.window.IWindowContainerToken$Stub$Proxy@b57a17e} m=TO_FRONT f=SHOW_WALLPAPER|MOVE_TO_TOP pTaskId=-1 leash=Surface(name=Task=1)/@0xc36e583 sb=Rect(0, 0 - 720, 1600) eb=Rect(0, 0 - 720, 1600) d=0 taskParent=-1},{WCT{android.window.IWindowContainerToken$Stub$Proxy@cf856df} m=CLOSE f=NONE pTaskId=-1 leash=Surface(name=Task=1165)/@0x39fd300 sb=Rect(0, 0 - 720, 1600) eb=Rect(0, 0 - 720, 1600) d=0 taskParent=-1}]}
03-16 09:43:57.085  2843  2941 V WindowManagerShell: Transition (#15525) android.os.BinderProxy@87a7432@0 ready while (#15524) android.os.BinderProxy@ad3f2e9@0 is still animating. Notify the animating transition in case they can be merged
03-16 09:43:57.086  2843  2941 V WindowManagerShell:    Merge into remote: RemoteTransition { remoteTransition = android.window.IRemoteTransition$Stub$Proxy@606007a, appThread = android.app.IApplicationThread$Stub$Proxy@d0f902b, debugName = QuickstepLaunch }
03-16 09:43:57.090  2843  2941 V WindowManagerShell: Transition animation finished (aborted=false), notifying core (#15524) android.os.BinderProxy@ad3f2e9@0
03-16 09:43:57.094  1997  2142 V WindowManager: Sent Transition (#15525) createdAt=03-16 09:43:57.042 via request=TransitionRequestInfo { type = CLOSE, triggerTask = null, pipTask = null, remoteTransition = null, displayChange = null, flags = 16, debugId = 15525 }
03-16 09:43:57.094  1997  2142 V WindowManager:     startWCT=WindowContainerTransaction { changes = {} hops = [] errorCallbackToken=null taskFragmentOrganizer=null }
03-16 09:43:57.094  1997  2142 V WindowManager:     info={id=15525 t=CLOSE f=0x10 trk=0 r=[0@Point(0, 0)] c=[
03-16 09:43:57.094  1997  2142 V WindowManager:         {WCT{RemoteToken{92802e4 Task{6c753f1 #1 type=undefined}}} m=TO_FRONT f=SHOW_WALLPAPER|MOVE_TO_TOP pTaskId=-1 leash=Surface(name=Task=1)/@0x9e81095 sb=Rect(0, 0 - 720, 1600) eb=Rect(0, 0 - 720, 1600) d=0 taskParent=-1},
03-16 09:43:57.094  1997  2142 V WindowManager:         {WCT{RemoteToken{f6a3b4f Task{2793f75 #1165 type=standard A=10499:com.posandroid}}} m=CLOSE f=NONE pTaskId=-1 leash=Surface(name=Task=1165)/@0xb16da29 sb=Rect(0, 0 - 720, 1600) eb=Rect(0, 0 - 720, 1600) d=0 taskParent=-1}
03-16 09:43:57.094  1997  2142 V WindowManager:     ]}
03-16 09:43:57.097  1997  2142 V WindowManager: Finish Transition (#15524): created at 03-16 09:43:56.875 collect-started=0.013ms request-sent=12.05ms started=15.474ms ready=44.125ms sent=45.834ms finished=220.714ms
03-16 09:43:57.098  1997  2193 W MotoBatteryCareService: uid: 10286 pkgName:com.motorola.launcher3 come to foreground
03-16 09:43:57.098  1997  2576 D PowerManagerService: nativeSetPowerMode ret:true mode:5 enabled:false duration ms: 0
03-16 09:43:57.098  2843  2941 V WindowManagerShell: Playing animation for (#15525) android.os.BinderProxy@87a7432@0
03-16 09:43:57.098  2843  2941 V WindowManagerShell:  try handler com.android.wm.shell.transition.DefaultMixedHandler@ad75e7e
03-16 09:43:57.098  2843  2941 V WindowManagerShell:  try handler com.android.wm.shell.keyguard.KeyguardTransitionHandler@ff1cfdf
03-16 09:43:57.098  2843  2941 V WindowManagerShell:  try handler com.android.wm.shell.pip.PipTransition@cc5a42c
03-16 09:43:57.098  2843  2941 V WindowManagerShell:  try handler com.android.wm.shell.activityembedding.ActivityEmbeddingController@e347ef5
03-16 09:43:57.098  2843  2941 V WindowManagerShell:  try handler com.android.wm.shell.recents.RecentsTransitionHandler@186e48a
03-16 09:43:57.098  2843  2941 V ShellRecents: RecentsTransitionHandler.startAnimation: no controller found
03-16 09:43:57.098  2843  2941 V WindowManagerShell:  try handler com.android.wm.shell.splitscreen.StageCoordinator@ccd8afb
03-16 09:43:57.098  2843  2941 V WindowManagerShell:  try handler com.android.wm.shell.transition.RemoteTransitionHandler@cfed718
