03-16 09:13:24.738  2843  2941 V WindowManagerShell:  Delegate animation for (#15403) to RemoteTransition { remoteTransition = android.window.IRemoteTransition$Stub$Proxy@e615d5e, appThread = android.app.IApplicationThread$Stub$Proxy@e9b953f, debugName = QuickstepLaunch }
03-16 09:13:24.741  2843  2941 V WindowManagerShell:  animated by firstHandler
03-16 09:13:24.746  1997  5287 W UserManagerService: Requested status bar icon for non-badged user 0
03-16 09:13:24.749  1997  2193 D addPss  : tracker=ProcessState{a7a36c8 com.motorola.freeform/10292 pkg=com.motorola.freeform}
03-16 09:13:24.781  1997  2078 D BiometricService: canAuthenticate: User=0, Caller=0, Authenticators=33023
03-16 09:13:24.782  1997  2078 D BiometricService/PreAuthInfo: Package: com.whatsapp Sensor ID: 4 Modality: 8 Status: 1
03-16 09:13:24.782  1997  2078 D BiometricService/PreAuthInfo: Package: com.whatsapp Sensor ID: 0 Modality: 2 Status: 1
03-16 09:13:24.782  1997  2078 D BiometricService/PreAuthInfo: getCanAuthenticateInternal Modality: 11 AuthenticatorStatus: 1
03-16 09:13:24.782  1997  2078 D AuthService: canAuthenticate, userId: 0, callingUserId: 0, authenticators: 33023, result: 0
03-16 09:13:24.783  1997  3740 D BiometricService: canAuthenticate: User=0, Caller=0, Authenticators=33023
03-16 09:13:24.784  1997  3740 D BiometricService/PreAuthInfo: Package: com.whatsapp Sensor ID: 4 Modality: 8 Status: 1
03-16 09:13:24.784  1997  3740 D BiometricService/PreAuthInfo: Package: com.whatsapp Sensor ID: 0 Modality: 2 Status: 1
03-16 09:13:24.784  1997  3740 D BiometricService/PreAuthInfo: getCanAuthenticateInternal Modality: 11 AuthenticatorStatus: 1
03-16 09:13:24.784  1997  3740 D AuthService: canAuthenticate, userId: 0, callingUserId: 0, authenticators: 33023, result: 0
03-16 09:13:24.787  1997  9708 D ActivityTaskManager: getPreferredLaunchDisplay userset_displayid false user set display id 0, current focus display 0
03-16 09:13:24.788  1997  9708 I SettingsAccessControlPolicy: isDeviceSettingsChangeDisabled: value -> false
03-16 09:13:24.788  1997  9708 W OptProp : Cannot read opt property android.window.PROPERTY_COMPAT_ALLOW_ORIENTATION_OVERRIDE
03-16 09:13:24.789  1997  9708 W OptProp : Cannot read opt property android.window.PROPERTY_COMPAT_ALLOW_RESIZEABLE_ACTIVITY_OVERRIDES
03-16 09:13:24.789  1997  9708 W OptProp : Cannot read opt property android.window.PROPERTY_COMPAT_ALLOW_MIN_ASPECT_RATIO_OVERRIDE
03-16 09:13:24.789  1997  9708 D ActivityTaskManager: getPreferredLaunchDisplay userset_displayid false user set display id 0, current focus display 0
03-16 09:13:24.789  1997  9708 D ActivityTaskManager: getPreferredLaunchDisplay userset_displayid false user set display id 0, current focus display 0
03-16 09:13:24.790  1997  9708 D ActivityTaskManager: getPreferredLaunchDisplay userset_displayid false user set display id 0, current focus display 0
03-16 09:13:24.790  1997  9708 D ActivityTaskManager: getPreferredLaunchDisplay userset_displayid false user set display id 0, current focus display 0
03-16 09:13:24.790  1997  9708 D ActivityTaskManager: getPreferredLaunchDisplay userset_displayid false user set display id 0, current focus display 0
03-16 09:13:24.790  1997  9708 D ActivityTaskManager: getPreferredLaunchDisplay userset_displayid false user set display id 0, current focus display 0
03-16 09:13:24.796  2843  2941 V WindowManagerShell: Transition requested (#15404): android.os.BinderProxy@4fd25d3 TransitionRequestInfo { type = OPEN, triggerTask = TaskInfo{userId=0 taskId=1139 displayId=0 isRunning=true baseIntent=Intent { act=android.intent.action.MAIN cat=[android.intent.category.LAUNCHER] flg=0x10200000 cmp=com.whatsapp/.Main } baseActivity=ComponentInfo{com.whatsapp/com.whatsapp.home.ui.HomeActivity} topActivity=ComponentInfo{com.whatsapp/com.whatsapp.authentication.AppAuthenticationActivity} origActivity=null realActivity=ComponentInfo{com.whatsapp/com.whatsapp.Main} numActivities=3 lastActiveTime=745753174 supportsMultiWindow=true supportsGlobalFreeform=true resizeMode=1 isResizeable=true isAppLocked=false isShowDecorCaptionWindowRequest=false canKillAndRestart=false minWidth=-1 minHeight=-1 defaultMinSize=200 token=WCT{android.window.IWindowContainerToken$Stub$Proxy@5819510} topActivityType=1 pictureInPictureParams=null shouldDockBigOverlays=false launchIntoPipHostTaskId=-1 lastParentTaskIdBeforePip=-1 displayCutoutSafeInsets=null topActivityInfo=ActivityInfo{df78809 com.whatsapp.authentication.AppAuthenticationActivity} launchCookies=[android.os.BinderProxy@684c699] positionInParent=Point(0, 0) parentTaskId=-1 isFocused=true isVisible=true isVisibleRequested=true isSleeping=false locusId=null displayAreaFeatureId=1 isTopActivityTransparent=false appCompatTaskInfo=AppCompatTaskInfo { topActivityInSizeCompat=false topActivityEligibleForLetterboxEducation= falseisLetterboxEducationEnabled= false isLetterboxDoubleTapEnabled= false topActivityEligibleForUserAspectRatioButton= false topActivityBoundsLetterboxed= false isFromLetterboxDoubleTap= false topActivityLetterboxVerticalPosition= -1 topActivityLetterboxHorizontalPosition= -1 topActivityLetterboxWidth=720 topActivityLetterboxHeight=1600 isUserFullscreenOverrideEnabled=false isSystemFullscreenOverrideEnabled=false cameraCompatTaskInfo=CameraCompatTaskInfo { cameraCompatControlState=hidden freeformCameraCompatMode=inactive}}}, pipTask = null, remoteTransition = null, displayChange = null, flags = 0, debugId = 15404 }
03-16 09:13:24.799  1997  9708 I ActivityTaskManager: START u0 {flg=0x20000 cmp=com.whatsapp/.authentication.AppAuthenticationActivity} with LAUNCH_SINGLE_TASK from uid 10385 (startActivityAsUser) (BAL_ALLOW_VISIBLE_WINDOW) result code=0
03-16 09:13:24.950  1997  9708 D AutofillSession: createPendingIntent for request 2206
03-16 09:13:24.955  1997  5287 I ActivityTaskManager: The Process com.whatsapp Already Exists in BG. So sending its PID: 2924
03-16 09:13:24.956  1997  2193 W MotoBatteryCareService: uid: 10385 pkgName:com.whatsapp come to foreground
03-16 09:13:24.962  2843  2941 V WindowManagerShell: Transition animation finished (aborted=false), notifying core (#15403) android.os.BinderProxy@7563212@0
03-16 09:13:24.967  1997  2142 V WindowManager: Sent Transition (#15404) createdAt=03-16 09:13:24.789 via request=TransitionRequestInfo { type = OPEN, triggerTask = TaskInfo{userId=0 taskId=1139 displayId=0 isRunning=true baseIntent=Intent { act=android.intent.action.MAIN cat=[android.intent.category.LAUNCHER] flg=0x10200000 cmp=com.whatsapp/.Main } baseActivity=ComponentInfo{com.whatsapp/com.whatsapp.home.ui.HomeActivity} topActivity=ComponentInfo{com.whatsapp/com.whatsapp.authentication.AppAuthenticationActivity} origActivity=null realActivity=ComponentInfo{com.whatsapp/com.whatsapp.Main} numActivities=3 lastActiveTime=745753174 supportsMultiWindow=true supportsGlobalFreeform=true resizeMode=1 isResizeable=true isAppLocked=false isShowDecorCaptionWindowRequest=false canKillAndRestart=true minWidth=-1 minHeight=-1 defaultMinSize=200 token=WCT{RemoteToken{c11bd64 Task{80e1f34 #1139 type=standard A=10385:com.whatsapp}}} topActivityType=1 pictureInPictureParams=null shouldDockBigOverlays=false launchIntoPipHostTaskId=-1 lastParentTaskIdBeforePip=-1 displayCutoutSafeInsets=null topActivityInfo=ActivityInfo{c377f1 com.whatsapp.authentication.AppAuthenticationActivity} launchCookies=[android.os.BinderProxy@ed9587d] positionInParent=Point(0, 0) parentTaskId=-1 isFocused=true isVisible=true isVisibleRequested=true isSleeping=false locusId=null displayAreaFeatureId=1 isTopActivityTransparent=false appCompatTaskInfo=AppCompatTaskInfo { topActivityInSizeCompat=false topActivityEligibleForLetterboxEducation= falseisLetterboxEducationEnabled= false isLetterboxDoubleTapEnabled= false topActivityEligibleForUserAspectRatioButton= false topActivityBoundsLetterboxed= false isFromLetterboxDoubleTap= false topActivityLetterboxVerticalPosition= -1 topActivityLetterboxHorizontalPosition= -1 topActivityLetterboxWidth=720 topActivityLetterboxHeight=1600 isUserFullscreenOverrideEnabled=false isSystemFullscreenOverrideEnabled=false cameraCompatTaskInfo=CameraCompatTaskInfo { cameraCompatControlState=hidden freeformCameraCompatMode=inactive}}}, pipTask = null, remoteTransition = null, displayChange = null, flags = 0, debugId = 15404 }
03-16 09:13:24.967  1997  2142 V WindowManager:     startWCT=WindowContainerTransaction { changes = {} hops = [] errorCallbackToken=null taskFragmentOrganizer=null }
03-16 09:13:24.968  1997  2142 V WindowManager:     info={id=15404 t=OPEN f=0x0 trk=0 opt={t=CUSTOM enterResId=0 exitResId=0} r=[0@Point(0, 0)] c=[
03-16 09:13:24.968  1997  2142 V WindowManager:         {null m=OPEN f=STARTING_WINDOW_TRANSFER|FILLS_TASK|IS_BEHIND_STARTING_WINDOW leash=Surface(name=ActivityRecord{6d69b58 u0 com.whatsapp/.authentication.AppAuthenticationActivity)/@0xc5d897b sb=Rect(0, 0 - 0, 0) eb=Rect(0, 0 - 720, 1600) d=-1->0 r=-1->0:-1 bc=ff303030 component=com.whatsapp/.authentication.AppAuthenticationActivity},
03-16 09:13:24.968  1997  2142 V WindowManager:         {null m=TO_BACK f=FILLS_TASK|IS_BEHIND_STARTING_WINDOW|IS_OCCLUDED leash=Surface(name=ActivityRecord{93200f0 u0 com.whatsapp/.Conversation)/@0x586f123 sb=Rect(0, 0 - 720, 1600) eb=Rect(0, 0 - 720, 1600) d=0 bc=ff303030 component=com.whatsapp/.Conversation}
03-16 09:13:24.968  1997  2142 V WindowManager:     ]}
03-16 09:13:24.968  2843 20283 V WindowManagerShell: onTransitionReady(transaction=8577050741850)
03-16 09:13:24.969  1997  2142 V WindowManager: Finish Transition (#15403): created at 03-16 09:13:24.699 collect-started=0.04ms request-sent=6.61ms started=13.544ms ready=25.416ms sent=32.929ms finished=269.722ms
03-16 09:13:24.971  2843  2941 V WindowManagerShell: Track 0 became idle
03-16 09:13:24.972  2843  2941 V WindowManagerShell: onTransitionReady (#15404) android.os.BinderProxy@4fd25d3: {id=15404 t=OPEN f=0x0 trk=0 opt={t=CUSTOM enterResId=0 exitResId=0} r=[0@Point(0, 0)] c=[{null m=OPEN f=STARTING_WINDOW_TRANSFER|FILLS_TASK|IS_BEHIND_STARTING_WINDOW leash=Surface(name=ActivityRecord{6d69b58 u0 com.whatsapp/.authentication.AppAuthenticationActivity)/@0xdcdda0e sb=Rect(0, 0 - 0, 0) eb=Rect(0, 0 - 720, 1600) d=-1->0 r=-1->0:-1 bc=ff303030 component=com.whatsapp/.authentication.AppAuthenticationActivity},{null m=TO_BACK f=FILLS_TASK|IS_BEHIND_STARTING_WINDOW|IS_OCCLUDED leash=Surface(name=ActivityRecord{93200f0 u0 com.whatsapp/.Conversation)/@0xdea4c2f sb=Rect(0, 0 - 720, 1600) eb=Rect(0, 0 - 720, 1600) d=0 bc=ff303030 component=com.whatsapp/.Conversation}]}
03-16 09:13:24.972  2843  2941 V WindowManagerShell: Non-visible anim so abort: (#15404) android.os.BinderProxy@4fd25d3@0
03-16 09:13:24.974  2843  2941 V WindowManagerShell: Transition animation finished (aborted=true), notifying core (#15404) android.os.BinderProxy@4fd25d3@0
03-16 09:13:24.977  1997  4976 W AutofillManagerServiceImpl: getFillEventHistory() called by UID 10164, but service UID is 10195
03-16 09:13:24.989  1997  2142 V WindowManager: Finish Transition (#15404): created at 03-16 09:13:24.789 collect-started=0.013ms request-sent=6.081ms started=11.374ms ready=173.237ms sent=176.2ms finished=199.274ms
03-16 09:13:24.995  2843  2941 V WindowManagerShell: Track 0 became idle
03-16 09:13:24.995  2843  2941 V WindowManagerShell: All active transition animations finished
03-16 09:13:24.996  1997  5287 E ClipboardService: Denying clipboard access to com.whatsapp, application is not in focus nor is it a system service for user 0
03-16 09:13:24.997  1997  5287 W UserManagerService: Requested status bar icon for non-badged user 0
03-16 09:13:25.000  1997  5287 W UserManagerService: Requested status bar icon for non-badged user 0
03-16 09:13:25.001  1997  9708 W UserManagerService: Requested status bar icon for non-badged user 0
03-16 09:13:25.003  1997  2872 W UserManagerService: Requested status bar icon for non-badged user 0
03-16 09:13:25.004  1997  2872 W UserManagerService: Requested status bar icon for non-badged user 0
03-16 09:13:25.017  1997  2872 D BiometricService: canAuthenticate: User=0, Caller=0, Authenticators=33023
03-16 09:13:25.019  1997  2872 D BiometricService/PreAuthInfo: Package: com.whatsapp Sensor ID: 4 Modality: 8 Status: 1
03-16 09:13:25.019  1997  2872 D BiometricService/PreAuthInfo: Package: com.whatsapp Sensor ID: 0 Modality: 2 Status: 1
03-16 09:13:25.019  1997  2872 D BiometricService/PreAuthInfo: getCanAuthenticateInternal Modality: 11 AuthenticatorStatus: 1
03-16 09:13:25.019  1997  2872 D AuthService: canAuthenticate, userId: 0, callingUserId: 0, authenticators: 33023, result: 0
03-16 09:13:25.029  1997  2872 D BiometricService: canAuthenticate: User=0, Caller=0, Authenticators=33023
03-16 09:13:25.030  1997  2872 D BiometricService/PreAuthInfo: Package: com.whatsapp Sensor ID: 4 Modality: 8 Status: 1
03-16 09:13:25.030  1997  2872 D BiometricService/PreAuthInfo: Package: com.whatsapp Sensor ID: 0 Modality: 2 Status: 1
03-16 09:13:25.030  1997  2872 D BiometricService/PreAuthInfo: getCanAuthenticateInternal Modality: 11 AuthenticatorStatus: 1
03-16 09:13:25.030  1997  2872 D AuthService: canAuthenticate, userId: 0, callingUserId: 0, authenticators: 33023, result: 0
03-16 09:13:25.030  1997  3108 D BiometricService: canAuthenticate: User=0, Caller=0, Authenticators=33023
03-16 09:13:25.031  1997  3108 D BiometricService/PreAuthInfo: Package: com.whatsapp Sensor ID: 4 Modality: 8 Status: 1
03-16 09:13:25.031  1997  3108 D BiometricService/PreAuthInfo: Package: com.whatsapp Sensor ID: 0 Modality: 2 Status: 1
03-16 09:13:25.031  1997  3108 D BiometricService/PreAuthInfo: getCanAuthenticateInternal Modality: 11 AuthenticatorStatus: 1
03-16 09:13:25.031  1997  3108 D AuthService: canAuthenticate, userId: 0, callingUserId: 0, authenticators: 33023, result: 0
03-16 09:13:25.035  1997  2712 D BiometricService/PreAuthInfo: Package: com.whatsapp Sensor ID: 4 Modality: 8 Status: 1
03-16 09:13:25.035  1997  2712 D BiometricService/PreAuthInfo: Package: com.whatsapp Sensor ID: 0 Modality: 2 Status: 1
03-16 09:13:25.035  1997  2712 D BiometricService/PreAuthInfo: getCanAuthenticateInternal Modality: 11 AuthenticatorStatus: 1
03-16 09:13:25.035  1997  2712 D BiometricService: handleAuthenticate: modality(11), status(0), preAuthInfo: BiometricRequested: true, StrengthRequested: 255, CredentialRequested: true, Eligible:{4 0 }, Ineligible:{}, CredentialAvailable: true,  requestId: 639 promptInfo.isIgnoreEnrollmentState: false
03-16 09:13:25.035  1997  2712 D BiometricService: Creating authSession with authRequest: BiometricRequested: true, StrengthRequested: 255, CredentialRequested: true, Eligible:{4 0 }, Ineligible:{}, CredentialAvailable: true, 
03-16 09:13:25.035  1997  2712 D BiometricService/AuthSession: Creating AuthSession with: BiometricRequested: true, StrengthRequested: 255, CredentialRequested: true, Eligible:{4 0 }, Ineligible:{}, CredentialAvailable: true, 
03-16 09:13:25.036  1997  2712 V BiometricService/AuthSession: set to unknown state sensor: 4
03-16 09:13:25.036  1997  2712 V BiometricService/AuthSession: set to unknown state sensor: 0
03-16 09:13:25.036  1997  2712 V BiometricService/AuthSession: waiting for cooking for sensor: 4
03-16 09:13:25.036  1997  2712 V BiometricService/AuthSession: waiting for cooking for sensor: 0
03-16 09:13:25.037  1997  2775 D BiometricUtils: isUdfpsLocalHbmSupport defaultSupport=false debugSupport=false
03-16 09:13:25.038  1997  2775 D BiometricLogger: onAllAuthenticatorsRegistered mUdfpsSupport=false
03-16 09:13:25.038  1997  2777 D BiometricUtils: isUdfpsLocalHbmSupport defaultSupport=false debugSupport=false
03-16 09:13:25.038  1997  2777 D BiometricLogger: onAllAuthenticatorsRegistered mUdfpsSupport=false
03-16 09:13:25.038  1997  2775 D BiometricScheduler: [Added] {[5219] com.android.server.biometrics.sensors.fingerprint.aidl.FingerprintAuthenticationClient, proto=3, owner=com.whatsapp, cookie=760837749, requestId=639, userId=0}, new queue size: 1
03-16 09:13:25.038  1997  2775 D BiometricScheduler: [Polled] {[5219] com.android.server.biometrics.sensors.fingerprint.aidl.FingerprintAuthenticationClient, proto=3, owner=com.whatsapp, cookie=760837749, requestId=639, userId=0}, State: 0
03-16 09:13:25.038  1997  2775 D GestureAvailabilityTracker: Notifying gesture availability, active=false
03-16 09:13:25.038  1997  2775 D BiometricScheduler: Waiting for cookie before starting: {[5219] com.android.server.biometrics.sensors.fingerprint.aidl.FingerprintAuthenticationClient, proto=3, owner=com.whatsapp, cookie=760837749, requestId=639, userId=0}, State: 4
03-16 09:13:25.038  1997  2777 D BiometricScheduler: [Added] {[5220] com.android.server.biometrics.sensors.face.aidl.FaceAuthenticationClient, proto=3, owner=com.whatsapp, cookie=1515442383, requestId=639, userId=0}, new queue size: 1
03-16 09:13:25.039  1997  2712 D BiometricService/Sensor: Sensor(0) matched cookie: 760837749
03-16 09:13:25.039  1997  2777 D BiometricScheduler: [Polled] {[5220] com.android.server.biometrics.sensors.face.aidl.FaceAuthenticationClient, proto=3, owner=com.whatsapp, cookie=1515442383, requestId=639, userId=0}, State: 0
03-16 09:13:25.039  1997  2712 D BiometricService/PreAuthInfo: Sensor ID: 4 Waiting for cookie: 1515442383
03-16 09:13:25.039  1997  2712 D BiometricService/AuthSession: Remaining cookies: 1
03-16 09:13:25.039  1997  2712 V BiometricService/AuthSession: onCookieReceived: still waiting
03-16 09:13:25.039  1997  2777 D BiometricScheduler: Waiting for cookie before starting: {[5220] com.android.server.biometrics.sensors.face.aidl.FaceAuthenticationClient, proto=3, owner=com.whatsapp, cookie=1515442383, requestId=639, userId=0}, State: 4
03-16 09:13:25.039  1997  2712 D BiometricService/Sensor: Sensor(4) matched cookie: 1515442383
03-16 09:13:25.039  1997  2712 D BiometricService/AuthSession: Remaining cookies: 0
03-16 09:13:25.054  1997  4976 D CoreBackPreview: Window{f8af362 u0 com.whatsapp/com.whatsapp.authentication.AppAuthenticationActivity}: Setting back callback OnBackInvokedCallbackInfo{mCallback=android.window.IOnBackInvokedCallback$Stub$Proxy@5d83429, mPriority=0, mIsAnimationCallback=false}
03-16 09:13:25.077  1997  2142 I MotoPerfManagerService: handleAppStart 10385:com.whatsapp hot 3 48 44 -1 388
03-16 09:13:25.098  1997  3108 D CoreBackPreview: Window{d6dba86 u0 BiometricPrompt}: Setting back callback OnBackInvokedCallbackInfo{mCallback=android.window.IOnBackInvokedCallback$Stub$Proxy@d6b945e, mPriority=0, mIsAnimationCallback=false}
03-16 09:13:25.128  1997  4976 D PowerManagerService: nativeSetPowerMode ret:true mode:5 enabled:false duration ms: 0
03-16 09:13:25.128  1997  2193 W MotoBatteryCareService: uid: 10385 pkgName:com.whatsapp come to foreground
03-16 09:13:25.129  1997  4976 D PowerManagerService: nativeReleaseSuspendBlocker name:PowerManagerService.WakeLocks duration ms: 0
03-16 09:13:25.146  1997  4976 D PowerManagerService: nativeAcquireSuspendBlocker name:PowerManagerService.WakeLocks duration ms: 1
03-16 09:13:25.149  1997  9708 E PersistenceController: SettingNotFoundException: sv_custom_ai_icon_enabled
03-16 09:13:25.176  1997  4976 W PackageConfigPersister: App-specific configuration not found for packageName: com.android.systemui and userId: 0
03-16 09:13:25.225  1997  4976 W ContextImpl: Calling a method in the system process without a qualified user: android.app.ContextImpl.sendBroadcastMultiplePermissions:1308 android.content.Context.sendBroadcastMultiplePermissions:2522 com.android.server.TelephonyRegistry.broadcastServiceStateChanged:3764 com.android.server.TelephonyRegistry.notifyServiceStateForPhoneId:1765 com.android.internal.telephony.ITelephonyRegistry$Stub.onTransact:562 
03-16 09:13:25.226  1997  4976 W ContextImpl: Calling a method in the system process without a qualified user: android.app.ContextImpl.sendBroadcastMultiplePermissions:1341 com.android.server.TelephonyRegistry.broadcastServiceStateChanged:3769 com.android.server.TelephonyRegistry.notifyServiceStateForPhoneId:1765 com.android.internal.telephony.ITelephonyRegistry$Stub.onTransact:562 android.os.Binder.execTransactInternal:1520 
03-16 09:13:25.230  1997  4976 W ContextImpl: Calling a method in the system process without a qualified user: android.app.ContextImpl.sendBroadcastMultiplePermissions:1341 com.android.server.TelephonyRegistry.broadcastServiceStateChanged:3778 com.android.server.TelephonyRegistry.notifyServiceStateForPhoneId:1765 com.android.internal.telephony.ITelephonyRegistry$Stub.onTransact:562 android.os.Binder.execTransactInternal:1520 
03-16 09:13:25.233  1997  4976 W ContextImpl: Calling a method in the system process without a qualified user: android.app.ContextImpl.sendBroadcastMultiplePermissions:1341 com.android.server.TelephonyRegistry.broadcastServiceStateChanged:3784 com.android.server.TelephonyRegistry.notifyServiceStateForPhoneId:1765 com.android.internal.telephony.ITelephonyRegistry$Stub.onTransact:562 android.os.Binder.execTransactInternal:1520 
03-16 09:13:25.235  1997  2199 D ActivityManager: unfreezing ProcessRecord{4b5bbe9 32597:com.google.android.cellbroadcastreceiver/u0a344}, reason = unfreezeTemporarily, adj = 985, adjType = cch-empty, adjSource = null
03-16 09:13:25.235  1997  2637 I ExtRam  : handleUidFrozenState 10344 frozen=false
03-16 09:13:25.235  1997  2199 D ActivityManager: sync unfroze 32597 com.google.android.cellbroadcastreceiver for 3
03-16 09:13:25.321  1997  2756 D AppWidgetServiceImpl: Trying to notify widget update for package com.motorola.timeweatherwidget with widget id: 5
03-16 09:13:25.352  1997  3108 D PowerManagerService: nativeReleaseSuspendBlocker name:PowerManagerService.WakeLocks duration ms: 0
03-16 09:13:25.359  1997  2756 D AppWidgetServiceImpl: Trying to notify widget update for package com.motorola.timeweatherwidget with widget id: 3
03-16 09:13:25.383  1997  1997 W AccessibilityManagerService:  wait for adding window timeout: 21245
03-16 09:13:25.395  1997  2712 D BiometricService: handleOnDialogAnimatedIn
03-16 09:13:25.395  1997  2712 V BiometricService/AuthSession: Starting sensor: 4
03-16 09:13:25.395  1997  2712 D BiometricService/AuthSession: delaying fingerprint sensor start
03-16 09:13:25.405  1997  2777 V ALSProbe: Enable ALS: 52724228
03-16 09:13:25.405  1997  2777 D BiometricScheduler: [Started] {[5220] com.android.server.biometrics.sensors.face.aidl.FaceAuthenticationClient, proto=3, owner=com.whatsapp, cookie=1515442383, requestId=639, userId=0}
03-16 09:13:25.405  1997  2777 D Biometrics/AuthenticationClient: Requesting auth for com.whatsapp
03-16 09:13:25.413  1997  2777 V BiometricSchedulerOperation: started: {[5220] com.android.server.biometrics.sensors.face.aidl.FaceAuthenticationClient, proto=3, owner=com.whatsapp, cookie=1515442383, requestId=639, userId=0}, State: 2
03-16 09:13:25.413  1997  2777 D BiometricScheduler: [Started] Prepared client: {[5220] com.android.server.biometrics.sensors.face.aidl.FaceAuthenticationClient, proto=3, owner=com.whatsapp, cookie=1515442383, requestId=639, userId=0}, State: 2
03-16 09:13:25.423  1997  9708 E AppOps  : package client.pid<1272> not found, can't check for attributionTag null
03-16 09:13:25.423  1997  9708 E AppOps  : Bad call made by uid 1047. Package "client.pid<1272>" does not belong to uid 1000.
03-16 09:13:25.423  1997  9708 E AppOps  : Cannot checkOperation: non-application UID 1000
03-16 09:13:25.425  1997  9708 D CameraService_proxy:  rootTaskInfo topActivity: ComponentInfo{com.whatsapp/com.whatsapp.authentication.AppAuthenticationActivity}
03-16 09:13:25.428  1997  9708 V CameraService_proxy: CheckinEvent data:
03-16 09:13:25.428  1997  9708 V CameraService_proxy:     action: com.motorola.motocare.action.CAMERA_ENGINE_CHECKIN
03-16 09:13:25.428  1997  9708 V CameraService_proxy:     packageName: com.motorola.motocare
03-16 09:13:25.428  1997  9708 V CameraService_proxy:     receiverClass: MotoCareReceiver
03-16 09:13:25.428  1997  9708 V CameraService_proxy:     receiverPermission: com.motorola.motocare.ACCESS_MOTOCARE
03-16 09:13:25.428  1997  9708 V CameraService_proxy:     cameraFacing: 0
03-16 09:13:25.428  1997  9708 V CameraService_proxy:     buildRevision: 0
03-16 09:13:25.428  1997  9708 V CameraService_proxy:     cameraApiLevel: 2
03-16 09:13:25.428  1997  9708 V CameraService_proxy:     cameraId: 1
03-16 09:13:25.428  1997  9708 V CameraService_proxy:     eventType: CameraOpen
03-16 09:13:25.428  1997  9708 V CameraService_proxy:     cameraClientName: client.pid<1272>
03-16 09:13:25.428  1997  9708 V CameraService_proxy:     sessionId: -5755521169709014782
03-16 09:13:25.793  1997  2777 V BiometricLogger: Authentication latency: -1
03-16 09:13:25.793  1997  2777 W BiometricFrameworkStatsLogger: found a negative latency : -1
03-16 09:13:25.793  1997  2777 V Biometrics/AuthenticationClient: onAuthenticated(true), ID:4, Owner: com.whatsapp, isBP: true, listener: com.android.server.biometrics.sensors.ClientMonitorCallbackConverter@b4304b3, requireConfirmation: false, mOperationId: 0, user: 0, clientMonitor: {[5220] com.android.server.biometrics.sensors.face.aidl.FaceAuthenticationClient, proto=3, owner=com.whatsapp, cookie=1515442383, requestId=639, userId=0}, displayId: 0
03-16 09:13:25.794  1997  2777 V BiometricUtils: Checking if the authenticating is in background, clientPackage:com.whatsapp
03-16 09:13:25.794  1997  2777 D BaseClientMonitor: marking operation as done: {[5220] com.android.server.biometrics.sensors.face.aidl.FaceAuthenticationClient, proto=3, owner=com.whatsapp, cookie=1515442383, requestId=639, userId=0}
03-16 09:13:25.794  1997  2777 D Biometrics/AuthenticationClient: Skipping addAuthToken
03-16 09:13:25.795  1997  2712 V BiometricService: handleAuthenticationSucceeded(), sensorId: 4
03-16 09:13:25.795  1997  2777 D BiometricSchedulerOperation: [Finished / destroy]: {[5220] com.android.server.biometrics.sensors.face.aidl.FaceAuthenticationClient, proto=3, owner=com.whatsapp, cookie=1515442383, requestId=639, userId=0}
03-16 09:13:25.795  1997  2712 D BiometricService/AuthSession: Cancelling sensorId: 0
03-16 09:13:25.795  1997  2712 D FingerprintService: cancelAuthenticationFromService, sensorId: 0
03-16 09:13:25.795  1997  2775 D BiometricScheduler: cancelAuthenticationOrDetection, requestId: 639
03-16 09:13:25.795  1997  2775 D BiometricScheduler: Cancelling auth/detect op: {[5219] com.android.server.biometrics.sensors.fingerprint.aidl.FingerprintAuthenticationClient, proto=3, owner=com.whatsapp, cookie=760837749, requestId=639, userId=0}, State: 4
03-16 09:13:25.795  1997  2775 D BiometricSchedulerOperation: [Cancelling] Current client (without start): {[5219] com.android.server.biometrics.sensors.fingerprint.aidl.FingerprintAuthenticationClient, proto=3, owner=com.whatsapp, cookie=760837749, requestId=639, userId=0}
03-16 09:13:25.795  1997  2775 D Biometrics/AcquisitionClient: cancelWithoutStarting: {[5219] com.android.server.biometrics.sensors.fingerprint.aidl.FingerprintAuthenticationClient, proto=3, owner=com.whatsapp, cookie=760837749, requestId=639, userId=0}
03-16 09:13:25.797  1997  2775 D BiometricStateCallback: Client finished, state updated to 0, client {[5219] com.android.server.biometrics.sensors.fingerprint.aidl.FingerprintAuthenticationClient, proto=3, owner=com.whatsapp, cookie=760837749, requestId=639, userId=0}
03-16 09:13:25.797  1997  2775 D BiometricSchedulerOperation: [Finished / destroy]: {[5219] com.android.server.biometrics.sensors.fingerprint.aidl.FingerprintAuthenticationClient, proto=3, owner=com.whatsapp, cookie=760837749, requestId=639, userId=0}
03-16 09:13:25.798  1997  2775 D BiometricScheduler: [Finishing] {[5219] com.android.server.biometrics.sensors.fingerprint.aidl.FingerprintAuthenticationClient, proto=3, owner=com.whatsapp, cookie=760837749, requestId=639, userId=0}, success: true
03-16 09:13:25.798  1997  2712 D BiometricService: handleOnError() sensorId: 0, cookie: 760837749, error: 5, vendorCode: 0
03-16 09:13:25.798  1997  2775 D GestureAvailabilityTracker: Notifying gesture availability, active=true
03-16 09:13:25.798  1997  2775 D BiometricScheduler: No operations, returning to idle
03-16 09:13:25.798  1997  2712 D BiometricService/AuthSession: onErrorReceived sensor: 0 error: 5
03-16 09:13:25.798  1997  2712 D BiometricService/AuthSession: onErrorReceived after successful auth (ignoring)
03-16 09:13:25.798  1997  2712 E AuthSessionCoordinator: Error unable to find auth operation : authEndedFor(userId=0 ,biometricStrength=15, sensorId=0, requestId=639, wasSuccessful=true)
03-16 09:13:25.799  1997  2777 V ALSProbe: Disable ALS: 52724228
03-16 09:13:25.800  1997  2777 D BiometricScheduler: [Finishing] {[5220] com.android.server.biometrics.sensors.face.aidl.FaceAuthenticationClient, proto=3, owner=com.whatsapp, cookie=1515442383, requestId=639, userId=0}, success: true
03-16 09:13:25.800  1997  2777 D BiometricScheduler: No operations, returning to idle
03-16 09:13:25.886  1997  9708 D CompatChangeReporter: Compat change id reported: 311402873; UID 1000; state: ENABLED
03-16 09:13:25.886  1997  9708 D CompatChangeReporter: Compat change id reported: 323349338; UID 1000; state: ENABLED
03-16 09:13:25.892  1997  9708 D CameraService_proxy: Reset force hdr layer present state after camera closed.
03-16 09:13:25.892  1997  9708 D HighBrightnessModeController: setForceHdrLayerPresent( false )
03-16 09:13:25.893  1997  9708 V CameraService_proxy: CheckinEvent data:
03-16 09:13:25.893  1997  9708 V CameraService_proxy:     action: com.motorola.motocare.action.CAMERA_ENGINE_CHECKIN
03-16 09:13:25.893  1997  9708 V CameraService_proxy:     packageName: com.motorola.motocare
03-16 09:13:25.893  1997  9708 V CameraService_proxy:     receiverClass: MotoCareReceiver
03-16 09:13:25.893  1997  9708 V CameraService_proxy:     receiverPermission: com.motorola.motocare.ACCESS_MOTOCARE
03-16 09:13:25.893  1997  9708 V CameraService_proxy:     cameraId: 1
03-16 09:13:25.893  1997  9708 V CameraService_proxy:     eventType: CameraClose
03-16 09:13:25.893  1997  9708 V CameraService_proxy:     cameraClientName: client.pid<1272>
03-16 09:13:25.893  1997  9708 V CameraService_proxy:     sessionId: -5755521169709014782
03-16 09:13:25.893  1997  9708 V CameraService_proxy:     sessionDuration: 0
03-16 09:13:25.964  1997  1997 W AccessibilityManagerService:  wait for adding window timeout: 4
03-16 09:13:25.997  1997  3375 W CameraService_proxy: Unknown extension type: -1
03-16 09:13:26.098  1997  3375 W CameraService_proxy: Unknown extension type: -1
03-16 09:13:26.460  1997  2647 D PowerManagerService: nativeAcquireSuspendBlocker name:PowerManagerService.WakeLocks duration ms: 1
03-16 09:13:26.482  1997  2200 I ActivityManager: Start proc 3398:com.whatsapp/u11a385 for broadcast {com.whatsapp/com.whatsapp.alarmservice.AlarmBroadcastReceiver}
03-16 09:13:26.600  1997  3375 W CameraService_proxy: Unknown extension type: -1
03-16 09:13:26.700  1997  2712 V BiometricService/AuthSession: Dismissed! Modality: 5, User: 0, IsCrypto: false, Action: 2, Client: 2, Reason: 4, Error: 0, Latency: 1661, SessionId: 559701
03-16 09:13:26.702   907  8770 I keystore2: system/security/keystore2/src/authorization.rs:114 - add_auth_token(challenge=0, userId=-6525964093682086642, authId=-5470217332997687294, authType=0x2, timestamp=745757638ms)
03-16 09:13:26.702  1997  2712 D BiometricService/AuthSession: addAuthToken: 0
03-16 09:13:26.702  1997  2712 D BiometricService: resetLockout from: 4, for: 0, userId: 0
03-16 09:13:26.702  1997  2712 D BiometricService/AuthSession: Cancelling sensorId: 4
03-16 09:13:26.703  1997  2775 D BiometricUtils: isUdfpsLocalHbmSupport defaultSupport=false debugSupport=false
03-16 09:13:26.703  1997  2775 D BiometricLogger: onAllAuthenticatorsRegistered mUdfpsSupport=false
03-16 09:13:26.704  1997  4503 D RestartModeController: determineRescueAppAfterAppFinishItself@1 null pkgName=com.whatsapp
03-16 09:13:26.705  2843  2941 V WindowManagerShell: Transition requested (#15405): android.os.BinderProxy@a7b73a9 TransitionRequestInfo { type = CLOSE, triggerTask = null, pipTask = null, remoteTransition = null, displayChange = null, flags = 0, debugId = 15405 }
03-16 09:13:26.705  1997  2775 D BiometricScheduler: [Added] {[5221] com.android.server.biometrics.sensors.fingerprint.aidl.FingerprintResetLockoutClient, proto=12, owner=android, cookie=0, requestId=-1, userId=0}, new queue size: 1
03-16 09:13:26.705  1997  2775 D BiometricScheduler: [Polled] {[5221] com.android.server.biometrics.sensors.fingerprint.aidl.FingerprintResetLockoutClient, proto=12, owner=android, cookie=0, requestId=-1, userId=0}, State: 0
03-16 09:13:26.705  1997  2775 D BiometricScheduler: [Started] {[5221] com.android.server.biometrics.sensors.fingerprint.aidl.FingerprintResetLockoutClient, proto=12, owner=android, cookie=0, requestId=-1, userId=0}
03-16 09:13:26.705  1997  2775 V BiometricSchedulerOperation: started: {[5221] com.android.server.biometrics.sensors.fingerprint.aidl.FingerprintResetLockoutClient, proto=12, owner=android, cookie=0, requestId=-1, userId=0}, State: 2
03-16 09:13:26.706  1997  2712 D BiometricService/AuthSession: Cancelling sensorId: 0
03-16 09:13:26.706  1997  2777 D BiometricScheduler: cancelAuthenticationOrDetection, requestId: 639
03-16 09:13:26.707  1997  2775 D BiometricSchedulerOperation: [Finished / destroy]: {[5221] com.android.server.biometrics.sensors.fingerprint.aidl.FingerprintResetLockoutClient, proto=12, owner=android, cookie=0, requestId=-1, userId=0}
03-16 09:13:26.707  1997  2775 D BiometricScheduler: [Finishing] {[5221] com.android.server.biometrics.sensors.fingerprint.aidl.FingerprintResetLockoutClient, proto=12, owner=android, cookie=0, requestId=-1, userId=0}, success: true
03-16 09:13:26.707  1997  2775 D BiometricScheduler: No operations, returning to idle
03-16 09:13:26.710  1997  3108 D CoreBackPreview: Window{d6dba86 u0 BiometricPrompt}: Setting back callback null
03-16 09:13:26.718  1997  4503 W AutofillManagerServiceImpl: getFillEventHistory() called by UID 10164, but service UID is 10195
03-16 09:13:26.723  1997  2193 W MotoBatteryCareService: uid: 10385 pkgName:com.whatsapp come to foreground
03-16 09:13:26.725  1997  9708 D BiometricService: canAuthenticate: User=0, Caller=0, Authenticators=33023
03-16 09:13:26.728  1997  9708 D BiometricService/PreAuthInfo: Package: com.whatsapp Sensor ID: 4 Modality: 8 Status: 1
03-16 09:13:26.728  1997  9708 D BiometricService/PreAuthInfo: Package: com.whatsapp Sensor ID: 0 Modality: 2 Status: 1
03-16 09:13:26.729  1997  9708 D BiometricService/PreAuthInfo: getCanAuthenticateInternal Modality: 11 AuthenticatorStatus: 1
03-16 09:13:26.729  1997  9708 D AuthService: canAuthenticate, userId: 0, callingUserId: 0, authenticators: 33023, result: 0
03-16 09:13:26.768  1997  4503 D BiometricService: canAuthenticate: User=0, Caller=0, Authenticators=33023
03-16 09:13:26.770  1997  2147 V WindowManager: Unknown focus tokens, dropping reportFocusChanged
03-16 09:13:26.770  1997  4503 D BiometricService/PreAuthInfo: Package: com.whatsapp Sensor ID: 4 Modality: 8 Status: 1
03-16 09:13:26.770  1997  4503 D BiometricService/PreAuthInfo: Package: com.whatsapp Sensor ID: 0 Modality: 2 Status: 1
03-16 09:13:26.770  1997  4503 D BiometricService/PreAuthInfo: getCanAuthenticateInternal Modality: 11 AuthenticatorStatus: 1
03-16 09:13:26.770  1997  4503 D AuthService: canAuthenticate, userId: 0, callingUserId: 0, authenticators: 33023, result: 0
03-16 09:13:26.771  1997  4503 D BiometricService: canAuthenticate: User=0, Caller=0, Authenticators=33023
03-16 09:13:26.771  1997  4503 D BiometricService/PreAuthInfo: Package: com.whatsapp Sensor ID: 4 Modality: 8 Status: 1
03-16 09:13:26.771  1997  4503 D BiometricService/PreAuthInfo: Package: com.whatsapp Sensor ID: 0 Modality: 2 Status: 1
03-16 09:13:26.771  1997  4503 D BiometricService/PreAuthInfo: getCanAuthenticateInternal Modality: 11 AuthenticatorStatus: 1
03-16 09:13:26.772  1997  4503 D AuthService: canAuthenticate, userId: 0, callingUserId: 0, authenticators: 33023, result: 0
03-16 09:13:26.816  2843  3374 V WindowManagerShell: onTransitionReady(transaction=8577050741950)
03-16 09:13:26.816  1997  2142 V WindowManager: Sent Transition (#15405) createdAt=03-16 09:13:26.704 via request=TransitionRequestInfo { type = CLOSE, triggerTask = null, pipTask = null, remoteTransition = null, displayChange = null, flags = 0, debugId = 15405 }
03-16 09:13:26.816  1997  2142 V WindowManager:     startWCT=WindowContainerTransaction { changes = {} hops = [] errorCallbackToken=null taskFragmentOrganizer=null }
03-16 09:13:26.816  1997  2142 V WindowManager:     info={id=15405 t=CLOSE f=0x0 trk=0 opt={t=FROM_STYLE} r=[0@Point(0, 0)] c=[
03-16 09:13:26.816  1997  2142 V WindowManager:         {null m=CLOSE f=FILLS_TASK leash=Surface(name=ActivityRecord{6d69b58 u0 com.whatsapp/.authentication.AppAuthenticationActivity)/@0xc5d897b sb=Rect(0, 0 - 720, 1600) eb=Rect(0, 0 - 720, 1600) d=0 bc=ff303030 component=com.whatsapp/.authentication.AppAuthenticationActivity},
03-16 09:13:26.816  1997  2142 V WindowManager:         {null m=TO_FRONT f=FILLS_TASK leash=Surface(name=ActivityRecord{93200f0 u0 com.whatsapp/.Conversation)/@0x586f123 sb=Rect(0, 0 - 720, 1600) eb=Rect(0, 0 - 720, 1600) d=0 bc=ff303030 component=com.whatsapp/.Conversation}
03-16 09:13:26.816  1997  2142 V WindowManager:     ]}
03-16 09:13:26.816  2843  2941 V WindowManagerShell: onTransitionReady (#15405) android.os.BinderProxy@a7b73a9: {id=15405 t=CLOSE f=0x0 trk=0 opt={t=FROM_STYLE} r=[0@Point(0, 0)] c=[{null m=CLOSE f=FILLS_TASK leash=Surface(name=ActivityRecord{6d69b58 u0 com.whatsapp/.authentication.AppAuthenticationActivity)/@0x5e5ae3a sb=Rect(0, 0 - 720, 1600) eb=Rect(0, 0 - 720, 1600) d=0 bc=ff303030 component=com.whatsapp/.authentication.AppAuthenticationActivity},{null m=TO_FRONT f=FILLS_TASK leash=Surface(name=ActivityRecord{93200f0 u0 com.whatsapp/.Conversation)/@0x8bd0aeb sb=Rect(0, 0 - 720, 1600) eb=Rect(0, 0 - 720, 1600) d=0 bc=ff303030 component=com.whatsapp/.Conversation}]}
03-16 09:13:26.816  2843  2941 V WindowManagerShell: Playing animation for (#15405) android.os.BinderProxy@a7b73a9@0
03-16 09:13:26.816  2843  2941 V WindowManagerShell:  try handler com.android.wm.shell.transition.DefaultMixedHandler@ad75e7e
03-16 09:13:26.816  2843  2941 V WindowManagerShell:  try handler com.android.wm.shell.keyguard.KeyguardTransitionHandler@ff1cfdf
03-16 09:13:26.816  2843  2941 V WindowManagerShell:  try handler com.android.wm.shell.pip.PipTransition@cc5a42c
03-16 09:13:26.816  2843  2941 V WindowManagerShell:  try handler com.android.wm.shell.activityembedding.ActivityEmbeddingController@e347ef5
03-16 09:13:26.816  2843  2941 V WindowManagerShell:  try handler com.android.wm.shell.recents.RecentsTransitionHandler@186e48a
03-16 09:13:26.817  2843  2941 V ShellRecents: RecentsTransitionHandler.startAnimation: no controller found
03-16 09:13:26.817  2843  2941 V WindowManagerShell:  try handler com.android.wm.shell.splitscreen.StageCoordinator@ccd8afb
03-16 09:13:26.817  2843  2941 V WindowManagerShell:  try handler com.android.wm.shell.transition.RemoteTransitionHandler@cfed718
03-16 09:13:26.817  2843  2941 V WindowManagerShell: Transition doesn't have explicit remote, search filters for match for {id=15405 t=CLOSE f=0x0 trk=0 opt={t=FROM_STYLE} r=[0@Point(0, 0)] c=[{null m=CLOSE f=FILLS_TASK leash=Surface(name=ActivityRecord{6d69b58 u0 com.whatsapp/.authentication.AppAuthenticationActivity)/@0x5e5ae3a sb=Rect(0, 0 - 720, 1600) eb=Rect(0, 0 - 720, 1600) d=0 bc=ff303030 component=com.whatsapp/.authentication.AppAuthenticationActivity},{null m=TO_FRONT f=FILLS_TASK leash=Surface(name=ActivityRecord{93200f0 u0 com.whatsapp/.Conversation)/@0x8bd0aeb sb=Rect(0, 0 - 720, 1600) eb=Rect(0, 0 - 720, 1600) d=0 bc=ff303030 component=com.whatsapp/.Conversation}]}
03-16 09:13:26.817  2843  2941 V WindowManagerShell:  Checking filter Pair{{types=[] flags=0x0] notFlags=0x100 checks=[{atype=home independent=true modes=[OPEN,TO_FRONT] flags=NONE mustBeTask=false order=TOP topActivity=ComponentInfo{com.motorola.launcher3/com.android.launcher3.uioverrides.QuickstepLauncher} launchCookie=null},{atype=standard independent=true modes=[CLOSE,TO_BACK] flags=NONE mustBeTask=false order=ANY topActivity=null launchCookie=null}]} RemoteTransition { remoteTransition = android.window.IRemoteTransition$Stub$Proxy@c77e456, appThread = android.app.IApplicationThread$Stub$Proxy@7229cd7, debugName = QuickstepLaunchHome }}
03-16 09:13:26.817  2843  2941 V WindowManagerShell:  Delegate animation for (#15405) to null
03-16 09:13:26.817  2843  2941 V WindowManagerShell:  try handler com.android.wm.shell.transition.DefaultTransitionHandler@29b1571
03-16 09:13:26.819  2843  2941 V WindowManagerShell: start default transition animation, info = {id=15405 t=CLOSE f=0x0 trk=0 opt={t=FROM_STYLE} r=[0@Point(0, 0)] c=[{null m=CLOSE f=FILLS_TASK leash=Surface(name=ActivityRecord{6d69b58 u0 com.whatsapp/.authentication.AppAuthenticationActivity)/@0x5e5ae3a sb=Rect(0, 0 - 720, 1600) eb=Rect(0, 0 - 720, 1600) d=0 bc=ff303030 component=com.whatsapp/.authentication.AppAuthenticationActivity},{null m=TO_FRONT f=FILLS_TASK leash=Surface(name=ActivityRecord{93200f0 u0 com.whatsapp/.Conversation)/@0x8bd0aeb sb=Rect(0, 0 - 720, 1600) eb=Rect(0, 0 - 720, 1600) d=0 bc=ff303030 component=com.whatsapp/.Conversation}]}
03-16 09:13:26.821  2843  2941 V WindowManagerShell: loadAnimation: anim=android.view.animation.AnimationSet@3a8981d animAttr=0x6 type=CLOSE isEntrance=true
03-16 09:13:26.822  2843  2941 V WindowManagerShell: loadAnimation: anim=android.view.animation.AnimationSet@bddec63 animAttr=0x7 type=CLOSE isEntrance=false
03-16 09:13:26.827  1997  2193 W MotoBatteryCareService: uid: 10385 pkgName:com.whatsapp come to foreground
03-16 09:13:26.831  1997  3108 W UserManagerService: Requested status bar icon for non-badged user 0
03-16 09:13:26.846  1997  3740 D BiometricService: canAuthenticate: User=0, Caller=0, Authenticators=33023
03-16 09:13:26.847  1997  3740 D BiometricService/PreAuthInfo: Package: com.whatsapp Sensor ID: 4 Modality: 8 Status: 1
03-16 09:13:26.847  1997  3740 D BiometricService/PreAuthInfo: Package: com.whatsapp Sensor ID: 0 Modality: 2 Status: 1
03-16 09:13:26.847  1997  3740 D BiometricService/PreAuthInfo: getCanAuthenticateInternal Modality: 11 AuthenticatorStatus: 1
03-16 09:13:26.847  1997  3740 D AuthService: canAuthenticate, userId: 0, callingUserId: 0, authenticators: 33023, result: 0
03-16 09:13:26.855  2843  2941 V WindowManagerShell:  animated by com.android.wm.shell.transition.DefaultTransitionHandler@29b1571
03-16 09:13:26.860  1997  3740 W PackageConfigPersister: App-specific configuration not found for packageName: com.whatsapp and userId: 0
03-16 09:13:26.901  1997  3375 W CameraService_proxy: Unknown extension type: -1
03-16 09:13:27.122  1997  9708 I ActivityManager: Flag disabled. Ignoring finishAttachApplication from uid: 1110385. pid: 3398
03-16 09:13:27.202  1997  3375 W CameraService_proxy: Unknown extension type: -1
03-16 09:13:27.233  1997  3108 W JobScheduler: Job didn't exist in JobStore: aa41ace {androidx.work.systemjobscheduler} #u11a385/1168 @androidx.work.systemjobscheduler@com.whatsapp/androidx.work.impl.background.systemjob.SystemJobService
03-16 09:13:27.308  1997  2147 W AccessibilityWindowsPopulator: Windows change within in 2 frames continuously over 500 ms and notify windows changed immediately
03-16 09:13:27.316  2843  2941 V WindowManagerShell: Transition animation finished (aborted=false), notifying core (#15405) android.os.BinderProxy@a7b73a9@0
03-16 09:13:27.319  1997  2142 V WindowManager: Finish Transition (#15405): created at 03-16 09:13:26.704 collect-started=0.031ms request-sent=0.088ms started=5.434ms ready=19.447ms sent=111.083ms finished=614.643ms
03-16 09:13:27.324  2843  2941 V WindowManagerShell: Track 0 became idle
03-16 09:13:27.324  2843  2941 V WindowManagerShell: All active transition animations finished
03-16 09:13:27.325  1997  4976 W UserManagerService: Requested status bar icon for non-badged user 0
03-16 09:13:27.326  1997  4976 W UserManagerService: Requested status bar icon for non-badged user 0
03-16 09:13:27.334  1997  3740 D CoreBackPreview: Window{f8af362 u0 com.whatsapp/com.whatsapp.authentication.AppAuthenticationActivity}: Setting back callback null
03-16 09:13:27.604  1997  3375 W CameraService_proxy: Unknown extension type: -1
03-16 09:13:27.673  1997  4976 D ShortcutService: rescanPackageIfNeeded 0@com.whatsapp, forceRescan=false , isNewApp=false
03-16 09:13:27.701  1997  3108 D ShortcutService: rescanPackageIfNeeded 0@com.whatsapp, forceRescan=false , isNewApp=false
03-16 09:13:27.702  1997  2193 W NotificationHistory: Attempted to remove conversation for locked/gone/disabled user 0
03-16 09:13:27.710  1997  3108 D ShortcutService: rescanPackageIfNeeded 0@com.whatsapp, forceRescan=false , isNewApp=false
03-16 09:13:27.710  1997  3108 E ShortcutService: Invalid icon type in shortcut 50002109972538@lid. Bitmaps are not allowed in long-lived shortcuts. Use Resource icons, or Uri-based icons instead.
03-16 09:13:27.805  1997  3375 W CameraService_proxy: Unknown extension type: -1
03-16 09:13:27.854  1997  2193 W UserManagerService: onShortcutChanged for another profile 0 from 11
03-16 09:13:27.854  1997  2193 D ShortcutService: Getting shortcuts for launcher= com.android.systemuiuser=0 pkg=com.whatsapp
03-16 09:13:27.855  1997  2780 D ShortcutService: Saving package item com.whatsapp to /data/system_ce/0/shortcut_service/packages/com.whatsapp.xml
03-16 09:13:27.856  1997  2193 D ShortcutService: Getting shortcuts for launcher= com.motorola.launcher3user=0 pkg=com.whatsapp
03-16 09:13:27.883  1997  2193 D ShortcutService: Getting shortcuts for launcher= com.google.android.asuser=0 pkg=com.whatsapp
03-16 09:13:28.219  1997  4692 E TaskPersister: File error accessing recents directory (directory doesn't exist?).
03-16 09:13:28.259  1997  1997 W NotificationHistory: Attempted to add notif for locked/gone/disabled user 0
03-16 09:13:28.445  1997  5025 D ShortcutService: rescanPackageIfNeeded 11@com.whatsapp, forceRescan=false , isNewApp=false
03-16 09:13:28.488  1997  5025 D ShortcutService: rescanPackageIfNeeded 11@com.whatsapp, forceRescan=false , isNewApp=false
03-16 09:13:28.498  1997  5025 D ShortcutService: rescanPackageIfNeeded 11@com.whatsapp, forceRescan=false , isNewApp=false
03-16 09:13:28.499  1997  5025 E ShortcutService: Invalid icon type in shortcut 245573982662658@lid. Bitmaps are not allowed in long-lived shortcuts. Use Resource icons, or Uri-based icons instead.
03-16 09:13:28.499  1997  5025 D ShortcutService: com.whatsapp: last reset=1773532975549, now=1773627208499, last=1773619375549: resetting
03-16 09:13:28.604  1997  2780 D ShortcutService: Saving package item com.whatsapp to /data/system_ce/11/shortcut_service/packages/com.whatsapp.xml
03-16 09:13:28.604  1997  2193 D ShortcutService: Getting shortcuts for launcher= com.google.android.asuser=11 pkg=com.whatsapp
03-16 09:13:28.619  1997  2193 D ShortcutService: Getting shortcuts for launcher= com.android.systemuiuser=11 pkg=com.whatsapp
03-16 09:13:28.620  1997  2193 D ShortcutService: Getting shortcuts for launcher= com.motorola.launcher3user=11 pkg=com.whatsapp
03-16 09:13:28.621  1997  2193 D ShortcutService: Getting shortcuts for launcher= com.google.android.asuser=11 pkg=com.whatsapp
03-16 09:13:29.230  1997  2200 I ActivityManager: Start proc 3588:android.process.acore/u11a115 for content provider {com.android.providers.contacts/com.android.providers.contacts.ContactsProvider2}
03-16 09:13:29.396  1997  2147 I DisplayDeviceRepository: Display device changed render timings: "Built-in Screen", renderFrameRate=60.000004, presentationDeadlineNanos=11500000, appVsyncOffsetNanos=9166666
03-16 09:13:29.399  1997  2325 D BrightnessThermalClamper: Thermal status observer already started
03-16 09:13:29.402  1997  2147 D DisplayManagerService: Ignore redundant display event 0/2 to 10235/12602
03-16 09:13:29.402  1997  2147 D DisplayManagerService: Ignore redundant display event 0/2 to 10407/18748
03-16 09:13:29.402  1997  2147 D DisplayManagerService: Ignore redundant display event 0/2 to 10243/20302
03-16 09:13:29.402  1997  2147 D DisplayManagerService: Ignore redundant display event 0/2 to 10370/22939
03-16 09:13:29.402  1997  2147 D DisplayManagerService: Ignore redundant display event 0/2 to 10231/23161
03-16 09:13:29.403  1997  2147 D DisplayManagerService: Ignore redundant display event 0/2 to 10231/26167
03-16 09:13:29.403  1997  2147 D DisplayManagerService: Ignore redundant display event 0/2 to 10350/28357
03-16 09:13:29.403  1997  2147 D DisplayManagerService: Ignore redundant display event 0/2 to 10386/31267
03-16 09:13:29.432  1997  4976 D CompatChangeReporter: Compat change id reported: 297989574; UID 1110115; state: ENABLED
03-16 09:13:29.453  1997  4976 I ActivityManager: Flag disabled. Ignoring finishAttachApplication from uid: 1110115. pid: 3588
03-16 09:13:29.571  1997  5025 D ActivityManager: unfreezing ProcessRecord{46bfc0c 31224:android.process.acore/u0a115}, reason = shouldNotFreeze_provider: ProcessRecord{a38996e 3588:android.process.acore/u11a115}, adj = 227, adjType = provider, adjSource = ProcessRecord{a38996e 3588:android.process.acore/u11a115}
03-16 09:13:29.571  1997  2637 I ExtRam  : handleUidFrozenState 10115 frozen=false
03-16 09:13:29.572  1997  5025 D ActivityManager: sync unfroze 31224 android.process.acore for 7
03-16 09:13:29.573  1997  5025 W ProcessStats: Tracking association SourceState{f726cfc android.process.acore/1110115 ImpBg #1457320} whose proc state 6 is better than process ProcessState{e24f01a android.process.acore/10115 pkg=com.android.providers.contacts (sub)} proc state 13 (17 skipped)
