03-16 09:13:22.630  1997  2775 D BiometricScheduler: [StateChanged] {[5215] com.android.server.biometrics.sensors.fingerprint.aidl.FingerprintAuthenticationClient, proto=3, owner=com.android.systemui, cookie=0, requestId=1262, userId=0}, state: 4
03-16 09:13:22.630  1997  2775 D BiometricScheduler: [Finishing] {[5215] com.android.server.biometrics.sensors.fingerprint.aidl.FingerprintAuthenticationClient, proto=3, owner=com.android.systemui, cookie=0, requestId=1262, userId=0}, success: false
03-16 09:13:22.630  1997  2775 D GestureAvailabilityTracker: Notifying gesture availability, active=true
03-16 09:13:22.630  1997  2775 D BiometricScheduler: [Polled] {[5217] com.android.server.biometrics.sensors.fingerprint.aidl.FingerprintResetLockoutClient, proto=12, owner=android, cookie=0, requestId=-1, userId=0}, State: 0
03-16 09:13:22.630  1997  2775 D BiometricScheduler: [Started] {[5217] com.android.server.biometrics.sensors.fingerprint.aidl.FingerprintResetLockoutClient, proto=12, owner=android, cookie=0, requestId=-1, userId=0}
03-16 09:13:22.630  1997  2775 V BiometricSchedulerOperation: started: {[5217] com.android.server.biometrics.sensors.fingerprint.aidl.FingerprintResetLockoutClient, proto=12, owner=android, cookie=0, requestId=-1, userId=0}, State: 2
03-16 09:13:22.630  1997  2325 I DisplayPowerController2[0]: 03-16 09:13:22.630 - BrightnessEvent: disp=0, physDisp=local:4630946747577212033, displayState=ON, displayPolicy=BRIGHT, brt=0.10650593, initBrt=0.10650593, rcmdBrt=NaN, preBrt=NaN, lux=0.0, preLux=0.0, brtNits=46.595573, hdrNits=NaN, initNits=46.595573, preNits=NaN, rcmdNits=NaN, hdrBrightness=NaN, brt(%)=22%, brtInt=28, hbmPolicy=legacy, hbmMax=0.9999, hbmMode=off, rbcStrength=50, thrmMax=1.0, powerFactor=1.0, wasShortTermModelActive=false, flags=, reason=manual, autoBrightness=false, strategy=InvalidBrightnessStrategy, autoBrightnessMode=default
03-16 09:13:22.631  1997  2775 D BiometricSchedulerOperation: [Finished / destroy]: {[5217] com.android.server.biometrics.sensors.fingerprint.aidl.FingerprintResetLockoutClient, proto=12, owner=android, cookie=0, requestId=-1, userId=0}
03-16 09:13:22.631  1997  2775 D BiometricScheduler: [Finishing] {[5217] com.android.server.biometrics.sensors.fingerprint.aidl.FingerprintResetLockoutClient, proto=12, owner=android, cookie=0, requestId=-1, userId=0}, success: true
03-16 09:13:22.631  1997  2775 D BiometricScheduler: No operations, returning to idle
03-16 09:13:22.631  1997  2325 I PowerManagerService: handleSandman stop dream, groupId=0
03-16 09:13:22.631  1997  2325 I DreamManagerService: Gently waking up from dream.
03-16 09:13:22.632  2843  3008 V PowerManager: userActivity when=515631599 event=0 flags=0 displayId=0 by (com.android.systemui) callers=android.os.PowerManager.userActivity:1487 com.android.systemui.keyguard.KeyguardViewMediator$$ExternalSyntheticLambda0.run:79 java.util.concurrent.ThreadPoolExecutor.runWorker:1154 
03-16 09:13:22.633  1997  2325 I DreamManagerService: stopDreamLocked. callers=com.android.server.dreams.DreamManagerService.stopDreamInternal:542 com.android.server.dreams.DreamManagerService.-$$Nest$mstopDreamInternal:0 com.android.server.dreams.DreamManagerService$LocalService.stopDream:1251 com.android.server.power.PowerManagerService.handleSandman:4354 com.android.server.power.PowerManagerService.-$$Nest$mhandleSandman:0 
03-16 09:13:22.644  1997  9708 I DreamManagerService: startDozing by com.android.systemui callingUid=10317 callingPid=2843
03-16 09:13:22.644  1997  9708 D DreamManagerService: Dream requested to start dozing: android.os.Binder@c324e97, screenState=1, screenBrightness=-1, reason=UNKNOWN
03-16 09:13:22.646  2843  2843 V TrustManager: clearAllBiometricRecognized unlockedUser=-10000 source=FINGERPRINT callers=com.android.keyguard.KeyguardUpdateMonitor.clearFingerprintRecognized:16 com.android.systemui.doze.DozeAuthRemover.transitionTo:25 com.android.systemui.doze.DozeMachine.transitionTo:519 com.android.systemui.doze.DozeMachine.transitionTo:659 com.android.systemui.doze.DozeMachine.requestState:10 
03-16 09:13:22.679  1997  3740 W UserManagerService: Requested status bar icon for non-badged user 0
03-16 09:13:22.684  1997  3740 D BiometricUtils: isEncrypted: false isLockdown: false
03-16 09:13:22.685  1997  2775 D BiometricUtils: isUdfpsLocalHbmSupport defaultSupport=false debugSupport=false
03-16 09:13:22.685  1997  2775 D BiometricLogger: onAllAuthenticatorsRegistered mUdfpsSupport=false
03-16 09:13:22.687  1997  2775 D BiometricScheduler: [Added] {[5218] com.android.server.biometrics.sensors.fingerprint.aidl.FingerprintAuthenticationClient, proto=3, owner=com.android.systemui, cookie=0, requestId=1263, userId=0}, new queue size: 1
03-16 09:13:22.687  1997  2775 D BiometricScheduler: [Polled] {[5218] com.android.server.biometrics.sensors.fingerprint.aidl.FingerprintAuthenticationClient, proto=3, owner=com.android.systemui, cookie=0, requestId=1263, userId=0}, State: 0
03-16 09:13:22.687  1997  2775 D GestureAvailabilityTracker: Notifying gesture availability, active=false
03-16 09:13:22.687  1997  2775 D BiometricScheduler: [Started] {[5218] com.android.server.biometrics.sensors.fingerprint.aidl.FingerprintAuthenticationClient, proto=3, owner=com.android.systemui, cookie=0, requestId=1263, userId=0}
03-16 09:13:22.687  1997  2775 D BiometricStateCallback: State updated from 0 to 2, client {[5218] com.android.server.biometrics.sensors.fingerprint.aidl.FingerprintAuthenticationClient, proto=3, owner=com.android.systemui, cookie=0, requestId=1263, userId=0}
03-16 09:13:22.688  1997  9708 D ActivityTaskManager: Top Process State changed to PROCESS_STATE_TOP
03-16 09:13:22.689  1997  2775 D Biometrics/AuthenticationClient: Requesting auth for com.android.systemui
03-16 09:13:22.689  2843  2941 V WindowManagerShell: Transition requested (#15402): android.os.BinderProxy@e816ca4 TransitionRequestInfo { type = TO_BACK, triggerTask = null, pipTask = null, remoteTransition = null, displayChange = null, flags = 262, debugId = 15402 }
03-16 09:13:22.690  1997  2775 D FingerprintProvider/defaultHIDL: onClientStateChanged clientMonitor: {[5218] com.android.server.biometrics.sensors.fingerprint.aidl.FingerprintAuthenticationClient, proto=3, owner=com.android.systemui, cookie=0, requestId=1263, userId=0} callers: com.android.server.biometrics.sensors.ClientMonitorCompositeCallback.onClientStateChanged:65 com.android.server.biometrics.sensors.ClientMonitorCompositeCallback.onClientStateChanged:65 com.android.server.biometrics.sensors.fingerprint.aidl.FingerprintAuthenticationClient.start:167 com.android.server.biometrics.sensors.BiometricSchedulerOperation.doStart:252 com.android.server.biometrics.sensors.BiometricSchedulerOperation.start:199 
03-16 09:13:22.690  1997  2775 D BiometricStateCallback: onClientStateChanged client={[5218] com.android.server.biometrics.sensors.fingerprint.aidl.FingerprintAuthenticationClient, proto=3, owner=com.android.systemui, cookie=0, requestId=1263, userId=0} newState=1
03-16 09:13:22.690  1997  2775 D BiometricScheduler: [StateChanged] {[5218] com.android.server.biometrics.sensors.fingerprint.aidl.FingerprintAuthenticationClient, proto=3, owner=com.android.systemui, cookie=0, requestId=1263, userId=0}, state: 1
03-16 09:13:22.690  1997  2775 V BiometricSchedulerOperation: started: {[5218] com.android.server.biometrics.sensors.fingerprint.aidl.FingerprintAuthenticationClient, proto=3, owner=com.android.systemui, cookie=0, requestId=1263, userId=0}, State: 2
03-16 09:13:22.692  2843  2843 V PowerManager: wakeUp time=515631653 reason=WAKE_REASON_GESTURE details=com.android.systemui:UNLOCK_DREAMING by (com.android.systemui) callers=com.android.systemui.keyguard.KeyguardViewMediator.handleHide:186 com.android.systemui.keyguard.KeyguardViewMediator.handleKeyguardDone:60 com.android.systemui.keyguard.KeyguardViewMediator.-$$Nest$mtryKeyguardDone:86 
03-16 09:13:22.692  2843  2843 V TrustManager: clearAllBiometricRecognized unlockedUser=0 source=FINGERPRINT callers=com.android.keyguard.KeyguardUpdateMonitor.clearFingerprintRecognized:16 com.android.systemui.keyguard.KeyguardViewMediator.handleKeyguardDone:78 com.android.systemui.keyguard.KeyguardViewMediator.-$$Nest$mtryKeyguardDone:86 com.android.systemui.keyguard.KeyguardViewMediator$OnHideAnimationFinished.run:91 com.android.systemui.statusbar.phone.StatusBarKeyguardViewManager.startPreHideAnimation:39 
03-16 09:13:22.694  1997  2193 W MotoBatteryCareService: uid: 10286 pkgName:com.motorola.launcher3 come to foreground
03-16 09:13:22.697  2843  2843 V DreamService[DozeService]: wakeUp(): fromSystem=true, mWaking=false, mFinished=false callers=android.service.dreams.DreamService.-$$Nest$mwakeUp:0 android.service.dreams.DreamService$DreamServiceWrapper.lambda$wakeUp$1:1794 android.service.dreams.DreamService$DreamServiceWrapper.$r8$lambda$SFP-NasoKFNaaOvKHyJqrl_aPt8:0 android.service.dreams.DreamService$DreamServiceWrapper$$ExternalSyntheticLambda3.run:0 android.os.Handler.handleCallback:1001 
03-16 09:13:22.697  2843  2843 V DreamService[DozeService]: finish(): mFinished=false activity=null callers=android.service.dreams.DreamService.onWakeUp:1197 android.service.dreams.DreamService.wakeUp:1360 android.service.dreams.DreamService.-$$Nest$mwakeUp:0 android.service.dreams.DreamService$DreamServiceWrapper.lambda$wakeUp$1:1794 android.service.dreams.DreamService$DreamServiceWrapper.$r8$lambda$SFP-NasoKFNaaOvKHyJqrl_aPt8:0 
03-16 09:13:22.698  1997  4503 I DreamManagerService: finishSelf by com.android.systemui callingUid=10317 callingPid=2843
03-16 09:13:22.698  1997  4503 D DreamManagerService: Dream finished: android.os.Binder@c324e97, immediate=true
03-16 09:13:22.698  1997  4503 I DreamManagerService: Leaving dreamland.
03-16 09:13:22.698  1997  4503 I DreamManagerService: stopDreamLocked. callers=com.android.server.dreams.DreamManagerService.finishSelfInternal:514 com.android.server.dreams.DreamManagerService.-$$Nest$mfinishSelfInternal:0 com.android.server.dreams.DreamManagerService$BinderService.finishSelf:1092 android.service.dreams.IDreamManager$Stub.onTransact:292 android.os.Binder.execTransactInternal:1520 
03-16 09:13:22.701  1997  2147 I DisplayDeviceRepository: Display device changed render timings: "Built-in Screen", renderFrameRate=90.0, presentationDeadlineNanos=11500000, appVsyncOffsetNanos=9166667
03-16 09:13:22.703  1997  2325 D BrightnessThermalClamper: Thermal status observer already started
03-16 09:13:22.707   907  8770 I keystore2: system/security/keystore2/src/super_key.rs:1040 - Successfully unlocked user 0 with biometric -5470217332997687294
03-16 09:13:22.707  1997  1997 I WindowManager: Started waking up... (groupId=0 why=ON_BECAUSE_OF_USER) pmWakeReason=WAKE_REASON_BIOMETRIC
03-16 09:13:22.712  1997  2147 D DisplayManagerService: Ignore redundant display event 0/2 to 10235/12602
03-16 09:13:22.712  1997  2147 D DisplayManagerService: Ignore redundant display event 0/2 to 10407/18748
03-16 09:13:22.713  1997  2147 D DisplayManagerService: Ignore redundant display event 0/2 to 10243/20302
03-16 09:13:22.713  1997  2147 D DisplayManagerService: Ignore redundant display event 0/2 to 10370/22939
03-16 09:13:22.713  1997  2147 D DisplayManagerService: Ignore redundant display event 0/2 to 10231/23161
03-16 09:13:22.713  1997  2147 D DisplayManagerService: Ignore redundant display event 0/2 to 10231/26167
03-16 09:13:22.713  1997  2147 D DisplayManagerService: Ignore redundant display event 0/2 to 10447/28114
03-16 09:13:22.713  1997  2147 D DisplayManagerService: Ignore redundant display event 0/2 to 10350/28357
03-16 09:13:22.714  1997  2147 D DisplayManagerService: Ignore redundant display event 0/2 to 10386/31267
03-16 09:13:22.746  2843  2941 D WindowManagerShell: setLauncherKeepClearAreaHeight: visible=false, height=121
03-16 09:13:22.746  1997  2142 I DreamController: Stopping dream: name=ComponentInfo{com.android.systemui/com.android.systemui.doze.DozeService}, isPreviewMode=false, canDoze=true, userId=0, reason='finished self'(from 'power manager request')
03-16 09:13:22.749  1997  2147 D PanelsService: onAwakeStateChanged.. isAwake=true
03-16 09:13:22.749  1997  2147 D TouchHwService: onAwakeStateChanged.. isAwake=true
03-16 09:13:22.749  1997  2147 D TouchHwService: Unregister stow sensor
03-16 09:13:22.750  1997  1997 W AccessibilityManagerService:  wait for adding window timeout: 4
03-16 09:13:22.751  1997  1997 I WindowManager: Finished waking up... (groupId=0 why=ON_BECAUSE_OF_USER) pmWakeReason=WAKE_REASON_BIOMETRIC
03-16 09:13:22.752  2843  2941 D WindowManagerShell: setLauncherKeepClearAreaHeight: visible=true, height=121
03-16 09:13:22.754  1997  1997 D TrustManagerService: refreshDeviceLockedForUser(userId=-1, unlockedUser=-10000), secure=true, showingKeyguard=true, trusted=false, biometricAuthenticated=false, currentUserIsUnlocked=false, deviceLocked=true
03-16 09:13:22.757   907  8770 I keystore2: system/security/keystore2/src/authorization.rs:155 - on_device_locked(user_id=0, unlocking_sids=[-5470217332997687294, -4658666308516899140], weak_unlock_enabled=false)
03-16 09:13:22.768  1997  2142 D TouchHwService: setGestureStowModeHal done displayId=0 stowed=0 result=0
03-16 09:13:22.772  2843  2843 V DreamService[DozeService]: detach(): Calling onDreamingStopped()
03-16 09:13:22.772  2843  2843 V DreamService[DozeService]: onDreamingStopped()
03-16 09:13:22.777  2843  2843 V DreamService[DozeService]: finish(): mFinished=true activity=null callers=com.android.systemui.doze.DozeMachine$Service$Delegate.finish:3 com.android.systemui.doze.DozeMachine$Service$Delegate.finish:3 com.android.systemui.doze.DozeMachine.transitionTo:557 com.android.systemui.doze.DozeMachine.requestState:10 com.android.systemui.doze.DozeMachine.requestState:2 
03-16 09:13:22.777  2843  2843 V DreamService[DozeService]: detach(): mActivity=null mActivity.isFinishing()=false
03-16 09:13:22.778  2843  2843 V DreamService[DozeService]: finish(): mFinished=true activity=null callers=android.service.dreams.DreamService.detach:1492 android.service.dreams.DreamService.-$$Nest$mdetach:0 android.service.dreams.DreamService$DreamServiceWrapper.$r8$lambda$1LeV6PgvJQarx7-tBMQHBSWLLCM:0 android.service.dreams.DreamService$DreamServiceWrapper$$ExternalSyntheticLambda1.run:0 android.os.Handler.handleCallback:1001 
03-16 09:13:22.778  2843  2843 V DreamService[DozeService]: onDestroy()
03-16 09:13:22.778  2843  2843 V DreamService[DozeService]: detach(): mActivity=null mActivity.isFinishing()=false
03-16 09:13:22.778  2843  2843 V DreamService[DozeService]: finish(): mFinished=true activity=null callers=android.service.dreams.DreamService.detach:1492 android.service.dreams.DreamService.onDestroy:1385 com.android.systemui.doze.DozeService.onDestroy:8 android.app.ActivityThread.handleStopService:5311 android.app.ActivityThread.-$$Nest$mhandleStopService:0 
03-16 09:13:22.780  2843  2843 D FingerprintManager: Cancel fingerprint authentication requested for: 1263
03-16 09:13:22.781  1997  2775 D BiometricScheduler: cancelAuthenticationOrDetection, requestId: 1263
03-16 09:13:22.781  1997  2775 D BiometricScheduler: Cancelling auth/detect op: {[5218] com.android.server.biometrics.sensors.fingerprint.aidl.FingerprintAuthenticationClient, proto=3, owner=com.android.systemui, cookie=0, requestId=1263, userId=0}, State: 2
03-16 09:13:22.782  1997  2775 D BiometricSchedulerOperation: [Cancelling] Current client: {[5218] com.android.server.biometrics.sensors.fingerprint.aidl.FingerprintAuthenticationClient, proto=3, owner=com.android.systemui, cookie=0, requestId=1263, userId=0}
03-16 09:13:22.785  1997  5287 D CameraService_proxy: Reset force hdr layer present state after camera closed.
03-16 09:13:22.786  1997  5287 D HighBrightnessModeController: setForceHdrLayerPresent( false )
03-16 09:13:22.788  1997  9722 V CameraService_proxy: CheckinEvent data:
03-16 09:13:22.788  1997  9722 V CameraService_proxy:     action: com.motorola.motocare.action.CAMERA_ENGINE_CHECKIN
03-16 09:13:22.788  1997  9722 V CameraService_proxy:     packageName: com.motorola.motocare
03-16 09:13:22.788  1997  9722 V CameraService_proxy:     receiverClass: MotoCareReceiver
03-16 09:13:22.788  1997  9722 V CameraService_proxy:     receiverPermission: com.motorola.motocare.ACCESS_MOTOCARE
03-16 09:13:22.788  1997  9722 V CameraService_proxy:     cameraId: 1
03-16 09:13:22.788  1997  9722 V CameraService_proxy:     eventType: CameraClose
03-16 09:13:22.789  1997  9722 V CameraService_proxy:     cameraClientName: client.pid<1272>
03-16 09:13:22.789  1997  9722 V CameraService_proxy:     sessionId: -5571719022376735103
03-16 09:13:22.789  1997  9722 V CameraService_proxy:     sessionDuration: 0
03-16 09:13:22.798  2843  2941 D ShellSplitScreen: onFinishedWakingUp
03-16 09:13:22.812  1997  2775 D Biometrics/AcquisitionClient: onErrorInternal code: 5, finish: true
03-16 09:13:22.812  1997  2775 V BiometricLogger: Error latency: -1
03-16 09:13:22.812  1997  2775 W BiometricFrameworkStatsLogger: found a negative latency : -1
03-16 09:13:22.812  1997  2775 D BiometricStateCallback: Client finished, state updated to 0, client {[5218] com.android.server.biometrics.sensors.fingerprint.aidl.FingerprintAuthenticationClient, proto=3, owner=com.android.systemui, cookie=0, requestId=1263, userId=0}
03-16 09:13:22.813  2843 19435 V WindowManagerShell: onTransitionReady(transaction=8577050741810)
03-16 09:13:22.813  1997  2142 V WindowManager: Sent Transition (#15402) createdAt=03-16 09:13:22.687 via request=TransitionRequestInfo { type = TO_BACK, triggerTask = null, pipTask = null, remoteTransition = null, displayChange = null, flags = 262, debugId = 15402 }
03-16 09:13:22.814  1997  2142 V WindowManager:     startWCT=WindowContainerTransaction { changes = {} hops = [] errorCallbackToken=null taskFragmentOrganizer=null }
03-16 09:13:22.814  2843  2941 V WindowManagerShell: onTransitionReady (#15402) android.os.BinderProxy@e816ca4: {id=15402 t=TO_BACK f=0x106 trk=0 r=[0@Point(0, 0)] c=[{WCT{android.window.IWindowContainerToken$Stub$Proxy@1b3d2a2} m=TO_FRONT f=SHOW_WALLPAPER p=WCT{android.window.IWindowContainerToken$Stub$Proxy@f0a3b33} pTaskId=-1 leash=Surface(name=Task=1)/@0xd928831 sb=Rect(0, 0 - 720, 1600) eb=Rect(0, 0 - 720, 1600) d=0 taskParent=-1},{WCT{android.window.IWindowContainerToken$Stub$Proxy@1d6eef0} m=TO_FRONT f=SHOW_WALLPAPER leash=Surface(name=DefaultTaskDisplayArea)/@0x3c91b16 sb=Rect(0, 0 - 720, 1600) eb=Rect(0, 0 - 720, 1600) d=0},{null m=TO_FRONT f=IS_WALLPAPER|IS_OCCLUDED leash=Surface(name=WallpaperWindowToken{93fa89 token=android.os.Binder@8d64190})/@0xbe56c97 sb=Rect(0, 0 - 720, 1600) eb=Rect(0, 0 - 720, 1600) d=0},{null m=TO_BACK f=IS_WALLPAPER leash=Surface(name=WallpaperWindowToken{78f7048 token=android.os.Binder@f81ae3a})/@0xb8f6e84 sb=Rect(0, 0 - 720, 1600) eb=Rect(0, 0 - 720, 1600) d=0}]}
03-16 09:13:22.814  1997  2142 V WindowManager:     info={id=15402 t=TO_BACK f=0x106 trk=0 r=[0@Point(0, 0)] c=[
03-16 09:13:22.814  1997  2142 V WindowManager:         {WCT{RemoteToken{92802e4 Task{6c753f1 #1 type=undefined}}} m=TO_FRONT f=SHOW_WALLPAPER p=WCT{RemoteToken{742e34d DefaultTaskDisplayArea@222554878(displayId=0)}} pTaskId=-1 leash=Surface(name=Task=1)/@0x9e81095 sb=Rect(0, 0 - 720, 1600) eb=Rect(0, 0 - 720, 1600) d=0 taskParent=-1},
03-16 09:13:22.814  1997  2142 V WindowManager:         {WCT{RemoteToken{742e34d DefaultTaskDisplayArea@222554878(displayId=0)}} m=TO_FRONT f=SHOW_WALLPAPER leash=Surface(name=DefaultTaskDisplayArea)/@0xdebf84c sb=Rect(0, 0 - 720, 1600) eb=Rect(0, 0 - 720, 1600) d=0},
03-16 09:13:22.814  1997  2142 V WindowManager:         {null m=TO_FRONT f=IS_WALLPAPER|IS_OCCLUDED leash=Surface(name=WallpaperWindowToken{93fa89 token=android.os.Binder@8d64190})/@0xfac076 sb=Rect(0, 0 - 720, 1600) eb=Rect(0, 0 - 720, 1600) d=0},
03-16 09:13:22.814  1997  2142 V WindowManager:         {null m=TO_BACK f=IS_WALLPAPER leash=Surface(name=WallpaperWindowToken{78f7048 token=android.os.Binder@f81ae3a})/@0x43678ea sb=Rect(0, 0 - 720, 1600) eb=Rect(0, 0 - 720, 1600) d=0}
03-16 09:13:22.814  1997  2142 V WindowManager:     ]}
03-16 09:13:22.814  2843  2941 V WindowManagerShell: Playing animation for (#15402) android.os.BinderProxy@e816ca4@0
03-16 09:13:22.814  2843  2941 V WindowManagerShell:  try handler com.android.wm.shell.transition.DefaultMixedHandler@ad75e7e
03-16 09:13:22.814  2843  2941 V WindowManagerShell:  try handler com.android.wm.shell.keyguard.KeyguardTransitionHandler@ff1cfdf
03-16 09:13:22.814  2843  2941 V WindowManagerShell: start keyguard going-away transition, info = {id=15402 t=TO_BACK f=0x106 trk=0 r=[0@Point(0, 0)] c=[{WCT{android.window.IWindowContainerToken$Stub$Proxy@1b3d2a2} m=TO_FRONT f=SHOW_WALLPAPER p=WCT{android.window.IWindowContainerToken$Stub$Proxy@f0a3b33} pTaskId=-1 leash=Surface(name=Task=1)/@0xd928831 sb=Rect(0, 0 - 720, 1600) eb=Rect(0, 0 - 720, 1600) d=0 taskParent=-1},{WCT{android.window.IWindowContainerToken$Stub$Proxy@1d6eef0} m=TO_FRONT f=SHOW_WALLPAPER leash=Surface(name=DefaultTaskDisplayArea)/@0x3c91b16 sb=Rect(0, 0 - 720, 1600) eb=Rect(0, 0 - 720, 1600) d=0},{null m=TO_FRONT f=IS_WALLPAPER|IS_OCCLUDED leash=Surface(name=WallpaperWindowToken{93fa89 token=android.os.Binder@8d64190})/@0xbe56c97 sb=Rect(0, 0 - 720, 1600) eb=Rect(0, 0 - 720, 1600) d=0},{null m=TO_BACK f=IS_WALLPAPER leash=Surface(name=WallpaperWindowToken{78f7048 token=android.os.Binder@f81ae3a})/@0xb8f6e84 sb=Rect(0, 0 - 720, 1600) eb=Rect(0, 0 - 720, 1600) d=0}]}
03-16 09:13:22.814  2843  2941 D KeyguardService: Starts IRemoteAnimationRunner: info={id=15402 t=TO_BACK f=0x106 trk=0 r=[0@Point(0, 0)] c=[{WCT{android.window.IWindowContainerToken$Stub$Proxy@1b3d2a2} m=TO_FRONT f=SHOW_WALLPAPER p=WCT{android.window.IWindowContainerToken$Stub$Proxy@f0a3b33} pTaskId=-1 leash=Surface(name=Task=1)/@0xd928831 sb=Rect(0, 0 - 720, 1600) eb=Rect(0, 0 - 720, 1600) d=0 taskParent=-1},{WCT{android.window.IWindowContainerToken$Stub$Proxy@1d6eef0} m=TO_FRONT f=SHOW_WALLPAPER leash=Surface(name=DefaultTaskDisplayArea)/@0x3c91b16 sb=Rect(0, 0 - 720, 1600) eb=Rect(0, 0 - 720, 1600) d=0},{null m=TO_FRONT f=IS_WALLPAPER|IS_OCCLUDED leash=Surface(name=WallpaperWindowToken{93fa89 token=android.os.Binder@8d64190})/@0xbe56c97 sb=Rect(0, 0 - 720, 1600) eb=Rect(0, 0 - 720, 1600) d=0},{null m=TO_BACK f=IS_WALLPAPER leash=Surface(name=WallpaperWindowToken{78f7048 token=android.os.Binder@f81ae3a})/@0xb8f6e84 sb=Rect(0, 0 - 720, 1600) eb=Rect(0, 0 - 720, 1600) d=0}]}
03-16 09:13:22.814  1997  2775 D BiometricSchedulerOperation: [Finished / destroy]: {[5218] com.android.server.biometrics.sensors.fingerprint.aidl.FingerprintAuthenticationClient, proto=3, owner=com.android.systemui, cookie=0, requestId=1263, userId=0}
03-16 09:13:22.815  1997  2775 D FingerprintProvider/defaultHIDL: onClientStateChanged clientMonitor: {[5218] com.android.server.biometrics.sensors.fingerprint.aidl.FingerprintAuthenticationClient, proto=3, owner=com.android.systemui, cookie=0, requestId=1263, userId=0} callers: com.android.server.biometrics.sensors.ClientMonitorCompositeCallback.onClientStateChanged:65 com.android.server.biometrics.sensors.ClientMonitorCompositeCallback.onClientStateChanged:65 com.android.server.biometrics.sensors.AuthenticationClient.onError:447 com.android.server.biometrics.sensors.fingerprint.aidl.FingerprintAuthenticationClient.onError:301 com.android.server.biometrics.sensors.fingerprint.aidl.AidlResponseHandler.lambda$onError$4:182 
03-16 09:13:22.815  1997  2775 D BiometricStateCallback: onClientStateChanged client={[5218] com.android.server.biometrics.sensors.fingerprint.aidl.FingerprintAuthenticationClient, proto=3, owner=com.android.systemui, cookie=0, requestId=1263, userId=0} newState=4
03-16 09:13:22.815  1997  2775 D BiometricScheduler: [StateChanged] {[5218] com.android.server.biometrics.sensors.fingerprint.aidl.FingerprintAuthenticationClient, proto=3, owner=com.android.systemui, cookie=0, requestId=1263, userId=0}, state: 4
03-16 09:13:22.815  1997  2775 D BiometricScheduler: [Finishing] {[5218] com.android.server.biometrics.sensors.fingerprint.aidl.FingerprintAuthenticationClient, proto=3, owner=com.android.systemui, cookie=0, requestId=1263, userId=0}, success: false
03-16 09:13:22.815  1997  2775 D GestureAvailabilityTracker: Notifying gesture availability, active=true
03-16 09:13:22.815  1997  2775 D BiometricScheduler: No operations, returning to idle
03-16 09:13:22.821  2843  2941 V WindowManagerShell:  animated by com.android.wm.shell.keyguard.KeyguardTransitionHandler@ff1cfdf
03-16 09:13:22.822  1997  2193 W MotoBatteryCareService: uid: 10286 pkgName:com.motorola.launcher3 come to foreground
03-16 09:13:22.823  2843  2941 D WindowManagerShell: onKeepClearAreasChanged: restricted={Rect(0, 1414 - 720, 1571)}, unrestricted={}
03-16 09:13:22.834  1997  2872 W UserManagerService: Requested status bar icon for non-badged user 0
03-16 09:13:22.848   907  8770 I keystore2: system/security/keystore2/src/super_key.rs:976 - UnlockedDeviceRequired super keys for user 0 are biometric-encrypted.
03-16 09:13:22.848  1997  1997 D TrustManagerService: refreshDeviceLockedForUser(userId=-1, unlockedUser=0), secure=true, showingKeyguard=true, trusted=false, biometricAuthenticated=false, currentUserIsUnlocked=true, deviceLocked=true
03-16 09:13:22.849  1997  1997 D TrustManagerService: Keyguard is finishing but may not have completed going away yet
03-16 09:13:22.866  1997  3155 D MotoSecureProxyService: getReadyForDisplayCount()
03-16 09:13:22.867  1997  3155 V TrustManager: setDeviceLockedForUser userId=10 locked=true callers=com.motorola.server.security.securevault.LockPolicy.lockSecureVaultProfile:294 com.motorola.server.security.securevault.LockPolicy.handleScreenBroadcast:340 com.motorola.server.security.securevault.SecureVault.handleSecureVaultReceiver:545 com.motorola.server.security.securevault.SecureVault.-$$Nest$mhandleSecureVaultReceiver:0 com.motorola.server.security.securevault.SecureVault$SecureVaultReceiver.lambda$onReceive$0:584 
03-16 09:13:22.868  1997  3155 E PersistenceController: SettingNotFoundException: sv_face_enabled
03-16 09:13:22.868  1997  3155 D BiometricService: Sensor ID(4), oemStrength: 15, updatedStrength: 15, modality 8, state: 4, cookie: 1943787344, sensorId 4, hasEnrollments: false cannot participate in Keystore operations
03-16 09:13:22.868  1997  2774 I MR2ServiceImpl: Updating composite discovery preference | preference: RouteDiscoveryRequest{ preferredFeatures={}, activeScan=false }, active routers: []
03-16 09:13:22.869  1997  2774 I MR2ServiceImpl: Updating composite discovery preference | preference: RouteDiscoveryRequest{ preferredFeatures={}, activeScan=false }, active routers: []
03-16 09:13:22.870  1997  1997 D TrustManagerService: refreshDeviceLockedForUser(userId=0, unlockedUser=-10000), secure=true, showingKeyguard=false, trusted=false, biometricAuthenticated=false, currentUserIsUnlocked=false, deviceLocked=false
03-16 09:13:22.871   907  8770 I keystore2: system/security/keystore2/src/authorization.rs:155 - on_device_locked(user_id=10, unlocking_sids=[-4658666308516899140], weak_unlock_enabled=false)
03-16 09:13:22.871   907  6237 I keystore2: system/security/keystore2/src/authorization.rs:128 - on_device_unlocked(user_id=0, password.is_some()=false)
03-16 09:13:22.872   907  8770 I keystore2: system/security/keystore2/src/super_key.rs:976 - UnlockedDeviceRequired super keys for user 10 are fully protected.
03-16 09:13:22.888  2843  2843 D KeyguardService: Finish IRemoteAnimationRunner.
03-16 09:13:22.889  2843  2941 V WindowManagerShell: Transition animation finished (aborted=false), notifying core (#15402) android.os.BinderProxy@e816ca4@0
03-16 09:13:22.890  1997  2142 V WindowManager: Finish Transition (#15402): created at 03-16 09:13:22.687 collect-started=0.055ms request-sent=0.2ms started=57.941ms ready=57.904ms sent=124.32ms finished=202.582ms
03-16 09:13:22.897  2843  2941 V WindowManagerShell: Track 0 became idle
03-16 09:13:22.897  2843  2941 V WindowManagerShell: All active transition animations finished
03-16 09:13:22.916  2843  2843 V KeyguardStatusViewController: onTimeChanged
03-16 09:13:22.928  1997  4976 D SystemServerTiming: getUserSwitchability-0
03-16 09:13:22.928  1997  4976 D SystemServerTiming: TM.isInCall
03-16 09:13:22.930  1997  4976 D SystemServerTiming: hasUserRestriction-DISALLOW_USER_SWITCH
03-16 09:13:22.930  1997  4976 D SystemServerTiming: getInt-ALLOW_USER_SWITCHING_WHEN_SYSTEM_USER_LOCKED
03-16 09:13:22.930  1997  4976 D SystemServerTiming: isUserUnlocked-USER_SYSTEM
03-16 09:13:22.974  1997  4804 W PackageConfigPersister: App-specific configuration not found for packageName: com.motorola.launcher3 and userId: 0
03-16 09:13:22.989   907  6237 I keystore2: system/security/keystore2/src/super_key.rs:1040 - Successfully unlocked user 0 with biometric -5470217332997687294
03-16 09:13:22.989  1997  1997 W Looper  : Slow dispatch took 119ms main h=com.android.server.trust.TrustManagerService$3 c=null m=6
03-16 09:13:22.991  1997  4804 D FingerprintProvider/defaultHIDL: Starting watchdog for fingerprint
03-16 09:13:22.997  1997  2147 D PanelsService: onKeyguardStateChanged.. isShowing=false
03-16 09:13:22.997  1997  2147 D TouchHwService: onKeyguardStateChanged.. isShowing=false
03-16 09:13:23.003  1997  1997 D Biometrics/AuthenticationClient: FingerprintDownTimeout mState=STATE_STOPPED
03-16 09:13:23.016  1997  5287 W UserManagerService: Requested status bar icon for non-badged user 0
03-16 09:13:23.020  1997  2142 E UsbDeviceManager: Calling Update secure attr with /sys/class/android_usb/android0/secure value = false
03-16 09:13:23.020  1997  2142 E UsbDeviceManager: Actually updating secure attr with false
03-16 09:13:23.021  1997  2142 E UsbDeviceManager: Set USB secure = false by /sys/class/android_usb/android0/secure
03-16 09:13:23.021  1997  2142 E UsbDeviceManager: Calling Update secure attr with /sys/class/android_usb/android0/secure value = false
03-16 09:13:23.021  1997  2142 E UsbDeviceManager: Actually updating secure attr with false
03-16 09:13:23.022  1997  2142 E UsbDeviceManager: Set USB secure = false by /sys/class/android_usb/android0/secure
03-16 09:13:23.022  1997  2142 E UsbDeviceManager: Calling Update secure attr with /sys/class/android_usb/android0/secure value = false
03-16 09:13:23.022  1997  2142 E UsbDeviceManager: Actually updating secure attr with false
03-16 09:13:23.022  1997  2142 E UsbDeviceManager: Set USB secure = false by /sys/class/android_usb/android0/secure
03-16 09:13:23.023  1997  3198 D MotoSecureProxyService: getReadyForDisplayCount()
03-16 09:13:23.024  1997  3198 V TrustManager: setDeviceLockedForUser userId=10 locked=true callers=com.motorola.server.security.securevault.LockPolicy.lockSecureVaultProfile:294 com.motorola.server.security.securevault.LockPolicy.handleScreenBroadcast:340 com.motorola.server.security.securevault.SecureVault.handleSecureVaultReceiver:545 com.motorola.server.security.securevault.SecureVault.-$$Nest$mhandleSecureVaultReceiver:0 com.motorola.server.security.securevault.SecureVault$SecureVaultReceiver.lambda$onReceive$0:584 
03-16 09:13:23.025  1997  3199 D MotoSecureProxyService: getReadyForDisplayCount()
03-16 09:13:23.025  1997  3199 V TrustManager: setDeviceLockedForUser userId=10 locked=true callers=com.motorola.server.security.securevault.LockPolicy.lockSecureVaultProfile:294 com.motorola.server.security.securevault.LockPolicy.handleScreenBroadcast:340 com.motorola.server.security.securevault.SecureVault.handleSecureVaultReceiver:545 com.motorola.server.security.securevault.SecureVault.-$$Nest$mhandleSecureVaultReceiver:0 com.motorola.server.security.securevault.SecureVault$SecureVaultReceiver.lambda$onReceive$0:584 
03-16 09:13:23.026  1997  3198 E PersistenceController: SettingNotFoundException: sv_face_enabled
03-16 09:13:23.026  1997  3198 D BiometricService: Sensor ID(4), oemStrength: 15, updatedStrength: 15, modality 8, state: 4, cookie: 1943787344, sensorId 4, hasEnrollments: false cannot participate in Keystore operations
03-16 09:13:23.027  1997  3199 E PersistenceController: SettingNotFoundException: sv_face_enabled
03-16 09:13:23.027  1997  3201 D MotoSecureProxyService: getReadyForDisplayCount()
03-16 09:13:23.027  1997  3199 D BiometricService: Sensor ID(4), oemStrength: 15, updatedStrength: 15, modality 8, state: 4, cookie: 1943787344, sensorId 4, hasEnrollments: false cannot participate in Keystore operations
03-16 09:13:23.027  1997  5287 W UserManagerService: Requested status bar icon for non-badged user 0
03-16 09:13:23.027  1997  3201 V TrustManager: setDeviceLockedForUser userId=10 locked=true callers=com.motorola.server.security.securevault.LockPolicy.lockSecureVaultProfile:294 com.motorola.server.security.securevault.LockPolicy.handleScreenBroadcast:340 com.motorola.server.security.securevault.SecureVault.handleSecureVaultReceiver:545 com.motorola.server.security.securevault.SecureVault.-$$Nest$mhandleSecureVaultReceiver:0 com.motorola.server.security.securevault.SecureVault$SecureVaultReceiver.lambda$onReceive$0:584 
03-16 09:13:23.027   907  6237 I keystore2: system/security/keystore2/src/authorization.rs:155 - on_device_locked(user_id=10, unlocking_sids=[-4658666308516899140], weak_unlock_enabled=false)
03-16 09:13:23.028   907  6237 I keystore2: system/security/keystore2/src/super_key.rs:976 - UnlockedDeviceRequired super keys for user 10 are fully protected.
03-16 09:13:23.028   907  8770 I keystore2: system/security/keystore2/src/authorization.rs:155 - on_device_locked(user_id=10, unlocking_sids=[-4658666308516899140], weak_unlock_enabled=false)
03-16 09:13:23.028   907  8770 I keystore2: system/security/keystore2/src/super_key.rs:976 - UnlockedDeviceRequired super keys for user 10 are fully protected.
03-16 09:13:23.028  1997  3201 E PersistenceController: SettingNotFoundException: sv_face_enabled
03-16 09:13:23.028  1997  3201 D BiometricService: Sensor ID(4), oemStrength: 15, updatedStrength: 15, modality 8, state: 4, cookie: 1943787344, sensorId 4, hasEnrollments: false cannot participate in Keystore operations
03-16 09:13:23.031   907  8770 I keystore2: system/security/keystore2/src/authorization.rs:155 - on_device_locked(user_id=10, unlocking_sids=[-4658666308516899140], weak_unlock_enabled=false)
03-16 09:13:23.031   907  8770 I keystore2: system/security/keystore2/src/super_key.rs:976 - UnlockedDeviceRequired super keys for user 10 are fully protected.
03-16 09:13:23.032  1997  3740 W UserManagerService: Requested status bar icon for non-badged user 0
03-16 09:13:23.034  1997  2872 W UserManagerService: Requested status bar icon for non-badged user 0
03-16 09:13:23.084 18920 19112 W Binder  : reply too large data on java level: InterfaceDescriptor = null, code = 1
03-16 09:13:23.114  1997  4976 D ActivityManager: unfreezing ProcessRecord{429bd7b 799:com.google.android.apps.messaging/u0a196}, reason = oom_uncached, adj = 200, adjType = provider, adjSource = ProcessRecord{aca9a56 23684:com.google.android.apps.messaging:rcs/u0a196}
03-16 09:13:23.116  1997  4976 D ActivityManager: sync unfroze 799 com.google.android.apps.messaging for 7
03-16 09:13:23.185  1997  2142 D PowerManagerService: nativeReleaseSuspendBlocker name:PowerManagerService.Broadcasts duration ms: 0
03-16 09:13:23.294  1997  4804 D FaceProvider/default: Starting watchdog for face
03-16 09:13:23.309  2843  2843 V TrustManager: clearAllBiometricRecognized unlockedUser=0 source=FACE callers=com.android.systemui.deviceentry.domain.interactor.SystemUIDeviceEntryFaceAuthInteractor$observeFaceAuthStateUpdates$7.invokeSuspend:59 com.android.systemui.deviceentry.domain.interactor.SystemUIDeviceEntryFaceAuthInteractor$observeFaceAuthStateUpdates$7.invoke:13 kotlinx.coroutines.flow.FlowKt__TransformKt$onEach$$inlined$unsafeTransform$1$2.emit:74 kotlinx.coroutines.flow.internal.SafeCollectorKt$emitFun$1.invoke:5 kotlinx.coroutines.flow.internal.SafeCollector.emit:21 
03-16 09:13:23.310  1997  1997 D TrustManagerService: refreshDeviceLockedForUser(userId=-1, unlockedUser=0), secure=true, showingKeyguard=false, trusted=false, biometricAuthenticated=false, currentUserIsUnlocked=true, deviceLocked=false
03-16 09:13:23.506  1997  4976 W ContentProviderHelper: Permission Denial: opening provider com.android.providers.calendar.CalendarProvider2 from ProcessRecord{6243ec9 5041:com.motorola.timeweatherwidget/u0a250} (pid=5041, uid=10250) requires android.permission.READ_CALENDAR or android.permission.WRITE_CALENDAR
03-16 09:13:23.544  1997  2200 I ActivityManager: Start proc 3214:com.android.providers.calendar/u0a118 for content provider {com.android.providers.calendar/com.android.providers.calendar.CalendarProvider2}
03-16 09:13:23.558  1997  5025 D ActivityManager: unfreezing ProcessRecord{9909c69 28129:com.google.android.gms/u11a195}, reason = unfreezeTemporarily, adj = 975, adjType = cch-empty, adjSource = null
03-16 09:13:23.560  1997  5025 D ActivityManager: sync unfroze 28129 com.google.android.gms for 27
03-16 09:13:23.564  1997  4804 D BiometricService: canAuthenticate: User=0, Caller=0, Authenticators=255
03-16 09:13:23.566  1997  4804 D BiometricService/PreAuthInfo: Package: com.google.android.gms Sensor ID: 4 Modality: 8 Status: 1
03-16 09:13:23.566  1997  4804 D BiometricService/PreAuthInfo: Package: com.google.android.gms Sensor ID: 0 Modality: 2 Status: 1
03-16 09:13:23.566  1997  4804 D BiometricService/PreAuthInfo: getCanAuthenticateInternal Modality: 10 AuthenticatorStatus: 1
03-16 09:13:23.566  1997  4804 D AuthService: canAuthenticate, userId: 0, callingUserId: 0, authenticators: 255, result: 0
03-16 09:13:23.642  1997  9708 D BiometricService: canAuthenticate: User=11, Caller=11, Authenticators=255
03-16 09:13:23.642  1997  9708 D BiometricService/PreAuthInfo: Package: com.google.android.gms Sensor ID: 4 Modality: 8 Status: 7
03-16 09:13:23.642  1997  9708 D BiometricService/PreAuthInfo: Package: com.google.android.gms Sensor ID: 0 Modality: 2 Status: 7
03-16 09:13:23.642  1997  9708 D BiometricService/PreAuthInfo: getCanAuthenticateInternal Modality: 2 AuthenticatorStatus: 7
03-16 09:13:23.642  1997  9708 D AuthService: canAuthenticate, userId: 11, callingUserId: 11, authenticators: 255, result: 11
03-16 09:13:23.649  1997  2872 D BiometricService: canAuthenticate: User=11, Caller=11, Authenticators=65536
03-16 09:13:23.650  1997  2872 E BiometricService: Non-biometric, non-credential bits found. Authenticators: 65536
03-16 09:13:23.651  1997  2078 D BiometricService: canAuthenticate: User=11, Caller=11, Authenticators=15
03-16 09:13:23.652  1997  2078 D BiometricService/PreAuthInfo: Package: com.google.android.gms Sensor ID: 4 Modality: 8 Status: 7
03-16 09:13:23.653  1997  2078 D BiometricService/PreAuthInfo: Package: com.google.android.gms Sensor ID: 0 Modality: 2 Status: 7
03-16 09:13:23.653  1997  2078 D BiometricService/PreAuthInfo: getCanAuthenticateInternal Modality: 2 AuthenticatorStatus: 7
03-16 09:13:23.653  1997  2078 D AuthService: canAuthenticate, userId: 11, callingUserId: 11, authenticators: 15, result: 11
03-16 09:13:23.677  1997  9708 I ActivityManager: Flag disabled. Ignoring finishAttachApplication from uid: 10118. pid: 3214
03-16 09:13:23.714  1997  2756 D AppWidgetServiceImpl: Trying to notify widget update for package com.motorola.timeweatherwidget with widget id: 5
03-16 09:13:23.734  1997  2756 D AppWidgetServiceImpl: Trying to notify widget update for package com.motorola.timeweatherwidget with widget id: 3
03-16 09:13:24.685  1997  2078 E PersistenceController: SettingNotFoundException: sv_custom_ai_icon_enabled
03-16 09:13:24.687  1997  3740 D ActivityTaskManager: getPreferredLaunchDisplay userset_displayid true user set display id 0, current focus display 0
03-16 09:13:24.687  1997  3740 I SettingsAccessControlPolicy: isDeviceSettingsChangeDisabled: value -> false
03-16 09:13:24.689  1997  3740 W OptProp : Cannot read opt property android.window.PROPERTY_COMPAT_ALLOW_ORIENTATION_OVERRIDE
03-16 09:13:24.699  1997  3740 W OptProp : Cannot read opt property android.window.PROPERTY_COMPAT_ALLOW_RESIZEABLE_ACTIVITY_OVERRIDES
03-16 09:13:24.699  1997  3740 W OptProp : Cannot read opt property android.window.PROPERTY_COMPAT_ALLOW_MIN_ASPECT_RATIO_OVERRIDE
03-16 09:13:24.700  1997  3740 D ActivityTaskManager: getPreferredLaunchDisplay userset_displayid true user set display id 0, current focus display 0
03-16 09:13:24.700  1997  3740 D ActivityTaskManager: getPreferredLaunchDisplay userset_displayid true user set display id 0, current focus display 0
03-16 09:13:24.701  1997  3740 D ActivityTaskManager: getPreferredLaunchDisplay userset_displayid true user set display id 0, current focus display 0
03-16 09:13:24.702  1997  3740 D ActivityTaskManager: getPreferredLaunchDisplay userset_displayid true user set display id 0, current focus display 0
03-16 09:13:24.702  1997  3740 D ActivityTaskManager: getPreferredLaunchDisplay userset_displayid true user set display id 0, current focus display 0
03-16 09:13:24.702  1997  3740 D ActivityTaskManager: getPreferredLaunchDisplay userset_displayid true user set display id 0, current focus display 0
03-16 09:13:24.702  1997  3740 D PowerManagerService: nativeSetPowerMode ret:true mode:5 enabled:true duration ms: 0
03-16 09:13:24.707  1997  3740 I ActivityTaskManager: START u0 {act=android.intent.action.MAIN cat=[android.intent.category.LAUNCHER] flg=0x10200000 cmp=com.whatsapp/.Main bnds=[360,1414][534,1535]} with LAUNCH_MULTIPLE from uid 10286 (startActivityAsUser) (BAL_ALLOW_VISIBLE_WINDOW) result code=2
03-16 09:13:24.708  2843  2941 V WindowManagerShell: Transition requested (#15403): android.os.BinderProxy@7563212 TransitionRequestInfo { type = OPEN, triggerTask = TaskInfo{userId=0 taskId=1139 displayId=0 isRunning=true baseIntent=Intent { act=android.intent.action.MAIN cat=[android.intent.category.LAUNCHER] flg=0x10200000 cmp=com.whatsapp/.Main } baseActivity=ComponentInfo{com.whatsapp/com.whatsapp.home.ui.HomeActivity} topActivity=ComponentInfo{com.whatsapp/com.whatsapp.Conversation} origActivity=null realActivity=ComponentInfo{com.whatsapp/com.whatsapp.Main} numActivities=2 lastActiveTime=745545696 supportsMultiWindow=true supportsGlobalFreeform=true resizeMode=1 isResizeable=true isAppLocked=false isShowDecorCaptionWindowRequest=false canKillAndRestart=false minWidth=-1 minHeight=-1 defaultMinSize=200 token=WCT{android.window.IWindowContainerToken$Stub$Proxy@ee0fde3} topActivityType=1 pictureInPictureParams=null shouldDockBigOverlays=false launchIntoPipHostTaskId=-1 lastParentTaskIdBeforePip=-1 displayCutoutSafeInsets=Rect(0, 77 - 0, 0) topActivityInfo=ActivityInfo{3b973e0 com.whatsapp.Conversation} launchCookies=[android.os.BinderProxy@684c699] positionInParent=Point(0, 0) parentTaskId=-1 isFocused=false isVisible=false isVisibleRequested=false isSleeping=false locusId=null displayAreaFeatureId=1 isTopActivityTransparent=false appCompatTaskInfo=AppCompatTaskInfo { topActivityInSizeCompat=false topActivityEligibleForLetterboxEducation= falseisLetterboxEducationEnabled= false isLetterboxDoubleTapEnabled= false topActivityEligibleForUserAspectRatioButton= false topActivityBoundsLetterboxed= false isFromLetterboxDoubleTap= false topActivityLetterboxVerticalPosition= -1 topActivityLetterboxHorizontalPosition= -1 topActivityLetterboxWidth=720 topActivityLetterboxHeight=1600 isUserFullscreenOverrideEnabled=false isSystemFullscreenOverrideEnabled=false cameraCompatTaskInfo=CameraCompatTaskInfo { cameraCompatControlState=hidden freeformCameraCompatMode=inactive}}}, pipTask = null, remoteTransition = RemoteTransition { remoteTransition = android.window.IRemoteTransition$Stub$Proxy@e615d5e, appThread = android.app.IApplicationThread$Stub$Proxy@e9b953f, debugName = QuickstepLaunch }, displayChange = null, flags = 0, debugId = 15403 }
03-16 09:13:24.708  2843  2941 V WindowManagerShell: RemoteTransition directly requested for (#15403) android.os.BinderProxy@7563212: RemoteTransition { remoteTransition = android.window.IRemoteTransition$Stub$Proxy@e615d5e, appThread = android.app.IApplicationThread$Stub$Proxy@e9b953f, debugName = QuickstepLaunch }
03-16 09:13:24.714  2843  2941 D WindowManagerShell: onActivityRestartAttempt: ComponentInfo{com.whatsapp/com.whatsapp.Conversation}
03-16 09:13:24.714  2843  2941 D WindowManagerShell: onKeepClearAreasChanged: restricted={}, unrestricted={}
03-16 09:13:24.716  2843  2941 D WindowManagerShell: setLauncherKeepClearAreaHeight: visible=false, height=121
03-16 09:13:24.720  1997  2078 D ActivityTaskManager: sendShowDecorCaptionWindow Task is not organized Task{8e22723 #56 type=undefined I=com.motorola.launcher3/com.android.launcher3.CustomizationPanelLauncher}
03-16 09:13:24.722  1997  3740 W AutofillManagerServiceImpl: getFillEventHistory() called by UID 10164, but service UID is 10195
03-16 09:13:24.732  1997  3740 D BiometricService: canAuthenticate: User=0, Caller=0, Authenticators=33023
03-16 09:13:24.732  1997  3740 D BiometricService/PreAuthInfo: Package: com.whatsapp Sensor ID: 4 Modality: 8 Status: 1
03-16 09:13:24.732  1997  3740 D BiometricService/PreAuthInfo: Package: com.whatsapp Sensor ID: 0 Modality: 2 Status: 1
03-16 09:13:24.732  1997  3740 D BiometricService/PreAuthInfo: getCanAuthenticateInternal Modality: 11 AuthenticatorStatus: 1
03-16 09:13:24.732  1997  3740 D AuthService: canAuthenticate, userId: 0, callingUserId: 0, authenticators: 33023, result: 0
03-16 09:13:24.734  1997  2142 V WindowManager: Sent Transition (#15403) createdAt=03-16 09:13:24.699 via request=TransitionRequestInfo { type = OPEN, triggerTask = TaskInfo{userId=0 taskId=1139 displayId=0 isRunning=true baseIntent=Intent { act=android.intent.action.MAIN cat=[android.intent.category.LAUNCHER] flg=0x10200000 cmp=com.whatsapp/.Main } baseActivity=ComponentInfo{com.whatsapp/com.whatsapp.home.ui.HomeActivity} topActivity=ComponentInfo{com.whatsapp/com.whatsapp.Conversation} origActivity=null realActivity=ComponentInfo{com.whatsapp/com.whatsapp.Main} numActivities=2 lastActiveTime=745545696 supportsMultiWindow=true supportsGlobalFreeform=true resizeMode=1 isResizeable=true isAppLocked=false isShowDecorCaptionWindowRequest=false canKillAndRestart=true minWidth=-1 minHeight=-1 defaultMinSize=200 token=WCT{RemoteToken{c11bd64 Task{80e1f34 #1139 type=standard A=10385:com.whatsapp}}} topActivityType=1 pictureInPictureParams=null shouldDockBigOverlays=false launchIntoPipHostTaskId=-1 lastParentTaskIdBeforePip=-1 displayCutoutSafeInsets=Rect(0, 77 - 0, 0) topActivityInfo=ActivityInfo{36a0bd9 com.whatsapp.Conversation} launchCookies=[android.os.BinderProxy@ed9587d] positionInParent=Point(0, 0) parentTaskId=-1 isFocused=false isVisible=false isVisibleRequested=false isSleeping=false locusId=null displayAreaFeatureId=1 isTopActivityTransparent=false appCompatTaskInfo=AppCompatTaskInfo { topActivityInSizeCompat=false topActivityEligibleForLetterboxEducation= falseisLetterboxEducationEnabled= false isLetterboxDoubleTapEnabled= false topActivityEligibleForUserAspectRatioButton= false topActivityBoundsLetterboxed= false isFromLetterboxDoubleTap= false topActivityLetterboxVerticalPosition= -1 topActivityLetterboxHorizontalPosition= -1 topActivityLetterboxWidth=720 topActivityLetterboxHeight=1600 isUserFullscreenOverrideEnabled=false isSystemFullscreenOverrideEnabled=false cameraCompatTaskInfo=CameraCompatTaskInfo { cameraCompatControlState=hidden freeformCameraCompatMode=inactive}}}, pipTask = null, remoteTransition = RemoteTransition { remoteTransition = android.window.IRemoteTransition$Stub$Proxy@92ef372, appThread = android.app.IApplicationThread$Stub$Proxy@35693c3, debugName = QuickstepLaunch }, displayChange = null, flags = 0, debugId = 15403 }
03-16 09:13:24.734  1997  2142 V WindowManager:     startWCT=WindowContainerTransaction { changes = {} hops = [] errorCallbackToken=null taskFragmentOrganizer=null }
03-16 09:13:24.734  1997  2142 V WindowManager:     info={id=15403 t=OPEN f=0x0 trk=0 r=[0@Point(0, 0)] c=[
03-16 09:13:24.734  1997  2142 V WindowManager:         {WCT{RemoteToken{c11bd64 Task{80e1f34 #1139 type=standard A=10385:com.whatsapp}}} m=TO_FRONT f=MOVE_TO_TOP pTaskId=-1 leash=Surface(name=Task=1139)/@0xa656f6 sb=Rect(0, 0 - 720, 1600) eb=Rect(0, 0 - 720, 1600) d=0 taskParent=-1},
03-16 09:13:24.734  1997  2142 V WindowManager:         {WCT{RemoteToken{92802e4 Task{6c753f1 #1 type=undefined}}} m=TO_BACK f=SHOW_WALLPAPER pTaskId=-1 leash=Surface(name=Task=1)/@0x9e81095 sb=Rect(0, 0 - 720, 1600) eb=Rect(0, 0 - 720, 1600) d=0 taskParent=-1}
03-16 09:13:24.734  1997  2142 V WindowManager:     ]}
03-16 09:13:24.736  2843  2867 V WindowManagerShell: onTransitionReady(transaction=8577050741838)
03-16 09:13:24.737  2843  2941 V WindowManagerShell: onTransitionReady (#15403) android.os.BinderProxy@7563212: {id=15403 t=OPEN f=0x0 trk=0 r=[0@Point(0, 0)] c=[{WCT{android.window.IWindowContainerToken$Stub$Proxy@e90ed37} m=TO_FRONT f=MOVE_TO_TOP pTaskId=-1 leash=Surface(name=Task=1139)/@0xc55def8 sb=Rect(0, 0 - 720, 1600) eb=Rect(0, 0 - 720, 1600) d=0 taskParent=-1},{WCT{android.window.IWindowContainerToken$Stub$Proxy@b85f2a4} m=TO_BACK f=SHOW_WALLPAPER pTaskId=-1 leash=Surface(name=Task=1)/@0x64fafd1 sb=Rect(0, 0 - 720, 1600) eb=Rect(0, 0 - 720, 1600) d=0 taskParent=-1}]}
03-16 09:13:24.737  2843  2941 V WindowManagerShell: Playing animation for (#15403) android.os.BinderProxy@7563212@0
03-16 09:13:24.738  2843  2941 V WindowManagerShell:  try firstHandler com.android.wm.shell.transition.DefaultMixedHandler@ad75e7e
03-16 09:13:24.738  2843  2941 V WindowManagerShell: Mixed transition for opening an intent with a remote transition and PIP #15403
