03-16 09:44:27.789  1997  2777 D BiometricScheduler: [Polled] {[5243] com.android.server.biometrics.sensors.face.aidl.FaceAuthenticationClient, proto=3, owner=com.whatsapp, cookie=1451617253, requestId=644, userId=0}, State: 0
03-16 09:44:27.789  1997  2712 D BiometricService/Sensor: Sensor(4) matched cookie: 1451617253
03-16 09:44:27.789  1997  2712 D BiometricService/PreAuthInfo: Sensor ID: 0 Waiting for cookie: 512920433
03-16 09:44:27.789  1997  2712 D BiometricService/AuthSession: Remaining cookies: 1
03-16 09:44:27.789  1997  2712 V BiometricService/AuthSession: onCookieReceived: still waiting
03-16 09:44:27.789  1997  2777 D BiometricScheduler: Waiting for cookie before starting: {[5243] com.android.server.biometrics.sensors.face.aidl.FaceAuthenticationClient, proto=3, owner=com.whatsapp, cookie=1451617253, requestId=644, userId=0}, State: 4
03-16 09:44:27.791  1997  2775 D BiometricScheduler: [Added] {[5244] com.android.server.biometrics.sensors.fingerprint.aidl.FingerprintAuthenticationClient, proto=3, owner=com.whatsapp, cookie=512920433, requestId=644, userId=0}, new queue size: 1
03-16 09:44:27.791  1997  2775 D BiometricScheduler: [Polled] {[5244] com.android.server.biometrics.sensors.fingerprint.aidl.FingerprintAuthenticationClient, proto=3, owner=com.whatsapp, cookie=512920433, requestId=644, userId=0}, State: 0
03-16 09:44:27.791  1997  2775 D GestureAvailabilityTracker: Notifying gesture availability, active=false
03-16 09:44:27.791  1997  2775 D BiometricScheduler: Waiting for cookie before starting: {[5244] com.android.server.biometrics.sensors.fingerprint.aidl.FingerprintAuthenticationClient, proto=3, owner=com.whatsapp, cookie=512920433, requestId=644, userId=0}, State: 4
03-16 09:44:27.791  1997  2712 D BiometricService/Sensor: Sensor(0) matched cookie: 512920433
03-16 09:44:27.791  1997  2712 D BiometricService/AuthSession: Remaining cookies: 0
03-16 09:44:27.800  1997  3262 D CoreBackPreview: Window{51cd675 u0 com.whatsapp/com.whatsapp.authentication.AppAuthenticationActivity}: Setting back callback OnBackInvokedCallbackInfo{mCallback=android.window.IOnBackInvokedCallback$Stub$Proxy@906b498, mPriority=0, mIsAnimationCallback=false}
03-16 09:44:27.836  1997  2193 W MotoBatteryCareService: uid: 10385 pkgName:com.whatsapp come to foreground
03-16 09:44:27.837  1997  2576 D PowerManagerService: nativeSetPowerMode ret:true mode:5 enabled:false duration ms: 0
03-16 09:44:27.837  1997  2142 I MotoPerfManagerService: handleAppStart 10385:com.whatsapp hot 12 45 39 -1 225
03-16 09:44:27.853  1997  3262 D CoreBackPreview: Window{db6c129 u0 BiometricPrompt}: Setting back callback OnBackInvokedCallbackInfo{mCallback=android.window.IOnBackInvokedCallback$Stub$Proxy@b546c61, mPriority=0, mIsAnimationCallback=false}
03-16 09:44:27.877  2843  2941 V WindowManagerShell: Transition animation finished (aborted=false), notifying core (#15530) android.os.BinderProxy@6262227@0
03-16 09:44:27.883  1997  2142 V WindowManager: Finish Transition (#15530): created at 03-16 09:44:27.604 collect-started=0.036ms request-sent=6.416ms started=12.75ms ready=17.77ms sent=42.611ms finished=278.185ms
03-16 09:44:27.885  1997  3116 W UserManagerService: Requested status bar icon for non-badged user 0
03-16 09:44:27.885  1997  2142 V WindowManager: Finish Transition (#15531): created at 03-16 09:44:27.658 collect-started=0.028ms request-sent=8.448ms started=15.306ms ready=63.288ms sent=66.556ms finished=226.342ms
03-16 09:44:27.887  2843  2941 V WindowManagerShell: Track 0 became idle
03-16 09:44:27.887  2843  2941 V WindowManagerShell: All active transition animations finished
03-16 09:44:27.890  1997  3116 E PersistenceController: SettingNotFoundException: sv_custom_ai_icon_enabled
03-16 09:44:27.894  1997  2576 W UserManagerService: Requested status bar icon for non-badged user 0
03-16 09:44:27.900  1997  2576 W UserManagerService: Requested status bar icon for non-badged user 0
03-16 09:44:27.909  1997  4503 W PresentationStatsEventLogger: Shouldn't be logging AutofillPresentationEventReported again for same event
03-16 09:44:27.909  1997  7375 W UserManagerService: Requested status bar icon for non-badged user 0
03-16 09:44:27.929  1997  3116 W PackageConfigPersister: App-specific configuration not found for packageName: com.android.systemui and userId: 0
03-16 09:44:28.131  1997  2712 D BiometricService: handleOnDialogAnimatedIn
03-16 09:44:28.132  1997  2712 V BiometricService/AuthSession: Starting sensor: 4
03-16 09:44:28.137  1997  2712 D BiometricService/AuthSession: delaying fingerprint sensor start
03-16 09:44:28.143  1997  2777 V ALSProbe: Enable ALS: 33054456
03-16 09:44:28.143  1997  2777 D BiometricScheduler: [Started] {[5243] com.android.server.biometrics.sensors.face.aidl.FaceAuthenticationClient, proto=3, owner=com.whatsapp, cookie=1451617253, requestId=644, userId=0}
03-16 09:44:28.143  1997  2777 D Biometrics/AuthenticationClient: Requesting auth for com.whatsapp
03-16 09:44:28.154  1997  2777 V BiometricSchedulerOperation: started: {[5243] com.android.server.biometrics.sensors.face.aidl.FaceAuthenticationClient, proto=3, owner=com.whatsapp, cookie=1451617253, requestId=644, userId=0}, State: 2
03-16 09:44:28.154  1997  2777 D BiometricScheduler: [Started] Prepared client: {[5243] com.android.server.biometrics.sensors.face.aidl.FaceAuthenticationClient, proto=3, owner=com.whatsapp, cookie=1451617253, requestId=644, userId=0}, State: 2
03-16 09:44:28.164  1997  3262 E AppOps  : package client.pid<1272> not found, can't check for attributionTag null
03-16 09:44:28.165  1997  3262 E AppOps  : Bad call made by uid 1047. Package "client.pid<1272>" does not belong to uid 1000.
03-16 09:44:28.165  1997  3262 E AppOps  : Cannot checkOperation: non-application UID 1000
03-16 09:44:28.175  1997  3262 D CameraService_proxy:  rootTaskInfo topActivity: ComponentInfo{com.whatsapp/com.whatsapp.authentication.AppAuthenticationActivity}
03-16 09:44:28.180  1997  3262 V CameraService_proxy: CheckinEvent data:
03-16 09:44:28.180  1997  3262 V CameraService_proxy:     action: com.motorola.motocare.action.CAMERA_ENGINE_CHECKIN
03-16 09:44:28.180  1997  3262 V CameraService_proxy:     packageName: com.motorola.motocare
03-16 09:44:28.180  1997  3262 V CameraService_proxy:     receiverClass: MotoCareReceiver
03-16 09:44:28.180  1997  3262 V CameraService_proxy:     receiverPermission: com.motorola.motocare.ACCESS_MOTOCARE
03-16 09:44:28.180  1997  3262 V CameraService_proxy:     cameraFacing: 0
03-16 09:44:28.180  1997  3262 V CameraService_proxy:     buildRevision: 0
03-16 09:44:28.180  1997  3262 V CameraService_proxy:     cameraApiLevel: 2
03-16 09:44:28.180  1997  3262 V CameraService_proxy:     cameraId: 1
03-16 09:44:28.180  1997  3262 V CameraService_proxy:     eventType: CameraOpen
03-16 09:44:28.180  1997  3262 V CameraService_proxy:     cameraClientName: client.pid<1272>
03-16 09:44:28.180  1997  3262 V CameraService_proxy:     sessionId: -7015887749270079880
03-16 09:44:28.195  1997  1997 W AccessibilityManagerService:  wait for adding window timeout: 21414
03-16 09:44:28.316  1997  1997 W AccessibilityManagerService:  wait for adding window timeout: 21455
03-16 09:44:28.464  1997  2777 V Biometrics/AcquisitionClient: Acquired: 11 0, shouldSend: false
03-16 09:44:28.713  1997  1997 W AccessibilityManagerService:  wait for adding window timeout: 4
--------- beginning of main
03-16 09:44:28.925  1274  2086 E CamX    : [ERROR][STATS_AEC] caecxbankmanager.cpp:823: GetControlData get bank failed bank ID 18 pBank 0x0 ppData 0x0
03-16 09:44:28.925  1274  2086 W CamX    : [ WARN][STATS_AEC] caecxcontrol.cpp:6914: GetAECExtParamUnstableFaceProcess Issue in getting dataID 0 from bankID 18
03-16 09:44:28.929  1997  2777 V Biometrics/AcquisitionClient: Acquired: 10 0, shouldSend: false
03-16 09:44:28.930  2843  2866 D BiometricStatusRepositoryImpl: authenticationState updated: Acquired(biometricSourceType=FACE, requestReason=BiometricPromptAuthentication, acquiredInfo=10)
03-16 09:44:28.930  2843  2866 D BiometricStatusRepositoryImpl: authenticationState updated: Help(biometricSourceType=FACE, helpString=Please look more directly at your device., helpCode=10, requestReason=BiometricPromptAuthentication)
03-16 09:44:28.963  1272 16815 D FaceAuth-ISV: [FaceAuthTask.cpp][execute][Line:74][ TIME-COUNTER ] sendPorcessImageReq , use time 40 ms
03-16 09:44:28.963  1272 16815 D FaceAuth-ISV: [FaceAuthTask.cpp][execute][Line:81]retcode: -1, errCode: 300, enrollmentId: 0, frameId: 8
03-16 09:44:28.963  1272 16815 E FaceAuth-HAL: [Session.cpp][onFaceAuthFailed][Line:1199]opcode: 2 , errorcode:300 
03-16 09:44:28.963  1272 16815 E FaceAuth-HAL: [Session.cpp][onFaceAuthFailed][Line:1243][FaceAuthDebug]==> auth error: 300, enrollmentId: 0, frameId: 8 
03-16 09:44:28.963  1272 16815 D FaceAuth-ISV: [FaceAuthTask.cpp][execute][Line:114]----------execute end 
03-16 09:44:28.964  1272 16815 D FaceAuth-HAL: [Session.cpp][ImageCallback][Line:302]ImageCallback in
03-16 09:44:28.964  1272 16815 D FaceAuth-HAL: [Session.cpp][ImageCallback][Line:357]width=640, height=480, stride=640, format=35 , timestamp=1773629068964 , frameNum=9
03-16 09:44:28.964  1272 16815 D FaceAuth-HAL: [Session.cpp][ImageCallback][Line:418]ImageCallback acquired the frame, frame number: 9, time taken = 816 ms seconds
03-16 09:44:28.964  1272 16815 D FaceAuth-ISV: [FaceAuthTask.cpp][execute][Line:34]++++++++++execute start 
03-16 09:44:28.964  1272 16815 D FaceAuth-ISV: [FaceAuthTask.cpp][execute][Line:66][ TIME-COUNTER ] generate_req_from_ImageData , use time 0 ms
03-16 09:44:28.967  1274  2091 E CamX    : [ERROR][STATS_AEC] caecxbankmanager.cpp:397: GetInternalBank invalid bank id 18
03-16 09:44:28.967  1274  2091 E CamX    : [ERROR][STATS_AEC] caecxbankmanager.cpp:823: GetControlData get bank failed bank ID 18 pBank 0x0 ppData 0x0
03-16 09:44:28.967  1274  2091 W CamX    : [ WARN][STATS_AEC] caecxcontrol.cpp:6808: GetAECExtParamUnstableFaceProcess Issue in getting dataID 0 from bankID 18
03-16 09:44:28.967  1274  2091 E CamX    : [ERROR][STATS_AEC] caecxbankmanager.cpp:397: GetInternalBank invalid bank id 18
03-16 09:44:28.967  1274  2091 E CamX    : [ERROR][STATS_AEC] caecxbankmanager.cpp:823: GetControlData get bank failed bank ID 18 pBank 0x0 ppData 0x0
03-16 09:44:28.967  1274  2091 W CamX    : [ WARN][STATS_AEC] caecxcontrol.cpp:6827: GetAECExtParamUnstableFaceProcess Issue in getting dataID 0 from bankID 18
03-16 09:44:28.967  1274  2091 E CamX    : [ERROR][STATS_AEC] caecxbankmanager.cpp:397: GetInternalBank invalid bank id 18
03-16 09:44:28.967  1274  2091 E CamX    : [ERROR][STATS_AEC] caecxbankmanager.cpp:823: GetControlData get bank failed bank ID 18 pBank 0x0 ppData 0x0
03-16 09:44:28.967  1274  2091 W CamX    : [ WARN][STATS_AEC] caecxcontrol.cpp:6846: GetAECExtParamUnstableFaceProcess Issue in getting dataID 0 from bankID 18
03-16 09:44:28.967  1274  2091 E CamX    : [ERROR][STATS_AEC] caecxbankmanager.cpp:397: GetInternalBank invalid bank id 18
03-16 09:44:28.967  1274  2091 E CamX    : [ERROR][STATS_AEC] caecxbankmanager.cpp:823: GetControlData get bank failed bank ID 18 pBank 0x0 ppData 0x0
03-16 09:44:28.967  1274  2091 W CamX    : [ WARN][STATS_AEC] caecxcontrol.cpp:6878: GetAECExtParamUnstableFaceProcess Issue in getting dataID 0 from bankID 18
03-16 09:44:28.967  1274  2091 E CamX    : [ERROR][STATS_AEC] caecxbankmanager.cpp:397: GetInternalBank invalid bank id 18
03-16 09:44:28.967  1274  2091 E CamX    : [ERROR][STATS_AEC] caecxbankmanager.cpp:823: GetControlData get bank failed bank ID 18 pBank 0x0 ppData 0x0
03-16 09:44:28.967  1274  2091 W CamX    : [ WARN][STATS_AEC] caecxcontrol.cpp:6896: GetAECExtParamUnstableFaceProcess Issue in getting dataID 0 from bankID 18
03-16 09:44:28.967  1274  2091 E CamX    : [ERROR][STATS_AEC] caecxbankmanager.cpp:397: GetInternalBank invalid bank id 18
03-16 09:44:28.967  1274  2091 E CamX    : [ERROR][STATS_AEC] caecxbankmanager.cpp:823: GetControlData get bank failed bank ID 18 pBank 0x0 ppData 0x0
03-16 09:44:28.967  1274  2091 W CamX    : [ WARN][STATS_AEC] caecxcontrol.cpp:6914: GetAECExtParamUnstableFaceProcess Issue in getting dataID 0 from bankID 18
03-16 09:44:28.976  1997  1997 V UiModeManager: updateLocked: null action, mDockState=0, category=null
03-16 09:44:28.976  1997  1997 D UiModeManager: updateConfigurationLocked: mDockState=0; mCarMode=false; mNightMode=com.android.server.UiModeManagerService$1@49e55a8; mNightModeCustomType=-1; uiMode=33
03-16 09:44:28.986  2843 11964 D PowerUI : can't show warning due to - plugged: true status unknown: false
03-16 09:44:28.996  1272 16815 D FaceAuth-ISV: [FaceAuthTask.cpp][execute][Line:74][ TIME-COUNTER ] sendPorcessImageReq , use time 32 ms
03-16 09:44:28.997  1272 16815 D FaceAuth-ISV: [FaceAuthTask.cpp][execute][Line:81]retcode: -1, errCode: 300, enrollmentId: 0, frameId: 9
03-16 09:44:28.997  1272 16815 E FaceAuth-HAL: [Session.cpp][onFaceAuthFailed][Line:1199]opcode: 2 , errorcode:300 
03-16 09:44:28.997  1272 16815 E FaceAuth-HAL: [Session.cpp][onFaceAuthFailed][Line:1243][FaceAuthDebug]==> auth error: 300, enrollmentId: 0, frameId: 9 
03-16 09:44:28.997  1272 16815 D FaceAuth-ISV: [FaceAuthTask.cpp][execute][Line:114]----------execute end 
03-16 09:44:28.997  1272 16815 D FaceAuth-HAL: [Session.cpp][ImageCallback][Line:302]ImageCallback in
03-16 09:44:28.997  1272 16815 D FaceAuth-HAL: [Session.cpp][ImageCallback][Line:357]width=640, height=480, stride=640, format=35 , timestamp=1773629068997 , frameNum=10
03-16 09:44:28.997  1272 16815 D FaceAuth-HAL: [Session.cpp][ImageCallback][Line:418]ImageCallback acquired the frame, frame number: 10, time taken = 849 ms seconds
03-16 09:44:28.997  1272 16815 D FaceAuth-ISV: [FaceAuthTask.cpp][execute][Line:34]++++++++++execute start 
03-16 09:44:28.997  1272 16815 D FaceAuth-ISV: [FaceAuthTask.cpp][execute][Line:66][ TIME-COUNTER ] generate_req_from_ImageData , use time 0 ms
03-16 09:44:29.013  1274  2087 E CamX    : [ERROR][STATS_AEC] caecxbankmanager.cpp:397: GetInternalBank invalid bank id 18
03-16 09:44:29.014  1274  2087 E CamX    : [ERROR][STATS_AEC] caecxbankmanager.cpp:823: GetControlData get bank failed bank ID 18 pBank 0x0 ppData 0x0
03-16 09:44:29.014  1274  2087 W CamX    : [ WARN][STATS_AEC] caecxcontrol.cpp:6808: GetAECExtParamUnstableFaceProcess Issue in getting dataID 0 from bankID 18
03-16 09:44:29.014  1274  2087 E CamX    : [ERROR][STATS_AEC] caecxbankmanager.cpp:397: GetInternalBank invalid bank id 18
03-16 09:44:29.014  1274  2087 E CamX    : [ERROR][STATS_AEC] caecxbankmanager.cpp:823: GetControlData get bank failed bank ID 18 pBank 0x0 ppData 0x0
03-16 09:44:29.014  1274  2087 W CamX    : [ WARN][STATS_AEC] caecxcontrol.cpp:6827: GetAECExtParamUnstableFaceProcess Issue in getting dataID 0 from bankID 18
03-16 09:44:29.014  1274  2087 E CamX    : [ERROR][STATS_AEC] caecxbankmanager.cpp:397: GetInternalBank invalid bank id 18
03-16 09:44:29.014  1274  2087 E CamX    : [ERROR][STATS_AEC] caecxbankmanager.cpp:823: GetControlData get bank failed bank ID 18 pBank 0x0 ppData 0x0
03-16 09:44:29.014  1274  2087 W CamX    : [ WARN][STATS_AEC] caecxcontrol.cpp:6846: GetAECExtParamUnstableFaceProcess Issue in getting dataID 0 from bankID 18
03-16 09:44:29.014  1274  2087 E CamX    : [ERROR][STATS_AEC] caecxbankmanager.cpp:397: GetInternalBank invalid bank id 18
03-16 09:44:29.014  1274  2087 E CamX    : [ERROR][STATS_AEC] caecxbankmanager.cpp:823: GetControlData get bank failed bank ID 18 pBank 0x0 ppData 0x0
03-16 09:44:29.014  1274  2087 W CamX    : [ WARN][STATS_AEC] caecxcontrol.cpp:6878: GetAECExtParamUnstableFaceProcess Issue in getting dataID 0 from bankID 18
03-16 09:44:29.014  1274  2087 E CamX    : [ERROR][STATS_AEC] caecxbankmanager.cpp:397: GetInternalBank invalid bank id 18
03-16 09:44:29.014  1274  2087 E CamX    : [ERROR][STATS_AEC] caecxbankmanager.cpp:823: GetControlData get bank failed bank ID 18 pBank 0x0 ppData 0x0
03-16 09:44:29.014  1274  2087 W CamX    : [ WARN][STATS_AEC] caecxcontrol.cpp:6896: GetAECExtParamUnstableFaceProcess Issue in getting dataID 0 from bankID 18
03-16 09:44:29.014  1274  2087 E CamX    : [ERROR][STATS_AEC] caecxbankmanager.cpp:397: GetInternalBank invalid bank id 18
03-16 09:44:29.014  1274  2087 E CamX    : [ERROR][STATS_AEC] caecxbankmanager.cpp:823: GetControlData get bank failed bank ID 18 pBank 0x0 ppData 0x0
03-16 09:44:29.014  1274  2087 W CamX    : [ WARN][STATS_AEC] caecxcontrol.cpp:6914: GetAECExtParamUnstableFaceProcess Issue in getting dataID 0 from bankID 18
03-16 09:44:29.075  1272 16815 D FaceAuth-ISV: [FaceAuthTask.cpp][execute][Line:74][ TIME-COUNTER ] sendPorcessImageReq , use time 78 ms
03-16 09:44:29.075  1272 16815 D FaceAuth-ISV: [FaceAuthTask.cpp][execute][Line:81]retcode: -1, errCode: 101, enrollmentId: 0, frameId: 10
03-16 09:44:29.075  1272 16815 E FaceAuth-HAL: [Session.cpp][onFaceAuthFailed][Line:1199]opcode: 2 , errorcode:101 
03-16 09:44:29.075  1272 16815 E FaceAuth-HAL: [Session.cpp][onFaceAuthFailed][Line:1243][FaceAuthDebug]==> auth error: 101, enrollmentId: 0, frameId: 10 
03-16 09:44:29.076  1997  2777 V Biometrics/AcquisitionClient: Acquired: 11 0, shouldSend: false
03-16 09:44:29.077  1272 16815 D FaceAuth-ISV: [FaceAuthTask.cpp][execute][Line:114]----------execute end 
03-16 09:44:29.077  1272 16815 D FaceAuth-HAL: [Session.cpp][ImageCallback][Line:302]ImageCallback in
03-16 09:44:29.077  1272 16815 D FaceAuth-HAL: [Session.cpp][ImageCallback][Line:357]width=640, height=480, stride=640, format=35 , timestamp=1773629069077 , frameNum=11
03-16 09:44:29.077  1272 16815 D FaceAuth-HAL: [Session.cpp][ImageCallback][Line:418]ImageCallback acquired the frame, frame number: 11, time taken = 929 ms seconds
03-16 09:44:29.077  1272 16815 D FaceAuth-ISV: [FaceAuthTask.cpp][execute][Line:34]++++++++++execute start 
03-16 09:44:29.077  1272 16815 D FaceAuth-ISV: [FaceAuthTask.cpp][execute][Line:66][ TIME-COUNTER ] generate_req_from_ImageData , use time 0 ms
03-16 09:44:29.077  2843 31447 D BiometricStatusRepositoryImpl: authenticationState updated: Acquired(biometricSourceType=FACE, requestReason=BiometricPromptAuthentication, acquiredInfo=11)
03-16 09:44:29.078  2843 31447 D BiometricStatusRepositoryImpl: authenticationState updated: Help(biometricSourceType=FACE, helpString=Can’t see your face. Hold your phone at eye level., helpCode=11, requestReason=BiometricPromptAuthentication)
03-16 09:44:29.080  1274  2091 E CamX    : [ERROR][STATS_AEC] caecxbankmanager.cpp:397: GetInternalBank invalid bank id 18
03-16 09:44:29.080  1274  2091 E CamX    : [ERROR][STATS_AEC] caecxbankmanager.cpp:823: GetControlData get bank failed bank ID 18 pBank 0x0 ppData 0x0
03-16 09:44:29.080  1274  2091 W CamX    : [ WARN][STATS_AEC] caecxcontrol.cpp:6808: GetAECExtParamUnstableFaceProcess Issue in getting dataID 0 from bankID 18
03-16 09:44:29.080  1274  2091 E CamX    : [ERROR][STATS_AEC] caecxbankmanager.cpp:397: GetInternalBank invalid bank id 18
03-16 09:44:29.080  1274  2091 E CamX    : [ERROR][STATS_AEC] caecxbankmanager.cpp:823: GetControlData get bank failed bank ID 18 pBank 0x0 ppData 0x0
03-16 09:44:29.080  1274  2091 W CamX    : [ WARN][STATS_AEC] caecxcontrol.cpp:6827: GetAECExtParamUnstableFaceProcess Issue in getting dataID 0 from bankID 18
03-16 09:44:29.080  1274  2091 E CamX    : [ERROR][STATS_AEC] caecxbankmanager.cpp:397: GetInternalBank invalid bank id 18
03-16 09:44:29.080  1274  2091 E CamX    : [ERROR][STATS_AEC] caecxbankmanager.cpp:823: GetControlData get bank failed bank ID 18 pBank 0x0 ppData 0x0
03-16 09:44:29.080  1274  2091 W CamX    : [ WARN][STATS_AEC] caecxcontrol.cpp:6846: GetAECExtParamUnstableFaceProcess Issue in getting dataID 0 from bankID 18
03-16 09:44:29.080  1274  2091 E CamX    : [ERROR][STATS_AEC] caecxbankmanager.cpp:397: GetInternalBank invalid bank id 18
03-16 09:44:29.080  1274  2091 E CamX    : [ERROR][STATS_AEC] caecxbankmanager.cpp:823: GetControlData get bank failed bank ID 18 pBank 0x0 ppData 0x0
03-16 09:44:29.080  1274  2091 W CamX    : [ WARN][STATS_AEC] caecxcontrol.cpp:6878: GetAECExtParamUnstableFaceProcess Issue in getting dataID 0 from bankID 18
03-16 09:44:29.080  1274  2091 E CamX    : [ERROR][STATS_AEC] caecxbankmanager.cpp:397: GetInternalBank invalid bank id 18
03-16 09:44:29.080  1274  2091 E CamX    : [ERROR][STATS_AEC] caecxbankmanager.cpp:823: GetControlData get bank failed bank ID 18 pBank 0x0 ppData 0x0
03-16 09:44:29.080  1274  2091 W CamX    : [ WARN][STATS_AEC] caecxcontrol.cpp:6896: GetAECExtParamUnstableFaceProcess Issue in getting dataID 0 from bankID 18
03-16 09:44:29.080  1274  2091 E CamX    : [ERROR][STATS_AEC] caecxbankmanager.cpp:397: GetInternalBank invalid bank id 18
03-16 09:44:29.080  1274  2091 E CamX    : [ERROR][STATS_AEC] caecxbankmanager.cpp:823: GetControlData get bank failed bank ID 18 pBank 0x0 ppData 0x0
03-16 09:44:29.080  1274  2091 W CamX    : [ WARN][STATS_AEC] caecxcontrol.cpp:6914: GetAECExtParamUnstableFaceProcess Issue in getting dataID 0 from bankID 18
03-16 09:44:29.160  1272 16815 D FaceAuth-ISV: [FaceAuthTask.cpp][execute][Line:74][ TIME-COUNTER ] sendPorcessImageReq , use time 82 ms
03-16 09:44:29.160  1272 16815 D FaceAuth-ISV: [FaceAuthTask.cpp][execute][Line:81]retcode: -1, errCode: 101, enrollmentId: 0, frameId: 11
03-16 09:44:29.160  1272 16815 E FaceAuth-HAL: [Session.cpp][onFaceAuthFailed][Line:1199]opcode: 2 , errorcode:101 
03-16 09:44:29.160  1272 16815 E FaceAuth-HAL: [Session.cpp][onFaceAuthFailed][Line:1243][FaceAuthDebug]==> auth error: 101, enrollmentId: 0, frameId: 11 
03-16 09:44:29.160  1272 16815 D FaceAuth-ISV: [FaceAuthTask.cpp][execute][Line:114]----------execute end 
03-16 09:44:29.160  1272 16815 D FaceAuth-HAL: [Session.cpp][ImageCallback][Line:302]ImageCallback in
03-16 09:44:29.160  1272 16815 D FaceAuth-HAL: [Session.cpp][ImageCallback][Line:357]width=640, height=480, stride=640, format=35 , timestamp=1773629069160 , frameNum=12
03-16 09:44:29.160  1272 16815 D FaceAuth-HAL: [Session.cpp][ImageCallback][Line:418]ImageCallback acquired the frame, frame number: 12, time taken = 1012 ms seconds
03-16 09:44:29.160  1272 16815 D FaceAuth-ISV: [FaceAuthTask.cpp][execute][Line:34]++++++++++execute start 
03-16 09:44:29.160  1272 16815 D FaceAuth-ISV: [FaceAuthTask.cpp][execute][Line:66][ TIME-COUNTER ] generate_req_from_ImageData , use time 0 ms
03-16 09:44:29.164  1274  2090 E CamX    : [ERROR][STATS_AEC] caecxbankmanager.cpp:397: GetInternalBank invalid bank id 18
03-16 09:44:29.164  1274  2090 E CamX    : [ERROR][STATS_AEC] caecxbankmanager.cpp:823: GetControlData get bank failed bank ID 18 pBank 0x0 ppData 0x0
03-16 09:44:29.164  1274  2090 W CamX    : [ WARN][STATS_AEC] caecxcontrol.cpp:6808: GetAECExtParamUnstableFaceProcess Issue in getting dataID 0 from bankID 18
03-16 09:44:29.164  1274  2090 E CamX    : [ERROR][STATS_AEC] caecxbankmanager.cpp:397: GetInternalBank invalid bank id 18
03-16 09:44:29.164  1274  2090 E CamX    : [ERROR][STATS_AEC] caecxbankmanager.cpp:823: GetControlData get bank failed bank ID 18 pBank 0x0 ppData 0x0
03-16 09:44:29.164  1274  2090 W CamX    : [ WARN][STATS_AEC] caecxcontrol.cpp:6827: GetAECExtParamUnstableFaceProcess Issue in getting dataID 0 from bankID 18
03-16 09:44:29.164  1274  2090 E CamX    : [ERROR][STATS_AEC] caecxbankmanager.cpp:397: GetInternalBank invalid bank id 18
03-16 09:44:29.164  1274  2090 E CamX    : [ERROR][STATS_AEC] caecxbankmanager.cpp:823: GetControlData get bank failed bank ID 18 pBank 0x0 ppData 0x0
03-16 09:44:29.164  1274  2090 W CamX    : [ WARN][STATS_AEC] caecxcontrol.cpp:6846: GetAECExtParamUnstableFaceProcess Issue in getting dataID 0 from bankID 18
03-16 09:44:29.164  1274  2090 E CamX    : [ERROR][STATS_AEC] caecxbankmanager.cpp:397: GetInternalBank invalid bank id 18
03-16 09:44:29.164  1274  2090 E CamX    : [ERROR][STATS_AEC] caecxbankmanager.cpp:823: GetControlData get bank failed bank ID 18 pBank 0x0 ppData 0x0
03-16 09:44:29.164  1274  2090 W CamX    : [ WARN][STATS_AEC] caecxcontrol.cpp:6878: GetAECExtParamUnstableFaceProcess Issue in getting dataID 0 from bankID 18
03-16 09:44:29.164  1274  2090 E CamX    : [ERROR][STATS_AEC] caecxbankmanager.cpp:397: GetInternalBank invalid bank id 18
03-16 09:44:29.164  1274  2090 E CamX    : [ERROR][STATS_AEC] caecxbankmanager.cpp:823: GetControlData get bank failed bank ID 18 pBank 0x0 ppData 0x0
03-16 09:44:29.164  1274  2090 W CamX    : [ WARN][STATS_AEC] caecxcontrol.cpp:6896: GetAECExtParamUnstableFaceProcess Issue in getting dataID 0 from bankID 18
03-16 09:44:29.164  1274  2090 E CamX    : [ERROR][STATS_AEC] caecxbankmanager.cpp:397: GetInternalBank invalid bank id 18
03-16 09:44:29.164  1274  2090 E CamX    : [ERROR][STATS_AEC] caecxbankmanager.cpp:823: GetControlData get bank failed bank ID 18 pBank 0x0 ppData 0x0
03-16 09:44:29.164  1274  2090 W CamX    : [ WARN][STATS_AEC] caecxcontrol.cpp:6914: GetAECExtParamUnstableFaceProcess Issue in getting dataID 0 from bankID 18
03-16 09:44:29.200  1272 16815 D FaceAuth-ISV: [FaceAuthTask.cpp][execute][Line:74][ TIME-COUNTER ] sendPorcessImageReq , use time 40 ms
03-16 09:44:29.200  1272 16815 D FaceAuth-ISV: [FaceAuthTask.cpp][execute][Line:81]retcode: -1, errCode: 300, enrollmentId: 0, frameId: 12
03-16 09:44:29.200  1272 16815 E FaceAuth-HAL: [Session.cpp][onFaceAuthFailed][Line:1199]opcode: 2 , errorcode:300 
03-16 09:44:29.200  1272 16815 E FaceAuth-HAL: [Session.cpp][onFaceAuthFailed][Line:1243][FaceAuthDebug]==> auth error: 300, enrollmentId: 0, frameId: 12 
03-16 09:44:29.200  1272 16815 D FaceAuth-ISV: [FaceAuthTask.cpp][execute][Line:114]----------execute end 
03-16 09:44:29.201  1272 16815 D FaceAuth-HAL: [Session.cpp][ImageCallback][Line:302]ImageCallback in
03-16 09:44:29.201  1272 16815 D FaceAuth-HAL: [Session.cpp][ImageCallback][Line:357]width=640, height=480, stride=640, format=35 , timestamp=1773629069201 , frameNum=13
03-16 09:44:29.201  1272 16815 D FaceAuth-HAL: [Session.cpp][ImageCallback][Line:418]ImageCallback acquired the frame, frame number: 13, time taken = 1053 ms seconds
03-16 09:44:29.201  1272 16815 D FaceAuth-ISV: [FaceAuthTask.cpp][execute][Line:34]++++++++++execute start 
03-16 09:44:29.201  1272 16815 D FaceAuth-ISV: [FaceAuthTask.cpp][execute][Line:66][ TIME-COUNTER ] generate_req_from_ImageData , use time 0 ms
03-16 09:44:29.201  1997  2777 V Biometrics/AcquisitionClient: Acquired: 10 0, shouldSend: false
03-16 09:44:29.201  2843 31447 D BiometricStatusRepositoryImpl: authenticationState updated: Acquired(biometricSourceType=FACE, requestReason=BiometricPromptAuthentication, acquiredInfo=10)
03-16 09:44:29.202  2843 31447 D BiometricStatusRepositoryImpl: authenticationState updated: Help(biometricSourceType=FACE, helpString=Please look more directly at your device., helpCode=10, requestReason=BiometricPromptAuthentication)
03-16 09:44:29.204  1274  2088 E CamX    : [ERROR][STATS_AEC] caecxbankmanager.cpp:397: GetInternalBank invalid bank id 18
03-16 09:44:29.204  1274  2088 E CamX    : [ERROR][STATS_AEC] caecxbankmanager.cpp:823: GetControlData get bank failed bank ID 18 pBank 0x0 ppData 0x0
03-16 09:44:29.204  1274  2088 W CamX    : [ WARN][STATS_AEC] caecxcontrol.cpp:6808: GetAECExtParamUnstableFaceProcess Issue in getting dataID 0 from bankID 18
03-16 09:44:29.204  1274  2088 E CamX    : [ERROR][STATS_AEC] caecxbankmanager.cpp:397: GetInternalBank invalid bank id 18
03-16 09:44:29.204  1274  2088 E CamX    : [ERROR][STATS_AEC] caecxbankmanager.cpp:823: GetControlData get bank failed bank ID 18 pBank 0x0 ppData 0x0
03-16 09:44:29.204  1274  2088 W CamX    : [ WARN][STATS_AEC] caecxcontrol.cpp:6827: GetAECExtParamUnstableFaceProcess Issue in getting dataID 0 from bankID 18
03-16 09:44:29.204  1274  2088 E CamX    : [ERROR][STATS_AEC] caecxbankmanager.cpp:397: GetInternalBank invalid bank id 18
03-16 09:44:29.204  1274  2088 E CamX    : [ERROR][STATS_AEC] caecxbankmanager.cpp:823: GetControlData get bank failed bank ID 18 pBank 0x0 ppData 0x0
03-16 09:44:29.204  1274  2088 W CamX    : [ WARN][STATS_AEC] caecxcontrol.cpp:6846: GetAECExtParamUnstableFaceProcess Issue in getting dataID 0 from bankID 18
03-16 09:44:29.204  1274  2088 E CamX    : [ERROR][STATS_AEC] caecxbankmanager.cpp:397: GetInternalBank invalid bank id 18
03-16 09:44:29.204  1274  2088 E CamX    : [ERROR][STATS_AEC] caecxbankmanager.cpp:823: GetControlData get bank failed bank ID 18 pBank 0x0 ppData 0x0
03-16 09:44:29.204  1274  2088 W CamX    : [ WARN][STATS_AEC] caecxcontrol.cpp:6878: GetAECExtParamUnstableFaceProcess Issue in getting dataID 0 from bankID 18
03-16 09:44:29.204  1274  2088 E CamX    : [ERROR][STATS_AEC] caecxbankmanager.cpp:397: GetInternalBank invalid bank id 18
03-16 09:44:29.204  1274  2088 E CamX    : [ERROR][STATS_AEC] caecxbankmanager.cpp:823: GetControlData get bank failed bank ID 18 pBank 0x0 ppData 0x0
03-16 09:44:29.204  1274  2088 W CamX    : [ WARN][STATS_AEC] caecxcontrol.cpp:6896: GetAECExtParamUnstableFaceProcess Issue in getting dataID 0 from bankID 18
03-16 09:44:29.204  1274  2088 E CamX    : [ERROR][STATS_AEC] caecxbankmanager.cpp:397: GetInternalBank invalid bank id 18
03-16 09:44:29.204  1274  2088 E CamX    : [ERROR][STATS_AEC] caecxbankmanager.cpp:823: GetControlData get bank failed bank ID 18 pBank 0x0 ppData 0x0
03-16 09:44:29.204  1274  2088 W CamX    : [ WARN][STATS_AEC] caecxcontrol.cpp:6914: GetAECExtParamUnstableFaceProcess Issue in getting dataID 0 from bankID 18
03-16 09:44:29.237  1272 16815 D FaceAuth-ISV: [FaceAuthTask.cpp][execute][Line:74][ TIME-COUNTER ] sendPorcessImageReq , use time 36 ms
03-16 09:44:29.237  1272 16815 D FaceAuth-ISV: [FaceAuthTask.cpp][execute][Line:81]retcode: -1, errCode: 300, enrollmentId: 0, frameId: 13
03-16 09:44:29.237  1272 16815 E FaceAuth-HAL: [Session.cpp][onFaceAuthFailed][Line:1199]opcode: 2 , errorcode:300 
03-16 09:44:29.237  1272 16815 E FaceAuth-HAL: [Session.cpp][onFaceAuthFailed][Line:1243][FaceAuthDebug]==> auth error: 300, enrollmentId: 0, frameId: 13 
03-16 09:44:29.237  1272 16815 D FaceAuth-ISV: [FaceAuthTask.cpp][execute][Line:114]----------execute end 
03-16 09:44:29.237  1272 16815 D FaceAuth-HAL: [Session.cpp][ImageCallback][Line:302]ImageCallback in
03-16 09:44:29.238  1272 16815 D FaceAuth-HAL: [Session.cpp][ImageCallback][Line:357]width=640, height=480, stride=640, format=35 , timestamp=1773629069237 , frameNum=14
03-16 09:44:29.238  1272 16815 D FaceAuth-HAL: [Session.cpp][ImageCallback][Line:418]ImageCallback acquired the frame, frame number: 14, time taken = 1089 ms seconds
03-16 09:44:29.238  1272 16815 D FaceAuth-ISV: [FaceAuthTask.cpp][execute][Line:34]++++++++++execute start 
03-16 09:44:29.238  1272 16815 D FaceAuth-ISV: [FaceAuthTask.cpp][execute][Line:66][ TIME-COUNTER ] generate_req_from_ImageData , use time 0 ms
03-16 09:44:29.242  1274  2086 E CamX    : [ERROR][STATS_AEC] caecxbankmanager.cpp:397: GetInternalBank invalid bank id 18
03-16 09:44:29.243  1274  2086 E CamX    : [ERROR][STATS_AEC] caecxbankmanager.cpp:823: GetControlData get bank failed bank ID 18 pBank 0x0 ppData 0x0
03-16 09:44:29.243  1274  2086 W CamX    : [ WARN][STATS_AEC] caecxcontrol.cpp:6808: GetAECExtParamUnstableFaceProcess Issue in getting dataID 0 from bankID 18
03-16 09:44:29.243  1274  2086 E CamX    : [ERROR][STATS_AEC] caecxbankmanager.cpp:397: GetInternalBank invalid bank id 18
03-16 09:44:29.243  1274  2086 E CamX    : [ERROR][STATS_AEC] caecxbankmanager.cpp:823: GetControlData get bank failed bank ID 18 pBank 0x0 ppData 0x0
03-16 09:44:29.243  1274  2086 W CamX    : [ WARN][STATS_AEC] caecxcontrol.cpp:6827: GetAECExtParamUnstableFaceProcess Issue in getting dataID 0 from bankID 18
03-16 09:44:29.243  1274  2086 E CamX    : [ERROR][STATS_AEC] caecxbankmanager.cpp:397: GetInternalBank invalid bank id 18
03-16 09:44:29.243  1274  2086 E CamX    : [ERROR][STATS_AEC] caecxbankmanager.cpp:823: GetControlData get bank failed bank ID 18 pBank 0x0 ppData 0x0
03-16 09:44:29.243  1274  2086 W CamX    : [ WARN][STATS_AEC] caecxcontrol.cpp:6846: GetAECExtParamUnstableFaceProcess Issue in getting dataID 0 from bankID 18
03-16 09:44:29.243  1274  2086 E CamX    : [ERROR][STATS_AEC] caecxbankmanager.cpp:397: GetInternalBank invalid bank id 18
03-16 09:44:29.243  1274  2086 E CamX    : [ERROR][STATS_AEC] caecxbankmanager.cpp:823: GetControlData get bank failed bank ID 18 pBank 0x0 ppData 0x0
03-16 09:44:29.243  1274  2086 W CamX    : [ WARN][STATS_AEC] caecxcontrol.cpp:6878: GetAECExtParamUnstableFaceProcess Issue in getting dataID 0 from bankID 18
03-16 09:44:29.243  1274  2086 E CamX    : [ERROR][STATS_AEC] caecxbankmanager.cpp:397: GetInternalBank invalid bank id 18
03-16 09:44:29.243  1274  2086 E CamX    : [ERROR][STATS_AEC] caecxbankmanager.cpp:823: GetControlData get bank failed bank ID 18 pBank 0x0 ppData 0x0
03-16 09:44:29.243  1274  2086 W CamX    : [ WARN][STATS_AEC] caecxcontrol.cpp:6896: GetAECExtParamUnstableFaceProcess Issue in getting dataID 0 from bankID 18
03-16 09:44:29.243  1274  2086 E CamX    : [ERROR][STATS_AEC] caecxbankmanager.cpp:397: GetInternalBank invalid bank id 18
03-16 09:44:29.243  1274  2086 E CamX    : [ERROR][STATS_AEC] caecxbankmanager.cpp:823: GetControlData get bank failed bank ID 18 pBank 0x0 ppData 0x0
03-16 09:44:29.243  1274  2086 W CamX    : [ WARN][STATS_AEC] caecxcontrol.cpp:6914: GetAECExtParamUnstableFaceProcess Issue in getting dataID 0 from bankID 18
03-16 09:44:29.409  1272 16815 D FaceAuth-ISV: [FaceAuthTask.cpp][execute][Line:74][ TIME-COUNTER ] sendPorcessImageReq , use time 171 ms
03-16 09:44:29.409  1272 16815 D FaceAuth-ISV: [FaceAuthTask.cpp][execute][Line:81]retcode: 0, errCode: 0, enrollmentId: 0, frameId: 14
03-16 09:44:29.437  1272 16815 D FaceAuth-HAL: [Session.cpp][onFaceAuthSeccuss][Line:1174]onFaceAuthSeccuss acquired the frame, frame number: 14, time taken = 1289 ms 
03-16 09:44:29.437  1272 16815 D FaceAuth-HAL: [Session.cpp][onFaceAuthSeccuss][Line:1176]auth successful !!!! and enrollmentId: 0 
03-16 09:44:29.443  1997  2777 V BiometricLogger: Authentication latency: -1
03-16 09:44:29.443  1997  2777 W BiometricFrameworkStatsLogger: found a negative latency : -1
03-16 09:44:29.443  1997  2777 V Biometrics/AuthenticationClient: onAuthenticated(true), ID:0, Owner: com.whatsapp, isBP: true, listener: com.android.server.biometrics.sensors.ClientMonitorCallbackConverter@cf41510, requireConfirmation: false, mOperationId: 0, user: 0, clientMonitor: {[5243] com.android.server.biometrics.sensors.face.aidl.FaceAuthenticationClient, proto=3, owner=com.whatsapp, cookie=1451617253, requestId=644, userId=0}, displayId: 0
03-16 09:44:29.443  1997  2777 V BiometricUtils: Checking if the authenticating is in background, clientPackage:com.whatsapp
03-16 09:44:29.443  1997  2777 D BaseClientMonitor: marking operation as done: {[5243] com.android.server.biometrics.sensors.face.aidl.FaceAuthenticationClient, proto=3, owner=com.whatsapp, cookie=1451617253, requestId=644, userId=0}
03-16 09:44:29.443  1997  2777 D Biometrics/AuthenticationClient: Skipping addAuthToken
03-16 09:44:29.444  1997  2712 V BiometricService: handleAuthenticationSucceeded(), sensorId: 4
03-16 09:44:29.444  1997  2777 D BiometricSchedulerOperation: [Finished / destroy]: {[5243] com.android.server.biometrics.sensors.face.aidl.FaceAuthenticationClient, proto=3, owner=com.whatsapp, cookie=1451617253, requestId=644, userId=0}
03-16 09:44:29.444  2843 31447 D BiometricStatusRepositoryImpl: authenticationState updated: Stopped(biometricSourceType=FACE, requestReason=NotRunning)
03-16 09:44:29.444  1997  2712 D BiometricService/AuthSession: Cancelling sensorId: 0
03-16 09:44:29.444  1997  2712 D FingerprintService: cancelAuthenticationFromService, sensorId: 0
03-16 09:44:29.444  2843  2843 D AuthController: onBiometricAuthenticated: 
03-16 09:44:29.445  1997  2775 D BiometricScheduler: cancelAuthenticationOrDetection, requestId: 644
03-16 09:44:29.445  1269  1269 I sensors-hal: activate:207, android.sensor.light/51 en=0
03-16 09:44:29.445  1997  2775 D BiometricScheduler: Cancelling auth/detect op: {[5244] com.android.server.biometrics.sensors.fingerprint.aidl.FingerprintAuthenticationClient, proto=3, owner=com.whatsapp, cookie=512920433, requestId=644, userId=0}, State: 4
03-16 09:44:29.446  1997  2775 D BiometricSchedulerOperation: [Cancelling] Current client (without start): {[5244] com.android.server.biometrics.sensors.fingerprint.aidl.FingerprintAuthenticationClient, proto=3, owner=com.whatsapp, cookie=512920433, requestId=644, userId=0}
03-16 09:44:29.446  1997  2775 D Biometrics/AcquisitionClient: cancelWithoutStarting: {[5244] com.android.server.biometrics.sensors.fingerprint.aidl.FingerprintAuthenticationClient, proto=3, owner=com.whatsapp, cookie=512920433, requestId=644, userId=0}
03-16 09:44:29.446  1269  1269 I sensors-hal: activate:218, android.sensor.light/51 en=0 completed
03-16 09:44:29.447  1997  2777 V ALSProbe: Disable ALS: 33054456
03-16 09:44:29.447  1997  2777 D BiometricScheduler: [Finishing] {[5243] com.android.server.biometrics.sensors.face.aidl.FaceAuthenticationClient, proto=3, owner=com.whatsapp, cookie=1451617253, requestId=644, userId=0}, success: true
03-16 09:44:29.447  1997  2777 D BiometricScheduler: No operations, returning to idle
03-16 09:44:29.447  2843  2866 D BiometricStatusRepositoryImpl: authenticationState updated: Succeeded(biometricSourceType=FACE, isStrongBiometric=true, requestReason=BiometricPromptAuthentication, userId=0)
03-16 09:44:29.448  1272 16815 D FaceAuth-HAL: [Session.cpp][releaseAllRes][Line:266]releaseAllRes in
03-16 09:44:29.448  1272 16815 D FaceAuth-ISV: [FaceAuth.cpp][cancel][Line:40]++++++++++cancel start 
03-16 09:44:29.450  1997  2712 D BiometricService: handleOnError() sensorId: 0, cookie: 512920433, error: 5, vendorCode: 0
03-16 09:44:29.450  1997  2775 D BiometricStateCallback: Client finished, state updated to 0, client {[5244] com.android.server.biometrics.sensors.fingerprint.aidl.FingerprintAuthenticationClient, proto=3, owner=com.whatsapp, cookie=512920433, requestId=644, userId=0}
03-16 09:44:29.450  1997  2712 D BiometricService/AuthSession: onErrorReceived sensor: 0 error: 5
03-16 09:44:29.450  1997  2775 D SideFpsEventHandler: onStateChanged : 0
03-16 09:44:29.450  1997  2775 D SideFpsEventHandler: Dismissing dialog with reason: STATE_IDLE
03-16 09:44:29.450  1997  2775 D BiometricSchedulerOperation: [Finished / destroy]: {[5244] com.android.server.biometrics.sensors.fingerprint.aidl.FingerprintAuthenticationClient, proto=3, owner=com.whatsapp, cookie=512920433, requestId=644, userId=0}
03-16 09:44:29.451  1997  2712 D BiometricService/AuthSession: onErrorReceived after successful auth (ignoring)
03-16 09:44:29.451  1997  2775 D BiometricScheduler: [Finishing] {[5244] com.android.server.biometrics.sensors.fingerprint.aidl.FingerprintAuthenticationClient, proto=3, owner=com.whatsapp, cookie=512920433, requestId=644, userId=0}, success: true
03-16 09:44:29.451  1997  2775 D GestureAvailabilityTracker: Notifying gesture availability, active=true
03-16 09:44:29.451  1997  2775 D BiometricScheduler: No operations, returning to idle
03-16 09:44:29.451  1269  2586 I slpi    : LTR569 ALS_OC: lux:63.024452, last_ps:0[602], RAW:1263.000000[1293, 1059], INT:70, G:512, C:675, PCTRL:22, ACTRL:165, AGC:12, SCA:167, STA:37, AINT:127, MEAS:32, scale:0.714, rate:20.000000, int:960000
03-16 09:44:29.451  1997  2712 E AuthSessionCoordinator: Error unable to find auth operation : authEndedFor(userId=0 ,biometricStrength=15, sensorId=0, requestId=644, wasSuccessful=true)
03-16 09:44:29.452  1272 16815 D FaceAuth-HAL: [Session.cpp][releaseCameraResourceAsync][Line:252]releaseCameraResourceAsync in
03-16 09:44:29.452  1272 16815 D FaceAuth-HAL: [Session.cpp][releaseCameraResourceAsync][Line:262]releaseCameraResourceAsync Out and addTask: T
03-16 09:44:29.452  1272 16815 D FaceAuth-ISV: [FaceAuthTask.cpp][execute][Line:114]----------execute end 
03-16 09:44:29.452  1272 16815 D FaceAuth-HAL: [Session.cpp][ImageCallback][Line:302]ImageCallback in
03-16 09:44:29.452  1272 16815 E FaceAuth-HAL: [Session.cpp][ImageCallback][Line:309]ImageCallback: Cam Res is not alive
03-16 09:44:29.452  1272 16815 D FaceAuth-HAL: [Session.cpp][ImageCallback][Line:302]ImageCallback in
03-16 09:44:29.452  1272 16815 E FaceAuth-HAL: [Session.cpp][ImageCallback][Line:309]ImageCallback: Cam Res is not alive
03-16 09:44:29.452  1272 16815 D FaceAuth-HAL: [Session.cpp][ImageCallback][Line:302]ImageCallback in
03-16 09:44:29.452  1272 16815 E FaceAuth-HAL: [Session.cpp][ImageCallback][Line:309]ImageCallback: Cam Res is not alive
03-16 09:44:29.452  1272 16815 D FaceAuth-HAL: [Session.cpp][ImageCallback][Line:302]ImageCallback in
03-16 09:44:29.452  1272 16815 E FaceAuth-HAL: [Session.cpp][ImageCallback][Line:309]ImageCallback: Cam Res is not alive
03-16 09:44:29.452  1272  2814 D FaceAuth-HAL: [Session.cpp][releaseCameraResource][Line:163]releaseCameraResource in and version: v2.1.1.042.10 built at (Jan  1 2026 03:36:43)
03-16 09:44:29.452  1632  1796 D Camera2ClientBase: Camera 1: start to disconnect
03-16 09:44:29.453  1632  1796 D Camera2ClientBase: Camera 1: serializationLock acquired
03-16 09:44:29.453  1632  1796 D Camera2ClientBase: Camera 1: Shutting down
03-16 09:44:29.453  1272 16815 D FaceAuth-HAL: [Session.cpp][ImageCallback][Line:302]ImageCallback in
03-16 09:44:29.453  1272 16815 E FaceAuth-HAL: [Session.cpp][ImageCallback][Line:309]ImageCallback: Cam Res is not alive
03-16 09:44:29.455  1274  2087 E CamX    : [ERROR][STATS_AEC] caecxbankmanager.cpp:397: GetInternalBank invalid bank id 18
03-16 09:44:29.455  1274  2087 E CamX    : [ERROR][STATS_AEC] caecxbankmanager.cpp:823: GetControlData get bank failed bank ID 18 pBank 0x0 ppData 0x0
03-16 09:44:29.455  1274  2087 W CamX    : [ WARN][STATS_AEC] caecxcontrol.cpp:6808: GetAECExtParamUnstableFaceProcess Issue in getting dataID 0 from bankID 18
03-16 09:44:29.455  1274  2087 E CamX    : [ERROR][STATS_AEC] caecxbankmanager.cpp:397: GetInternalBank invalid bank id 18
03-16 09:44:29.455  1274  2087 E CamX    : [ERROR][STATS_AEC] caecxbankmanager.cpp:823: GetControlData get bank failed bank ID 18 pBank 0x0 ppData 0x0
03-16 09:44:29.455  1274  2087 W CamX    : [ WARN][STATS_AEC] caecxcontrol.cpp:6827: GetAECExtParamUnstableFaceProcess Issue in getting dataID 0 from bankID 18
03-16 09:44:29.455  1274  2087 E CamX    : [ERROR][STATS_AEC] caecxbankmanager.cpp:397: GetInternalBank invalid bank id 18
03-16 09:44:29.455  1274  2087 E CamX    : [ERROR][STATS_AEC] caecxbankmanager.cpp:823: GetControlData get bank failed bank ID 18 pBank 0x0 ppData 0x0
03-16 09:44:29.455  1274  2087 W CamX    : [ WARN][STATS_AEC] caecxcontrol.cpp:6846: GetAECExtParamUnstableFaceProcess Issue in getting dataID 0 from bankID 18
03-16 09:44:29.455  1274  2087 E CamX    : [ERROR][STATS_AEC] caecxbankmanager.cpp:397: GetInternalBank invalid bank id 18
03-16 09:44:29.455  1274  2087 E CamX    : [ERROR][STATS_AEC] caecxbankmanager.cpp:823: GetControlData get bank failed bank ID 18 pBank 0x0 ppData 0x0
03-16 09:44:29.455  1274  2087 W CamX    : [ WARN][STATS_AEC] caecxcontrol.cpp:6878: GetAECExtParamUnstableFaceProcess Issue in getting dataID 0 from bankID 18
03-16 09:44:29.455  1274  2087 E CamX    : [ERROR][STATS_AEC] caecxbankmanager.cpp:397: GetInternalBank invalid bank id 18
03-16 09:44:29.455  1274  2087 E CamX    : [ERROR][STATS_AEC] caecxbankmanager.cpp:823: GetControlData get bank failed bank ID 18 pBank 0x0 ppData 0x0
03-16 09:44:29.455  1274  2087 W CamX    : [ WARN][STATS_AEC] caecxcontrol.cpp:6896: GetAECExtParamUnstableFaceProcess Issue in getting dataID 0 from bankID 18
03-16 09:44:29.455  1274  2087 E CamX    : [ERROR][STATS_AEC] caecxbankmanager.cpp:397: GetInternalBank invalid bank id 18
03-16 09:44:29.455  1274  2087 E CamX    : [ERROR][STATS_AEC] caecxbankmanager.cpp:823: GetControlData get bank failed bank ID 18 pBank 0x0 ppData 0x0
03-16 09:44:29.455  1274  2087 W CamX    : [ WARN][STATS_AEC] caecxcontrol.cpp:6914: GetAECExtParamUnstableFaceProcess Issue in getting dataID 0 from bankID 18
03-16 09:44:29.457  1274  1274 I CamxHalWatchdog: Starting Watchdog Thread (timeout 6000 msec)...
03-16 09:44:29.457  1274  1274 I CamX    : [ DUMP][HAL    ] camxhaldevice.cpp:2716 LogRequest() Frame Number ## REQUEST_ERROR ## RESULT_ERROR ## BUFFER_ERROR ## Shutter ##  Metadata[Rcvd/Tot] ## Output[Rcvd/Tot(inErr)] ## Input ## S0[Rcvd/StatusOK/BufErrNotify](0xb4000073874bbe48)[0] ## 
03-16 09:44:29.457  1274  1274 I CHIUSECASE: [CONFIG ] chxusecase.cpp:2522 Flush() [UsecaseSecurePreview] Flush start
03-16 09:44:29.458  1272 16815 D FaceAuth-HAL: [Session.cpp][ImageCallback][Line:302]ImageCallback in
03-16 09:44:29.458  1272 16815 E FaceAuth-HAL: [Session.cpp][ImageCallback][Line:309]ImageCallback: Cam Res is not alive
03-16 09:44:29.463  1274  2090 E CamX    : [ERROR][ISP    ] camxtfenode.cpp:2306 CommitAndSubmitPacket() UsecaseSecurePreview_TFE0: CSL Submit Failed: CamxResultECancelledRequest
03-16 09:44:29.464  1274  2086 W CamX    : [ WARN][PPROC  ] camxopenode.cpp:11550 ProcessingNodeFenceCallback() UsecaseSecurePreview_OPE0 failed to get LTM DC CmdBuf:0x0 for reqId:22, outPort:0xb4000073726e6200
03-16 09:44:29.464  1274  2086 W CamX    : [ WARN][PPROC  ] camxopenode.cpp:11550 ProcessingNodeFenceCallback() UsecaseSecurePreview_OPE0 failed to get LTM DC CmdBuf:0x0 for reqId:22, outPort:0xb4000073726e64e0
03-16 09:44:29.464  1274  2086 W CamX    : [ WARN][PPROC  ] camxopenode.cpp:11550 ProcessingNodeFenceCallback() UsecaseSecurePreview_OPE0 failed to get LTM DC CmdBuf:0x0 for reqId:22, outPort:0xb4000073726e67c0
03-16 09:44:29.467  1274  1274 I CHIUSECASE: [CONFIG ] chxusecase.cpp:2536 Flush() [UsecaseSecurePreview] ExecuteFlush - END
03-16 09:44:29.467  1274  1274 I CHIUSECASE: [CONFIG ] chxusecase.cpp:2554 Flush() [UsecaseSecurePreview] ExecuteFlush - END
03-16 09:44:29.467  1274  1274 I CamxHalWatchdog: Stopped Watchdog Thread (10ms)[flush]
03-16 09:44:29.467  1632  1796 I Camera3-Device: disconnectImpl: E
03-16 09:44:29.468  1632  1796 I CameraLatencyHistogram: ProcessCaptureRequest latency histogram (22) samples:
03-16 09:44:29.468  1632  1796 I CameraLatencyHistogram:        40     80    120    160    200    240    280    320    360    inf (max ms)
03-16 09:44:29.468  1632  1796 I CameraLatencyHistogram:      95.45   4.55   0.00   0.00   0.00   0.00   0.00   0.00   0.00   0.00 (%)
03-16 09:44:29.468  1274  1274 I CamxHalWatchdog: Starting Watchdog Thread (timeout 6000 msec)...
03-16 09:44:29.468  1302  1688 I SDM     : ResourceImpl::SetMaxBandwidthMode: new bandwidth mode=0
03-16 09:44:29.469  1379  1464 I ComposerExtn: SmoMoImpl::NotifyCameraSmoothInfo: Notify Camera Info: enable=0, fps=0, disp_id: 0
03-16 09:44:29.485  1274  1274 I CamX    : [ DUMP][CORE   ] camxresourcemanager.cpp:101 DumpState() [IPEHw : 0], AvailableResource = 100
03-16 09:44:29.485  1274  1274 I CamX    : [ DUMP][CORE   ] camxresourcemanager.cpp:101 DumpState() [IFEHw : 0], AvailableResource = 100
03-16 09:44:29.485  1274  1274 I CamX    : [ DUMP][CORE   ] camxresourcemanager.cpp:101 DumpState() [SensorHw : 0], AvailableResource = 100
03-16 09:44:29.485  1274  1274 I CamX    : [ DUMP][CORE   ] camxresourcemanager.cpp:101 DumpState() [SensorHw : 1], AvailableResource = 100
03-16 09:44:29.485  1274  1274 I CamX    : [ DUMP][CORE   ] camxresourcemanager.cpp:101 DumpState() [SensorHw : 2], AvailableResource = 100
03-16 09:44:29.485  1274  1274 I CamX    : [ DUMP][CORE   ] camxresourcemanager.cpp:174 DumpState() 
03-16 09:44:29.485  1274  1274 I CamX    : 
03-16 09:44:29.485  1274  1274 I CamX    : [ DUMP][CORE   ] camxresourcemanager.cpp:175 DumpState() client {UsecaseSecurePreview, 0xb40000737101fd40}
03-16 09:44:29.485  1274  1274 I CamX    : [ DUMP][CORE   ] camxresourcemanager.cpp:176 DumpState() -------------------------
03-16 09:44:29.485  1274  1274 I CamX    : [ DUMP][CORE   ] camxresourcemanager.cpp:177 DumpState()     Key     Allocation
03-16 09:44:29.485  1274  1274 I CamX    : [ DUMP][CORE   ] camxresourcemanager.cpp:178 DumpState() -------------------------
03-16 09:44:29.507  1274  1274 E CamX    : [ERROR][STATS  ] camxcawbstatsprocessor.cpp:1081 ~CAWBStatsProcessor() cameraId = 1, gain r/g/b = (1.954883 1.000000 1.833100), cct = 4429.000000, curDecisionTC(0.521376,0.531535)
03-16 09:44:29.522  1274  1274 W CamX    : [ WARN][CSL    ] camxcslhw.cpp:405 CSLCloseHW() Current number of existing acquired devices: 0 for session: UsecaseSecurePreview(0x30200), Handle Index: 0
03-16 09:44:29.522  1274  1274 W CHIUSECASE: [WARN   ] chxperf.cpp:704 Destroy() Non zero references to this perflock
03-16 09:44:29.526 30728 30846 I ThermalEngine: Thermal-Server: removing client on fd 87
03-16 09:44:29.526  1274  1274 I Thermal-Lib: thermal_bandwidth_client_cancel_request: Removing all bw request for camera_bw
03-16 09:44:29.526  1274  1274 I CamxHalWatchdog: Stopped Watchdog Thread (57ms)[close]
03-16 09:44:29.527  1632  1796 D Surface : Surface::disconnect
03-16 09:44:29.527  1272 27130 D BufferQueueProducer: [ImageReader-640x480f23u16384m4-1272-1502](id:4f8000005de,api:4,p:1632,c:1272) disconnect: api 4
03-16 09:44:29.527  1632  1796 I CameraLatencyHistogram: Stream 0 queueBuffer(640x480) latency histogram (21) samples:
03-16 09:44:29.527  1632  1796 I CameraLatencyHistogram:         5     10     15     20     25     30     35     40     45    inf (max ms)
03-16 09:44:29.527  1632  1796 I CameraLatencyHistogram:      76.19   0.00   4.76   0.00   0.00   4.76   0.00   0.00   0.00   14.29 (%)
03-16 09:44:29.527  1632  1796 I CameraLatencyHistogram: Stream 0 dequeueBuffer latency histogram (22) samples:
03-16 09:44:29.527  1632  1796 I CameraLatencyHistogram:         5     10     15     20     25     30     35     40     45    inf (max ms)
03-16 09:44:29.527  1632  1796 I CameraLatencyHistogram:      27.27   13.64   0.00   0.00   18.18   0.00   9.09   13.64   4.55   13.64 (%)
03-16 09:44:29.527  1632  1796 I Camera3-Device: disconnectImpl: X
