03-16 09:21:43.712  1379  1379 E SurfaceFlinger: Out of order buffers detected for RequestedLayerState{com.motorola.launcher3/com.android.launcher3.CustomizationPanelLauncher#199729 parentId=189046} producedId=117 frameNumber=138 -> producedId=117 frameNumber=44
03-16 09:21:43.714  5041 10222 D AssistReceiver: call: lightWakeup | null | null
03-16 09:21:43.716  1997  2278 I libprocessgroup: Removed cgroup /sys/fs/cgroup/uid_10115/pid_7435
03-16 09:21:43.716  1168  1168 I Zygote  : Process 7435 exited due to signal 9 (Killed)
03-16 09:21:43.716  1997  2278 W libprocessgroup: RemoveCgroup: /dev/memcg/apps/uid_10115/pid_7435 does not exist.
03-16 09:21:43.716  1997  3765 I ActivityManager: appDiedLocked: app=ProcessRecord{5ab5e99 7435:com.android.calllogbackup/u0a115} thread=android.os.BinderProxy@49c1db6 fromBinderDied=true isKilledByAm=true reason=null
03-16 09:21:43.717   829   829 I hwservicemanager: getTransport: Cannot find entry vendor.qti.hardware.iop@2.0::IIop/default in either framework or device VINTF manifest.
03-16 09:21:43.718  1997  3765 D RestartModeController: markWaitRestartAppIsSuicided null processName=com.android.calllogbackup
03-16 09:21:43.720  1997  3765 D ActivityTaskManager: handleAppDied: uid=10115,diedCount=1,lastDiedTime=515698859,forceStopUids=false
03-16 09:21:43.723  9059  9059 D nativeloader: Configuring clns-7 for other apk /system/framework/com.motorola.motosignature.jar. target_sdk_version=35, uses_libraries=ALL, library_path=/data/app/~~OsBMyaSYPyVe64cE87dNOQ==/com.motorola.moto-XaZ9fxFDO6xO0r6ap2Txag==/lib/arm64, permitted_path=/data:/mnt/expand:/data/user/0/com.motorola.moto
03-16 09:21:43.723  1379  1379 E SurfaceFlinger: Out of order buffers detected for RequestedLayerState{com.motorola.launcher3/com.android.launcher3.CustomizationPanelLauncher#199729 parentId=189046} producedId=117 frameNumber=138 -> producedId=117 frameNumber=45
03-16 09:21:43.723  9059  9059 D nativeloader: Extending system_exposed_libraries: libbinauralrenderer_wrapper.qti.so:libhoaeffects.qti.so:libjni_helper.motocameradesktop.so:libimgTuner_jni.motoimagetuner.so:libupdateprof.qti.so:libdiag_system.qti.so:libqape.qti.so:libqesdk_ndk_platform.qti.so:liblistenjni.qti.so
03-16 09:21:43.726  9059  9059 D ApplicationLoaders: Returning zygote-cached class loader: /system/framework/org.apache.http.legacy.jar
03-16 09:21:43.729  9018  9041 D MotoDolbyUI: getDeviceType, active device is 0x2
03-16 09:21:43.730  9018  9041 D MotoDolbyUI: getDeviceType, active device is 0x2
03-16 09:21:43.730  9018  9041 I MotoDolbyUI: updateAudioSettingsForDevice: previousDeviceId=loudspeaker, newDeviceLogicalId=loudspeaker, newDeviceInfo=DeviceInfo(deviceId=loudspeaker, deviceName=, deviceType=2, deviceCategory=null), newLogicalDeviceInfo=DeviceInfo(deviceId=loudspeaker, deviceName=, deviceType=2, deviceCategory=null)
03-16 09:21:43.731  9059  9059 D nativeloader: Configuring clns-8 for other apk /system/framework/moto-core_services.jar. target_sdk_version=35, uses_libraries=ALL, library_path=/data/app/~~OsBMyaSYPyVe64cE87dNOQ==/com.motorola.moto-XaZ9fxFDO6xO0r6ap2Txag==/lib/arm64, permitted_path=/data:/mnt/expand:/data/user/0/com.motorola.moto
03-16 09:21:43.731  9059  9059 D nativeloader: Extending system_exposed_libraries: libbinauralrenderer_wrapper.qti.so:libhoaeffects.qti.so:libjni_helper.motocameradesktop.so:libimgTuner_jni.motoimagetuner.so:libupdateprof.qti.so:libdiag_system.qti.so:libqape.qti.so:libqesdk_ndk_platform.qti.so:liblistenjni.qti.so
03-16 09:21:43.732  3023 16540 D DolbyProvider: query() get headtracking is supported=false
03-16 09:21:43.734  1379  1379 E SurfaceFlinger: Out of order buffers detected for RequestedLayerState{com.motorola.launcher3/com.android.launcher3.CustomizationPanelLauncher#199729 parentId=189046} producedId=117 frameNumber=138 -> producedId=117 frameNumber=46
03-16 09:21:43.737  9018  9040 I WM-WorkerWrapper: Worker result SUCCESS for Work [ id=743f4d93-8f01-4b29-af13-8200162f794c, tags={ com.motorola.dolby.dolbyui.device.DeviceChangedWorker, DeviceChangedWorker } ]
03-16 09:21:43.737  9059  9059 D nativeloader: Configuring clns-9 for other apk /system/framework/moto-checkin.jar. target_sdk_version=35, uses_libraries=ALL, library_path=/data/app/~~OsBMyaSYPyVe64cE87dNOQ==/com.motorola.moto-XaZ9fxFDO6xO0r6ap2Txag==/lib/arm64, permitted_path=/data:/mnt/expand:/data/user/0/com.motorola.moto
03-16 09:21:43.738  9059  9059 D nativeloader: Extending system_exposed_libraries: libbinauralrenderer_wrapper.qti.so:libhoaeffects.qti.so:libjni_helper.motocameradesktop.so:libimgTuner_jni.motoimagetuner.so:libupdateprof.qti.so:libdiag_system.qti.so:libqape.qti.so:libqesdk_ndk_platform.qti.so:liblistenjni.qti.so
03-16 09:21:43.739  9059  9059 D ApplicationLoaders: Returning zygote-cached class loader: /system_ext/framework/androidx.window.extensions.jar
03-16 09:21:43.739  9059  9059 D ApplicationLoaders: Returning zygote-cached class loader: /system_ext/framework/androidx.window.sidecar.jar
03-16 09:21:43.745  1379  1379 E SurfaceFlinger: Out of order buffers detected for RequestedLayerState{com.motorola.launcher3/com.android.launcher3.CustomizationPanelLauncher#199729 parentId=189046} producedId=117 frameNumber=138 -> producedId=117 frameNumber=47
03-16 09:21:43.753  1997  3527 W ProcessStats: Tracking association SourceState{1ee6021 system/1000 ImpBg #1461973} whose proc state 6 is better than process ProcessState{d756d8b ajaib.co.id/10447 pkg=ajaib.co.id} proc state 14 (0 skipped)
03-16 09:21:43.756  1379  1379 E SurfaceFlinger: Out of order buffers detected for RequestedLayerState{com.motorola.launcher3/com.android.launcher3.CustomizationPanelLauncher#199729 parentId=189046} producedId=117 frameNumber=138 -> producedId=117 frameNumber=48
03-16 09:21:43.759 28114  2657 I newrelic: Harvester: connected
03-16 09:21:43.759 28114  2657 I newrelic: Harvester: Sending [3] HTTP transactions.
03-16 09:21:43.760 28114  2657 I newrelic: Harvester: Sending [0] activity traces.
03-16 09:21:43.760 28114  2657 I newrelic: Harvester: Sending [0] session attributes.
03-16 09:21:43.760 28114  2657 I newrelic: Harvester: Sending [0] analytics events.
03-16 09:21:43.765 19301 19301 D RectFSpringAnim: y animation end
03-16 09:21:43.767  9059  9059 W m.motorola.moto: Failed to find entry 'classes.dex': Entry not found
03-16 09:21:43.768  1379  1379 E SurfaceFlinger: Out of order buffers detected for RequestedLayerState{com.motorola.launcher3/com.android.launcher3.CustomizationPanelLauncher#199729 parentId=189046} producedId=117 frameNumber=138 -> producedId=117 frameNumber=49
03-16 09:21:43.769  9059  9059 W m.motorola.moto: Failed to find entry 'classes.dex': Entry not found
03-16 09:21:43.771  9059  9059 W m.motorola.moto: Failed to find entry 'classes.dex': Entry not found
03-16 09:21:43.772  9059  9059 D nativeloader: Configuring clns-10 for other apk /data/app/~~OsBMyaSYPyVe64cE87dNOQ==/com.motorola.moto-XaZ9fxFDO6xO0r6ap2Txag==/base.apk:/data/app/~~OsBMyaSYPyVe64cE87dNOQ==/com.motorola.moto-XaZ9fxFDO6xO0r6ap2Txag==/split_config.en.apk:/data/app/~~OsBMyaSYPyVe64cE87dNOQ==/com.motorola.moto-XaZ9fxFDO6xO0r6ap2Txag==/split_config.in.apk:/data/app/~~OsBMyaSYPyVe64cE87dNOQ==/com.motorola.moto-XaZ9fxFDO6xO0r6ap2Txag==/split_config.xhdpi.apk. target_sdk_version=35, uses_libraries=, library_path=/data/app/~~OsBMyaSYPyVe64cE87dNOQ==/com.motorola.moto-XaZ9fxFDO6xO0r6ap2Txag==/lib/arm64, permitted_path=/data:/mnt/expand:/data/user/0/com.motorola.moto
03-16 09:21:43.774  9059  9059 D CompatChangeReporter: Compat change id reported: 202956589; UID 10194; state: ENABLED
03-16 09:21:43.779  1379  1379 E SurfaceFlinger: Out of order buffers detected for RequestedLayerState{com.motorola.launcher3/com.android.launcher3.CustomizationPanelLauncher#199729 parentId=189046} producedId=117 frameNumber=138 -> producedId=117 frameNumber=50
03-16 09:21:43.791  9059  9059 V GraphicsEnvironment: Currently set values for:
03-16 09:21:43.791  9059  9059 V GraphicsEnvironment:   angle_gl_driver_selection_pkgs=[]
03-16 09:21:43.791  9059  9059 V GraphicsEnvironment:   angle_gl_driver_selection_values=[]
03-16 09:21:43.792  9059  9059 V GraphicsEnvironment: Global.Settings values are invalid: number of packages: 0, number of values: 0
03-16 09:21:43.792  9059  9059 V GraphicsEnvironment: Neither updatable production driver nor prerelease driver is supported.
03-16 09:21:43.796 28114 28195 I TRuntime.CctTransportBackend: Making request to: https://firebaselogging-pa.googleapis.com/v1/firelog/legacy/batchlog
03-16 09:21:43.807  9059  9059 W MM.MotoApp: isRunningInMotoProcess = true, processName = com.motorola.moto
03-16 09:21:43.807  9059  9059 W MM.MotoApp: isRunningInMotoProcess = true, processName = com.motorola.moto
03-16 09:21:43.813  1311  3759 E ANDR-PERF-LM: VmRssMeter:: start() 453: Could not find pid, can not collect vmrss data
03-16 09:21:43.813  1311  3759 E ANDR-PERF-LM: AdaptiveLaunch: writeToDataBase() 64: Meter aborted or could not get meter data for this run
03-16 09:21:43.823  1311  3758 E ANDR-PERF-LM: VmRssMeter:: start() 453: Could not find pid, can not collect vmrss data
03-16 09:21:43.837  1997  3527 V GrammaticalInflectionUtils: AttributionSource: android.content.AttributionSource@c32dec06 does not have READ_SYSTEM_GRAMMATICAL_GENDER permission.
03-16 09:21:43.848  1168  1168 D Zygote  : Forked child process 9092
03-16 09:21:43.849  1997  2200 I ActivityManager: Start proc 9092:com.motorola.securityhub/u0a298 for content provider {com.motorola.securityhub/com.motorola.securityhub.provider.SecurityHubProvider}
03-16 09:21:43.866  9092  9092 I ola.securityhub: Using CollectorTypeCC GC.
03-16 09:21:43.870  9092  9092 D nativeloader: Load libframework-connectivity-tiramisu-jni.so using APEX ns com_android_tethering for caller /apex/com.android.tethering/javalib/framework-connectivity-t.jar: ok
03-16 09:21:43.878  1997  3527 I ActivityManager: Killing 7447:com.google.android.apps.magazines/u0a403 (adj 915, setSvc -10000): empty #31
03-16 09:21:43.880  4654 18400 D ForegroundUtils: Foreground UID status: 10195, true; 10199, false; 10224, false; 10231, false; 10243, false; 10250, true; 10268, true; 10286, true; 10289, false; 10317, true; 10331, true; 10335, false; 10341, false; 10370, false; 10385, false; 10407, false; 10447, false; 
03-16 09:21:43.901  9092  9092 D nativeloader: Configuring clns-7 for other apk /system/framework/moto-settings.jar. target_sdk_version=36, uses_libraries=ALL, library_path=/data/app/~~u3szGDj3TJroGl-qIYut-w==/com.motorola.securityhub-9isoDCyuFbv8-Tcn_F4Nmg==/lib/arm64:/data/app/~~u3szGDj3TJroGl-qIYut-w==/com.motorola.securityhub-9isoDCyuFbv8-Tcn_F4Nmg==/base.apk!/lib/arm64-v8a:/data/app/~~u3szGDj3TJroGl-qIYut-w==/com.motorola.securityhub-9isoDCyuFbv8-Tcn_F4Nmg==/split_config.arm64_v8a.apk!/lib/arm64-v8a:/data/app/~~u3szGDj3TJroGl-qIYut-w==/com.motorola.securityhub-9isoDCyuFbv8-Tcn_F4Nmg==/split_config.en.apk!/lib/arm64-v8a:/data/app/~~u3szGDj3TJroGl-qIYut-w==/com.motorola.securityhub-9isoDCyuFbv8-Tcn_F4Nmg==/split_config.in.apk!/lib/arm64-v8a:/data/app/~~u3szGDj3TJroGl-qIYut-w==/com.motorola.securityhub-9isoDCyuFbv8-Tcn_F4Nmg==/split_config.xhdpi.apk!/lib/arm64-v8a, permitted_path=/data:/mnt/expand:/data/user/0/com.motorola.securityhub
03-16 09:21:43.901  9092  9092 D nativeloader: Extending system_exposed_libraries: libbinauralrenderer_wrapper.qti.so:libhoaeffects.qti.so:libjni_helper.motocameradesktop.so:libimgTuner_jni.motoimagetuner.so:libupdateprof.qti.so:libdiag_system.qti.so:libqape.qti.so:libqesdk_ndk_platform.qti.so:liblistenjni.qti.so
03-16 09:21:43.908  9092  9092 D nativeloader: Configuring clns-8 for other apk /system/framework/moto-enterprise-internal.jar. target_sdk_version=36, uses_libraries=ALL, library_path=/data/app/~~u3szGDj3TJroGl-qIYut-w==/com.motorola.securityhub-9isoDCyuFbv8-Tcn_F4Nmg==/lib/arm64:/data/app/~~u3szGDj3TJroGl-qIYut-w==/com.motorola.securityhub-9isoDCyuFbv8-Tcn_F4Nmg==/base.apk!/lib/arm64-v8a:/data/app/~~u3szGDj3TJroGl-qIYut-w==/com.motorola.securityhub-9isoDCyuFbv8-Tcn_F4Nmg==/split_config.arm64_v8a.apk!/lib/arm64-v8a:/data/app/~~u3szGDj3TJroGl-qIYut-w==/com.motorola.securityhub-9isoDCyuFbv8-Tcn_F4Nmg==/split_config.en.apk!/lib/arm64-v8a:/data/app/~~u3szGDj3TJroGl-qIYut-w==/com.motorola.securityhub-9isoDCyuFbv8-Tcn_F4Nmg==/split_config.in.apk!/lib/arm64-v8a:/data/app/~~u3szGDj3TJroGl-qIYut-w==/com.motorola.securityhub-9isoDCyuFbv8-Tcn_F4Nmg==/split_config.xhdpi.apk!/lib/arm64-v8a, permitted_path=/data:/mnt/expand:/data/user/0/com.motorola.securityhub
03-16 09:21:43.908  9092  9092 D nativeloader: Extending system_exposed_libraries: libbinauralrenderer_wrapper.qti.so:libhoaeffects.qti.so:libjni_helper.motocameradesktop.so:libimgTuner_jni.motoimagetuner.so:libupdateprof.qti.so:libdiag_system.qti.so:libqape.qti.so:libqesdk_ndk_platform.qti.so:liblistenjni.qti.so
03-16 09:21:43.913  9092  9092 D nativeloader: Configuring clns-9 for other apk /system/framework/moto-checkin.jar. target_sdk_version=36, uses_libraries=ALL, library_path=/data/app/~~u3szGDj3TJroGl-qIYut-w==/com.motorola.securityhub-9isoDCyuFbv8-Tcn_F4Nmg==/lib/arm64:/data/app/~~u3szGDj3TJroGl-qIYut-w==/com.motorola.securityhub-9isoDCyuFbv8-Tcn_F4Nmg==/base.apk!/lib/arm64-v8a:/data/app/~~u3szGDj3TJroGl-qIYut-w==/com.motorola.securityhub-9isoDCyuFbv8-Tcn_F4Nmg==/split_config.arm64_v8a.apk!/lib/arm64-v8a:/data/app/~~u3szGDj3TJroGl-qIYut-w==/com.motorola.securityhub-9isoDCyuFbv8-Tcn_F4Nmg==/split_config.en.apk!/lib/arm64-v8a:/data/app/~~u3szGDj3TJroGl-qIYut-w==/com.motorola.securityhub-9isoDCyuFbv8-Tcn_F4Nmg==/split_config.in.apk!/lib/arm64-v8a:/data/app/~~u3szGDj3TJroGl-qIYut-w==/com.motorola.securityhub-9isoDCyuFbv8-Tcn_F4Nmg==/split_config.xhdpi.apk!/lib/arm64-v8a, permitted_path=/data:/mnt/expand:/data/user/0/com.motorola.securityhub
03-16 09:21:43.913  9092  9092 D nativeloader: Extending system_exposed_libraries: libbinauralrenderer_wrapper.qti.so:libhoaeffects.qti.so:libjni_helper.motocameradesktop.so:libimgTuner_jni.motoimagetuner.so:libupdateprof.qti.so:libdiag_system.qti.so:libqape.qti.so:libqesdk_ndk_platform.qti.so:liblistenjni.qti.so
03-16 09:21:43.915  9092  9092 D ApplicationLoaders: Returning zygote-cached class loader: /system/framework/org.apache.http.legacy.jar
03-16 09:21:43.927  1997  2728 D ConnectivityService: releasing NetworkRequest [ REQUEST id=154038, [ Capabilities: INTERNET&NOT_RESTRICTED&TRUSTED&NOT_VCN_MANAGED&NOT_BANDWIDTH_CONSTRAINED Uid: 10403 RequestorUid: 10403 RequestorPkg: com.google.android.apps.magazines UnderlyingNetworks: Null] ] (release request)
03-16 09:21:43.927  1997  3765 I ActivityManager: appDiedLocked: app=ProcessRecord{fb5b3c5 7447:com.google.android.apps.magazines/u0a403} thread=android.os.BinderProxy@b83664c fromBinderDied=true isKilledByAm=true reason=null
03-16 09:21:43.928  1997  2728 D ConnectivityService: releasing NetworkRequest [ REQUEST id=154036, [ Capabilities: INTERNET&NOT_RESTRICTED&TRUSTED&NOT_VCN_MANAGED&NOT_BANDWIDTH_CONSTRAINED Uid: 10403 RequestorUid: 10403 RequestorPkg: com.google.android.apps.magazines UnderlyingNetworks: Null] ] (release request)
03-16 09:21:43.928   829   829 I hwservicemanager: getTransport: Cannot find entry vendor.qti.hardware.iop@2.0::IIop/default in either framework or device VINTF manifest.
03-16 09:21:43.928  1168  1168 I Zygote  : Process 7447 exited due to signal 9 (Killed)
03-16 09:21:43.929  1997  3765 D RestartModeController: markWaitRestartAppIsSuicided null processName=com.google.android.apps.magazines
03-16 09:21:43.930  1997  2143 D DisplayManagerService: Drop pending events for gone uid 10403
03-16 09:21:43.930  4654 18400 D ForegroundUtils: UID: 10403 deleted.
03-16 09:21:43.932  1997  3765 D ActivityTaskManager: handleAppDied: uid=10403,diedCount=1,lastDiedTime=499070715,forceStopUids=false
03-16 09:21:43.932  1997  2278 I libprocessgroup: Removed cgroup /sys/fs/cgroup/uid_10403/pid_7447
03-16 09:21:43.932  1997  2278 W libprocessgroup: RemoveCgroup: /dev/memcg/apps/uid_10403/pid_7447 does not exist.
03-16 09:21:43.934  1997  2728 D InetDiagMessage: Destroyed 0 sockets, proto=IPPROTO_TCP, family=AF_INET, states=14
03-16 09:21:43.935  9092  9092 W ola.securityhub: Failed to find entry 'classes.dex': Entry not found
03-16 09:21:43.936  1997  2728 D InetDiagMessage: Destroyed 0 sockets, proto=IPPROTO_TCP, family=AF_INET6, states=14
03-16 09:21:43.936  1997  2728 D InetDiagMessage: Destroyed live tcp sockets for uids={10403} in 4ms
03-16 09:21:43.936  9092  9092 W ola.securityhub: Failed to find entry 'classes.dex': Entry not found
03-16 09:21:43.938  1997  2728 D InetDiagMessage: Destroyed 0 sockets, proto=IPPROTO_TCP, family=AF_INET, states=14
03-16 09:21:43.938  9092  9092 W ola.securityhub: Failed to find entry 'classes.dex': Entry not found
03-16 09:21:43.938  1997  2728 D InetDiagMessage: Destroyed 0 sockets, proto=IPPROTO_TCP, family=AF_INET6, states=14
03-16 09:21:43.938  1997  2728 D InetDiagMessage: Destroyed live tcp sockets for uids={20403} in 2ms
03-16 09:21:43.939  9092  9092 W ola.securityhub: Failed to find entry 'classes.dex': Entry not found
03-16 09:21:43.940  9092  9092 D nativeloader: Configuring clns-10 for other apk /data/app/~~u3szGDj3TJroGl-qIYut-w==/com.motorola.securityhub-9isoDCyuFbv8-Tcn_F4Nmg==/base.apk:/data/app/~~u3szGDj3TJroGl-qIYut-w==/com.motorola.securityhub-9isoDCyuFbv8-Tcn_F4Nmg==/split_config.arm64_v8a.apk:/data/app/~~u3szGDj3TJroGl-qIYut-w==/com.motorola.securityhub-9isoDCyuFbv8-Tcn_F4Nmg==/split_config.en.apk:/data/app/~~u3szGDj3TJroGl-qIYut-w==/com.motorola.securityhub-9isoDCyuFbv8-Tcn_F4Nmg==/split_config.in.apk:/data/app/~~u3szGDj3TJroGl-qIYut-w==/com.motorola.securityhub-9isoDCyuFbv8-Tcn_F4Nmg==/split_config.xhdpi.apk. target_sdk_version=36, uses_libraries=, library_path=/data/app/~~u3szGDj3TJroGl-qIYut-w==/com.motorola.securityhub-9isoDCyuFbv8-Tcn_F4Nmg==/lib/arm64:/data/app/~~u3szGDj3TJroGl-qIYut-w==/com.motorola.securityhub-9isoDCyuFbv8-Tcn_F4Nmg==/base.apk!/lib/arm64-v8a:/data/app/~~u3szGDj3TJroGl-qIYut-w==/com.motorola.securityhub-9isoDCyuFbv8-Tcn_F4Nmg==/split_config.arm64_v8a.apk!/lib/arm64-v8a:/data/app/~~u3szGDj3TJroGl-qIYut-w==/com.motorola.securityhub-9i
03-16 09:21:43.958  9092  9092 V GraphicsEnvironment: Currently set values for:
03-16 09:21:43.958  9092  9092 V GraphicsEnvironment:   angle_gl_driver_selection_pkgs=[]
03-16 09:21:43.958  9092  9092 V GraphicsEnvironment:   angle_gl_driver_selection_values=[]
03-16 09:21:43.958  9092  9092 V GraphicsEnvironment: Global.Settings values are invalid: number of packages: 0, number of values: 0
03-16 09:21:43.958  9092  9092 V GraphicsEnvironment: Neither updatable production driver nor prerelease driver is supported.
03-16 09:21:43.968  9092  9092 I MultiDex: VM with version 2.1.0 has multidex support
03-16 09:21:43.968  9092  9092 I MultiDex: Installing application
03-16 09:21:43.968  9092  9092 I MultiDex: VM has multidex support, MultiDex support library is disabled.
03-16 09:21:43.968  9092  9092 D SecurityHubProvider: onCreate
03-16 09:21:43.969  9092  9092 D SecurityHubProvider: uri: com.motorola.securityhub.provider path: v4/families code: 1
03-16 09:21:43.969  9092  9092 D SecurityHubProvider: uri: com.motorola.securityhub.provider path: v4/features code: 2
03-16 09:21:43.969  9092  9092 D SecurityHubProvider: uri: com.motorola.securityhub.provider path: v5/families code: 11
03-16 09:21:43.969  9092  9092 D SecurityHubProvider: uri: com.motorola.securityhub.provider path: v5/features code: 21
03-16 09:21:43.993  9092  9092 D MotoSecure>>: SecureLockProvider - migration already done
03-16 09:21:44.014  9092  9092 I Typeface: updateThemeFont new=Exo2-Regular;old=sans-serif;new=Exo2-Stacked;old=
03-16 09:21:44.015  9092  9104 D SecurityHubProvider: query - uri = content://com.motorola.securityhub.provider/v5/families
03-16 09:21:44.015  9092  9104 D MotoSecure>>: SecurityHubProvider - query - match = FAMILIES_V5
03-16 09:21:44.015  1997  3527 I ActivityManager: Flag disabled. Ignoring finishAttachApplication from uid: 10298. pid: 9092
03-16 09:21:44.018  9092  9104 D SecurityHubProvider: query - uri = content://com.motorola.securityhub.provider/v5/families
03-16 09:21:44.018  9092  9104 D MotoSecure>>: SecurityHubProvider - query - match = FAMILIES_V5
03-16 09:21:44.023  9059  9059 E ActivityThread: Failed to find provider info for com.motorola.securevault.provider
03-16 09:21:44.031  9059  9059 E MM.MotoApp: PackageManager.NameNotFoundException: com.motorola.motofpstouch
03-16 09:21:44.031  9059  9059 E MM.MotoApp: PackageManager.NameNotFoundException: com.motorola.motoedgeassistant
03-16 09:21:44.032  9059  9059 E MM.MotoApp: PackageManager.NameNotFoundException: com.motorola.motowaves
03-16 09:21:44.033  1997  3527 V GrammaticalInflectionUtils: AttributionSource: android.content.AttributionSource@d0d4b0fe does not have READ_SYSTEM_GRAMMATICAL_GENDER permission.
03-16 09:21:44.048  1168  1168 D Zygote  : Forked child process 9108
03-16 09:21:44.048  1997  2200 I ActivityManager: Start proc 9108:com.motorola.personalize/u0a306 for content provider {com.motorola.personalize/com.motorola.personalize.provider.StylesMotoAppProvider}
03-16 09:21:44.066  9108  9108 I ola.personalize: Using CollectorTypeCC GC.
03-16 09:21:44.077  9108  9108 D nativeloader: Load libframework-connectivity-tiramisu-jni.so using APEX ns com_android_tethering for caller /apex/com.android.tethering/javalib/framework-connectivity-t.jar: ok
03-16 09:21:44.089  1997  3527 I ActivityManager: Killing 7593:com.google.android.apps.wellbeing/u0a223 (adj 920, setSvc -10000): empty #31
03-16 09:21:44.091  4654 18400 D ForegroundUtils: Foreground UID status: 10195, true; 10199, false; 10224, false; 10231, false; 10243, false; 10250, true; 10268, true; 10286, true; 10289, false; 10317, true; 10331, true; 10335, false; 10341, false; 10370, false; 10385, false; 10407, false; 10447, false; 
03-16 09:21:44.095  9108  9108 D CompatChangeReporter: Compat change id reported: 242716250; UID 10306; state: ENABLED
03-16 09:21:44.114  1997  3765 I ActivityManager: appDiedLocked: app=ProcessRecord{360c57b 7593:com.google.android.apps.wellbeing/u0a223} thread=android.os.BinderProxy@e934268 fromBinderDied=true isKilledByAm=true reason=null
03-16 09:21:44.114   829   829 I hwservicemanager: getTransport: Cannot find entry vendor.qti.hardware.iop@2.0::IIop/default in either framework or device VINTF manifest.
03-16 09:21:44.115  1168  1168 I Zygote  : Process 7593 exited due to signal 9 (Killed)
03-16 09:21:44.115  1282  1282 I QTI PowerHAL: Power setBoost: 0, duration: 0
03-16 09:21:44.115  1997  2278 I libprocessgroup: Removed cgroup /sys/fs/cgroup/uid_10223/pid_7593
03-16 09:21:44.115  1997  2278 W libprocessgroup: RemoveCgroup: /dev/memcg/apps/uid_10223/pid_7593 does not exist.
03-16 09:21:44.116  9108  9108 D nativeloader: Configuring clns-shared-7 for other apk /system/framework/moto-checkin.jar. target_sdk_version=34, uses_libraries=ALL, library_path=/system_ext/priv-app/Personalize/lib/arm64:/system/lib64:/system_ext/lib64, permitted_path=/data:/mnt/expand:/data/user/0/com.motorola.personalize:/system_ext/priv-app/Personalize:/system/lib64:/system_ext/lib64
03-16 09:21:44.116  9108  9108 D nativeloader: Extending system_exposed_libraries: libbinauralrenderer_wrapper.qti.so:libhoaeffects.qti.so:libjni_helper.motocameradesktop.so:libimgTuner_jni.motoimagetuner.so:libupdateprof.qti.so:libdiag_system.qti.so:libqape.qti.so:libqesdk_ndk_platform.qti.so:liblistenjni.qti.so
03-16 09:21:44.116  1997  3765 W ActivityManager: Scheduling restart of crashed service com.google.android.apps.wellbeing/.screen.ui.GrayscaleTileService in 1000ms for connection
03-16 09:21:44.118  1997  3765 D RestartModeController: markWaitRestartAppIsSuicided null processName=com.google.android.apps.wellbeing
03-16 09:21:44.118  1997  3765 D ActivityTaskManager: handleAppDied: uid=10223,diedCount=1,lastDiedTime=515954766,forceStopUids=false
03-16 09:21:44.119  4654 18400 D ForegroundUtils: UID: 10223 deleted.
03-16 09:21:44.119  1997  2143 D DisplayManagerService: Drop pending events for gone uid 10223
03-16 09:21:44.121  1997  3765 D FileUtils: Rounded bytes from 7856328704 to 8000000000
03-16 09:21:44.122  9108  9108 D nativeloader: Configuring clns-shared-8 for other apk /system/framework/moto-core_services.jar. target_sdk_version=34, uses_libraries=ALL, library_path=/system_ext/priv-app/Personalize/lib/arm64:/system/lib64:/system_ext/lib64, permitted_path=/data:/mnt/expand:/data/user/0/com.motorola.personalize:/system_ext/priv-app/Personalize:/system/lib64:/system_ext/lib64
03-16 09:21:44.122  9108  9108 D nativeloader: Extending system_exposed_libraries: libbinauralrenderer_wrapper.qti.so:libhoaeffects.qti.so:libjni_helper.motocameradesktop.so:libimgTuner_jni.motoimagetuner.so:libupdateprof.qti.so:libdiag_system.qti.so:libqape.qti.so:libqesdk_ndk_platform.qti.so:liblistenjni.qti.so
03-16 09:21:44.128  9108  9108 D nativeloader: Configuring clns-shared-9 for other apk /system/framework/moto-settings.jar. target_sdk_version=34, uses_libraries=ALL, library_path=/system_ext/priv-app/Personalize/lib/arm64:/system/lib64:/system_ext/lib64, permitted_path=/data:/mnt/expand:/data/user/0/com.motorola.personalize:/system_ext/priv-app/Personalize:/system/lib64:/system_ext/lib64
03-16 09:21:44.128  9108  9108 D nativeloader: Extending system_exposed_libraries: libbinauralrenderer_wrapper.qti.so:libhoaeffects.qti.so:libjni_helper.motocameradesktop.so:libimgTuner_jni.motoimagetuner.so:libupdateprof.qti.so:libdiag_system.qti.so:libqape.qti.so:libqesdk_ndk_platform.qti.so:liblistenjni.qti.so
03-16 09:21:44.130  9108  9108 D ApplicationLoaders: Returning zygote-cached class loader: /system_ext/framework/androidx.window.extensions.jar
03-16 09:21:44.130  9108  9108 D ApplicationLoaders: Returning zygote-cached class loader: /system_ext/framework/androidx.window.sidecar.jar
03-16 09:21:44.137  9108  9108 D nativeloader: Configuring clns-shared-10 for other apk /system_ext/priv-app/Personalize/Personalize.apk. target_sdk_version=34, uses_libraries=, library_path=/system_ext/priv-app/Personalize/lib/arm64:/system/lib64:/system_ext/lib64, permitted_path=/data:/mnt/expand:/data/user/0/com.motorola.personalize:/system_ext/priv-app/Personalize:/system/lib64:/system_ext/lib64
03-16 09:21:44.158  9108  9108 V GraphicsEnvironment: Currently set values for:
03-16 09:21:44.159  9108  9108 V GraphicsEnvironment:   angle_gl_driver_selection_pkgs=[]
03-16 09:21:44.159  9108  9108 V GraphicsEnvironment:   angle_gl_driver_selection_values=[]
03-16 09:21:44.159  9108  9108 V GraphicsEnvironment: Global.Settings values are invalid: number of packages: 0, number of values: 0
03-16 09:21:44.159  9108  9108 V GraphicsEnvironment: Neither updatable production driver nor prerelease driver is supported.
03-16 09:21:44.161  1997  4804 E PersistenceController: SettingNotFoundException: sv_custom_ai_icon_enabled
03-16 09:21:44.161  1997  3765 W PackageManager: Missing required system package: com.posandroid, but found with extended search.
03-16 09:21:44.162  1997  3765 D ActivityTaskManager: getPreferredLaunchDisplay userset_displayid true user set display id 0, current focus display 0
03-16 09:21:44.162  1997  3765 I SettingsAccessControlPolicy: isDeviceSettingsChangeDisabled: value -> false
03-16 09:21:44.164  1997  3765 W OptProp : Cannot read opt property android.window.PROPERTY_COMPAT_ALLOW_ORIENTATION_OVERRIDE
03-16 09:21:44.164  1997  3765 V GrammaticalInflectionUtils: AttributionSource: android.content.AttributionSource@1877283e does not have READ_SYSTEM_GRAMMATICAL_GENDER permission.
03-16 09:21:44.165  1997  3765 W OptProp : Cannot read opt property android.window.PROPERTY_COMPAT_ALLOW_RESIZEABLE_ACTIVITY_OVERRIDES
03-16 09:21:44.166  1997  3765 W OptProp : Cannot read opt property android.window.PROPERTY_COMPAT_ALLOW_MIN_ASPECT_RATIO_OVERRIDE
03-16 09:21:44.166  1997  3765 D ActivityTaskManager: getPreferredLaunchDisplay userset_displayid true user set display id 0, current focus display 0
03-16 09:21:44.166  1997  3765 D ActivityTaskManager: getPreferredLaunchDisplay userset_displayid true user set display id 0, current focus display 0
03-16 09:21:44.167  1379  1379 E SurfaceFlinger: Out of order buffers detected for RequestedLayerState{com.motorola.launcher3/com.android.launcher3.CustomizationPanelLauncher#199729 parentId=189046} producedId=117 frameNumber=138 -> producedId=117 frameNumber=51
03-16 09:21:44.168  1311  1404 E ANDR-PERF-LM: MetaMeter: handleAsync() 166: AdaptLaunch Invalid Async
03-16 09:21:44.168  1997  3765 D ActivityTaskManager: getPreferredLaunchDisplay userset_displayid true user set display id 0, current focus display 0
03-16 09:21:44.168  1997  3765 D ActivityTaskManager: getPreferredLaunchDisplay userset_displayid true user set display id 0, current focus display 0
03-16 09:21:44.168  1997  3765 D ActivityTaskManager: getPreferredLaunchDisplay userset_displayid true user set display id 0, current focus display 0
03-16 09:21:44.168  1997  3765 D ActivityTaskManager: getPreferredLaunchDisplay userset_displayid true user set display id 0, current focus display 0
03-16 09:21:44.168  1311  1404 E ANDR-PERF-LM: MetaMeter: handleAsync() 166: AdaptLaunch Invalid Async
03-16 09:21:44.169  1997  3765 D ActivityTaskManager: sendShowDecorCaptionWindow Task is not organized Task{cd6a9bd #1146 type=undefined}
03-16 09:21:44.169  1997  3765 D ActivityTaskManager: sendShowDecorCaptionWindow Task is not organized Task{cd6a9bd #1146 type=undefined}
03-16 09:21:44.172  1997  3765 D ActivityTaskManager: getPreferredLaunchDisplay userset_displayid true user set display id 0, current focus display 0
03-16 09:21:44.172  1997  3765 D ActivityTaskManager: getPreferredLaunchDisplay userset_displayid true user set display id 0, current focus display 0
03-16 09:21:44.172  1997  3765 D ActivityTaskManager: layoutTask::ignore force freeform on game mode because of force-fullscreen flag
03-16 09:21:44.175  1997  3765 D PowerManagerService: nativeSetPowerMode ret:true mode:5 enabled:true duration ms: 1
03-16 09:21:44.175  1282  1282 I QTI PowerHAL: Power setMode: 5 to: 1
03-16 09:21:44.176  1311  1311 E ANDR-PERF-REQUEST: Qindx 137 is  not supported
03-16 09:21:44.176  1311  1311 E ANDR-PERF-REQUEST: invalid request
03-16 09:21:44.176  1311  1311 E ANDR-PERF-MPCTL: invalid request, no optimizations performed
03-16 09:21:44.176  1282  1282 E QTI PowerHAL: Can't perform app launch hint
03-16 09:21:44.179  1997  3765 D ActivityTrigger: ActivityTrigger activityPauseTrigger 
03-16 09:21:44.182  1997  3765 I ActivityTaskManager: START u0 {act=android.intent.action.MAIN cat=[android.intent.category.LAUNCHER] flg=0x10200000 cmp=com.posandroid/.MainActivity bnds=[360,870][534,1129]} with LAUNCH_SINGLE_TASK from uid 10286 (startActivityAsUser) (BAL_ALLOW_VISIBLE_WINDOW) result code=0
03-16 09:21:44.182  2843  2941 V WindowManagerShell: Transition requested (#15424): android.os.BinderProxy@fbfd044 TransitionRequestInfo { type = OPEN, triggerTask = TaskInfo{userId=0 taskId=1146 displayId=0 isRunning=true baseIntent=Intent { act=android.intent.action.MAIN cat=[android.intent.category.LAUNCHER] flg=0x10200000 cmp=com.posandroid/.MainActivity } baseActivity=ComponentInfo{com.posandroid/com.posandroid.MainActivity} topActivity=ComponentInfo{com.posandroid/com.posandroid.MainActivity} origActivity=null realActivity=ComponentInfo{com.posandroid/com.posandroid.MainActivity} numActivities=1 lastActiveTime=746252559 supportsMultiWindow=true supportsGlobalFreeform=true resizeMode=1 isResizeable=true isAppLocked=false isShowDecorCaptionWindowRequest=false canKillAndRestart=false minWidth=-1 minHeight=-1 defaultMinSize=200 token=WCT{android.window.IWindowContainerToken$Stub$Proxy@eb8952d} topActivityType=1 pictureInPictureParams=null shouldDockBigOverlays=false launchIntoPipHostTaskId=-1 lastParentTaskIdBeforePip=-1 displayCutoutSafeInsets=Rect(0, 77 - 0, 0) topActivityInfo=ActivityInfo{fd96a62 com.posandroid.MainActivity} launchCookies=[android.os.BinderProxy@7c857f3] positionInParent=Point(0, 0) parentTaskId=-1 isFocused=false isVisible=false isVisibleRequested=false isSleeping=false locusId=null displayAreaFeatureId=1 isTopActivityTransparent=false appCompatTaskInfo=AppCompatTaskInfo { topActivityInSizeCompat=false topActivityEligibleForLetterboxEducation= falseisLetterboxEducationEnabled= false isLetterboxDoubleTapEnabled= false topActivityEligibleForUserAspectRatioButton= false topActivityBoundsLetterboxed= false isFromLetterboxDoubleTap= false topActivityLetterboxVerticalPosition= -1 topActivityLetterboxHorizontalPosition= -1 topActivityLetterboxWidth=720 topActivityLetterboxHeight=1600 isUserFullscreenOverrideEnabled=false isSystemFullscreenOverrideEnabled=false cameraCompatTaskInfo=CameraCompatTaskInfo { cameraCompatControlState=hidden freeformCameraCompatMode=inactive}}}, pipTask = null, remoteTransition = RemoteTransition { remoteTransition = android.window.IRemoteTransition$Stub$Proxy@7b65729, appThread = android.app.IApplicationThread$Stub$Proxy@9e7caae, debugName = QuickstepLaunch }, displayChange = null, flags = 0, debugId = 15424 }
03-16 09:21:44.182  2843  2941 V WindowManagerShell: RemoteTransition directly requested for (#15424) android.os.BinderProxy@fbfd044: RemoteTransition { remoteTransition = android.window.IRemoteTransition$Stub$Proxy@7b65729, appThread = android.app.IApplicationThread$Stub$Proxy@9e7caae, debugName = QuickstepLaunch }
03-16 09:21:44.183  1997  5025 E PersistenceController: SettingNotFoundException: sv_custom_ai_icon_enabled
03-16 09:21:44.183 19301 19301 D StatsLog: LAUNCHER_APP_LAUNCH_TAP
03-16 09:21:44.188  2843  2941 D WindowManagerShell: setLauncherKeepClearAreaHeight: visible=false, height=121
03-16 09:21:44.188 19301 19461 D QuickstepModelDelegate: notifyAppTargetEvent action=1 launchLocation=workspace/0/[2,3]/[1,1]
03-16 09:21:44.189  1311  1404 W ANDR-PERF-LM: MetaMeter: handlePrimaryAsync() 118: AdaptLaunch MetaMeter. No MeterMgr Available to handle this Primary Async. !!!!
03-16 09:21:44.189  1311  1404 W ANDR-PERF-LM: MetaMeter: handlePrimaryAsync() 118: AdaptLaunch MetaMeter. No MeterMgr Available to handle this Primary Async. !!!!
03-16 09:21:44.190  1379  1379 E SurfaceFlinger: Out of order buffers detected for RequestedLayerState{com.motorola.launcher3/com.android.launcher3.CustomizationPanelLauncher#199729 parentId=189046} producedId=117 frameNumber=138 -> producedId=117 frameNumber=52
03-16 09:21:44.190  1379  1379 I BpBinder: onLastStrongRef automatically unlinking death recipients: 
03-16 09:21:44.193 19301 19301 I TopTaskTracker: onTaskMovedToFront: (moved taskInfo to front) taskId=1146, baseIntent=Intent { act=android.intent.action.MAIN cat=[android.intent.category.LAUNCHER] flg=0x10200000 cmp=com.posandroid/.MainActivity }
03-16 09:21:44.193  1997  2147 V GrammaticalInflectionUtils: AttributionSource: android.content.AttributionSource@1877283e does not have READ_SYSTEM_GRAMMATICAL_GENDER permission.
03-16 09:21:44.194  9220  9257 D GameMode: isScreenUnlocked: true
03-16 09:21:44.201  1379  1379 E SurfaceFlinger: Out of order buffers detected for RequestedLayerState{com.motorola.launcher3/com.android.launcher3.CustomizationPanelLauncher#199729 parentId=189046} producedId=117 frameNumber=138 -> producedId=117 frameNumber=53
03-16 09:21:44.205  1997  3755 D CoreBackPreview: Window{f4924b9 u0 Splash Screen com.posandroid}: Setting back callback OnBackInvokedCallbackInfo{mCallback=android.window.IOnBackInvokedCallback$Stub$Proxy@dce5375, mPriority=0, mIsAnimationCallback=false}
03-16 09:21:44.212  1379  1379 E SurfaceFlinger: Out of order buffers detected for RequestedLayerState{com.motorola.launcher3/com.android.launcher3.CustomizationPanelLauncher#199729 parentId=189046} producedId=117 frameNumber=138 -> producedId=117 frameNumber=54
03-16 09:21:44.213  1168  1168 D Zygote  : Forked child process 9126
03-16 09:21:44.214  2843  2952 W libc    : Access denied finding property "vendor.display.enable_optimal_refresh_rate"
03-16 09:21:44.214  1311  1404 E ANDR-PERF-LM: MetaMeter: handleAsync() 166: AdaptLaunch Invalid Async
03-16 09:21:44.212  2843  2843 W ll.splashscreen: type=1400 audit(0.0:211688): avc:  denied  { read } for  name="u:object_r:vendor_display_prop:s0" dev="tmpfs" ino=13392 scontext=u:r:platform_app:s0:c512,c768 tcontext=u:object_r:vendor_display_prop:s0 tclass=file permissive=0 app=com.android.systemui
03-16 09:21:44.216  1997  2200 I ActivityManager: Start proc 9126:com.posandroid/u0a498 for next-top-activity {com.posandroid/com.posandroid.MainActivity}
03-16 09:21:44.223  1379  1379 E SurfaceFlinger: Out of order buffers detected for RequestedLayerState{com.motorola.launcher3/com.android.launcher3.CustomizationPanelLauncher#199729 parentId=189046} producedId=117 frameNumber=138 -> producedId=117 frameNumber=55
03-16 09:21:44.224  4654 18400 D ForegroundUtils: Foreground UID status: 10195, true; 10199, false; 10224, false; 10231, false; 10243, false; 10250, true; 10268, true; 10286, true; 10289, false; 10317, true; 10331, true; 10335, false; 10341, false; 10370, false; 10385, false; 10407, false; 10447, false; 
03-16 09:21:44.227  1997  2142 V WindowManager: Sent Transition (#15424) createdAt=03-16 09:21:44.166 via request=TransitionRequestInfo { type = OPEN, triggerTask = TaskInfo{userId=0 taskId=1146 displayId=0 isRunning=true baseIntent=Intent { act=android.intent.action.MAIN cat=[android.intent.category.LAUNCHER] flg=0x10200000 cmp=com.posandroid/.MainActivity } baseActivity=ComponentInfo{com.posandroid/com.posandroid.MainActivity} topActivity=ComponentInfo{com.posandroid/com.posandroid.MainActivity} origActivity=null realActivity=ComponentInfo{com.posandroid/com.posandroid.MainActivity} numActivities=1 lastActiveTime=746252559 supportsMultiWindow=true supportsGlobalFreeform=true resizeMode=1 isResizeable=true isAppLocked=false isShowDecorCaptionWindowRequest=false canKillAndRestart=true minWidth=-1 minHeight=-1 defaultMinSize=200 token=WCT{RemoteToken{2e261d6 Task{cd6a9bd #1146 type=standard A=10498:com.posandroid}}} topActivityType=1 pictureInPictureParams=null shouldDockBigOverlays=false launchIntoPipHostTaskId=-1 lastParentTaskIdBeforePip=-1 displayCutoutSafeInsets=Rect(0, 77 - 0, 0) topActivityInfo=ActivityInfo{6fcf344 com.posandroid.MainActivity} launchCookies=[android.os.BinderProxy@66a7c2d] positionInParent=Point(0, 0) parentTaskId=-1 isFocused=false isVisible=false isVisibleRequested=false isSleeping=false locusId=null displayAreaFeatureId=1 isTopActivityTransparent=false appCompatTaskInfo=AppCompatTaskInfo { topActivityInSizeCompat=false topActivityEligibleForLetterboxEducation= falseisLetterboxEducationEnabled= false isLetterboxDoubleTapEnabled= false topActivityEligibleForUserAspectRatioButton= false topActivityBoundsLetterboxed= false isFromLetterboxDoubleTap= false topActivityLetterboxVerticalPosition= -1 topActivityLetterboxHorizontalPosition= -1 topActivityLetterboxWidth=720 topActivityLetterboxHeight=1600 isUserFullscreenOverrideEnabled=false isSystemFullscreenOverrideEnabled=false cameraCompatTaskInfo=CameraCompatTaskInfo { cameraCompatControlState=hidden freeformCameraCompatMode=inactive}}}, pipTask = null, remoteTransition = RemoteTransition { remoteTransition = android.window.IRemoteTransition$Stub$Proxy@2b616f3, appThread = android.app.IApplicationThread$Stub$Proxy@577ffb0, debugName = QuickstepLaunch }, displayChange = null, flags = 0, debugId = 15424 }
03-16 09:21:44.227  1997  2142 V WindowManager:     startWCT=WindowContainerTransaction { changes = {} hops = [] errorCallbackToken=null taskFragmentOrganizer=null }
03-16 09:21:44.228  1997  2142 V WindowManager:     info={id=15424 t=OPEN f=0x0 trk=0 r=[0@Point(0, 0)] c=[
03-16 09:21:44.228  1997  2142 V WindowManager:         {WCT{RemoteToken{2e261d6 Task{cd6a9bd #1146 type=standard A=10498:com.posandroid}}} m=OPEN f=NONE pTaskId=-1 leash=Surface(name=Task=1146)/@0xf501598 sb=Rect(0, 0 - 720, 1600) eb=Rect(0, 0 - 720, 1600) d=0 taskParent=-1},
03-16 09:21:44.228  1997  2142 V WindowManager:         {WCT{RemoteToken{92802e4 Task{6c753f1 #1 type=undefined}}} m=TO_BACK f=SHOW_WALLPAPER pTaskId=-1 leash=Surface(name=Task=1)/@0x9e81095 sb=Rect(0, 0 - 720, 1600) eb=Rect(0, 0 - 720, 1600) d=0 taskParent=-1}
03-16 09:21:44.228  1997  2142 V WindowManager:     ]}
03-16 09:21:44.228  2843  3396 V WindowManagerShell: onTransitionReady(transaction=8577050743061)
03-16 09:21:44.228  2843  2941 V WindowManagerShell: onTransitionReady (#15424) android.os.BinderProxy@fbfd044: {id=15424 t=OPEN f=0x0 trk=0 r=[0@Point(0, 0)] c=[{WCT{android.window.IWindowContainerToken$Stub$Proxy@2e611c5} m=OPEN f=NONE pTaskId=-1 leash=Surface(name=Task=1146)/@0x312380e sb=Rect(0, 0 - 720, 1600) eb=Rect(0, 0 - 720, 1600) d=0 taskParent=-1},{WCT{android.window.IWindowContainerToken$Stub$Proxy@8bdc71a} m=TO_BACK f=SHOW_WALLPAPER pTaskId=-1 leash=Surface(name=Task=1)/@0x4aa522f sb=Rect(0, 0 - 720, 1600) eb=Rect(0, 0 - 720, 1600) d=0 taskParent=-1}]}
03-16 09:21:44.229  2843  2941 V WindowManagerShell: Playing animation for (#15424) android.os.BinderProxy@fbfd044@0
03-16 09:21:44.229  2843  2941 V WindowManagerShell:  try firstHandler com.android.wm.shell.transition.DefaultMixedHandler@ad75e7e
03-16 09:21:44.229  2843  2941 V WindowManagerShell: Mixed transition for opening an intent with a remote transition and PIP #15424
03-16 09:21:44.229  2843  2941 V WindowManagerShell:  Delegate animation for (#15424) to RemoteTransition { remoteTransition = android.window.IRemoteTransition$Stub$Proxy@7b65729, appThread = android.app.IApplicationThread$Stub$Proxy@9e7caae, debugName = QuickstepLaunch }
03-16 09:21:44.232  2843  2941 V WindowManagerShell:  animated by firstHandler
03-16 09:21:44.234  1379  1379 E SurfaceFlinger: Out of order buffers detected for RequestedLayerState{com.motorola.launcher3/com.android.launcher3.CustomizationPanelLauncher#199729 parentId=189046} producedId=117 frameNumber=138 -> producedId=117 frameNumber=56
03-16 09:21:44.235 19301 20394 D LauncherAnimationRunner: onAnimationStart transit : 0
03-16 09:21:44.237 19301 19301 D BaseDepthController: mSurface is null and mCurrentBlur is: 0
03-16 09:21:44.237 19301 19301 D BaseDepthController: mSurface is null and mCurrentBlur is: 0
03-16 09:21:44.243  1997  7375 W UserManagerService: Requested status bar icon for non-badged user 0
03-16 09:21:44.243  9126  9126 I com.posandroid: Using CollectorTypeCC GC.
03-16 09:21:44.245 19301 19301 D BaseDepthController: mSurface is null and mCurrentBlur is: 0
03-16 09:21:44.246  1379  1379 E SurfaceFlinger: Out of order buffers detected for RequestedLayerState{com.motorola.launcher3/com.android.launcher3.CustomizationPanelLauncher#199729 parentId=189046} producedId=117 frameNumber=138 -> producedId=117 frameNumber=57
03-16 09:21:44.251  9126  9126 D nativeloader: Load libframework-connectivity-tiramisu-jni.so using APEX ns com_android_tethering for caller /apex/com.android.tethering/javalib/framework-connectivity-t.jar: ok
03-16 09:21:44.256  1379  1379 E SurfaceFlinger: Out of order buffers detected for RequestedLayerState{com.motorola.launcher3/com.android.launcher3.CustomizationPanelLauncher#199729 parentId=189046} producedId=117 frameNumber=138 -> producedId=117 frameNumber=58
03-16 09:21:44.258  1311  1404 E ANDR-PERF-LM: MetaMeter: handleAsync() 166: AdaptLaunch Invalid Async
03-16 09:21:44.264  4654 18400 D ForegroundUtils: Foreground UID status: 10195, true; 10199, false; 10224, false; 10231, false; 10243, false; 10250, true; 10268, true; 10286, true; 10289, false; 10317, true; 10331, true; 10335, false; 10341, false; 10370, false; 10385, false; 10407, false; 10447, false; 10498, true; 
03-16 09:21:44.266 19301 19301 D BaseDepthController: mSurface is null and mCurrentBlur is: 0
03-16 09:21:44.267  9220  9220 D GameMode: onStartedActivityChange: componnent: ComponentInfo{com.posandroid/com.posandroid.MainActivity} entered launcher screen? true
03-16 09:21:44.267  1997  7375 D ActivityTaskManager: sendShowDecorCaptionWindow Task is not organized Task{8e22723 #56 type=undefined I=com.motorola.launcher3/com.android.launcher3.CustomizationPanelLauncher}
03-16 09:21:44.268  9220  9257 D GameMode: isScreenUnlocked: true
03-16 09:21:44.268  9220  9257 D GameMode: isScreenUnlocked: true
03-16 09:21:44.268  1379  1379 E SurfaceFlinger: Out of order buffers detected for RequestedLayerState{com.motorola.launcher3/com.android.launcher3.CustomizationPanelLauncher#199729 parentId=189046} producedId=117 frameNumber=138 -> producedId=117 frameNumber=59
03-16 09:21:44.271  2843  2941 D WindowManagerShell: onKeepClearAreasChanged: restricted={Rect(2, 1409 - 718, 1566)}, unrestricted={}
03-16 09:21:44.272  9220  9257 D GameMode: isScreenUnlocked: true
03-16 09:21:44.273  9220  9257 D GameMode: isScreenUnlocked: true
03-16 09:21:44.274  9220  9220 D GameMode: exiting game mode
03-16 09:21:44.278  9220  9220 D GameMode: isFeatureSupported: true
03-16 09:21:44.278 19301 19301 D BaseDepthController: mSurface is null and mCurrentBlur is: 0
03-16 09:21:44.279  1379  1379 E SurfaceFlinger: Out of order buffers detected for RequestedLayerState{com.motorola.launcher3/com.android.launcher3.CustomizationPanelLauncher#199729 parentId=189046} producedId=117 frameNumber=138 -> producedId=117 frameNumber=60
03-16 09:21:44.279  9220  9220 D GameMode: isFeatureSupported: true
03-16 09:21:44.281  3023  3023 D GameModeDetector: notifyGameModeStatusValue, value=false
03-16 09:21:44.281  3023  3023 D DaxService: sendGameModeIntent, state=false
03-16 09:21:44.283  9126  9126 D nativeloader: Configuring clns-7 for other apk /data/app/~~9cXgvjzGYcqGxcfB_fLyQw==/com.posandroid-ez8ADl1f5iBbIEfaNRUslw==/base.apk. target_sdk_version=36, uses_libraries=, library_path=/data/app/~~9cXgvjzGYcqGxcfB_fLyQw==/com.posandroid-ez8ADl1f5iBbIEfaNRUslw==/lib/arm64:/data/app/~~9cXgvjzGYcqGxcfB_fLyQw==/com.posandroid-ez8ADl1f5iBbIEfaNRUslw==/base.apk!/lib/arm64-v8a, permitted_path=/data:/mnt/expand:/data/user/0/com.posandroid
03-16 09:21:44.284  9220  9220 D GameMode: isFeatureSupported: true
03-16 09:21:44.288  9018  9041 D MotoDolbyUI: getDeviceType, active device is 0x2
03-16 09:21:44.289  9018  9041 D MotoDolbyUI: getDeviceType, active device is 0x2
03-16 09:21:44.289 19301 19301 D BaseDepthController: mSurface is null and mCurrentBlur is: 0
03-16 09:21:44.290  1379  1379 E SurfaceFlinger: Out of order buffers detected for RequestedLayerState{com.motorola.launcher3/com.android.launcher3.CustomizationPanelLauncher#199729 parentId=189046} producedId=117 frameNumber=138 -> producedId=117 frameNumber=61
03-16 09:21:44.296  9126  9126 V GraphicsEnvironment: Currently set values for:
03-16 09:21:44.296  9126  9126 V GraphicsEnvironment:   angle_gl_driver_selection_pkgs=[]
03-16 09:21:44.296  9126  9126 V GraphicsEnvironment:   angle_gl_driver_selection_values=[]
03-16 09:21:44.296  9126  9126 V GraphicsEnvironment: Global.Settings values are invalid: number of packages: 0, number of values: 0
03-16 09:21:44.296  9126  9126 V GraphicsEnvironment: Neither updatable production driver nor prerelease driver is supported.
03-16 09:21:44.298  1268 29415 D DlbDapEffectContext: DapEffectContext[0xed944000] getDapParameter() outval size = 12, ret = 0
03-16 09:21:44.299  1268 29415 D DlbDapEffectContext: DapEffectContext[0xed944000] getDapParameter() outval size = 12, ret = 0
03-16 09:21:44.299 19301 19301 D BaseDepthController: mSurface is null and mCurrentBlur is: 0
03-16 09:21:44.299  3023 16540 D DolbyAudioEffectHelper: getDolbyStatus enabled=true profile=0
03-16 09:21:44.300  3023 16540 D DolbyProvider: true, profile=0
03-16 09:21:44.301  1379  1379 E SurfaceFlinger: Out of order buffers detected for RequestedLayerState{com.motorola.launcher3/com.android.launcher3.CustomizationPanelLauncher#199729 parentId=189046} producedId=117 frameNumber=138 -> producedId=117 frameNumber=62
03-16 09:21:44.311 19301 19301 D BaseDepthController: mSurface is null and mCurrentBlur is: 0
03-16 09:21:44.311  9126  9126 W SoLoader: Initializing SoLoader: 0
03-16 09:21:44.312  9126  9126 W SoLoader: Recording new base apk path: /data/app/~~9cXgvjzGYcqGxcfB_fLyQw==/com.posandroid-ez8ADl1f5iBbIEfaNRUslw==/base.apk
03-16 09:21:44.312  9126  9126 W SoLoader: Previously recorded 0 base apk paths.
03-16 09:21:44.312  1379  1379 E SurfaceFlinger: Out of order buffers detected for RequestedLayerState{com.motorola.launcher3/com.android.launcher3.CustomizationPanelLauncher#199729 parentId=189046} producedId=117 frameNumber=138 -> producedId=117 frameNumber=63
03-16 09:21:44.312  9126  9126 I SoLoader: Preparing SO source: DirectorySoSource[root = /vendor/lib64 flags = 2]
03-16 09:21:44.313  9126  9126 I SoLoader: Preparing SO source: DirectorySoSource[root = /system/lib64 flags = 2]
03-16 09:21:44.313  9126  9126 I SoLoader: Preparing SO source: DirectApkSoSource[root = [/data/app/~~9cXgvjzGYcqGxcfB_fLyQw==/com.posandroid-ez8ADl1f5iBbIEfaNRUslw==/base.apk!/lib/arm64-v8a]]
03-16 09:21:44.315  9126  9126 I SoLoader: Preparing SO source: ApplicationSoSource[DirectorySoSource[root = /data/app/~~9cXgvjzGYcqGxcfB_fLyQw==/com.posandroid-ez8ADl1f5iBbIEfaNRUslw==/lib/arm64 flags = 0]]
03-16 09:21:44.315  9126  9126 I SoLoader: init finish: 4 SO sources prepared
03-16 09:21:44.315  9126  9126 W SoLoader: SoLoader initialized: 8
03-16 09:21:44.322  9126  9126 D nativeloader: Load /data/app/~~9cXgvjzGYcqGxcfB_fLyQw==/com.posandroid-ez8ADl1f5iBbIEfaNRUslw==/base.apk!/lib/arm64-v8a/libc++_shared.so using class loader ns clns-7 (caller=/data/app/~~9cXgvjzGYcqGxcfB_fLyQw==/com.posandroid-ez8ADl1f5iBbIEfaNRUslw==/base.apk!classes2.dex): ok
03-16 09:21:44.322  1997  3527 V GrammaticalInflectionUtils: AttributionSource: android.content.AttributionSource@b0689d31 does not have READ_SYSTEM_GRAMMATICAL_GENDER permission.
