03-16 09:21:42.707  1997  3740 D ActivityTaskManager: getPreferredLaunchDisplay userset_displayid true user set display id 0, current focus display 0
03-16 09:21:42.713  1997  3740 I SettingsAccessControlPolicy: isDeviceSettingsChangeDisabled: value -> false
03-16 09:21:42.715  1997  3740 W OptProp : Cannot read opt property android.window.PROPERTY_COMPAT_ALLOW_ORIENTATION_OVERRIDE
03-16 09:21:42.717  1997  2721 D WifiStaIfaceHidlImpl: getCachedScanData is not implemented by HIDL
03-16 09:21:42.724  1997  3740 V GrammaticalInflectionUtils: AttributionSource: android.content.AttributionSource@1877283e does not have READ_SYSTEM_GRAMMATICAL_GENDER permission.
03-16 09:21:42.724  1997  3740 W OptProp : Cannot read opt property android.window.PROPERTY_COMPAT_ALLOW_RESIZEABLE_ACTIVITY_OVERRIDES
03-16 09:21:42.724  1997  3740 W OptProp : Cannot read opt property android.window.PROPERTY_COMPAT_ALLOW_MIN_ASPECT_RATIO_OVERRIDE
03-16 09:21:42.725  1997  3740 D ActivityTaskManager: getPreferredLaunchDisplay userset_displayid true user set display id 0, current focus display 0
03-16 09:21:42.725  1997  3740 D ActivityTaskManager: getPreferredLaunchDisplay userset_displayid true user set display id 0, current focus display 0
03-16 09:21:42.726  1997  2721 I HalDevMgr: bestIfaceCreationProposal is null, requestIface=STA, existingIface=[name=wlan0 type=STA]
03-16 09:21:42.728  1997  3740 D ActivityTaskManager: getPreferredLaunchDisplay userset_displayid true user set display id 0, current focus display 0
03-16 09:21:42.728  1997  3740 D ActivityTaskManager: getPreferredLaunchDisplay userset_displayid true user set display id 0, current focus display 0
03-16 09:21:42.728  1311  1404 E ANDR-PERF-LM: MetaMeter: handleAsync() 166: AdaptLaunch Invalid Async
03-16 09:21:42.728  1997  3740 D ActivityTaskManager: getPreferredLaunchDisplay userset_displayid true user set display id 0, current focus display 0
03-16 09:21:42.728  1997  3740 D ActivityTaskManager: getPreferredLaunchDisplay userset_displayid true user set display id 0, current focus display 0
03-16 09:21:42.728  1311  1404 E ANDR-PERF-LM: MetaMeter: handleAsync() 166: AdaptLaunch Invalid Async
03-16 09:21:42.735 18920 19110 I IPCThreadState: oneway function results for code 2 on binder at 0xb400007cbe3593c0 will be dropped but finished with status UNKNOWN_TRANSACTION
03-16 09:21:42.737  1997  3740 D ActivityTaskManager: sendShowDecorCaptionWindow Task is not organized Task{dbe3044 #1145 type=undefined}
03-16 09:21:42.739  1997  3740 D ActivityTaskManager: sendShowDecorCaptionWindow Task is not organized Task{dbe3044 #1145 type=undefined}
03-16 09:21:42.741  1997  3740 D ActivityTaskManager: getPreferredLaunchDisplay userset_displayid true user set display id 0, current focus display 0
03-16 09:21:42.741  1997  3740 D ActivityTaskManager: getPreferredLaunchDisplay userset_displayid true user set display id 0, current focus display 0
03-16 09:21:42.741  1997  3740 D ActivityTaskManager: layoutTask::ignore force freeform on game mode because of force-fullscreen flag
03-16 09:21:42.743 18920 19110 I IPCThreadState: oneway function results for code 2 on binder at 0xb400007cbe359aa0 will be dropped but finished with status UNKNOWN_TRANSACTION
03-16 09:21:42.749  1997  3740 D PowerManagerService: nativeSetPowerMode ret:true mode:5 enabled:true duration ms: 0
03-16 09:21:42.749  1282  1282 I QTI PowerHAL: Power setMode: 5 to: 1
03-16 09:21:42.750  1311  1311 E ANDR-PERF-REQUEST: Qindx 137 is  not supported
03-16 09:21:42.750  1311  1311 E ANDR-PERF-REQUEST: invalid request
03-16 09:21:42.750  1311  1311 E ANDR-PERF-MPCTL: invalid request, no optimizations performed
03-16 09:21:42.750  1282  1282 E QTI PowerHAL: Can't perform app launch hint
03-16 09:21:42.756  1997  3740 D ActivityTrigger: ActivityTrigger activityPauseTrigger 
03-16 09:21:42.758  1997  5025 E PersistenceController: SettingNotFoundException: sv_custom_ai_icon_enabled
03-16 09:21:42.764  1997  3740 I ActivityTaskManager: START u0 {act=android.intent.action.MAIN cat=[android.intent.category.LAUNCHER] flg=0x10200000 cmp=com.posandroid/.MainActivity bnds=[360,870][534,1129]} with LAUNCH_SINGLE_TASK from uid 10286 (startActivityAsUser) (BAL_ALLOW_VISIBLE_WINDOW) result code=0
03-16 09:21:42.765  2843  2941 V WindowManagerShell: Transition requested (#15422): android.os.BinderProxy@49aed9 TransitionRequestInfo { type = OPEN, triggerTask = TaskInfo{userId=0 taskId=1145 displayId=0 isRunning=true baseIntent=Intent { act=android.intent.action.MAIN cat=[android.intent.category.LAUNCHER] flg=0x10200000 cmp=com.posandroid/.MainActivity } baseActivity=ComponentInfo{com.posandroid/com.posandroid.MainActivity} topActivity=ComponentInfo{com.posandroid/com.posandroid.MainActivity} origActivity=null realActivity=ComponentInfo{com.posandroid/com.posandroid.MainActivity} numActivities=1 lastActiveTime=746251143 supportsMultiWindow=true supportsGlobalFreeform=true resizeMode=1 isResizeable=true isAppLocked=false isShowDecorCaptionWindowRequest=false canKillAndRestart=false minWidth=-1 minHeight=-1 defaultMinSize=200 token=WCT{android.window.IWindowContainerToken$Stub$Proxy@77bc09e} topActivityType=1 pictureInPictureParams=null shouldDockBigOverlays=false launchIntoPipHostTaskId=-1 lastParentTaskIdBeforePip=-1 displayCutoutSafeInsets=Rect(0, 77 - 0, 0) topActivityInfo=ActivityInfo{c95577f com.posandroid.MainActivity} launchCookies=[android.os.BinderProxy@779234c] positionInParent=Point(0, 0) parentTaskId=-1 isFocused=false isVisible=false isVisibleRequested=false isSleeping=false locusId=null displayAreaFeatureId=1 isTopActivityTransparent=false appCompatTaskInfo=AppCompatTaskInfo { topActivityInSizeCompat=false topActivityEligibleForLetterboxEducation= falseisLetterboxEducationEnabled= false isLetterboxDoubleTapEnabled= false topActivityEligibleForUserAspectRatioButton= false topActivityBoundsLetterboxed= false isFromLetterboxDoubleTap= false topActivityLetterboxVerticalPosition= -1 topActivityLetterboxHorizontalPosition= -1 topActivityLetterboxWidth=720 topActivityLetterboxHeight=1600 isUserFullscreenOverrideEnabled=false isSystemFullscreenOverrideEnabled=false cameraCompatTaskInfo=CameraCompatTaskInfo { cameraCompatControlState=hidden freeformCameraCompatMode=inactive}}}, pipTask = null, remoteTransition = RemoteTransition { remoteTransition = android.window.IRemoteTransition$Stub$Proxy@1d5f95, appThread = android.app.IApplicationThread$Stub$Proxy@1df48aa, debugName = QuickstepLaunch }, displayChange = null, flags = 0, debugId = 15422 }
03-16 09:21:42.766  2843  2941 V WindowManagerShell: RemoteTransition directly requested for (#15422) android.os.BinderProxy@49aed9: RemoteTransition { remoteTransition = android.window.IRemoteTransition$Stub$Proxy@1d5f95, appThread = android.app.IApplicationThread$Stub$Proxy@1df48aa, debugName = QuickstepLaunch }
03-16 09:21:42.766 19301 19301 D StatsLog: LAUNCHER_APP_LAUNCH_TAP
03-16 09:21:42.768  1997  2147 V GrammaticalInflectionUtils: AttributionSource: android.content.AttributionSource@1877283e does not have READ_SYSTEM_GRAMMATICAL_GENDER permission.
03-16 09:21:42.772 19301 19461 D QuickstepModelDelegate: notifyAppTargetEvent action=1 launchLocation=workspace/0/[2,3]/[1,1]
03-16 09:21:42.779  1379  1379 I BpBinder: onLastStrongRef automatically unlinking death recipients: 
03-16 09:21:42.784  2843  2941 D WindowManagerShell: setLauncherKeepClearAreaHeight: visible=false, height=121
03-16 09:21:42.785  1311  1404 W ANDR-PERF-LM: MetaMeter: handlePrimaryAsync() 118: AdaptLaunch MetaMeter. No MeterMgr Available to handle this Primary Async. !!!!
03-16 09:21:42.785  1311  1404 W ANDR-PERF-LM: MetaMeter: handlePrimaryAsync() 118: AdaptLaunch MetaMeter. No MeterMgr Available to handle this Primary Async. !!!!
03-16 09:21:42.786  9220  9257 D GameMode: isScreenUnlocked: true
03-16 09:21:42.789 19301 19301 I TopTaskTracker: onTaskMovedToFront: (moved taskInfo to front) taskId=1145, baseIntent=Intent { act=android.intent.action.MAIN cat=[android.intent.category.LAUNCHER] flg=0x10200000 cmp=com.posandroid/.MainActivity }
03-16 09:21:42.792  1168  1168 D Zygote  : Forked child process 9001
03-16 09:21:42.793  1997  4993 D CoreBackPreview: Window{3900cb0 u0 Splash Screen com.posandroid}: Setting back callback OnBackInvokedCallbackInfo{mCallback=android.window.IOnBackInvokedCallback$Stub$Proxy@56143dc, mPriority=0, mIsAnimationCallback=false}
03-16 09:21:42.793  1311  1404 E ANDR-PERF-LM: MetaMeter: handleAsync() 166: AdaptLaunch Invalid Async
03-16 09:21:42.796  1997  2147 I ActivityManager: Killing 28129:com.google.android.gms/u11a195 (adj 920, setSvc -10000): empty #31
03-16 09:21:42.797  1997  2147 I ActivityManager: Killing 7028:com.google.android.apps.tachyon/u0a245 (adj 920, setSvc -10000): empty #32
03-16 09:21:42.797  1997  2193 D addPss  : tracker=ProcessState{7f7263f com.motorola.camera3/10192 pkg=com.motorola.camera3}
03-16 09:21:42.798  1997  2147 I ActivityManager: Killing 7310:com.google.android.cellbroadcastreceiver/u0a344 (adj 920, setSvc -10000): empty #33
03-16 09:21:42.799  1997  2147 I ActivityManager: Killing 7163:com.google.android.apps.docs.editors.slides/u0a401 (adj 920, setSvc -10000): empty #34
03-16 09:21:42.803  1997  2193 D addPss  : tracker=ProcessState{a7a36c8 com.motorola.freeform/10292 pkg=com.motorola.freeform}
03-16 09:21:42.804  2843  2952 W libc    : Access denied finding property "vendor.display.enable_optimal_refresh_rate"
03-16 09:21:42.800  2843  2843 W ll.splashscreen: type=1400 audit(0.0:211686): avc:  denied  { read } for  name="u:object_r:vendor_display_prop:s0" dev="tmpfs" ino=13392 scontext=u:r:platform_app:s0:c512,c768 tcontext=u:object_r:vendor_display_prop:s0 tclass=file permissive=0 app=com.android.systemui
03-16 09:21:42.808  8466  8466 W Glide   : Failed to find GeneratedAppGlideModule. You should include an annotationProcessor compile dependency on com.github.bumptech.glide:compiler in your application and a @GlideModule annotated AppGlideModule implementation or LibraryGlideModules will be silently ignored
03-16 09:21:42.810  1997  2193 D addPss  : tracker=ProcessState{61cf21a com.android.providers.calendar/10118 pkg=com.android.providers.calendar}
03-16 09:21:42.812  1997  2147 I ActivityManager: Killing 7239:com.google.android.keep/u0a352 (adj 920, setSvc -10000): empty #35
03-16 09:21:42.813  1997  2193 D addPss  : tracker=ProcessState{3f1660b com.google.android.apps.turbo/1110214 pkg=com.google.android.apps.turbo}
03-16 09:21:42.814  1997  2147 I ActivityManager: Killing 7104:com.google.android.apps.nbu.files/u0a182 (adj 920, setSvc -10000): empty #36
03-16 09:21:42.814  1997  2147 I ActivityManager: Killing 6831:com.motorola.motcameradesktop/u0a287 (adj 999, setSvc -10000): empty #37
03-16 09:21:42.815  1997  2147 I ActivityManager: Killing 6809:com.motorola.securityhub/u0a298 (adj 999, setSvc -10000): empty #38
03-16 09:21:42.816  1997  2193 D addPss  : tracker=ProcessState{df56c21 com.android.settings/1101000 pkg=com.android.settings}
03-16 09:21:42.817  1997  2147 I ActivityManager: Killing 6780:com.motorola.moto/u0a194 (adj 999, setSvc -10000): empty #39
03-16 09:21:42.818  1997  2147 I ActivityManager: Killing 6726:com.motorola.dolby.dolbyui/u0a152 (adj 999, setSvc -10000): empty #40
03-16 09:21:42.818  1997  2193 D addPss  : tracker=ProcessState{b67cf79 com.android.settings/1001000 pkg=com.android.settings}
03-16 09:21:42.819  1997  2193 D addPss  : tracker=ProcessState{5b35ed4 com.google.android.apps.turbo/10214 pkg=com.google.android.apps.turbo}
03-16 09:21:42.820  1997  2147 I ActivityManager: Killing 6605:com.google.android.gms.unstable/u0a195 (adj 999, setSvc -10000): empty #41
03-16 09:21:42.824  1997  2193 D addPss  : tracker=ProcessState{cb63338 com.facebook.katana/10350 pkg=com.facebook.katana}
03-16 09:21:42.827  9001  9001 I com.posandroid: Using CollectorTypeCC GC.
03-16 09:21:42.828  1997  2193 D addPss  : tracker=ProcessState{724d652 com.sofascore.results/10379 pkg=com.sofascore.results}
03-16 09:21:42.830  1997  2193 D addPss  : tracker=ProcessState{9e546d com.google.android.apps.wellbeing/10223 pkg=com.google.android.apps.wellbeing}
03-16 09:21:42.830  1997  2147 I ActivityManager: Killing 6468:com.google.android.gms.unstable/u11a195 (adj 999, setSvc -10000): empty #42
03-16 09:21:42.831  1997  2142 V WindowManager: Sent Transition (#15422) createdAt=03-16 09:21:42.725 via request=TransitionRequestInfo { type = OPEN, triggerTask = TaskInfo{userId=0 taskId=1145 displayId=0 isRunning=true baseIntent=Intent { act=android.intent.action.MAIN cat=[android.intent.category.LAUNCHER] flg=0x10200000 cmp=com.posandroid/.MainActivity } baseActivity=ComponentInfo{com.posandroid/com.posandroid.MainActivity} topActivity=ComponentInfo{com.posandroid/com.posandroid.MainActivity} origActivity=null realActivity=ComponentInfo{com.posandroid/com.posandroid.MainActivity} numActivities=1 lastActiveTime=746251143 supportsMultiWindow=true supportsGlobalFreeform=true resizeMode=1 isResizeable=true isAppLocked=false isShowDecorCaptionWindowRequest=false canKillAndRestart=true minWidth=-1 minHeight=-1 defaultMinSize=200 token=WCT{RemoteToken{d9e186 Task{dbe3044 #1145 type=standard A=10498:com.posandroid}}} topActivityType=1 pictureInPictureParams=null shouldDockBigOverlays=false launchIntoPipHostTaskId=-1 lastParentTaskIdBeforePip=-1 displayCutoutSafeInsets=Rect(0, 77 - 0, 0) topActivityInfo=ActivityInfo{3200a47 com.posandroid.MainActivity} launchCookies=[android.os.BinderProxy@1b03274] positionInParent=Point(0, 0) parentTaskId=-1 isFocused=false isVisible=false isVisibleRequested=false isSleeping=false locusId=null displayAreaFeatureId=1 isTopActivityTransparent=false appCompatTaskInfo=AppCompatTaskInfo { topActivityInSizeCompat=false topActivityEligibleForLetterboxEducation= falseisLetterboxEducationEnabled= false isLetterboxDoubleTapEnabled= false topActivityEligibleForUserAspectRatioButton= false topActivityBoundsLetterboxed= false isFromLetterboxDoubleTap= false topActivityLetterboxVerticalPosition= -1 topActivityLetterboxHorizontalPosition= -1 topActivityLetterboxWidth=720 topActivityLetterboxHeight=1600 isUserFullscreenOverrideEnabled=false isSystemFullscreenOverrideEnabled=false cameraCompatTaskInfo=CameraCompatTaskInfo { cameraCompatControlState=hidden freeformCameraCompatMode=inactive}}}, pipTask = null, remoteTransition = RemoteTransition { remoteTransition = android.window.IRemoteTransition$Stub$Proxy@11d039d, appThread = android.app.IApplicationThread$Stub$Proxy@8e29012, debugName = QuickstepLaunch }, displayChange = null, flags = 0, debugId = 15422 }
03-16 09:21:42.831  1997  2142 V WindowManager:     startWCT=WindowContainerTransaction { changes = {} hops = [] errorCallbackToken=null taskFragmentOrganizer=null }
03-16 09:21:42.831  1997  2142 V WindowManager:     info={id=15422 t=OPEN f=0x0 trk=0 r=[0@Point(0, 0)] c=[
03-16 09:21:42.831  1997  2142 V WindowManager:         {WCT{RemoteToken{d9e186 Task{dbe3044 #1145 type=standard A=10498:com.posandroid}}} m=OPEN f=NONE pTaskId=-1 leash=Surface(name=Task=1145)/@0x4cb43ba sb=Rect(0, 0 - 720, 1600) eb=Rect(0, 0 - 720, 1600) d=0 taskParent=-1},
03-16 09:21:42.831  1997  2142 V WindowManager:         {WCT{RemoteToken{92802e4 Task{6c753f1 #1 type=undefined}}} m=TO_BACK f=SHOW_WALLPAPER pTaskId=-1 leash=Surface(name=Task=1)/@0x9e81095 sb=Rect(0, 0 - 720, 1600) eb=Rect(0, 0 - 720, 1600) d=0 taskParent=-1}
03-16 09:21:42.831  1997  2142 V WindowManager:     ]}
03-16 09:21:42.831  1997  2147 I ActivityManager: Killing 4280:com.motorola.personalize/u0a306 (adj 920, setSvc -10000): empty #43
03-16 09:21:42.832  2843  3396 V WindowManagerShell: onTransitionReady(transaction=8577050743018)
03-16 09:21:42.832  1997  3740 D FileUtils: Rounded bytes from 7856328704 to 8000000000
03-16 09:21:42.833  2843  2941 V WindowManagerShell: onTransitionReady (#15422) android.os.BinderProxy@49aed9: {id=15422 t=OPEN f=0x0 trk=0 r=[0@Point(0, 0)] c=[{WCT{android.window.IWindowContainerToken$Stub$Proxy@131f77c} m=OPEN f=NONE pTaskId=-1 leash=Surface(name=Task=1145)/@0x3e70049 sb=Rect(0, 0 - 720, 1600) eb=Rect(0, 0 - 720, 1600) d=0 taskParent=-1},{WCT{android.window.IWindowContainerToken$Stub$Proxy@1965805} m=TO_BACK f=SHOW_WALLPAPER pTaskId=-1 leash=Surface(name=Task=1)/@0xce78d4e sb=Rect(0, 0 - 720, 1600) eb=Rect(0, 0 - 720, 1600) d=0 taskParent=-1}]}
03-16 09:21:42.833  2843  2941 V WindowManagerShell: Playing animation for (#15422) android.os.BinderProxy@49aed9@0
03-16 09:21:42.836  4654 18400 D ForegroundUtils: Foreground UID status: 10195, true; 10199, false; 10224, false; 10231, false; 10243, false; 10250, true; 10268, true; 10286, true; 10289, false; 10317, true; 10331, true; 10335, false; 10341, false; 10370, false; 10385, false; 10407, false; 10447, false; 
03-16 09:21:42.836  1997  2200 W ActivityManager: Slow operation: 55ms so far, now at startProcess: done updating battery stats
03-16 09:21:42.836  1997  2200 W ActivityManager: Slow operation: 56ms so far, now at startProcess: building log message
03-16 09:21:42.836  1997  2200 I ActivityManager: Start proc 9001:com.posandroid/u0a498 for next-top-activity {com.posandroid/com.posandroid.MainActivity}
03-16 09:21:42.836  1997  2200 W ActivityManager: Slow operation: 56ms so far, now at startProcess: starting to update pids map
03-16 09:21:42.837  1997  2193 D addPss  : tracker=ProcessState{80eb369 com.motorola.motcameradesktop/10287 pkg=com.motorola.motcameradesktop}
03-16 09:21:42.838  7447  7447 W aioj    : Trimming memory to level 40
03-16 09:21:42.839  1997  2193 D addPss  : tracker=ProcessState{789210d com.motorola.securityhub/10298 pkg=com.motorola.securityhub}
03-16 09:21:42.839  1997  2200 W ActivityManager: Slow operation: 58ms so far, now at startProcess: done updating pids map
03-16 09:21:42.839  2843  2941 V WindowManagerShell:  try firstHandler com.android.wm.shell.transition.DefaultMixedHandler@ad75e7e
03-16 09:21:42.839  2843  2941 V WindowManagerShell: Mixed transition for opening an intent with a remote transition and PIP #15422
03-16 09:21:42.839  2843  2941 V WindowManagerShell:  Delegate animation for (#15422) to RemoteTransition { remoteTransition = android.window.IRemoteTransition$Stub$Proxy@1d5f95, appThread = android.app.IApplicationThread$Stub$Proxy@1df48aa, debugName = QuickstepLaunch }
03-16 09:21:42.840  9001  9001 D nativeloader: Load libframework-connectivity-tiramisu-jni.so using APEX ns com_android_tethering for caller /apex/com.android.tethering/javalib/framework-connectivity-t.jar: ok
03-16 09:21:42.841  1997  2193 D addPss  : tracker=ProcessState{1fcedbc com.motorola.moto/10194 pkg=com.motorola.moto}
03-16 09:21:42.842  2843  2941 V WindowManagerShell:  animated by firstHandler
03-16 09:21:42.844  1997  2193 D addPss  : tracker=ProcessState{c10f516 com.motorola.dolby.dolbyui/10152 pkg=com.motorola.dolby.dolbyui}
03-16 09:21:42.846  1997  2193 D addPss  : tracker=ProcessState{8835004 com.google.android.gms.unstable/10195 pkg=com.google.android.gms}
03-16 09:21:42.847  1997  5025 W UserManagerService: Requested status bar icon for non-badged user 0
03-16 09:21:42.849  1997  2193 D addPss  : tracker=ProcessState{8618308 com.google.android.gms.unstable/1110195 pkg=com.google.android.gms}
03-16 09:21:42.853  1311  1404 E ANDR-PERF-LM: MetaMeter: handleAsync() 166: AdaptLaunch Invalid Async
03-16 09:21:42.854 19301 19316 D LauncherAnimationRunner: onAnimationStart transit : 0
03-16 09:21:42.860  4654 18400 D ForegroundUtils: Foreground UID status: 10195, true; 10199, false; 10224, false; 10231, false; 10243, false; 10250, true; 10268, true; 10286, true; 10289, false; 10317, true; 10331, true; 10335, false; 10341, false; 10370, false; 10385, false; 10407, false; 10447, false; 10498, true; 
03-16 09:21:42.866  1997  3527 D FileUtils: Rounded bytes from 7856328704 to 8000000000
03-16 09:21:42.868  1997  4993 D ActivityTaskManager: sendShowDecorCaptionWindow Task is not organized Task{8e22723 #56 type=undefined I=com.motorola.launcher3/com.android.launcher3.CustomizationPanelLauncher}
03-16 09:21:42.868  9220  9220 D GameMode: onStartedActivityChange: componnent: ComponentInfo{com.posandroid/com.posandroid.MainActivity} entered launcher screen? true
03-16 09:21:42.869  9220  9257 D GameMode: isScreenUnlocked: true
03-16 09:21:42.869  9220  9257 D GameMode: isScreenUnlocked: true
03-16 09:21:42.873  9220  9257 D GameMode: isScreenUnlocked: true
03-16 09:21:42.873  9220  9257 D GameMode: isScreenUnlocked: true
03-16 09:21:42.877  9220  9220 D GameMode: exiting game mode
03-16 09:21:42.882  4185 16566 I ebct    : (REDACTED) appOpsListener %s %s
03-16 09:21:42.882  4185 16566 I ebct    : (REDACTED) Ignoring irrelevant audio permission changes for package %s
03-16 09:21:42.883 19301 19301 D BaseDepthController: mSurface is null and mCurrentBlur is: 0
03-16 09:21:42.883 19301 19301 D BaseDepthController: mSurface is null and mCurrentBlur is: 0
03-16 09:21:42.884  9220  9220 D GameMode: isFeatureSupported: true
03-16 09:21:42.885  9220  9220 D GameMode: isFeatureSupported: true
03-16 09:21:42.886  3023  3023 D GameModeDetector: notifyGameModeStatusValue, value=false
03-16 09:21:42.886  3023  3023 D DaxService: sendGameModeIntent, state=false
03-16 09:21:42.890  1997  2199 W ActivityManager: ProcessRecord{c9126ee 6726:com.motorola.dolby.dolbyui/u0a152} is attached to a previous process
03-16 09:21:42.890  1997  2199 D CompatChangeReporter: Compat change id reported: 151861875; UID 10152; state: ENABLED
03-16 09:21:42.891  1997  2199 V GrammaticalInflectionUtils: AttributionSource: android.content.AttributionSource@ca0a6158 does not have READ_SYSTEM_GRAMMATICAL_GENDER permission.
03-16 09:21:42.892  1997  2199 W ActivityManager: Existing proc ProcessRecord{c9126ee 6726:com.motorola.dolby.dolbyui/u0a152} was killed 72ms ago when adding ProcessRecord{4ff20a4 0:com.motorola.dolby.dolbyui/u0a152}
03-16 09:21:42.893  4654 18400 D ForegroundUtils: UID: 10152 deleted.
03-16 09:21:42.894  1997  2143 D DisplayManagerService: Drop pending events for gone uid 10152
03-16 09:21:42.894  9220  9220 D GameMode: isFeatureSupported: true
03-16 09:21:42.901  1997  3756 I ActivityManager: appDiedLocked: app=ProcessRecord{29ceacf 7310:com.google.android.cellbroadcastreceiver/u0a344} thread=android.os.BinderProxy@f6b0e0d fromBinderDied=true isKilledByAm=true reason=null
03-16 09:21:42.901  1168  1168 I Zygote  : Process 7310 exited due to signal 9 (Killed)
03-16 09:21:42.902   829   829 I hwservicemanager: getTransport: Cannot find entry vendor.qti.hardware.iop@2.0::IIop/default in either framework or device VINTF manifest.
03-16 09:21:42.903  1997  3756 D RestartModeController: markWaitRestartAppIsSuicided null processName=com.google.android.cellbroadcastreceiver
03-16 09:21:42.904  1997  2143 D DisplayManagerService: Drop pending events for gone uid 10344
03-16 09:21:42.904  4654 18400 D ForegroundUtils: UID: 10344 deleted.
03-16 09:21:42.907  1997  3756 D ActivityTaskManager: handleAppDied: uid=10344,diedCount=1,lastDiedTime=515698421,forceStopUids=false
03-16 09:21:42.916 19301 19301 D BaseDepthController: mSurface is null and mCurrentBlur is: 0
03-16 09:21:42.923  1997  3756 I ActivityManager: appDiedLocked: app=ProcessRecord{95ff369 6809:com.motorola.securityhub/u0a298} thread=android.os.BinderProxy@9eb21c2 fromBinderDied=true isKilledByAm=true reason=null
03-16 09:21:42.924   829   829 I hwservicemanager: getTransport: Cannot find entry vendor.qti.hardware.iop@2.0::IIop/default in either framework or device VINTF manifest.
03-16 09:21:42.924  1168  1168 I Zygote  : Process 6809 exited due to signal 9 (Killed)
03-16 09:21:42.924  1997  3756 D RestartModeController: markWaitRestartAppIsSuicided null processName=com.motorola.securityhub
03-16 09:21:42.925  1997  2637 I ExtRam  : handleUidFrozenState 10298 frozen=false
03-16 09:21:42.925  1997  2143 D DisplayManagerService: Drop pending events for gone uid 10298
03-16 09:21:42.925  4654 18400 D ForegroundUtils: UID: 10298 deleted.
03-16 09:21:42.926  1997  3756 D ActivityTaskManager: handleAppDied: uid=10298,diedCount=1,lastDiedTime=515940942,forceStopUids=false
03-16 09:21:42.927  1997  5025 I ActivityManager: appDiedLocked: app=ProcessRecord{c44454c 6831:com.motorola.motcameradesktop/u0a287} thread=android.os.BinderProxy@b72abd3 fromBinderDied=true isKilledByAm=true reason=null
03-16 09:21:42.928   829   829 I hwservicemanager: getTransport: Cannot find entry vendor.qti.hardware.iop@2.0::IIop/default in either framework or device VINTF manifest.
03-16 09:21:42.928  1997  5025 D RestartModeController: markWaitRestartAppIsSuicided null processName=com.motorola.motcameradesktop
03-16 09:21:42.928  1997  2637 I ExtRam  : handleUidFrozenState 10287 frozen=false
03-16 09:21:42.929  1168  1168 I Zygote  : Process 6726 exited due to signal 9 (Killed)
03-16 09:21:42.929  9001  9001 D nativeloader: Configuring clns-7 for other apk /data/app/~~9cXgvjzGYcqGxcfB_fLyQw==/com.posandroid-ez8ADl1f5iBbIEfaNRUslw==/base.apk. target_sdk_version=36, uses_libraries=, library_path=/data/app/~~9cXgvjzGYcqGxcfB_fLyQw==/com.posandroid-ez8ADl1f5iBbIEfaNRUslw==/lib/arm64:/data/app/~~9cXgvjzGYcqGxcfB_fLyQw==/com.posandroid-ez8ADl1f5iBbIEfaNRUslw==/base.apk!/lib/arm64-v8a, permitted_path=/data:/mnt/expand:/data/user/0/com.posandroid
03-16 09:21:42.929  1168  1168 I Zygote  : Process 6831 exited due to signal 9 (Killed)
03-16 09:21:42.929  1997  2143 D DisplayManagerService: Drop pending events for gone uid 10287
03-16 09:21:42.929  4654 18400 D ForegroundUtils: UID: 10287 deleted.
03-16 09:21:42.929  1997  5025 D ActivityTaskManager: handleAppDied: uid=10287,diedCount=1,lastDiedTime=515941224,forceStopUids=false
03-16 09:21:42.930  1997  3527 I ActivityManager: appDiedLocked: app=ProcessRecord{c9126ee 6726:com.motorola.dolby.dolbyui/u0a152} thread=android.os.BinderProxy@2c77e09 fromBinderDied=true isKilledByAm=true reason=null
03-16 09:21:42.931   829   829 I hwservicemanager: getTransport: Cannot find entry vendor.qti.hardware.iop@2.0::IIop/default in either framework or device VINTF manifest.
03-16 09:21:42.932  1997  3527 D ActivityTaskManager: handleAppDied: uid=10152,diedCount=1,lastDiedTime=515913970,forceStopUids=false
03-16 09:21:42.932 19301 19301 D BaseDepthController: mSurface is null and mCurrentBlur is: 0
03-16 09:21:42.935 19301 19301 D BaseDepthController: mSurface is null and mCurrentBlur is: 0
03-16 09:21:42.937  2843  2941 D WindowManagerShell: onKeepClearAreasChanged: restricted={Rect(7, 1402 - 713, 1557)}, unrestricted={}
03-16 09:21:42.939  9001  9001 V GraphicsEnvironment: Currently set values for:
03-16 09:21:42.939  9001  9001 V GraphicsEnvironment:   angle_gl_driver_selection_pkgs=[]
03-16 09:21:42.939  9001  9001 V GraphicsEnvironment:   angle_gl_driver_selection_values=[]
03-16 09:21:42.939  9001  9001 V GraphicsEnvironment: Global.Settings values are invalid: number of packages: 0, number of values: 0
03-16 09:21:42.940  9001  9001 V GraphicsEnvironment: Neither updatable production driver nor prerelease driver is supported.
03-16 09:21:42.944  1168  1168 D Zygote  : Forked child process 9018
03-16 09:21:42.945  1997  2200 W ActivityManager: Slow operation: 53ms so far, now at startProcess: returned from zygote!
03-16 09:21:42.945  1997  2200 W ActivityManager: Slow operation: 53ms so far, now at startProcess: done updating battery stats
03-16 09:21:42.945  1997  2200 W ActivityManager: Slow operation: 53ms so far, now at startProcess: building log message
03-16 09:21:42.945  1997  2200 I ActivityManager: Start proc 9018:com.motorola.dolby.dolbyui/u0a152 for broadcast {com.motorola.dolby.dolbyui/com.motorola.dolby.dolbyui.gamemode.GameModeBroadcastReceiver}
03-16 09:21:42.945  1997  2200 W ActivityManager: Slow operation: 53ms so far, now at startProcess: starting to update pids map
03-16 09:21:42.945  1997  2200 W ActivityManager: Slow operation: 53ms so far, now at startProcess: done updating pids map
03-16 09:21:42.947 19301 19301 D BaseDepthController: mSurface is null and mCurrentBlur is: 0
03-16 09:21:42.957  9001  9001 W SoLoader: Initializing SoLoader: 0
03-16 09:21:42.958  9001  9001 W SoLoader: Recording new base apk path: /data/app/~~9cXgvjzGYcqGxcfB_fLyQw==/com.posandroid-ez8ADl1f5iBbIEfaNRUslw==/base.apk
03-16 09:21:42.958  9001  9001 W SoLoader: Previously recorded 0 base apk paths.
03-16 09:21:42.958  9001  9001 I SoLoader: Preparing SO source: DirectorySoSource[root = /vendor/lib64 flags = 2]
03-16 09:21:42.958  9001  9001 I SoLoader: Preparing SO source: DirectorySoSource[root = /system/lib64 flags = 2]
03-16 09:21:42.958  9001  9001 I SoLoader: Preparing SO source: DirectApkSoSource[root = [/data/app/~~9cXgvjzGYcqGxcfB_fLyQw==/com.posandroid-ez8ADl1f5iBbIEfaNRUslw==/base.apk!/lib/arm64-v8a]]
03-16 09:21:42.962  9001  9001 I SoLoader: Preparing SO source: ApplicationSoSource[DirectorySoSource[root = /data/app/~~9cXgvjzGYcqGxcfB_fLyQw==/com.posandroid-ez8ADl1f5iBbIEfaNRUslw==/lib/arm64 flags = 0]]
03-16 09:21:42.962  9001  9001 I SoLoader: init finish: 4 SO sources prepared
03-16 09:21:42.962  9001  9001 W SoLoader: SoLoader initialized: 8
03-16 09:21:42.964 19301 19301 D BaseDepthController: mSurface is null and mCurrentBlur is: 0
03-16 09:21:42.966 19301 19301 D BaseDepthController: mSurface is null and mCurrentBlur is: 0
03-16 09:21:42.969  9001  9001 D nativeloader: Load /data/app/~~9cXgvjzGYcqGxcfB_fLyQw==/com.posandroid-ez8ADl1f5iBbIEfaNRUslw==/base.apk!/lib/arm64-v8a/libc++_shared.so using class loader ns clns-7 (caller=/data/app/~~9cXgvjzGYcqGxcfB_fLyQw==/com.posandroid-ez8ADl1f5iBbIEfaNRUslw==/base.apk!classes2.dex): ok
03-16 09:21:42.975  9001  9001 D nativeloader: Load /data/app/~~9cXgvjzGYcqGxcfB_fLyQw==/com.posandroid-ez8ADl1f5iBbIEfaNRUslw==/base.apk!/lib/arm64-v8a/libjsi.so using class loader ns clns-7 (caller=/data/app/~~9cXgvjzGYcqGxcfB_fLyQw==/com.posandroid-ez8ADl1f5iBbIEfaNRUslw==/base.apk!classes2.dex): ok
03-16 09:21:42.978  9001  9001 D nativeloader: Load /data/app/~~9cXgvjzGYcqGxcfB_fLyQw==/com.posandroid-ez8ADl1f5iBbIEfaNRUslw==/base.apk!/lib/arm64-v8a/libfbjni.so using class loader ns clns-7 (caller=/data/app/~~9cXgvjzGYcqGxcfB_fLyQw==/com.posandroid-ez8ADl1f5iBbIEfaNRUslw==/base.apk!classes2.dex): ok
03-16 09:21:42.985  9018  9018 I a.dolby.dolbyui: Using CollectorTypeCC GC.
03-16 09:21:42.989 19301 19301 D BaseDepthController: mSurface is null and mCurrentBlur is: 0
03-16 09:21:42.991  9001  9001 D nativeloader: Load /data/app/~~9cXgvjzGYcqGxcfB_fLyQw==/com.posandroid-ez8ADl1f5iBbIEfaNRUslw==/base.apk!/lib/arm64-v8a/libreactnative.so using class loader ns clns-7 (caller=/data/app/~~9cXgvjzGYcqGxcfB_fLyQw==/com.posandroid-ez8ADl1f5iBbIEfaNRUslw==/base.apk!classes2.dex): ok
03-16 09:21:42.991  9001  9001 D jni_lib_merge: Entering merged library JNI_OnLoad.
03-16 09:21:42.991  9001  9001 D jni_lib_merge: Preparing 12 pre-merged libs (including stub)
03-16 09:21:42.991  9001  9001 D jni_lib_merge: Preparing to register libfabricjni_so.  onload_func: 0x7cfd74aa50
03-16 09:21:42.991  9001  9001 D jni_lib_merge: Preparing to register libreact_devsupportjni_so.  onload_func: 0x7cfd80e36c
03-16 09:21:42.991  9001  9001 D jni_lib_merge: Preparing to register libreact_featureflagsjni_so.  onload_func: 0x7cfd828ba8
03-16 09:21:42.991  9001  9001 D jni_lib_merge: Preparing to register libreact_newarchdefaults_so.  onload_func: 0x7cfd866d74
03-16 09:21:42.991  9001  9001 D jni_lib_merge: Preparing to register libreactnativeblob_so.  onload_func: 0x7cfd907a4c
03-16 09:21:42.991  9001  9001 D jni_lib_merge: Preparing to register libreactnativejni_so.  onload_func: 0x7cfd91c9e4
03-16 09:21:42.991  9001  9001 D jni_lib_merge: Preparing to register libreactnativejni_common_so.  onload_func: 0x7cfd91fbe0
03-16 09:21:42.991  9001  9001 D jni_lib_merge: Preparing to register librninstance_so.  onload_func: 0x7cfd93c778
03-16 09:21:42.991  9001  9001 D jni_lib_merge: Preparing to register libturbomodulejsijni_so.  onload_func: 0x7cfd9e60e0
03-16 09:21:42.991  9001  9001 D jni_lib_merge: Preparing to register libuimanagerjni_so.  onload_func: 0x7cfd9ecb00
03-16 09:21:42.991  9001  9001 D jni_lib_merge: Preparing to register libyoga_so.  onload_func: 0x7cfd9f40c4
03-16 09:21:42.991  9001  9001 D jni_lib_merge: About to register 11 actual methods.
03-16 09:21:42.997  9018  9018 D nativeloader: Load libframework-connectivity-tiramisu-jni.so using APEX ns com_android_tethering for caller /apex/com.android.tethering/javalib/framework-connectivity-t.jar: ok
03-16 09:21:42.998  9001  9001 D nativeloader: Load /data/app/~~9cXgvjzGYcqGxcfB_fLyQw==/com.posandroid-ez8ADl1f5iBbIEfaNRUslw==/base.apk!/lib/arm64-v8a/libreact_codegen_rnscreens.so using class loader ns clns-7 (caller=/data/app/~~9cXgvjzGYcqGxcfB_fLyQw==/com.posandroid-ez8ADl1f5iBbIEfaNRUslw==/base.apk!classes2.dex): ok
03-16 09:21:42.999  9001  9001 D jni_lib_merge: Entering merged library JNI_OnLoad.
03-16 09:21:42.999  9001  9001 D jni_lib_merge: Preparing 12 pre-merged libs (including stub)
03-16 09:21:42.999  9001  9001 D jni_lib_merge: Preparing to register libfabricjni_so.  onload_func: 0x7cfd74aa50
03-16 09:21:42.999  9001  9001 D jni_lib_merge: Preparing to register libreact_devsupportjni_so.  onload_func: 0x7cfd80e36c
03-16 09:21:42.999  9001  9001 D jni_lib_merge: Preparing to register libreact_featureflagsjni_so.  onload_func: 0x7cfd828ba8
03-16 09:21:42.999  9001  9001 D jni_lib_merge: Preparing to register libreact_newarchdefaults_so.  onload_func: 0x7cfd866d74
03-16 09:21:42.999  9001  9001 D jni_lib_merge: Preparing to register libreactnativeblob_so.  onload_func: 0x7cfd907a4c
03-16 09:21:42.999  9001  9001 D jni_lib_merge: Preparing to register libreactnativejni_so.  onload_func: 0x7cfd91c9e4
03-16 09:21:42.999  9001  9001 D jni_lib_merge: Preparing to register libreactnativejni_common_so.  onload_func: 0x7cfd91fbe0
03-16 09:21:42.999  9001  9001 D jni_lib_merge: Preparing to register librninstance_so.  onload_func: 0x7cfd93c778
03-16 09:21:42.999  9001  9001 D jni_lib_merge: Preparing to register libturbomodulejsijni_so.  onload_func: 0x7cfd9e60e0
03-16 09:21:42.999  9001  9001 D jni_lib_merge: Preparing to register libuimanagerjni_so.  onload_func: 0x7cfd9ecb00
03-16 09:21:42.999  9001  9001 D jni_lib_merge: Preparing to register libyoga_so.  onload_func: 0x7cfd9f40c4
03-16 09:21:42.999  9001  9001 D jni_lib_merge: About to register 11 actual methods.
03-16 09:21:42.999 19301 19301 D BaseDepthController: mSurface is null and mCurrentBlur is: 0
03-16 09:21:43.000  1168  1168 I Zygote  : Process 7239 exited due to signal 9 (Killed)
03-16 09:21:42.999  1997  2728 D ConnectivityService: releasing NetworkRequest [ REQUEST id=154032, [ Capabilities: INTERNET&NOT_RESTRICTED&TRUSTED&NOT_VCN_MANAGED&NOT_BANDWIDTH_CONSTRAINED Uid: 10352 RequestorUid: 10352 RequestorPkg: com.google.android.keep UnderlyingNetworks: Null] ] (release request)
03-16 09:21:43.001  1997  4804 I ActivityManager: appDiedLocked: app=ProcessRecord{46f4775 7239:com.google.android.keep/u0a352} thread=android.os.BinderProxy@94f271a fromBinderDied=true isKilledByAm=true reason=null
03-16 09:21:43.002  9001  9001 D nativeloader: Load /data/app/~~9cXgvjzGYcqGxcfB_fLyQw==/com.posandroid-ez8ADl1f5iBbIEfaNRUslw==/base.apk!/lib/arm64-v8a/libreact_codegen_rnsvg.so using class loader ns clns-7 (caller=/data/app/~~9cXgvjzGYcqGxcfB_fLyQw==/com.posandroid-ez8ADl1f5iBbIEfaNRUslw==/base.apk!classes2.dex): ok
03-16 09:21:43.002  9001  9001 D jni_lib_merge: Entering merged library JNI_OnLoad.
03-16 09:21:43.002  9001  9001 D jni_lib_merge: Preparing 12 pre-merged libs (including stub)
03-16 09:21:43.002  9001  9001 D jni_lib_merge: Preparing to register libfabricjni_so.  onload_func: 0x7cfd74aa50
03-16 09:21:43.002  9001  9001 D jni_lib_merge: Preparing to register libreact_devsupportjni_so.  onload_func: 0x7cfd80e36c
03-16 09:21:43.002  9001  9001 D jni_lib_merge: Preparing to register libreact_featureflagsjni_so.  onload_func: 0x7cfd828ba8
03-16 09:21:43.002  9001  9001 D jni_lib_merge: Preparing to register libreact_newarchdefaults_so.  onload_func: 0x7cfd866d74
03-16 09:21:43.002  9001  9001 D jni_lib_merge: Preparing to register libreactnativeblob_so.  onload_func: 0x7cfd907a4c
03-16 09:21:43.002  9001  9001 D jni_lib_merge: Preparing to register libreactnativejni_so.  onload_func: 0x7cfd91c9e4
03-16 09:21:43.002  9001  9001 D jni_lib_merge: Preparing to register libreactnativejni_common_so.  onload_func: 0x7cfd91fbe0
03-16 09:21:43.002  9001  9001 D jni_lib_merge: Preparing to register librninstance_so.  onload_func: 0x7cfd93c778
03-16 09:21:43.002  9001  9001 D jni_lib_merge: Preparing to register libturbomodulejsijni_so.  onload_func: 0x7cfd9e60e0
03-16 09:21:43.002  9001  9001 D jni_lib_merge: Preparing to register libuimanagerjni_so.  onload_func: 0x7cfd9ecb00
03-16 09:21:43.002  9001  9001 D jni_lib_merge: Preparing to register libyoga_so.  onload_func: 0x7cfd9f40c4
03-16 09:21:43.002  9001  9001 D jni_lib_merge: About to register 11 actual methods.
03-16 09:21:43.004   829   829 I hwservicemanager: getTransport: Cannot find entry vendor.qti.hardware.iop@2.0::IIop/default in either framework or device VINTF manifest.
03-16 09:21:43.005  9001  9001 D nativeloader: Load /data/app/~~9cXgvjzGYcqGxcfB_fLyQw==/com.posandroid-ez8ADl1f5iBbIEfaNRUslw==/base.apk!/lib/arm64-v8a/libreact_codegen_safeareacontext.so using class loader ns clns-7 (caller=/data/app/~~9cXgvjzGYcqGxcfB_fLyQw==/com.posandroid-ez8ADl1f5iBbIEfaNRUslw==/base.apk!classes2.dex): ok
03-16 09:21:43.006  1997  4804 D RestartModeController: markWaitRestartAppIsSuicided null processName=com.google.android.keep
03-16 09:21:43.006  1997  4804 D ActivityTaskManager: handleAppDied: uid=10352,diedCount=1,lastDiedTime=500232918,forceStopUids=false
03-16 09:21:43.007  4654 18400 D ForegroundUtils: UID: 10352 deleted.
03-16 09:21:43.008  1997  2143 D DisplayManagerService: Drop pending events for gone uid 10352
03-16 09:21:43.010  9001  9001 D nativeloader: Load /data/app/~~9cXgvjzGYcqGxcfB_fLyQw==/com.posandroid-ez8ADl1f5iBbIEfaNRUslw==/base.apk!/lib/arm64-v8a/libappmodules.so using class loader ns clns-7 (caller=/data/app/~~9cXgvjzGYcqGxcfB_fLyQw==/com.posandroid-ez8ADl1f5iBbIEfaNRUslw==/base.apk!classes2.dex): ok
03-16 09:21:43.011  9001  9001 I Typeface: updateThemeFont new=Exo2-Regular;old=sans-serif;new=Exo2-Stacked;old=
03-16 09:21:43.014 19301 19301 D BaseDepthController: mSurface is null and mCurrentBlur is: 0
03-16 09:21:43.014  1997  3108 I ActivityManager: Flag disabled. Ignoring finishAttachApplication from uid: 10498. pid: 9001
03-16 09:21:43.016  1997  2728 D InetDiagMessage: Destroyed 0 sockets, proto=IPPROTO_TCP, family=AF_INET, states=14
03-16 09:21:43.018  1997  2728 D InetDiagMessage: Destroyed 0 sockets, proto=IPPROTO_TCP, family=AF_INET6, states=14
03-16 09:21:43.018  1997  2728 D InetDiagMessage: Destroyed live tcp sockets for uids={10352} in 8ms
03-16 09:21:43.019  1997  2728 D InetDiagMessage: Destroyed 0 sockets, proto=IPPROTO_TCP, family=AF_INET, states=14
03-16 09:21:43.021  1997  2728 D InetDiagMessage: Destroyed 0 sockets, proto=IPPROTO_TCP, family=AF_INET6, states=14
03-16 09:21:43.021  1997  2728 D InetDiagMessage: Destroyed live tcp sockets for uids={20352} in 2ms
03-16 09:21:43.021 19301 19301 D BaseDepthController: mSurface is null and mCurrentBlur is: 0
03-16 09:21:43.023  1997  3269 W ActivityManager: pid 2843 com.android.systemui sent binder code 3 with flags 1 to frozen apps and got error -32
03-16 09:21:43.024  1168  1168 I Zygote  : Process 4280 exited due to signal 9 (Killed)
03-16 09:21:43.027  4654 18400 D ForegroundUtils: Foreground UID status: 10195, true; 10199, false; 10224, false; 10231, false; 10243, false; 10250, true; 10268, true; 10286, true; 10289, false; 10317, true; 10331, true; 10335, false; 10341, false; 10370, false; 10385, false; 10407, false; 10447, false; 10498, true; 
03-16 09:21:43.033  1997  3116 W ActivityManager: pid 1997 system sent binder code 12 with flags 1 to frozen apps and got error -32
03-16 09:21:43.033  1997  3116 D ActivityManager: Too many transaction errors, throttling freezer binder callback.
03-16 09:21:43.033 19301 19301 D BaseDepthController: mSurface is null and mCurrentBlur is: 0
03-16 09:21:43.034  9001  9001 D AppCompatDelegate: Checking for metadata for AppLocalesMetadataHolderService : Service not found
03-16 09:21:43.034  1997  2278 I libprocessgroup: Removed cgroup /sys/fs/cgroup/uid_1110195/pid_28129
03-16 09:21:43.034  1997  2278 W libprocessgroup: RemoveCgroup: /dev/memcg/apps/uid_1110195/pid_28129 does not exist.
03-16 09:21:43.036  1168  1168 I Zygote  : Process 28129 exited due to signal 9 (Killed)
03-16 09:21:43.037  1997  3116 W ActivityManager: Exception when unbinding service com.motorola.personalize/.plugin.LockScreenPluginService
03-16 09:21:43.037  1997  3116 W ActivityManager: android.os.DeadObjectException
03-16 09:21:43.037  1997  3116 W ActivityManager: 	at android.os.BinderProxy.transactNative(Native Method)
03-16 09:21:43.037  1997  3116 W ActivityManager: 	at android.os.BinderProxy.transact(BinderProxy.java:588)
03-16 09:21:43.037  1997  3116 W ActivityManager: 	at android.app.IApplicationThread$Stub$Proxy.scheduleUnbindService(IApplicationThread.java:1529)
03-16 09:21:43.037  1997  3116 W ActivityManager: 	at com.android.server.am.ActiveServices.removeConnectionLocked(ActiveServices.java:6724)
03-16 09:21:43.037  1997  3116 W ActivityManager: 	at com.android.server.am.ActiveServices.unbindServiceLocked(ActiveServices.java:4580)
03-16 09:21:43.037  1997  3116 W ActivityManager: 	at com.android.server.am.ActivityManagerService.unbindService(ActivityManagerService.java:14701)
03-16 09:21:43.037  1997  3116 W ActivityManager: 	at android.app.IActivityManager$Stub.onTransact(IActivityManager.java:3217)
03-16 09:21:43.037  1997  3116 W ActivityManager: 	at com.android.server.am.ActivityManagerService.onTransact(ActivityManagerService.java:2933)
03-16 09:21:43.037  1997  3116 W ActivityManager: 	at android.os.Binder.execTransactInternal(Binder.java:1520)
03-16 09:21:43.037  1997  3116 W ActivityManager: 	at android.os.Binder.execTransact(Binder.java:1453)
03-16 09:21:43.038  2843  2941 D WindowManagerShell: onKeepClearAreasChanged: restricted={Rect(10, 1397 - 710, 1550)}, unrestricted={}
03-16 09:21:43.038  1997  3755 I ActivityManager: appDiedLocked: app=ProcessRecord{ff6ca2c 4280:com.motorola.personalize/u0a306} thread=android.os.BinderProxy@de03827 fromBinderDied=true isKilledByAm=true reason=null
03-16 09:21:43.039  2843  2866 W Channel.Remote: [f574286b21de476b965ee644149e13f8|com.motorola.personalize] Ignore optimistic bind due to keep channel alive is disabled
03-16 09:21:43.039   829   829 I hwservicemanager: getTransport: Cannot find entry vendor.qti.hardware.iop@2.0::IIop/default in either framework or device VINTF manifest.
03-16 09:21:43.040  1997  3755 D RestartModeController: markWaitRestartAppIsSuicided null processName=com.motorola.personalize
03-16 09:21:43.041  1997  2143 D DisplayManagerService: Drop pending events for gone uid 10306
03-16 09:21:43.041  4654 18400 D ForegroundUtils: UID: 10306 deleted.
03-16 09:21:43.042  1997  3755 D ActivityTaskManager: handleAppDied: uid=10306,diedCount=1,lastDiedTime=515698541,forceStopUids=false
03-16 09:21:43.046 19301 19301 D BaseDepthController: mSurface is null and mCurrentBlur is: 0
03-16 09:21:43.049  1997  5025 I ActivityManager: appDiedLocked: app=ProcessRecord{9909c69 28129:com.google.android.gms/u11a195} thread=android.os.BinderProxy@ad37f72 fromBinderDied=true isKilledByAm=true reason=null
03-16 09:21:43.049   829   829 I hwservicemanager: getTransport: Cannot find entry vendor.qti.hardware.iop@2.0::IIop/default in either framework or device VINTF manifest.
03-16 09:21:43.054  1997  5025 D RestartModeController: markWaitRestartAppIsSuicided null processName=com.google.android.gms
03-16 09:21:43.054 19301 19301 D BaseDepthController: mSurface is null and mCurrentBlur is: 0
03-16 09:21:43.055  1997  5025 D ActivityTaskManager: handleAppDied: uid=1110195,diedCount=1,lastDiedTime=514746128,forceStopUids=false
03-16 09:21:43.064  1997  3527 I ActivityManager: appDiedLocked: app=ProcessRecord{9db6f53 7163:com.google.android.apps.docs.editors.slides/u0a401} thread=android.os.BinderProxy@10e2fc3 fromBinderDied=true isKilledByAm=true reason=null
03-16 09:21:43.064  1997  2728 D ConnectivityService: releasing NetworkRequest [ REQUEST id=154030, [ Capabilities: INTERNET&NOT_RESTRICTED&TRUSTED&NOT_VCN_MANAGED&NOT_BANDWIDTH_CONSTRAINED Uid: 10401 RequestorUid: 10401 RequestorPkg: com.google.android.apps.docs.editors.slides UnderlyingNetworks: Null] ] (release request)
03-16 09:21:43.064   829   829 I hwservicemanager: getTransport: Cannot find entry vendor.qti.hardware.iop@2.0::IIop/default in either framework or device VINTF manifest.
03-16 09:21:43.065  9001  9001 W SoLoader: Running a recovery step for libhermestooling.so due to com.facebook.soloader.SoLoaderDSONotFoundError: couldn't find DSO to load: libhermestooling.so
03-16 09:21:43.065  9001  9001 W SoLoader: 	existing SO sources: 
03-16 09:21:43.065  9001  9001 W SoLoader: 		SoSource 0: ApplicationSoSource[DirectorySoSource[root = /data/app/~~9cXgvjzGYcqGxcfB_fLyQw==/com.posandroid-ez8ADl1f5iBbIEfaNRUslw==/lib/arm64 flags = 0]]
03-16 09:21:43.065  9001  9001 W SoLoader: 		SoSource 1: DirectApkSoSource[root = [/data/app/~~9cXgvjzGYcqGxcfB_fLyQw==/com.posandroid-ez8ADl1f5iBbIEfaNRUslw==/base.apk!/lib/arm64-v8a]]
03-16 09:21:43.065  9001  9001 W SoLoader: 		SoSource 2: DirectorySoSource[root = /system/lib64 flags = 2]
03-16 09:21:43.065  9001  9001 W SoLoader: 		SoSource 3: DirectorySoSource[root = /vendor/lib64 flags = 2]
03-16 09:21:43.065  9001  9001 W SoLoader: 	Native lib dir: /data/app/~~9cXgvjzGYcqGxcfB_fLyQw==/com.posandroid-ez8ADl1f5iBbIEfaNRUslw==/lib/arm64
03-16 09:21:43.065  9001  9001 W soloader.recovery.CheckBaseApkExists: Base apk exists: /data/app/~~9cXgvjzGYcqGxcfB_fLyQw==/com.posandroid-ez8ADl1f5iBbIEfaNRUslw==/base.apk
03-16 09:21:43.065  1997  3527 D RestartModeController: markWaitRestartAppIsSuicided null processName=com.google.android.apps.docs.editors.slides
03-16 09:21:43.066  1168  1168 I Zygote  : Process 7163 exited due to signal 9 (Killed)
03-16 09:21:43.066  9001  9001 W SoLoader: Running a recovery step for libhermestooling.so due to com.facebook.soloader.SoLoaderDSONotFoundError: couldn't find DSO to load: libhermestooling.so
03-16 09:21:43.066  9001  9001 W SoLoader: 	existing SO sources: 
03-16 09:21:43.066  9001  9001 W SoLoader: 		SoSource 0: ApplicationSoSource[DirectorySoSource[root = /data/app/~~9cXgvjzGYcqGxcfB_fLyQw==/com.posandroid-ez8ADl1f5iBbIEfaNRUslw==/lib/arm64 flags = 0]]
03-16 09:21:43.066  9001  9001 W SoLoader: 		SoSource 1: DirectApkSoSource[root = [/data/app/~~9cXgvjzGYcqGxcfB_fLyQw==/com.posandroid-ez8ADl1f5iBbIEfaNRUslw==/base.apk!/lib/arm64-v8a]]
03-16 09:21:43.066  9001  9001 W SoLoader: 		SoSource 2: DirectorySoSource[root = /system/lib64 flags = 2]
03-16 09:21:43.066  9001  9001 W SoLoader: 		SoSource 3: DirectorySoSource[root = /vendor/lib64 flags = 2]
03-16 09:21:43.066  9001  9001 W SoLoader: 	Native lib dir: /data/app/~~9cXgvjzGYcqGxcfB_fLyQw==/com.posandroid-ez8ADl1f5iBbIEfaNRUslw==/lib/arm64
03-16 09:21:43.066  9001  9001 E SoLoader: Checking /data/app missing libraries.
03-16 09:21:43.066  9001  9001 E SoLoader: Successfully recovered from /data/app disk failure.
03-16 09:21:43.066  9001  9001 W SoLoader: Running a recovery step for libhermestooling.so due to com.facebook.soloader.SoLoaderDSONotFoundError: couldn't find DSO to load: libhermestooling.so
03-16 09:21:43.066  9001  9001 W SoLoader: 	existing SO sources: 
03-16 09:21:43.066  9001  9001 W SoLoader: 		SoSource 0: ApplicationSoSource[DirectorySoSource[root = /data/app/~~9cXgvjzGYcqGxcfB_fLyQw==/com.posandroid-ez8ADl1f5iBbIEfaNRUslw==/lib/arm64 flags = 0]]
03-16 09:21:43.066  9001  9001 W SoLoader: 		SoSource 1: DirectApkSoSource[root = [/data/app/~~9cXgvjzGYcqGxcfB_fLyQw==/com.posandroid-ez8ADl1f5iBbIEfaNRUslw==/base.apk!/lib/arm64-v8a]]
03-16 09:21:43.066  9001  9001 W SoLoader: 		SoSource 2: DirectorySoSource[root = /system/lib64 flags = 3]
03-16 09:21:43.066  9001  9001 W SoLoader: 		SoSource 3: DirectorySoSource[root = /vendor/lib64 flags = 3]
03-16 09:21:43.066  9001  9001 W SoLoader: 	Native lib dir: /data/app/~~9cXgvjzGYcqGxcfB_fLyQw==/com.posandroid-ez8ADl1f5iBbIEfaNRUslw==/lib/arm64
03-16 09:21:43.066  9001  9001 E SoLoader: Checking /data/data missing libraries.
03-16 09:21:43.066  9001  9001 E SoLoader: No libraries missing from unpacking so paths while recovering /data/data failure
03-16 09:21:43.066  1997  2143 D DisplayManagerService: Drop pending events for gone uid 10401
03-16 09:21:43.067  9001  9001 W SoLoader: Running a recovery step for libhermestooling.so due to com.facebook.soloader.SoLoaderDSONotFoundError: couldn't find DSO to load: libhermestooling.so
03-16 09:21:43.067  9001  9001 W SoLoader: 	existing SO sources: 
03-16 09:21:43.067  9001  9001 W SoLoader: 		SoSource 0: ApplicationSoSource[DirectorySoSource[root = /data/app/~~9cXgvjzGYcqGxcfB_fLyQw==/com.posandroid-ez8ADl1f5iBbIEfaNRUslw==/lib/arm64 flags = 0]]
03-16 09:21:43.067  9001  9001 W SoLoader: 		SoSource 1: DirectApkSoSource[root = [/data/app/~~9cXgvjzGYcqGxcfB_fLyQw==/com.posandroid-ez8ADl1f5iBbIEfaNRUslw==/base.apk!/lib/arm64-v8a]]
03-16 09:21:43.067  9001  9001 W SoLoader: 		SoSource 2: DirectorySoSource[root = /system/lib64 flags = 3]
03-16 09:21:43.067  9001  9001 W SoLoader: 		SoSource 3: DirectorySoSource[root = /vendor/lib64 flags = 3]
03-16 09:21:43.067  9001  9001 W SoLoader: 	Native lib dir: /data/app/~~9cXgvjzGYcqGxcfB_fLyQw==/com.posandroid-ez8ADl1f5iBbIEfaNRUslw==/lib/arm64
03-16 09:21:43.067  9001  9001 W SoLoader: Failed to recover
03-16 09:21:43.067  4654 18400 D ForegroundUtils: UID: 10401 deleted.
03-16 09:21:43.067  9001  9001 D AndroidRuntime: Shutting down VM
