03-16 09:13:29.618  1997  3108 W Telecom : TelecomServiceImpl$1: registerPhoneAccount - attempt to set a group from a non-system caller.: TSI.rPA(cw)@SsE
03-16 09:13:29.618  1997  3108 I Telecom : TelecomServiceImpl$1: registerPhoneAccount: account=[[ ] PhoneAccount: ComponentInfo{com.whatsapp/com.whatsapp.calling.telecom.SelfManagedConnectionService}, ***, UserHandle{11} Capabilities: SelfManaged SuppVideo Video  Audio Routes: BESW Schemes: tel  Extras: Bundle[{android.telecom.extra.LOG_SELF_MANAGED_CALLS=false}] GroupId: *** SC Restrictions: [NONE]]: TSI.rPA(cw)@SsE
03-16 09:13:29.619  1997  3108 I Telecom : PhoneAccountRegistrar: Modify account: [ComponentInfo{com.whatsapp/com.whatsapp.calling.telecom.SelfManagedConnectionService}, ***, UserHandle{11}]: TSI.rPA(cw)@SsE
03-16 09:13:29.620  1997  3108 I Telecom : AppLabelProxy: package com.whatsapp: name is WhatsApp: TSI.rPA(cw)@SsE
03-16 09:13:29.620  1997  3108 I Telecom : MotoCallsManager: handlePhoneAccountChanged: phoneAccount=[[X] PhoneAccount: ComponentInfo{com.whatsapp/com.whatsapp.calling.telecom.SelfManagedConnectionService}, ***, UserHandle{11} Capabilities: SelfManaged SuppVideo Video  Audio Routes: BESW Schemes: tel  Extras: Bundle[{android.telecom.extra.LOG_SELF_MANAGED_CALLS=false}] GroupId: *** SC Restrictions: [NONE]]: TSI.rPA(cw)@SsE
03-16 09:13:29.702  1997  2147 I DisplayDeviceRepository: Display device changed render timings: "Built-in Screen", renderFrameRate=90.0, presentationDeadlineNanos=11500000, appVsyncOffsetNanos=9166667
03-16 09:13:29.704  1997  2325 D BrightnessThermalClamper: Thermal status observer already started
03-16 09:13:29.709  1997  2147 D DisplayManagerService: Ignore redundant display event 0/2 to 10235/12602
03-16 09:13:29.709  1997  2147 D DisplayManagerService: Ignore redundant display event 0/2 to 10407/18748
03-16 09:13:29.710  1997  2147 D DisplayManagerService: Ignore redundant display event 0/2 to 10243/20302
03-16 09:13:29.710  1997  2147 D DisplayManagerService: Ignore redundant display event 0/2 to 10370/22939
03-16 09:13:29.710  1997  2147 D DisplayManagerService: Ignore redundant display event 0/2 to 10231/23161
03-16 09:13:29.711  1997  2147 D DisplayManagerService: Ignore redundant display event 0/2 to 10231/26167
03-16 09:13:29.711  1997  2147 D DisplayManagerService: Ignore redundant display event 0/2 to 10447/28114
03-16 09:13:29.711  1997  2147 D DisplayManagerService: Ignore redundant display event 0/2 to 10350/28357
03-16 09:13:29.711  1997  2147 D DisplayManagerService: Ignore redundant display event 0/2 to 10386/31267
03-16 09:13:30.398  1997  2147 I DisplayDeviceRepository: Display device changed render timings: "Built-in Screen", renderFrameRate=60.000004, presentationDeadlineNanos=11500000, appVsyncOffsetNanos=9166666
03-16 09:13:30.401  1997  2325 D BrightnessThermalClamper: Thermal status observer already started
03-16 09:13:30.403  1997  2147 D DisplayManagerService: Ignore redundant display event 0/2 to 10235/12602
03-16 09:13:30.403  1997  2147 D DisplayManagerService: Ignore redundant display event 0/2 to 10407/18748
03-16 09:13:30.404  1997  2147 D DisplayManagerService: Ignore redundant display event 0/2 to 10243/20302
03-16 09:13:30.404  1997  2147 D DisplayManagerService: Ignore redundant display event 0/2 to 10370/22939
03-16 09:13:30.404  1997  2147 D DisplayManagerService: Ignore redundant display event 0/2 to 10231/23161
03-16 09:13:30.404  1997  2147 D DisplayManagerService: Ignore redundant display event 0/2 to 10231/26167
03-16 09:13:30.404  1997  2147 D DisplayManagerService: Ignore redundant display event 0/2 to 10447/28114
03-16 09:13:30.404  1997  2147 D DisplayManagerService: Ignore redundant display event 0/2 to 10350/28357
03-16 09:13:30.404  1997  2147 D DisplayManagerService: Ignore redundant display event 0/2 to 10386/31267
03-16 09:13:32.124 18920 18929 W Binder  : reply too large data on java level: InterfaceDescriptor = null, code = 1
03-16 09:13:33.695  1997  2637 D ActivityManager: freezing 3214 com.android.providers.calendar, reason = oom_cached
03-16 09:13:33.697  1997  2637 I ExtRam  : handleUidFrozenState 10118 frozen=true
03-16 09:13:35.153 18920 19116 W Binder  : reply too large data on java level: InterfaceDescriptor = null, code = 1
03-16 09:13:35.259  1997  2637 D ActivityManager: freezing 32597 com.google.android.cellbroadcastreceiver, reason = oom_cached
03-16 09:13:35.262  1997  2637 I ExtRam  : handleUidFrozenState 10344 frozen=true
03-16 09:13:36.487  1997  5025 W ContextImpl: Calling a method in the system process without a qualified user: android.app.ContextImpl.sendBroadcastMultiplePermissions:1308 android.content.Context.sendBroadcastMultiplePermissions:2522 com.android.server.TelephonyRegistry.broadcastServiceStateChanged:3764 com.android.server.TelephonyRegistry.notifyServiceStateForPhoneId:1765 com.android.internal.telephony.ITelephonyRegistry$Stub.onTransact:562 
03-16 09:13:36.489  1997  5025 W ContextImpl: Calling a method in the system process without a qualified user: android.app.ContextImpl.sendBroadcastMultiplePermissions:1341 com.android.server.TelephonyRegistry.broadcastServiceStateChanged:3769 com.android.server.TelephonyRegistry.notifyServiceStateForPhoneId:1765 com.android.internal.telephony.ITelephonyRegistry$Stub.onTransact:562 android.os.Binder.execTransactInternal:1520 
03-16 09:13:36.492  1997  5025 W ContextImpl: Calling a method in the system process without a qualified user: android.app.ContextImpl.sendBroadcastMultiplePermissions:1341 com.android.server.TelephonyRegistry.broadcastServiceStateChanged:3778 com.android.server.TelephonyRegistry.notifyServiceStateForPhoneId:1765 com.android.internal.telephony.ITelephonyRegistry$Stub.onTransact:562 android.os.Binder.execTransactInternal:1520 
03-16 09:13:36.494  1997  5025 W ContextImpl: Calling a method in the system process without a qualified user: android.app.ContextImpl.sendBroadcastMultiplePermissions:1341 com.android.server.TelephonyRegistry.broadcastServiceStateChanged:3784 com.android.server.TelephonyRegistry.notifyServiceStateForPhoneId:1765 com.android.internal.telephony.ITelephonyRegistry$Stub.onTransact:562 android.os.Binder.execTransactInternal:1520 
03-16 09:13:36.497  1997  2199 D ActivityManager: unfreezing ProcessRecord{4b5bbe9 32597:com.google.android.cellbroadcastreceiver/u0a344}, reason = unfreezeTemporarily, adj = 925, adjType = cch-empty, adjSource = null
03-16 09:13:36.497  1997  2637 I ExtRam  : handleUidFrozenState 10344 frozen=false
03-16 09:13:36.497  1997  2199 D ActivityManager: sync unfroze 32597 com.google.android.cellbroadcastreceiver for 3
03-16 09:13:36.744  1997  2637 D ActivityManager: freezing 1125 com.motorola.dolby.dolbyui, reason = oom_cached
03-16 09:13:36.747  1997  2637 I ExtRam  : handleUidFrozenState 10152 frozen=true
03-16 09:13:38.039   907  2530 I keystore2: system/security/keystore2/watchdog/src/lib.rs:319 - Watchdog thread idle -> terminating. Have a great day.
03-16 09:13:38.184 18920 20472 W Binder  : reply too large data on java level: InterfaceDescriptor = null, code = 1
03-16 09:13:42.788  1997  2199 I ActivityManager: Waited long enough for: ServiceRecord{7efcc38 u11 com.whatsapp/.messageservice.messaging.MessageService c:com.whatsapp}
03-16 09:13:45.669  1997  2637 D ActivityManager: freezing 31224 android.process.acore, reason = oom_cached
03-16 09:13:45.672  1997  2637 I ExtRam  : handleUidFrozenState 10115 frozen=true
03-16 09:13:46.509  1997  2637 D ActivityManager: freezing 32597 com.google.android.cellbroadcastreceiver, reason = oom_cached
03-16 09:13:46.512  1997  2637 I ExtRam  : handleUidFrozenState 10344 frozen=true
03-16 09:13:47.030  1997  2193 D addPss  : tracker=ProcessState{22d92ac com.twitter.android/10364 pkg=com.twitter.android}
03-16 09:13:49.683  1997  2637 D ActivityManager: freezing 28129 com.google.android.gms, reason = oom_cached
03-16 09:13:49.813  1997  2647 D ActivityManager: unfreezing ProcessRecord{9909c69 28129:com.google.android.gms/u11a195}, reason = unfreezeTemporarily, adj = 915, adjType = service, adjSource = ProcessRecord{fb2b86d 304:com.google.android.googlequicksearchbox:search/u11a224}
03-16 09:13:49.814  1997  2647 D ActivityManager: sync unfroze 28129 com.google.android.gms for 27
03-16 09:13:49.971  1997  2147 I DisplayDeviceRepository: Display device changed render timings: "Built-in Screen", renderFrameRate=90.0, presentationDeadlineNanos=11500000, appVsyncOffsetNanos=9166667
03-16 09:13:49.972  1997  2325 D BrightnessThermalClamper: Thermal status observer already started
03-16 09:13:49.974  1997  2147 D DisplayManagerService: Ignore redundant display event 0/2 to 10235/12602
03-16 09:13:49.974  1997  2147 D DisplayManagerService: Ignore redundant display event 0/2 to 10407/18748
03-16 09:13:49.975  1997  2147 D DisplayManagerService: Ignore redundant display event 0/2 to 10243/20302
03-16 09:13:49.976  1997  2147 D DisplayManagerService: Ignore redundant display event 0/2 to 10370/22939
03-16 09:13:49.976  1997  2147 D DisplayManagerService: Ignore redundant display event 0/2 to 10231/23161
03-16 09:13:49.976  1997  2147 D DisplayManagerService: Ignore redundant display event 0/2 to 10231/26167
03-16 09:13:49.976  1997  2147 D DisplayManagerService: Ignore redundant display event 0/2 to 10447/28114
03-16 09:13:49.976  1997  2147 D DisplayManagerService: Ignore redundant display event 0/2 to 10350/28357
03-16 09:13:49.976  1997  2147 D DisplayManagerService: Ignore redundant display event 0/2 to 10386/31267
03-16 09:13:52.988  1997  2147 I DisplayDeviceRepository: Display device changed render timings: "Built-in Screen", renderFrameRate=60.000004, presentationDeadlineNanos=11500000, appVsyncOffsetNanos=9166666
03-16 09:13:52.990  1997  2325 D BrightnessThermalClamper: Thermal status observer already started
03-16 09:13:52.993  1997  2147 D DisplayManagerService: Ignore redundant display event 0/2 to 10235/12602
03-16 09:13:52.993  1997  2147 D DisplayManagerService: Ignore redundant display event 0/2 to 10407/18748
03-16 09:13:52.994  1997  2147 D DisplayManagerService: Ignore redundant display event 0/2 to 10243/20302
03-16 09:13:52.994  1997  2147 D DisplayManagerService: Ignore redundant display event 0/2 to 10370/22939
03-16 09:13:52.994  1997  2147 D DisplayManagerService: Ignore redundant display event 0/2 to 10231/23161
03-16 09:13:52.994  1997  2147 D DisplayManagerService: Ignore redundant display event 0/2 to 10222/24550
03-16 09:13:52.994  1997  2147 D DisplayManagerService: Ignore redundant display event 0/2 to 10231/26167
03-16 09:13:52.994  1997  2147 D DisplayManagerService: Ignore redundant display event 0/2 to 10447/28114
03-16 09:13:52.994  1997  2147 D DisplayManagerService: Ignore redundant display event 0/2 to 10350/28357
03-16 09:13:52.994  1997  2147 D DisplayManagerService: Ignore redundant display event 0/2 to 10386/31267
03-16 09:13:56.335 18920 30843 W Binder  : reply too large data on java level: InterfaceDescriptor = null, code = 1
03-16 09:13:57.048  1997  2637 D ActivityManager: freezing 2047 com.twitter.android, reason = oom_cached
03-16 09:13:57.054  1997  2637 I ExtRam  : handleUidFrozenState 10364 frozen=true
03-16 09:13:58.374  1997  4976 D PowerManagerService: nativeReleaseSuspendBlocker name:PowerManagerService.WakeLocks duration ms: 0
03-16 09:14:00.003  1997  2647 D PowerManagerService: nativeAcquireSuspendBlocker name:PowerManagerService.WakeLocks duration ms: 2
03-16 09:14:00.005  1997  1997 D PowerManagerService: nativeReleaseSuspendBlocker name:PowerManagerService.WakeLocks duration ms: 1
03-16 09:14:00.006  2843  2843 V KeyguardStatusViewController: onTimeChanged
03-16 09:14:01.544  1997  9708 D PowerManagerService: nativeAcquireSuspendBlocker name:PowerManagerService.WakeLocks duration ms: 1
03-16 09:14:01.546  1997  4976 D BiometricService: canAuthenticate: User=0, Caller=0, Authenticators=33023
03-16 09:14:01.547  1997  4976 D BiometricService/PreAuthInfo: Package: com.whatsapp Sensor ID: 4 Modality: 8 Status: 1
03-16 09:14:01.547  1997  4976 D BiometricService/PreAuthInfo: Package: com.whatsapp Sensor ID: 0 Modality: 2 Status: 1
03-16 09:14:01.547  1997  4976 D BiometricService/PreAuthInfo: getCanAuthenticateInternal Modality: 11 AuthenticatorStatus: 1
03-16 09:14:01.548  1997  4976 D AuthService: canAuthenticate, userId: 0, callingUserId: 0, authenticators: 33023, result: 0
03-16 09:14:06.888  1997  2637 D ActivityManager: freezing 22805 com.google.android.gms, reason = oom_cached
03-16 09:14:06.894  1997  2637 D ActivityManager: freezing 28129 com.google.android.gms, reason = oom_cached
03-16 09:14:09.785  1997  9708 D ActivityManager: unfreezing ProcessRecord{e35ef93 22805:com.google.android.gms/u0a195}, reason = unfreezeTemporarily, adj = 900, adjType = service, adjSource = ProcessRecord{3350795 12602:com.google.android.apps.docs/u0a235}
03-16 09:14:09.786  1997  9708 D ActivityManager: sync unfroze 22805 com.google.android.gms for 27
03-16 09:14:16.074  2843  2941 D ShellBackPreview: Finishing gesture with event action: 3
03-16 09:14:16.074  2843  2941 D ShellBackPreview: onGestureFinished called while no gesture is started
03-16 09:14:16.091  1997  2147 I DisplayDeviceRepository: Display device changed render timings: "Built-in Screen", renderFrameRate=90.0, presentationDeadlineNanos=11500000, appVsyncOffsetNanos=9166667
03-16 09:14:16.093  1997  2325 D BrightnessThermalClamper: Thermal status observer already started
03-16 09:14:16.095  1997  2147 D DisplayManagerService: Ignore redundant display event 0/2 to 10235/12602
03-16 09:14:16.096  1997  2147 D DisplayManagerService: Ignore redundant display event 0/2 to 10407/18748
03-16 09:14:16.096  1997  2147 D DisplayManagerService: Ignore redundant display event 0/2 to 10243/20302
03-16 09:14:16.096  1997  2147 D DisplayManagerService: Ignore redundant display event 0/2 to 10370/22939
03-16 09:14:16.096  1997  2147 D DisplayManagerService: Ignore redundant display event 0/2 to 10231/23161
03-16 09:14:16.096  1997  2147 D DisplayManagerService: Ignore redundant display event 0/2 to 10222/24550
03-16 09:14:16.096  1997  2147 D DisplayManagerService: Ignore redundant display event 0/2 to 10231/26167
03-16 09:14:16.096  1997  2147 D DisplayManagerService: Ignore redundant display event 0/2 to 10447/28114
03-16 09:14:16.096  1997  2147 D DisplayManagerService: Ignore redundant display event 0/2 to 10350/28357
03-16 09:14:16.097  1997  2147 D DisplayManagerService: Ignore redundant display event 0/2 to 10386/31267
03-16 09:14:17.327  1997  9708 D CoreBackPreview: Window{4f9cacd u0 com.whatsapp/com.whatsapp.Conversation}: Setting back callback OnBackInvokedCallbackInfo{mCallback=android.window.IOnBackInvokedCallback$Stub$Proxy@fbfcffc, mPriority=0, mIsAnimationCallback=false}
03-16 09:14:17.409  1997  3740 W PackageConfigPersister: App-specific configuration not found for packageName: com.whatsapp and userId: 0
03-16 09:14:18.921  1997  2147 I DisplayDeviceRepository: Display device changed render timings: "Built-in Screen", renderFrameRate=60.000004, presentationDeadlineNanos=11500000, appVsyncOffsetNanos=9166666
03-16 09:14:18.927  1997  2325 D BrightnessThermalClamper: Thermal status observer already started
03-16 09:14:18.928  1997  2147 D DisplayManagerService: Ignore redundant display event 0/2 to 10235/12602
03-16 09:14:18.928  1997  2147 D DisplayManagerService: Ignore redundant display event 0/2 to 10407/18748
03-16 09:14:18.929  1997  2147 D DisplayManagerService: Ignore redundant display event 0/2 to 10243/20302
03-16 09:14:18.930  1997  2147 D DisplayManagerService: Ignore redundant display event 0/2 to 10370/22939
03-16 09:14:18.930  1997  2147 D DisplayManagerService: Ignore redundant display event 0/2 to 10231/23161
03-16 09:14:18.931  1997  2147 D DisplayManagerService: Ignore redundant display event 0/2 to 10222/24550
03-16 09:14:18.931  1997  2147 D DisplayManagerService: Ignore redundant display event 0/2 to 10231/26167
03-16 09:14:18.931  1997  2147 D DisplayManagerService: Ignore redundant display event 0/2 to 10447/28114
03-16 09:14:18.931  1997  2147 D DisplayManagerService: Ignore redundant display event 0/2 to 10350/28357
03-16 09:14:18.931  1997  2147 D DisplayManagerService: Ignore redundant display event 0/2 to 10386/31267
03-16 09:14:18.992  1997  2594 D ActivityManager: unfreezing ProcessRecord{fbbd783 2047:com.twitter.android/u0a364}, reason = unfreezeTemporarily, adj = 920, adjType = cch-empty, adjSource = null
03-16 09:14:18.993  1997  2637 I ExtRam  : handleUidFrozenState 10364 frozen=false
03-16 09:14:19.001  1997  2594 D ActivityManager: sync unfroze 2047 com.twitter.android for 27
03-16 09:14:19.003  1997  2200 I ActivityManager: Start proc 3653:com.facebook.appmanager/u11a261 for service {com.facebook.appmanager/com.facebook.oxygen.appmanager.scheduler.schedulers.jobscheduler.JobSchedulerService}
03-16 09:14:19.008  1997  2594 W JobServiceContext: Sending onNetworkChanged for a job that isn't started. JobStatus{82ae38 androidx.work.systemjobscheduler:u0a364/52141 @androidx.work.systemjobscheduler@com.twitter.android/androidx.work.impl.background.systemjob.SystemJobService u=0 s=10364 TIME=-5s278ms:none NET READY}
03-16 09:14:19.008  1997  2594 W JobServiceContext: Sending onNetworkChanged for a job that isn't started. JobStatus{59c14d8 #u0a447/761015492 ajaib.co.id/com.google.android.datatransport.runtime.scheduling.jobscheduling.JobInfoSchedulerService u=0 s=10447 TIME=-13s580ms:none NET READY}
03-16 09:14:19.106  1997  2872 I ActivityManager: Flag disabled. Ignoring finishAttachApplication from uid: 1110261. pid: 3653
03-16 09:14:19.438  1997  2200 I ActivityManager: Start proc 3700:com.facebook.system/u11a219 for content provider {com.facebook.system/com.facebook.oxygen.installer.api.AppManagerApiProvider}
03-16 09:14:19.566  1997  2872 I ActivityManager: Flag disabled. Ignoring finishAttachApplication from uid: 1110219. pid: 3700
03-16 09:14:19.594  3653  3689 E ActivityThread: Failed to find provider info for com.facebook.appmanager.nekodirect
03-16 09:14:20.519  1997  2147 I DisplayDeviceRepository: Display device changed render timings: "Built-in Screen", renderFrameRate=90.0, presentationDeadlineNanos=11500000, appVsyncOffsetNanos=9166667
03-16 09:14:20.520  1997  2325 D BrightnessThermalClamper: Thermal status observer already started
03-16 09:14:20.525  1997  2147 D DisplayManagerService: Ignore redundant display event 0/2 to 10235/12602
03-16 09:14:20.525  1997  2147 D DisplayManagerService: Ignore redundant display event 0/2 to 10407/18748
03-16 09:14:20.526  1997  2147 D DisplayManagerService: Ignore redundant display event 0/2 to 10243/20302
03-16 09:14:20.526  1997  2147 D DisplayManagerService: Ignore redundant display event 0/2 to 10370/22939
03-16 09:14:20.526  1997  2147 D DisplayManagerService: Ignore redundant display event 0/2 to 10231/23161
03-16 09:14:20.526  1997  2147 D DisplayManagerService: Ignore redundant display event 0/2 to 10231/26167
03-16 09:14:20.526  1997  2147 D DisplayManagerService: Ignore redundant display event 0/2 to 10350/28357
03-16 09:14:20.528  1997  2147 D DisplayManagerService: Ignore redundant display event 0/2 to 10386/31267
03-16 09:14:20.638  1997  3108 D CoreBackPreview: Window{4f9cacd u0 com.whatsapp/com.whatsapp.Conversation}: Setting back callback null
03-16 09:14:20.660  1997  2147 V WindowManager: Unknown focus tokens, dropping reportFocusChanged
03-16 09:14:20.717  1997  4976 W PackageConfigPersister: App-specific configuration not found for packageName: com.whatsapp and userId: 0
03-16 09:14:20.721  1997  4976 D ActivityTaskManager: getPreferredLaunchDisplay userset_displayid false user set display id 0, current focus display 0
03-16 09:14:20.721  1997  4976 I SettingsAccessControlPolicy: isDeviceSettingsChangeDisabled: value -> false
03-16 09:14:20.723  1997  4976 W OptProp : Cannot read opt property android.window.PROPERTY_COMPAT_ALLOW_ORIENTATION_OVERRIDE
03-16 09:14:20.726  1997  4976 D CompatChangeReporter: Compat change id reported: 306666082; UID 10128; state: ENABLED
03-16 09:14:20.726  1997  4976 D ActivityTaskManager: getPreferredLaunchDisplay userset_displayid false user set display id 0, current focus display 0
03-16 09:14:20.726  1997  4976 D ActivityTaskManager: getPreferredLaunchDisplay userset_displayid false user set display id 0, current focus display 0
03-16 09:14:20.726  1997  4976 D ActivityTaskManager: getPreferredLaunchDisplay userset_displayid false user set display id 0, current focus display 0
03-16 09:14:20.726  1997  4976 D ActivityTaskManager: getPreferredLaunchDisplay userset_displayid false user set display id 0, current focus display 0
03-16 09:14:20.727  1997  4976 D ActivityTaskManager: getPreferredLaunchDisplay userset_displayid false user set display id 0, current focus display 0
03-16 09:14:20.727  1997  4976 D ActivityTaskManager: getPreferredLaunchDisplay userset_displayid false user set display id 0, current focus display 0
03-16 09:14:20.728  1997  4976 W OptProp : Cannot read opt property android.window.PROPERTY_COMPAT_ALLOW_MIN_ASPECT_RATIO_OVERRIDE
03-16 09:14:20.728  1997  4976 W OptProp : Cannot read opt property android.window.PROPERTY_COMPAT_ALLOW_RESIZEABLE_ACTIVITY_OVERRIDES
03-16 09:14:20.732  1997  4976 D PowerManagerService: nativeSetPowerMode ret:true mode:5 enabled:true duration ms: 1
03-16 09:14:20.746  1997  4976 I ActivityTaskManager: START u0 {act=android.intent.action.VIEW dat=content://com.whatsapp.provider.media/... typ=application/vnd.android.package-archive flg=0x1 cmp=com.google.android.packageinstaller/com.android.packageinstaller.InstallStart} with LAUNCH_MULTIPLE from uid 10385 (startActivityAsUser) (BAL_ALLOW_VISIBLE_WINDOW) result code=0
03-16 09:14:20.747  2843  2941 V WindowManagerShell: Transition requested (#15406): android.os.BinderProxy@450ca0f TransitionRequestInfo { type = OPEN, triggerTask = TaskInfo{userId=0 taskId=1139 displayId=0 isRunning=true baseIntent=Intent { act=android.intent.action.MAIN cat=[android.intent.category.LAUNCHER] flg=0x10200000 cmp=com.whatsapp/.Main } baseActivity=ComponentInfo{com.whatsapp/com.whatsapp.home.ui.HomeActivity} topActivity=ComponentInfo{com.google.android.packageinstaller/com.android.packageinstaller.InstallStart} origActivity=null realActivity=ComponentInfo{com.whatsapp/com.whatsapp.Main} numActivities=3 lastActiveTime=745809115 supportsMultiWindow=true supportsGlobalFreeform=true resizeMode=1 isResizeable=true isAppLocked=false isShowDecorCaptionWindowRequest=false canKillAndRestart=false minWidth=-1 minHeight=-1 defaultMinSize=200 token=WCT{android.window.IWindowContainerToken$Stub$Proxy@a90ca9c} topActivityType=1 pictureInPictureParams=null shouldDockBigOverlays=false launchIntoPipHostTaskId=-1 lastParentTaskIdBeforePip=-1 displayCutoutSafeInsets=null topActivityInfo=ActivityInfo{e09fca5 com.android.packageinstaller.InstallStart} launchCookies=[] positionInParent=Point(0, 0) parentTaskId=-1 isFocused=true isVisible=true isVisibleRequested=true isSleeping=false locusId=null displayAreaFeatureId=1 isTopActivityTransparent=true appCompatTaskInfo=AppCompatTaskInfo { topActivityInSizeCompat=false topActivityEligibleForLetterboxEducation= falseisLetterboxEducationEnabled= false isLetterboxDoubleTapEnabled= false topActivityEligibleForUserAspectRatioButton= false topActivityBoundsLetterboxed= false isFromLetterboxDoubleTap= false topActivityLetterboxVerticalPosition= -1 topActivityLetterboxHorizontalPosition= -1 topActivityLetterboxWidth=720 topActivityLetterboxHeight=1600 isUserFullscreenOverrideEnabled=false isSystemFullscreenOverrideEnabled=false cameraCompatTaskInfo=CameraCompatTaskInfo { cameraCompatControlState=hidden freeformCameraCompatMode=inactive}}}, pipTask = null, remoteTransition = null, displayChange = null, flags = 0, debugId = 15406 }
03-16 09:14:20.768  1997  2200 I ActivityManager: Start proc 3730:com.google.android.packageinstaller/u0a128 for next-top-activity {com.google.android.packageinstaller/com.android.packageinstaller.InstallStart}
03-16 09:14:20.807  1997  3740 D CompatChangeReporter: Compat change id reported: 324203798; UID 10128; state: ENABLED
03-16 09:14:20.816  1997  3108 E ClipboardService: Denying clipboard access to com.whatsapp, application is not in focus nor is it a system service for user 0
03-16 09:14:20.828  1997  3740 E ClipboardService: Denying clipboard access to com.whatsapp, application is not in focus nor is it a system service for user 0
03-16 09:14:20.838  1997  4976 E ClipboardService: Denying clipboard access to com.whatsapp, application is not in focus nor is it a system service for user 0
03-16 09:14:20.839  1997  4976 E ClipboardService: Denying clipboard access to com.whatsapp, application is not in focus nor is it a system service for user 0
03-16 09:14:20.851  1997  3108 E ClipboardService: Denying clipboard access to com.whatsapp, application is not in focus nor is it a system service for user 0
03-16 09:14:20.853  1997  2199 D ActivityManager: unfreezing ProcessRecord{cb2c5b6 1125:com.motorola.dolby.dolbyui/u0a152}, reason = unfreezeTemporarily, adj = 920, adjType = cch-empty, adjSource = null
03-16 09:14:20.853  1997  2637 I ExtRam  : handleUidFrozenState 10152 frozen=false
03-16 09:14:20.854  1997  2199 D ActivityManager: sync unfroze 1125 com.motorola.dolby.dolbyui for 3
03-16 09:14:20.859  1997  2193 D addPss  : tracker=ProcessState{c10f516 com.motorola.dolby.dolbyui/10152 pkg=com.motorola.dolby.dolbyui}
03-16 09:14:20.866  1997  3108 I ActivityManager: Flag disabled. Ignoring finishAttachApplication from uid: 10128. pid: 3730
03-16 09:14:20.866  1997  3740 E ClipboardService: Denying clipboard access to com.whatsapp, application is not in focus nor is it a system service for user 0
03-16 09:14:20.887  1997  9708 D ActivityTaskManager: getPreferredLaunchDisplay userset_displayid false user set display id 0, current focus display 0
03-16 09:14:20.887  1997  9708 I SettingsAccessControlPolicy: isDeviceSettingsChangeDisabled: value -> false
03-16 09:14:20.887  1997  9708 W OptProp : Cannot read opt property android.window.PROPERTY_COMPAT_ALLOW_ORIENTATION_OVERRIDE
03-16 09:14:20.888  1997  9708 D ActivityTaskManager: getPreferredLaunchDisplay userset_displayid false user set display id 0, current focus display 0
03-16 09:14:20.888  1997  9708 D ActivityTaskManager: getPreferredLaunchDisplay userset_displayid false user set display id 0, current focus display 0
03-16 09:14:20.888  1997  9708 D ActivityTaskManager: getPreferredLaunchDisplay userset_displayid false user set display id 0, current focus display 0
03-16 09:14:20.888  1997  9708 D ActivityTaskManager: getPreferredLaunchDisplay userset_displayid false user set display id 0, current focus display 0
03-16 09:14:20.888  1997  9708 D ActivityTaskManager: getPreferredLaunchDisplay userset_displayid false user set display id 0, current focus display 0
03-16 09:14:20.888  1997  9708 D ActivityTaskManager: getPreferredLaunchDisplay userset_displayid false user set display id 0, current focus display 0
03-16 09:14:20.889  1997  9708 W OptProp : Cannot read opt property android.window.PROPERTY_COMPAT_ALLOW_MIN_ASPECT_RATIO_OVERRIDE
03-16 09:14:20.889  1997  9708 W OptProp : Cannot read opt property android.window.PROPERTY_COMPAT_ALLOW_RESIZEABLE_ACTIVITY_OVERRIDES
03-16 09:14:20.893  1997  9708 I ActivityTaskManager: START u0 {act=android.intent.action.VIEW dat=content://com.whatsapp.provider.media/... typ=application/vnd.android.package-archive flg=0x2000001 cmp=com.google.android.packageinstaller/com.android.packageinstaller.InstallStaging (has extras)} with LAUNCH_MULTIPLE from uid 10128 (startActivityAsUser) (BAL_ALLOW_VISIBLE_WINDOW) result code=0
03-16 09:14:20.895  1997  3740 D RestartModeController: determineRescueAppAfterAppFinishItself@1 null pkgName=com.google.android.packageinstaller
03-16 09:14:20.919  1997  4976 I ActivityTaskManager: The Process com.google.android.packageinstaller Already Exists in BG. So sending its PID: 3730
03-16 09:14:20.919  1997  2193 W MotoBatteryCareService: uid: 10128 pkgName:com.google.android.packageinstaller come to foreground
03-16 09:14:20.957  1997  4976 E ClipboardService: Denying clipboard access to com.whatsapp, application is not in focus nor is it a system service for user 0
03-16 09:14:20.959  1997  3740 E ClipboardService: Denying clipboard access to com.whatsapp, application is not in focus nor is it a system service for user 0
03-16 09:14:20.965  1997  4976 E ClipboardService: Denying clipboard access to com.whatsapp, application is not in focus nor is it a system service for user 0
03-16 09:14:20.966  1997  3740 E ClipboardService: Denying clipboard access to com.whatsapp, application is not in focus nor is it a system service for user 0
03-16 09:14:21.062  1997  3108 D CoreBackPreview: Window{3697e26 u0 com.google.android.packageinstaller/com.android.packageinstaller.InstallStaging}: Setting back callback OnBackInvokedCallbackInfo{mCallback=android.window.IOnBackInvokedCallback$Stub$Proxy@1ad3898, mPriority=0, mIsAnimationCallback=false}
03-16 09:14:21.125  1997  3108 D CoreBackPreview: Window{6c8edac u0 com.google.android.packageinstaller/com.android.packageinstaller.InstallStaging}: Setting back callback OnBackInvokedCallbackInfo{mCallback=android.window.IOnBackInvokedCallback$Stub$Proxy@5894644, mPriority=0, mIsAnimationCallback=false}
03-16 09:14:21.144  2843 20283 V WindowManagerShell: onTransitionReady(transaction=8577050742059)
03-16 09:14:21.145  2843  2941 V WindowManagerShell: onTransitionReady (#15406) android.os.BinderProxy@450ca0f: {id=15406 t=OPEN f=0x0 trk=0 r=[0@Point(0, 0)] c=[{null m=OPEN f=TRANSLUCENT|FILLS_TASK leash=Surface(name=ActivityRecord{38257f u0 com.google.android.packageinstaller/com.android.packageinstaller.InstallStaging)/@0x1d9087a sb=Rect(0, 0 - 0, 0) eb=Rect(0, 0 - 720, 1600) d=-1->0 r=-1->0:-1 bc=ff363940 component=com.google.android.packageinstaller/com.android.packageinstaller.InstallStaging}]}
03-16 09:14:21.145  2843  2941 V WindowManagerShell: Playing animation for (#15406) android.os.BinderProxy@450ca0f@0
03-16 09:14:21.145  2843  2941 V WindowManagerShell:  try handler com.android.wm.shell.transition.DefaultMixedHandler@ad75e7e
03-16 09:14:21.145  2843  2941 V WindowManagerShell:  try handler com.android.wm.shell.keyguard.KeyguardTransitionHandler@ff1cfdf
03-16 09:14:21.145  2843  2941 V WindowManagerShell:  try handler com.android.wm.shell.pip.PipTransition@cc5a42c
03-16 09:14:21.145  2843  2941 V WindowManagerShell:  try handler com.android.wm.shell.activityembedding.ActivityEmbeddingController@e347ef5
03-16 09:14:21.145  2843  2941 V WindowManagerShell:  try handler com.android.wm.shell.recents.RecentsTransitionHandler@186e48a
03-16 09:14:21.145  2843  2941 V ShellRecents: RecentsTransitionHandler.startAnimation: no controller found
03-16 09:14:21.145  2843  2941 V WindowManagerShell:  try handler com.android.wm.shell.splitscreen.StageCoordinator@ccd8afb
03-16 09:14:21.145  2843  2941 V WindowManagerShell:  try handler com.android.wm.shell.transition.RemoteTransitionHandler@cfed718
03-16 09:14:21.145  1997  2193 W MotoBatteryCareService: uid: 10128 pkgName:com.google.android.packageinstaller come to foreground
03-16 09:14:21.145  2843  2941 V WindowManagerShell: Transition doesn't have explicit remote, search filters for match for {id=15406 t=OPEN f=0x0 trk=0 r=[0@Point(0, 0)] c=[{null m=OPEN f=TRANSLUCENT|FILLS_TASK leash=Surface(name=ActivityRecord{38257f u0 com.google.android.packageinstaller/com.android.packageinstaller.InstallStaging)/@0x1d9087a sb=Rect(0, 0 - 0, 0) eb=Rect(0, 0 - 720, 1600) d=-1->0 r=-1->0:-1 bc=ff363940 component=com.google.android.packageinstaller/com.android.packageinstaller.InstallStaging}]}
03-16 09:14:21.146  1997  4976 D PowerManagerService: nativeSetPowerMode ret:true mode:5 enabled:false duration ms: 1
03-16 09:14:21.146  2843  2941 V WindowManagerShell:  Checking filter Pair{{types=[] flags=0x0] notFlags=0x100 checks=[{atype=home independent=true modes=[OPEN,TO_FRONT] flags=NONE mustBeTask=false order=TOP topActivity=ComponentInfo{com.motorola.launcher3/com.android.launcher3.uioverrides.QuickstepLauncher} launchCookie=null},{atype=standard independent=true modes=[CLOSE,TO_BACK] flags=NONE mustBeTask=false order=ANY topActivity=null launchCookie=null}]} RemoteTransition { remoteTransition = android.window.IRemoteTransition$Stub$Proxy@c77e456, appThread = android.app.IApplicationThread$Stub$Proxy@7229cd7, debugName = QuickstepLaunchHome }}
03-16 09:14:21.146  2843  2941 V WindowManagerShell:  Delegate animation for (#15406) to null
03-16 09:14:21.146  2843  2941 V WindowManagerShell:  try handler com.android.wm.shell.transition.DefaultTransitionHandler@29b1571
03-16 09:14:21.146  2843  2941 V WindowManagerShell: start default transition animation, info = {id=15406 t=OPEN f=0x0 trk=0 r=[0@Point(0, 0)] c=[{null m=OPEN f=TRANSLUCENT|FILLS_TASK leash=Surface(name=ActivityRecord{38257f u0 com.google.android.packageinstaller/com.android.packageinstaller.InstallStaging)/@0x1d9087a sb=Rect(0, 0 - 0, 0) eb=Rect(0, 0 - 720, 1600) d=-1->0 r=-1->0:-1 bc=ff363940 component=com.google.android.packageinstaller/com.android.packageinstaller.InstallStaging}]}
03-16 09:14:21.146  2843  2941 V WindowManagerShell: loadAnimation: anim=null animAttr=0x4 type=OPEN isEntrance=true
03-16 09:14:21.147  1997  2142 I MotoPerfManagerService: handleAppStart 10128:com.google.android.packageinstaller cold -1 423 -1 81 404
03-16 09:14:21.149  2843  2941 V WindowManagerShell: Transition animation finished (aborted=false), notifying core (#15406) android.os.BinderProxy@450ca0f@0
03-16 09:14:21.149  1997  2142 V WindowManager: Sent Transition (#15406) createdAt=03-16 09:14:20.726 via request=TransitionRequestInfo { type = OPEN, triggerTask = TaskInfo{userId=0 taskId=1139 displayId=0 isRunning=true baseIntent=Intent { act=android.intent.action.MAIN cat=[android.intent.category.LAUNCHER] flg=0x10200000 cmp=com.whatsapp/.Main } baseActivity=ComponentInfo{com.whatsapp/com.whatsapp.home.ui.HomeActivity} topActivity=ComponentInfo{com.google.android.packageinstaller/com.android.packageinstaller.InstallStart} origActivity=null realActivity=ComponentInfo{com.whatsapp/com.whatsapp.Main} numActivities=3 lastActiveTime=745809115 supportsMultiWindow=true supportsGlobalFreeform=true resizeMode=1 isResizeable=true isAppLocked=false isShowDecorCaptionWindowRequest=false canKillAndRestart=true minWidth=-1 minHeight=-1 defaultMinSize=200 token=WCT{RemoteToken{c11bd64 Task{80e1f34 #1139 type=standard A=10385:com.whatsapp}}} topActivityType=1 pictureInPictureParams=null shouldDockBigOverlays=false launchIntoPipHostTaskId=-1 lastParentTaskIdBeforePip=-1 displayCutoutSafeInsets=null topActivityInfo=ActivityInfo{cb919dc com.android.packageinstaller.InstallStart} launchCookies=[] positionInParent=Point(0, 0) parentTaskId=-1 isFocused=true isVisible=true isVisibleRequested=true isSleeping=false locusId=null displayAreaFeatureId=1 isTopActivityTransparent=true appCompatTaskInfo=AppCompatTaskInfo { topActivityInSizeCompat=false topActivityEligibleForLetterboxEducation= falseisLetterboxEducationEnabled= false isLetterboxDoubleTapEnabled= false topActivityEligibleForUserAspectRatioButton= false topActivityBoundsLetterboxed= false isFromLetterboxDoubleTap= false topActivityLetterboxVerticalPosition= -1 topActivityLetterboxHorizontalPosition= -1 topActivityLetterboxWidth=720 topActivityLetterboxHeight=1600 isUserFullscreenOverrideEnabled=false isSystemFullscreenOverrideEnabled=false cameraCompatTaskInfo=CameraCompatTaskInfo { cameraCompatControlState=hidden freeformCameraCompatMode=inactive}}}, pipTask = null, remoteTransition = null, displayChange = null, flags = 0, debugId = 15406 }
03-16 09:14:21.149  1997  2142 V WindowManager:     startWCT=WindowContainerTransaction { changes = {} hops = [] errorCallbackToken=null taskFragmentOrganizer=null }
03-16 09:14:21.149  1997  2142 V WindowManager:     info={id=15406 t=OPEN f=0x0 trk=0 r=[0@Point(0, 0)] c=[
03-16 09:14:21.149  1997  2142 V WindowManager:         {null m=OPEN f=TRANSLUCENT|FILLS_TASK leash=Surface(name=ActivityRecord{38257f u0 com.google.android.packageinstaller/com.android.packageinstaller.InstallStaging)/@0x7e77529 sb=Rect(0, 0 - 0, 0) eb=Rect(0, 0 - 720, 1600) d=-1->0 r=-1->0:-1 bc=ff363940 component=com.google.android.packageinstaller/com.android.packageinstaller.InstallStaging}
03-16 09:14:21.149  1997  2142 V WindowManager:     ]}
03-16 09:14:21.154  1997  4976 W UserManagerService: Requested status bar icon for non-badged user 0
03-16 09:14:21.157  1997  2142 V WindowManager: Finish Transition (#15406): created at 03-16 09:14:20.726 collect-started=0.013ms request-sent=19.678ms started=22.918ms ready=198.843ms sent=416.539ms finished=430.287ms
03-16 09:14:21.158  2843  2941 V WindowManagerShell: Track 0 became idle
03-16 09:14:21.158  2843  2941 V WindowManagerShell: All active transition animations finished
03-16 09:14:21.158  2843  2941 V WindowManagerShell:  animated by com.android.wm.shell.transition.DefaultTransitionHandler@29b1571
03-16 09:14:21.158  2843  2941 V WindowManagerShell: Track 0 became idle
03-16 09:14:21.158  2843  2941 V WindowManagerShell: All active transition animations finished
03-16 09:14:21.161  1997  4976 W UserManagerService: Requested status bar icon for non-badged user 0
03-16 09:14:21.162  1997  4976 W UserManagerService: Requested status bar icon for non-badged user 0
03-16 09:14:21.167  1997  2147 W ProcessStats: Tracking association SourceState{152db3b com.google.android.gms.persistent/10195 BFgs #1457450} whose proc state 4 is better than process ProcessState{23064b4 com.google.android.adservices.api/10335 pkg=com.google.android.adservices.api} proc state 13 (5 skipped)
03-16 09:14:21.168  1997  2193 D addPss  : tracker=ProcessState{7589fa0 com.whatsapp/1110385 pkg=com.whatsapp}
03-16 09:14:21.170  1997  2193 D addPss  : tracker=ProcessState{54d006b android.process.acore/1110115 pkg=com.android.providers.contacts (sub)}
03-16 09:14:21.173  1997  2193 D addPss  : tracker=ProcessState{61cf21a com.android.providers.calendar/10118 pkg=com.android.providers.calendar}
03-16 09:14:21.175  1997  2193 D addPss  : tracker=ProcessState{d601714 com.dti.motorola/10205 pkg=com.dti.motorola}
03-16 09:14:21.178  1997  2193 D addPss  : tracker=ProcessState{64a26e com.google.android.tts/10242 pkg=com.google.android.tts}
03-16 09:14:21.679  1997  9708 D ActivityTaskManager: getPreferredLaunchDisplay userset_displayid false user set display id 0, current focus display 0
03-16 09:14:21.679  1997  9708 I SettingsAccessControlPolicy: isDeviceSettingsChangeDisabled: value -> false
03-16 09:14:21.680  1997  9708 W OptProp : Cannot read opt property android.window.PROPERTY_COMPAT_ALLOW_ORIENTATION_OVERRIDE
03-16 09:14:21.680  1997  9708 D ActivityTaskManager: getPreferredLaunchDisplay userset_displayid false user set display id 0, current focus display 0
03-16 09:14:21.680  1997  9708 D ActivityTaskManager: getPreferredLaunchDisplay userset_displayid false user set display id 0, current focus display 0
03-16 09:14:21.680  1997  9708 D ActivityTaskManager: getPreferredLaunchDisplay userset_displayid false user set display id 0, current focus display 0
03-16 09:14:21.680  1997  9708 D ActivityTaskManager: getPreferredLaunchDisplay userset_displayid false user set display id 0, current focus display 0
03-16 09:14:21.680  1997  9708 D ActivityTaskManager: getPreferredLaunchDisplay userset_displayid false user set display id 0, current focus display 0
03-16 09:14:21.680  1997  9708 D ActivityTaskManager: getPreferredLaunchDisplay userset_displayid false user set display id 0, current focus display 0
03-16 09:14:21.681  1997  9708 W OptProp : Cannot read opt property android.window.PROPERTY_COMPAT_ALLOW_MIN_ASPECT_RATIO_OVERRIDE
03-16 09:14:21.681  1997  9708 W OptProp : Cannot read opt property android.window.PROPERTY_COMPAT_ALLOW_RESIZEABLE_ACTIVITY_OVERRIDES
03-16 09:14:21.684  1997  9708 D PowerManagerService: nativeSetPowerMode ret:true mode:5 enabled:true duration ms: 0
03-16 09:14:21.686  1997  9708 I ActivityTaskManager: START u0 {act=android.intent.action.VIEW dat=file:///... flg=0x2010001 cmp=com.google.android.packageinstaller/com.android.packageinstaller.DeleteStagedFileOnResult (has extras)} with LAUNCH_MULTIPLE from uid 10128 (startActivityAsUser) (BAL_ALLOW_VISIBLE_WINDOW) result code=0
03-16 09:14:21.687  2843  2941 V WindowManagerShell: Transition requested (#15407): android.os.BinderProxy@b42be21 TransitionRequestInfo { type = OPEN, triggerTask = TaskInfo{userId=0 taskId=1139 displayId=0 isRunning=true baseIntent=Intent { act=android.intent.action.MAIN cat=[android.intent.category.LAUNCHER] flg=0x10200000 cmp=com.whatsapp/.Main } baseActivity=ComponentInfo{com.whatsapp/com.whatsapp.home.ui.HomeActivity} topActivity=ComponentInfo{com.google.android.packageinstaller/com.android.packageinstaller.DeleteStagedFileOnResult} origActivity=null realActivity=ComponentInfo{com.whatsapp/com.whatsapp.Main} numActivities=4 lastActiveTime=745810065 supportsMultiWindow=true supportsGlobalFreeform=true resizeMode=1 isResizeable=true isAppLocked=false isShowDecorCaptionWindowRequest=false canKillAndRestart=false minWidth=-1 minHeight=-1 defaultMinSize=200 token=WCT{android.window.IWindowContainerToken$Stub$Proxy@fdf3246} topActivityType=1 pictureInPictureParams=null shouldDockBigOverlays=false launchIntoPipHostTaskId=-1 lastParentTaskIdBeforePip=-1 displayCutoutSafeInsets=Rect(0, 77 - 0, 0) topActivityInfo=ActivityInfo{b7dec07 com.android.packageinstaller.DeleteStagedFileOnResult} launchCookies=[] positionInParent=Point(0, 0) parentTaskId=-1 isFocused=true isVisible=true isVisibleRequested=true isSleeping=false locusId=null displayAreaFeatureId=1 isTopActivityTransparent=true appCompatTaskInfo=AppCompatTaskInfo { topActivityInSizeCompat=false topActivityEligibleForLetterboxEducation= falseisLetterboxEducationEnabled= false isLetterboxDoubleTapEnabled= false topActivityEligibleForUserAspectRatioButton= false topActivityBoundsLetterboxed= false isFromLetterboxDoubleTap= false topActivityLetterboxVerticalPosition= -1 topActivityLetterboxHorizontalPosition= -1 topActivityLetterboxWidth=720 topActivityLetterboxHeight=1600 isUserFullscreenOverrideEnabled=false isSystemFullscreenOverrideEnabled=false cameraCompatTaskInfo=CameraCompatTaskInfo { cameraCompatControlState=hidden freeformCameraCompatMode=inactive}}}, pipTask = null, remoteTransition = null, displayChange = null, flags = 0, debugId = 15407 }
03-16 09:14:21.689  1997  3108 D RestartModeController: determineRescueAppAfterAppFinishItself@1 null pkgName=com.google.android.packageinstaller
03-16 09:14:21.694  1997  4976 I ActivityTaskManager: The Process com.google.android.packageinstaller Already Exists in BG. So sending its PID: 3730
03-16 09:14:21.695  1997  2193 W MotoBatteryCareService: uid: 10128 pkgName:com.google.android.packageinstaller come to foreground
03-16 09:14:21.713  1997  4976 D ActivityTaskManager: getPreferredLaunchDisplay userset_displayid false user set display id 0, current focus display 0
03-16 09:14:21.713  1997  4976 I SettingsAccessControlPolicy: isDeviceSettingsChangeDisabled: value -> false
03-16 09:14:21.714  1997  4976 W OptProp : Cannot read opt property android.window.PROPERTY_COMPAT_ALLOW_ORIENTATION_OVERRIDE
03-16 09:14:21.714  1997  4976 D ActivityTaskManager: getPreferredLaunchDisplay userset_displayid false user set display id 0, current focus display 0
03-16 09:14:21.714  1997  4976 D ActivityTaskManager: getPreferredLaunchDisplay userset_displayid false user set display id 0, current focus display 0
03-16 09:14:21.715  1997  4976 D ActivityTaskManager: getPreferredLaunchDisplay userset_displayid false user set display id 0, current focus display 0
03-16 09:14:21.715  1997  4976 D ActivityTaskManager: getPreferredLaunchDisplay userset_displayid false user set display id 0, current focus display 0
03-16 09:14:21.715  1997  4976 D ActivityTaskManager: getPreferredLaunchDisplay userset_displayid false user set display id 0, current focus display 0
03-16 09:14:21.715  1997  4976 D ActivityTaskManager: getPreferredLaunchDisplay userset_displayid false user set display id 0, current focus display 0
03-16 09:14:21.717  1997  4976 W OptProp : Cannot read opt property android.window.PROPERTY_COMPAT_ALLOW_MIN_ASPECT_RATIO_OVERRIDE
03-16 09:14:21.717  1997  4976 W OptProp : Cannot read opt property android.window.PROPERTY_COMPAT_ALLOW_RESIZEABLE_ACTIVITY_OVERRIDES
03-16 09:14:21.724  1997  4976 I ActivityTaskManager: START u0 {act=android.intent.action.VIEW dat=file:///... flg=0x10000 cmp=com.google.android.packageinstaller/com.android.packageinstaller.PackageInstallerActivity (has extras)} with LAUNCH_MULTIPLE from uid 10128 (startActivityAsUser) (BAL_ALLOW_VISIBLE_WINDOW) result code=0
03-16 09:14:21.746  1997  3108 D CoreBackPreview: Window{5408b43 u0 com.google.android.packageinstaller/com.android.packageinstaller.DeleteStagedFileOnResult}: Setting back callback OnBackInvokedCallbackInfo{mCallback=android.window.IOnBackInvokedCallback$Stub$Proxy@3a2d23e, mPriority=0, mIsAnimationCallback=false}
03-16 09:14:21.765  1997  9722 I ActivityTaskManager: The Process com.google.android.packageinstaller Already Exists in BG. So sending its PID: 3730
03-16 09:14:21.765  1997  2193 W MotoBatteryCareService: uid: 10128 pkgName:com.google.android.packageinstaller come to foreground
03-16 09:14:21.839  3730  3730 V AconfigFlags: Read Aconfig default flag value android.adaptiveauth.enable_adaptive_auth = true
03-16 09:14:21.839  3730  3730 V AconfigFlags: Read Aconfig default flag value android.adaptiveauth.report_biometric_auth_attempts = true
03-16 09:14:21.839  3730  3730 V AconfigFlags: Read Aconfig default flag value android.app.admin.flags.allow_querying_profile_type = true
03-16 09:14:21.839  3730  3730 V AconfigFlags: Read Aconfig default flag value android.app.admin.flags.allow_screen_brightness_control_on_cope = true
03-16 09:14:21.839  3730  3730 V AconfigFlags: Read Aconfig default flag value android.app.admin.flags.always_persist_do = true
03-16 09:14:21.839  3730  3730 V AconfigFlags: Read Aconfig default flag value android.app.admin.flags.assist_content_user_restriction_enabled = true
03-16 09:14:21.839  3730  3730 V AconfigFlags: Read Aconfig default flag value android.app.admin.flags.backup_connected_apps_settings = false
03-16 09:14:21.839  3730  3730 V AconfigFlags: Read Aconfig default flag value android.app.admin.flags.backup_service_security_log_event_enabled = true
03-16 09:14:21.839  3730  3730 V AconfigFlags: Read Aconfig default flag value android.app.admin.flags.coexistence_migration_for_non_emm_management_enabled = true
03-16 09:14:21.839  3730  3730 V AconfigFlags: Read Aconfig default flag value android.app.admin.flags.copy_account_with_retry_enabled = true
03-16 09:14:21.839  3730  3730 V AconfigFlags: Read Aconfig default flag value android.app.admin.flags.cross_user_suspension_enabled_ro = false
03-16 09:14:21.839  3730  3730 V AconfigFlags: Read Aconfig default flag value android.app.admin.flags.dedicated_device_control_api_enabled = true
03-16 09:14:21.839  3730  3730 V AconfigFlags: Read Aconfig default flag value android.app.admin.flags.dedicated_device_control_enabled = true
03-16 09:14:21.839  3730  3730 V AconfigFlags: Read Aconfig default flag value android.app.admin.flags.default_sms_personal_app_suspension_fix_enabled = true
03-16 09:14:21.839  3730  3730 V AconfigFlags: Read Aconfig default flag value android.app.admin.flags.delete_private_space_under_restriction = true
03-16 09:14:21.839  3730  3730 V AconfigFlags: Read Aconfig default flag value android.app.admin.flags.device_policy_size_tracking_enabled = true
03-16 09:14:21.839  3730  3730 V AconfigFlags: Read Aconfig default flag value android.app.admin.flags.device_policy_size_tracking_internal_bug_fix_enabled = true
03-16 09:14:21.839  3730  3730 V AconfigFlags: Read Aconfig default flag value android.app.admin.flags.device_policy_size_tracking_internal_enabled = false
03-16 09:14:21.839  3730  3730 V AconfigFlags: Read Aconfig default flag value android.app.admin.flags.device_theft_api_enabled = false
03-16 09:14:21.839  3730  3730 V AconfigFlags: Read Aconfig default flag value android.app.admin.flags.device_theft_impl_enabled = false
03-16 09:14:21.839  3730  3730 V AconfigFlags: Read Aconfig default flag value android.app.admin.flags.disallow_user_control_bg_usage_fix = true
03-16 09:14:21.839  3730  3730 V AconfigFlags: Read Aconfig default flag value android.app.admin.flags.disallow_user_control_stopped_state_fix = true
03-16 09:14:21.839  3730  3730 V AconfigFlags: Read Aconfig default flag value android.app.admin.flags.dmrh_set_app_restrictions = true
03-16 09:14:21.839  3730  3730 V AconfigFlags: Read Aconfig default flag value android.app.admin.flags.dumpsys_policy_engine_migration_enabled = true
03-16 09:14:21.839  3730  3730 V AconfigFlags: Read Aconfig default flag value android.app.admin.flags.esim_management_enabled = true
03-16 09:14:21.839  3730  3730 V AconfigFlags: Read Aconfig default flag value android.app.admin.flags.esim_management_ux_enabled = false
03-16 09:14:21.840  3730  3730 V AconfigFlags: Read Aconfig default flag value android.app.admin.flags.headless_device_owner_delegate_security_logging_bug_fix = true
03-16 09:14:21.840  3730  3730 V AconfigFlags: Read Aconfig default flag value android.app.admin.flags.headless_device_owner_provisioning_fix_enabled = true
03-16 09:14:21.840  3730  3730 V AconfigFlags: Read Aconfig default flag value android.app.admin.flags.headless_device_owner_single_user_enabled = true
03-16 09:14:21.840  3730  3730 V AconfigFlags: Read Aconfig default flag value android.app.admin.flags.headless_single_min_target_sdk = false
