03-16 09:21:44.516  4654  4654 I RegisteredComponentCache: ComponentInfo: ResolveInfo{5f737a9 id.dana/.onboarding.splash.DanaSplashActivity m=0x108000 userHandle=UserHandle{0}}, techs: android.nfc.tech.IsoDep, android.nfc.tech.NfcA, android.nfc.tech.NdefFormatable, 
03-16 09:21:44.516  1997  4976 W PackageManager: Missing required system package: com.byu.id, but found with extended search.
03-16 09:21:44.516  4654  4654 I RegisteredComponentCache: ComponentInfo: ResolveInfo{5f737a9 id.dana/.onboarding.splash.DanaSplashActivity m=0x108000 userHandle=UserHandle{0}}, techs: android.nfc.tech.IsoDep, android.nfc.tech.NfcA, android.nfc.tech.MifareClassic, 
03-16 09:21:44.516  4654  4654 I RegisteredComponentCache: ComponentInfo: ResolveInfo{5f737a9 id.dana/.onboarding.splash.DanaSplashActivity m=0x108000 userHandle=UserHandle{0}}, techs: android.nfc.tech.Ndef, 
03-16 09:21:44.516  4654  4654 I RegisteredComponentCache: ComponentInfo: ResolveInfo{5f737a9 id.dana/.onboarding.splash.DanaSplashActivity m=0x108000 userHandle=UserHandle{0}}, techs: android.nfc.tech.NfcA, 
03-16 09:21:44.516  4654  4654 I RegisteredComponentCache: ComponentInfo: ResolveInfo{5f737a9 id.dana/.onboarding.splash.DanaSplashActivity m=0x108000 userHandle=UserHandle{0}}, techs: android.nfc.tech.NfcB, 
03-16 09:21:44.516  4654  4654 I RegisteredComponentCache: ComponentInfo: ResolveInfo{5f737a9 id.dana/.onboarding.splash.DanaSplashActivity m=0x108000 userHandle=UserHandle{0}}, techs: android.nfc.tech.NfcV, 
03-16 09:21:44.516  4654  4654 I RegisteredComponentCache: ComponentInfo: ResolveInfo{5f737a9 id.dana/.onboarding.splash.DanaSplashActivity m=0x108000 userHandle=UserHandle{0}}, techs: android.nfc.tech.NfcF, 
03-16 09:21:44.516  1997  4976 W PackageManager: Missing required system package: com.bpjstku, but found with extended search.
03-16 09:21:44.516  4654  4654 I RegisteredComponentCache: ComponentInfo: ResolveInfo{5f737a9 id.dana/.onboarding.splash.DanaSplashActivity m=0x108000 userHandle=UserHandle{0}}, techs: android.nfc.tech.IsoDep, 
03-16 09:21:44.516  4654  4654 I RegisteredComponentCache: ComponentInfo: ResolveInfo{2ee612e com.google.android.tag/com.android.apps.tag.TagViewer m=0x108000 userHandle=UserHandle{0}}, techs: android.nfc.tech.Ndef, 
03-16 09:21:44.516  4654  4654 I RegisteredComponentCache: ComponentInfo: ResolveInfo{8af94cf com.google.android.tag/com.android.apps.tag.TagViewer m=0x108000 userHandle=UserHandle{11}}, techs: android.nfc.tech.Ndef, 
03-16 09:21:44.516  4654  4654 I RegisteredComponentCache: ComponentInfo: ResolveInfo{9339e5c com.shopee.id/com.shopee.app.ui.proxy.ProxyActivity m=0x108000 userHandle=UserHandle{0}}, techs: android.nfc.tech.IsoDep, 
03-16 09:21:44.516  4654  4654 I RegisteredComponentCache: ComponentInfo: ResolveInfo{c62a565 com.shopeepay.id/com.shopee.app.ui.proxy.ProxyActivity m=0x108000 userHandle=UserHandle{0}}, techs: android.nfc.tech.IsoDep, 
03-16 09:21:44.516  1997  4976 W PackageManager: Missing required system package: com.bintang.dopreel, but found with extended search.
03-16 09:21:44.516  4654  4654 I RegisteredComponentCache: ComponentInfo: ResolveInfo{583623a id.co.bri.brimo/.ui.activities.CekBrizziDariLuarActivity m=0x108000 userHandle=UserHandle{0}}, techs: android.nfc.tech.IsoDep, 
03-16 09:21:44.517  4654  4654 I RegisteredComponentCache: ComponentInfo: ResolveInfo{3baaeeb id.dana/.cardbinding.ui.activity.CardBindingActivity m=0x108000 userHandle=UserHandle{0}}, techs: android.nfc.tech.IsoDep, android.nfc.tech.NfcA, android.nfc.tech.NdefFormatable, 
03-16 09:21:44.517  4654  4654 I RegisteredComponentCache: ComponentInfo: ResolveInfo{3baaeeb id.dana/.cardbinding.ui.activity.CardBindingActivity m=0x108000 userHandle=UserHandle{0}}, techs: android.nfc.tech.IsoDep, android.nfc.tech.NfcA, android.nfc.tech.MifareClassic, 
03-16 09:21:44.517  4654  4654 I RegisteredComponentCache: ComponentInfo: ResolveInfo{3baaeeb id.dana/.cardbinding.ui.activity.CardBindingActivity m=0x108000 userHandle=UserHandle{0}}, techs: android.nfc.tech.Ndef, 
03-16 09:21:44.517  4654  4654 I RegisteredComponentCache: ComponentInfo: ResolveInfo{3baaeeb id.dana/.cardbinding.ui.activity.CardBindingActivity m=0x108000 userHandle=UserHandle{0}}, techs: android.nfc.tech.NfcA, 
03-16 09:21:44.517  4654  4654 I RegisteredComponentCache: ComponentInfo: ResolveInfo{3baaeeb id.dana/.cardbinding.ui.activity.CardBindingActivity m=0x108000 userHandle=UserHandle{0}}, techs: android.nfc.tech.NfcB, 
03-16 09:21:44.517  4654  4654 I RegisteredComponentCache: ComponentInfo: ResolveInfo{3baaeeb id.dana/.cardbinding.ui.activity.CardBindingActivity m=0x108000 userHandle=UserHandle{0}}, techs: android.nfc.tech.NfcV, 
03-16 09:21:44.517  4654  4654 I RegisteredComponentCache: ComponentInfo: ResolveInfo{3baaeeb id.dana/.cardbinding.ui.activity.CardBindingActivity m=0x108000 userHandle=UserHandle{0}}, techs: android.nfc.tech.NfcF, 
03-16 09:21:44.517  4654  4654 I RegisteredComponentCache: ComponentInfo: ResolveInfo{3baaeeb id.dana/.cardbinding.ui.activity.CardBindingActivity m=0x108000 userHandle=UserHandle{0}}, techs: android.nfc.tech.IsoDep, 
03-16 09:21:44.517  4654  4654 I RegisteredComponentCache: ComponentInfo: ResolveInfo{c8a4448 id.dana/.cardbinding.ui.activity.NfcCardBindingForeignActivity m=0x108000 userHandle=UserHandle{0}}, techs: android.nfc.tech.IsoDep, android.nfc.tech.NfcA, android.nfc.tech.NdefFormatable, 
03-16 09:21:44.517  4654  4654 I RegisteredComponentCache: ComponentInfo: ResolveInfo{c8a4448 id.dana/.cardbinding.ui.activity.NfcCardBindingForeignActivity m=0x108000 userHandle=UserHandle{0}}, techs: android.nfc.tech.IsoDep, android.nfc.tech.NfcA, android.nfc.tech.MifareClassic, 
03-16 09:21:44.517  1997  4976 W PackageManager: Missing required system package: com.apps.MyXL, but found with extended search.
03-16 09:21:44.517  4654  4654 I RegisteredComponentCache: ComponentInfo: ResolveInfo{c8a4448 id.dana/.cardbinding.ui.activity.NfcCardBindingForeignActivity m=0x108000 userHandle=UserHandle{0}}, techs: android.nfc.tech.Ndef, 
03-16 09:21:44.517  4654  4654 I RegisteredComponentCache: ComponentInfo: ResolveInfo{c8a4448 id.dana/.cardbinding.ui.activity.NfcCardBindingForeignActivity m=0x108000 userHandle=UserHandle{0}}, techs: android.nfc.tech.NfcA, 
03-16 09:21:44.517  4654  4654 I RegisteredComponentCache: ComponentInfo: ResolveInfo{c8a4448 id.dana/.cardbinding.ui.activity.NfcCardBindingForeignActivity m=0x108000 userHandle=UserHandle{0}}, techs: android.nfc.tech.NfcB, 
03-16 09:21:44.517  4654  4654 I RegisteredComponentCache: ComponentInfo: ResolveInfo{c8a4448 id.dana/.cardbinding.ui.activity.NfcCardBindingForeignActivity m=0x108000 userHandle=UserHandle{0}}, techs: android.nfc.tech.NfcV, 
03-16 09:21:44.517  4654  4654 I RegisteredComponentCache: ComponentInfo: ResolveInfo{c8a4448 id.dana/.cardbinding.ui.activity.NfcCardBindingForeignActivity m=0x108000 userHandle=UserHandle{0}}, techs: android.nfc.tech.NfcF, 
03-16 09:21:44.517  4654  4654 I RegisteredComponentCache: ComponentInfo: ResolveInfo{c8a4448 id.dana/.cardbinding.ui.activity.NfcCardBindingForeignActivity m=0x108000 userHandle=UserHandle{0}}, techs: android.nfc.tech.IsoDep, 
03-16 09:21:44.517  1997  4976 W PackageManager: Missing required system package: com.anydesk.anydeskandroid, but found with extended search.
03-16 09:21:44.517  4654  4654 I RegisteredComponentCache: Removed Components => 
03-16 09:21:44.517  4654  4654 I RegisteredComponentCache: ComponentInfo: ResolveInfo{4068085 com.gojek.gopay/.MainActivity m=0x108000 userHandle=UserHandle{0}}, techs: android.nfc.tech.NfcA, 
03-16 09:21:44.517  4654  4654 I RegisteredComponentCache: ComponentInfo: ResolveInfo{4068085 com.gojek.gopay/.MainActivity m=0x108000 userHandle=UserHandle{0}}, techs: android.nfc.tech.NfcB, 
03-16 09:21:44.517  1997  4976 W PackageManager: Missing required system package: com.anthropic.claude, but found with extended search.
03-16 09:21:44.517  4654  4654 I RegisteredComponentCache: ComponentInfo: ResolveInfo{4068085 com.gojek.gopay/.MainActivity m=0x108000 userHandle=UserHandle{0}}, techs: android.nfc.tech.NfcF, 
03-16 09:21:44.517  4654  4654 I RegisteredComponentCache: ComponentInfo: ResolveInfo{4068085 com.gojek.gopay/.MainActivity m=0x108000 userHandle=UserHandle{0}}, techs: android.nfc.tech.NfcV, 
03-16 09:21:44.517  4654  4654 I RegisteredComponentCache: ComponentInfo: ResolveInfo{4068085 com.gojek.gopay/.MainActivity m=0x108000 userHandle=UserHandle{0}}, techs: android.nfc.tech.NfcBarcode, 
03-16 09:21:44.517  4654  4654 I RegisteredComponentCache: ComponentInfo: ResolveInfo{dcb6eda id.dana/.onboarding.splash.DanaSplashActivity m=0x108000 userHandle=UserHandle{0}}, techs: android.nfc.tech.IsoDep, android.nfc.tech.NfcA, android.nfc.tech.NdefFormatable, 
03-16 09:21:44.517  4654  4654 I RegisteredComponentCache: ComponentInfo: ResolveInfo{dcb6eda id.dana/.onboarding.splash.DanaSplashActivity m=0x108000 userHandle=UserHandle{0}}, techs: android.nfc.tech.IsoDep, android.nfc.tech.NfcA, android.nfc.tech.MifareClassic, 
03-16 09:21:44.517  4654  4654 I RegisteredComponentCache: ComponentInfo: ResolveInfo{dcb6eda id.dana/.onboarding.splash.DanaSplashActivity m=0x108000 userHandle=UserHandle{0}}, techs: android.nfc.tech.Ndef, 
03-16 09:21:44.517  1997  4976 W PackageManager: Missing required system package: com.EmasDigi, but found with extended search.
03-16 09:21:44.517  4654  4654 I RegisteredComponentCache: ComponentInfo: ResolveInfo{dcb6eda id.dana/.onboarding.splash.DanaSplashActivity m=0x108000 userHandle=UserHandle{0}}, techs: android.nfc.tech.NfcA, 
03-16 09:21:44.517  4654  4654 I RegisteredComponentCache: ComponentInfo: ResolveInfo{dcb6eda id.dana/.onboarding.splash.DanaSplashActivity m=0x108000 userHandle=UserHandle{0}}, techs: android.nfc.tech.NfcB, 
03-16 09:21:44.517  4654  4654 I RegisteredComponentCache: ComponentInfo: ResolveInfo{dcb6eda id.dana/.onboarding.splash.DanaSplashActivity m=0x108000 userHandle=UserHandle{0}}, techs: android.nfc.tech.NfcV, 
03-16 09:21:44.517  4654  4654 I RegisteredComponentCache: ComponentInfo: ResolveInfo{dcb6eda id.dana/.onboarding.splash.DanaSplashActivity m=0x108000 userHandle=UserHandle{0}}, techs: android.nfc.tech.NfcF, 
03-16 09:21:44.517  1997  4976 W PackageManager: Missing required system package: app.source.getcontact, but found with extended search.
03-16 09:21:44.517  4654  4654 I RegisteredComponentCache: ComponentInfo: ResolveInfo{dcb6eda id.dana/.onboarding.splash.DanaSplashActivity m=0x108000 userHandle=UserHandle{0}}, techs: android.nfc.tech.IsoDep, 
03-16 09:21:44.517  4654  4654 I RegisteredComponentCache: ComponentInfo: ResolveInfo{200cf0b com.google.android.tag/com.android.apps.tag.TagViewer m=0x108000 userHandle=UserHandle{0}}, techs: android.nfc.tech.Ndef, 
03-16 09:21:44.517  4654  4654 I RegisteredComponentCache: ComponentInfo: ResolveInfo{6efb1e8 com.google.android.tag/com.android.apps.tag.TagViewer m=0x108000 userHandle=UserHandle{11}}, techs: android.nfc.tech.Ndef, 
03-16 09:21:44.517  4654  4654 I RegisteredComponentCache: ComponentInfo: ResolveInfo{db3a001 com.shopee.id/com.shopee.app.ui.proxy.ProxyActivity m=0x108000 userHandle=UserHandle{0}}, techs: android.nfc.tech.IsoDep, 
03-16 09:21:44.517  4654  4654 I RegisteredComponentCache: ComponentInfo: ResolveInfo{2019ea6 com.shopeepay.id/com.shopee.app.ui.proxy.ProxyActivity m=0x108000 userHandle=UserHandle{0}}, techs: android.nfc.tech.IsoDep, 
03-16 09:21:44.517  1997  4976 W PackageManager: Missing required system package: app.bpjs.mobile, but found with extended search.
03-16 09:21:44.517  4654  4654 I RegisteredComponentCache: ComponentInfo: ResolveInfo{36b50e7 id.co.bri.brimo/.ui.activities.CekBrizziDariLuarActivity m=0x108000 userHandle=UserHandle{0}}, techs: android.nfc.tech.IsoDep, 
03-16 09:21:44.517  4654  4654 I RegisteredComponentCache: ComponentInfo: ResolveInfo{1020494 id.dana/.cardbinding.ui.activity.CardBindingActivity m=0x108000 userHandle=UserHandle{0}}, techs: android.nfc.tech.IsoDep, android.nfc.tech.NfcA, android.nfc.tech.NdefFormatable, 
03-16 09:21:44.517  4654  4654 I RegisteredComponentCache: ComponentInfo: ResolveInfo{1020494 id.dana/.cardbinding.ui.activity.CardBindingActivity m=0x108000 userHandle=UserHandle{0}}, techs: android.nfc.tech.IsoDep, android.nfc.tech.NfcA, android.nfc.tech.MifareClassic, 
03-16 09:21:44.517  4654  4654 I RegisteredComponentCache: ComponentInfo: ResolveInfo{1020494 id.dana/.cardbinding.ui.activity.CardBindingActivity m=0x108000 userHandle=UserHandle{0}}, techs: android.nfc.tech.Ndef, 
03-16 09:21:44.518  1997  4976 W PackageManager: Missing required system package: ai.x.grok, but found with extended search.
03-16 09:21:44.518  4654  4654 I RegisteredComponentCache: ComponentInfo: ResolveInfo{1020494 id.dana/.cardbinding.ui.activity.CardBindingActivity m=0x108000 userHandle=UserHandle{0}}, techs: android.nfc.tech.NfcA, 
03-16 09:21:44.518  4654  4654 I RegisteredComponentCache: ComponentInfo: ResolveInfo{1020494 id.dana/.cardbinding.ui.activity.CardBindingActivity m=0x108000 userHandle=UserHandle{0}}, techs: android.nfc.tech.NfcB, 
03-16 09:21:44.518  4654  4654 I RegisteredComponentCache: ComponentInfo: ResolveInfo{1020494 id.dana/.cardbinding.ui.activity.CardBindingActivity m=0x108000 userHandle=UserHandle{0}}, techs: android.nfc.tech.NfcV, 
03-16 09:21:44.518  4654  4654 I RegisteredComponentCache: ComponentInfo: ResolveInfo{1020494 id.dana/.cardbinding.ui.activity.CardBindingActivity m=0x108000 userHandle=UserHandle{0}}, techs: android.nfc.tech.NfcF, 
03-16 09:21:44.518  4654  4654 I RegisteredComponentCache: ComponentInfo: ResolveInfo{1020494 id.dana/.cardbinding.ui.activity.CardBindingActivity m=0x108000 userHandle=UserHandle{0}}, techs: android.nfc.tech.IsoDep, 
03-16 09:21:44.518  1997  4976 W PackageManager: Missing required system package: ai.mistral.chat, but found with extended search.
03-16 09:21:44.518  4654  4654 I RegisteredComponentCache: ComponentInfo: ResolveInfo{9b93b3d id.dana/.cardbinding.ui.activity.NfcCardBindingForeignActivity m=0x108000 userHandle=UserHandle{0}}, techs: android.nfc.tech.IsoDep, android.nfc.tech.NfcA, android.nfc.tech.NdefFormatable, 
03-16 09:21:44.518  4654  4654 I RegisteredComponentCache: ComponentInfo: ResolveInfo{9b93b3d id.dana/.cardbinding.ui.activity.NfcCardBindingForeignActivity m=0x108000 userHandle=UserHandle{0}}, techs: android.nfc.tech.IsoDep, android.nfc.tech.NfcA, android.nfc.tech.MifareClassic, 
03-16 09:21:44.518  4654  4654 I RegisteredComponentCache: ComponentInfo: ResolveInfo{9b93b3d id.dana/.cardbinding.ui.activity.NfcCardBindingForeignActivity m=0x108000 userHandle=UserHandle{0}}, techs: android.nfc.tech.Ndef, 
03-16 09:21:44.518  4654  4654 I RegisteredComponentCache: ComponentInfo: ResolveInfo{9b93b3d id.dana/.cardbinding.ui.activity.NfcCardBindingForeignActivity m=0x108000 userHandle=UserHandle{0}}, techs: android.nfc.tech.NfcA, 
03-16 09:21:44.518  4654  4654 I RegisteredComponentCache: ComponentInfo: ResolveInfo{9b93b3d id.dana/.cardbinding.ui.activity.NfcCardBindingForeignActivity m=0x108000 userHandle=UserHandle{0}}, techs: android.nfc.tech.NfcB, 
03-16 09:21:44.518  4654  4654 I RegisteredComponentCache: ComponentInfo: ResolveInfo{9b93b3d id.dana/.cardbinding.ui.activity.NfcCardBindingForeignActivity m=0x108000 userHandle=UserHandle{0}}, techs: android.nfc.tech.NfcV, 
03-16 09:21:44.518  4654  4654 I RegisteredComponentCache: ComponentInfo: ResolveInfo{9b93b3d id.dana/.cardbinding.ui.activity.NfcCardBindingForeignActivity m=0x108000 userHandle=UserHandle{0}}, techs: android.nfc.tech.NfcF, 
03-16 09:21:44.518  4654  4654 I RegisteredComponentCache: ComponentInfo: ResolveInfo{9b93b3d id.dana/.cardbinding.ui.activity.NfcCardBindingForeignActivity m=0x108000 userHandle=UserHandle{0}}, techs: android.nfc.tech.IsoDep, 
03-16 09:21:44.518  1997  4976 W PackageManager: Missing required system package: host.exp.exponent, but found with extended search.
03-16 09:21:44.518  1997  4976 W PackageManager: Missing required system package: com.spotify.music, but found with extended search.
03-16 09:21:44.519  1997  4976 W PackageManager: Missing required system package: com.roblox.client, but found with extended search.
03-16 09:21:44.519  1997  4976 W PackageManager: Missing required system package: com.heytap.browser, but found with extended search.
03-16 09:21:44.519  1997  4976 W PackageManager: Missing required system package: com.google.android.apps.walletnfcrel, but found with extended search.
03-16 09:21:44.519  1997  4976 W PackageManager: Missing required system package: com.google.android.apps.photosgo, but found with extended search.
03-16 09:21:44.519  1997  4976 W PackageManager: Missing required system package: com.google.android.apps.magazines, but found with extended search.
03-16 09:21:44.519  1997  4976 W PackageManager: Missing required system package: com.google.android.apps.docs.editors.slides, but found with extended search.
03-16 09:21:44.519  1997  4976 W PackageManager: Missing required system package: com.google.android.apps.docs.editors.sheets, but found with extended search.
03-16 09:21:44.519  1997  4976 W PackageManager: Missing required system package: com.google.android.apps.docs.editors.docs, but found with extended search.
03-16 09:21:44.519  1997  4976 W PackageManager: Missing required system package: com.canva.editor, but found with extended search.
03-16 09:21:44.519  1997  4976 W PackageManager: Missing required system package: com.brave.browser, but found with extended search.
03-16 09:21:44.519  1997  4976 W PackageManager: Missing required system package: com.bandlab.bandlab, but found with extended search.
03-16 09:21:44.520  1997  4976 W PackageManager: Missing required system package: ajaib.co.id, but found with extended search.
03-16 09:21:44.523  1379  1379 E SurfaceFlinger: Out of order buffers detected for RequestedLayerState{com.motorola.launcher3/com.android.launcher3.CustomizationPanelLauncher#199729 parentId=189046} producedId=117 frameNumber=138 -> producedId=117 frameNumber=81
03-16 09:21:44.525  1997  4804 W PackageManager: Missing required system package: org.kde.kdeconnect_tp, but found with extended search.
03-16 09:21:44.525  1997  4804 W PackageManager: Missing required system package: app.source.getcontact, but found with extended search.
03-16 09:21:44.526  9108  9108 E PersonalizeApplication: onCreate: oho! android.permission.CUSTOMIZE_SYSTEM_UI is not granted
03-16 09:21:44.528  9108  9108 D PersonalizeApplication: onCreate(228ms): userUnLocked-[YES], version is [01.0.4.016], flavor is [release], ROW ? true
03-16 09:21:44.528  9108  9108 I Typeface: updateThemeFont new=Exo2-Regular;old=sans-serif;new=Exo2-Stacked;old=
03-16 09:21:44.529  1997  7375 I ActivityManager: Flag disabled. Ignoring finishAttachApplication from uid: 10306. pid: 9108
03-16 09:21:44.533  1997  2641 I RoleService: Granting default roles...
03-16 09:21:44.534  1379  1379 E SurfaceFlinger: Out of order buffers detected for RequestedLayerState{com.motorola.launcher3/com.android.launcher3.CustomizationPanelLauncher#199729 parentId=189046} producedId=117 frameNumber=138 -> producedId=117 frameNumber=82
03-16 09:21:44.535  1997  7375 W PackageManager: Missing required system package: app.source.getcontact, but found with extended search.
03-16 09:21:44.536  1997  7375 W PackageManager: Missing required system package: com.whatsapp.w4b, but found with extended search.
03-16 09:21:44.537  1997  7375 W PackageManager: Missing required system package: com.whatsapp, but found with extended search.
03-16 09:21:44.537  1997  7375 W PackageManager: Missing required system package: app.source.getcontact, but found with extended search.
03-16 09:21:44.541  1997  4454 E RoleControllerServiceImpl: Default/fallback role holder package doesn't qualify for the role, package: com.google.android.gms.supervision, role: android.app.role.SYSTEM_SUPERVISION, user: 0
03-16 09:21:44.544  3051  3051 E SmsApplication: com.google.android.apps.messaging lost android:read_cell_broadcasts:  (fixing)
03-16 09:21:44.545  1997  3262 W AppOpService: Ignored setUidMode call for runtime permission app op: uid = 10196, code = READ_CELL_BROADCASTS, mode = allow, callingUid = 1001, oldMode = allow
03-16 09:21:44.545  1379  1379 E SurfaceFlinger: Out of order buffers detected for RequestedLayerState{com.motorola.launcher3/com.android.launcher3.CustomizationPanelLauncher#199729 parentId=189046} producedId=117 frameNumber=138 -> producedId=117 frameNumber=83
03-16 09:21:44.549  3051  3051 E SmsApplication: isSystemPackage NameNotFoundException:com.motorola.cn.devicemigration
03-16 09:21:44.550  1997  7375 W AppOpService: Ignored setUidMode call for runtime permission app op: uid = 1001, code = READ_SMS, mode = allow, callingUid = 1001, oldMode = allow
03-16 09:21:44.550  1997  7375 W AppOpService: Ignored setUidMode call for runtime permission app op: uid = 1001, code = RECEIVE_SMS, mode = allow, callingUid = 1001, oldMode = allow
03-16 09:21:44.551  1997  7375 W AppOpService: Ignored setUidMode call for runtime permission app op: uid = 1001, code = RECEIVE_WAP_PUSH, mode = allow, callingUid = 1001, oldMode = allow
03-16 09:21:44.551  1997  7375 W AppOpService: Ignored setUidMode call for runtime permission app op: uid = 1001, code = SEND_SMS, mode = allow, callingUid = 1001, oldMode = allow
03-16 09:21:44.552  1997  7375 W AppOpService: Ignored setUidMode call for runtime permission app op: uid = 1001, code = READ_CELL_BROADCASTS, mode = allow, callingUid = 1001, oldMode = allow
03-16 09:21:44.552  1997  7375 W PackageManager: Missing required system package: com.whatsapp.w4b, but found with extended search.
03-16 09:21:44.552  1997  7375 W PackageManager: Missing required system package: com.whatsapp, but found with extended search.
03-16 09:21:44.552  1997  7375 W PackageManager: Missing required system package: app.source.getcontact, but found with extended search.
03-16 09:21:44.554  1997  4976 W PackageManager: Missing required system package: com.whatsapp.w4b, but found with extended search.
03-16 09:21:44.554  1997  4976 W PackageManager: Missing required system package: com.whatsapp, but found with extended search.
03-16 09:21:44.554  1997  4976 W PackageManager: Missing required system package: app.source.getcontact, but found with extended search.
03-16 09:21:44.556  1997  4976 W PackageManager: Missing required system package: app.source.getcontact, but found with extended search.
03-16 09:21:44.556  1379  1379 E SurfaceFlinger: Out of order buffers detected for RequestedLayerState{com.motorola.launcher3/com.android.launcher3.CustomizationPanelLauncher#199729 parentId=189046} producedId=117 frameNumber=138 -> producedId=117 frameNumber=84
03-16 09:21:44.558  1997  3262 W PackageManager: Missing required system package: app.source.getcontact, but found with extended search.
03-16 09:21:44.562  1997  4454 W SignedPackage: Package doesn't have required signing certificate: com.google.android.apps.work.clouddpc
03-16 09:21:44.563  1997  4976 W ParceledListSlice: Element #102 is 19248 bytes.
03-16 09:21:44.563  3051  3382 D ImsResolver: maybeAddedImsService, packageName: com.motorola.dolby.dolbyui
03-16 09:21:44.567  1379  1379 E SurfaceFlinger: Out of order buffers detected for RequestedLayerState{com.motorola.launcher3/com.android.launcher3.CustomizationPanelLauncher#199729 parentId=189046} producedId=117 frameNumber=138 -> producedId=117 frameNumber=85
03-16 09:21:44.574  9144  9144 V GraphicsEnvironment: Currently set values for:
03-16 09:21:44.574  9144  9144 V GraphicsEnvironment:   angle_gl_driver_selection_pkgs=[]
03-16 09:21:44.574  9144  9144 V GraphicsEnvironment:   angle_gl_driver_selection_values=[]
03-16 09:21:44.574  9144  9144 V GraphicsEnvironment: Global.Settings values are invalid: number of packages: 0, number of values: 0
03-16 09:21:44.575  9144  9144 V GraphicsEnvironment: Neither updatable production driver nor prerelease driver is supported.
03-16 09:21:44.575  1997  4976 W PackageManager: Missing required system package: com.whatsapp, but found with extended search.
03-16 09:21:44.579  1379  1379 E SurfaceFlinger: Out of order buffers detected for RequestedLayerState{com.motorola.launcher3/com.android.launcher3.CustomizationPanelLauncher#199729 parentId=189046} producedId=117 frameNumber=138 -> producedId=117 frameNumber=86
03-16 09:21:44.580  1997  4454 W PackageManager: Missing required system package: ru.zdevs.zarchiver, but found with extended search.
03-16 09:21:44.583  1997  4804 W UserManagerService: Requested status bar icon for non-badged user 0
03-16 09:21:44.585  1997  5025 E PersistenceController: SettingNotFoundException: sv_custom_ai_icon_enabled
03-16 09:21:44.585  1997  3262 W UserManagerService: Requested status bar icon for non-badged user 0
03-16 09:21:44.585  1997  4454 W PackageManager: Missing required system package: ru.zdevs.zarchiver, but found with extended search.
03-16 09:21:44.590  1379  1379 E SurfaceFlinger: Out of order buffers detected for RequestedLayerState{com.motorola.launcher3/com.android.launcher3.CustomizationPanelLauncher#199729 parentId=189046} producedId=117 frameNumber=138 -> producedId=117 frameNumber=87
03-16 09:21:44.593  1282  1282 I QTI PowerHAL: Power setBoost: 0, duration: 0
03-16 09:21:44.595 19301 19310 I orola.launcher3: Background young concurrent copying GC freed 18MB AllocSpace bytes, 37(1820KB) LOS objects, 64% free, 11MB/31MB, paused 120us,57us total 148.047ms
03-16 09:21:44.601  1379  1379 E SurfaceFlinger: Out of order buffers detected for RequestedLayerState{com.motorola.launcher3/com.android.launcher3.CustomizationPanelLauncher#199729 parentId=189046} producedId=117 frameNumber=138 -> producedId=117 frameNumber=88
03-16 09:21:44.606  9144  9144 D CameraStatus: Init for device: fogos
03-16 09:21:44.613  1282  1282 I QTI PowerHAL: Power setBoost: 0, duration: 0
03-16 09:21:44.618  1997  4976 W UserManagerService: Can't access LauncherUserInfo for another user for disabled profile 10 from 0
03-16 09:21:44.620 19301 19301 D StatsLog: LAUNCHER_ALLAPPS_COUNT
03-16 09:21:44.622  9144  9144 D nativeloader: Load /system_ext/lib64/libjni_helper.motocameradesktop.so using class loader ns clns-10 (caller=/data/app/~~PqCFfW3Cqm5FaUqfmjBszA==/com.motorola.motcameradesktop-9DGNp864s_OP13rNzf05IA==/base.apk): ok
03-16 09:21:44.622  9144  9144 D MotCameraDesktopJni: JNI_OnLoad
03-16 09:21:44.623  1997  2193 W MagnificationConnectionManager: requestConnection duplicated request: connect=false, mConnectionState=DISCONNECTED
03-16 09:21:44.624  9144  9144 D SettingsContentProvider: onCreate() called
03-16 09:21:44.625  1997  2193 W PackageManager: Missing required system package: us.zoom.videomeetings, but found with extended search.
03-16 09:21:44.626  1997  2193 W PackageManager: Missing required system package: org.telegram.messenger, but found with extended search.
03-16 09:21:44.626  1997  2193 W PackageManager: Missing required system package: com.whatsapp.w4b, but found with extended search.
03-16 09:21:44.626  1997  2193 W PackageManager: Missing required system package: com.whatsapp, but found with extended search.
03-16 09:21:44.626  1997  2193 W PackageManager: Missing required system package: com.twitter.android, but found with extended search.
03-16 09:21:44.627  1997  2193 W PackageManager: Missing required system package: com.ss.android.ugc.trill, but found with extended search.
03-16 09:21:44.627  1997  2193 W PackageManager: Missing required system package: com.shopeepay.id, but found with extended search.
03-16 09:21:44.627  1997  2193 W PackageManager: Missing required system package: com.runtastic.android, but found with extended search.
03-16 09:21:44.627  1997  2193 W PackageManager: Missing required system package: com.runtastic.android, but found with extended search.
03-16 09:21:44.628  1997  4454 W AppOpService: Ignored setUidMode call for runtime permission app op: uid = 10164, code = FINE_LOCATION, mode = allow, callingUid = 1000, oldMode = allow
03-16 09:21:44.628  1997  2193 W PackageManager: Missing required system package: com.runtastic.android, but found with extended search.
03-16 09:21:44.628  1997  2193 W PackageManager: Missing required system package: com.microsoft.skydrive, but found with extended search.
03-16 09:21:44.628  1997  2193 W PackageManager: Missing required system package: com.microsoft.office.word, but found with extended search.
03-16 09:21:44.628  1997  2193 W PackageManager: Missing required system package: com.microsoft.office.officehubrow, but found with extended search.
03-16 09:21:44.628  1997  2193 W PackageManager: Missing required system package: com.instagram.barcelona, but found with extended search.
03-16 09:21:44.628  9144  9144 I CameraManagerGlobal: Connecting to camera service
03-16 09:21:44.629  1997  2193 W PackageManager: Missing required system package: com.instagram.android, but found with extended search.
03-16 09:21:44.629  1997  2193 W PackageManager: Missing required system package: com.facebook.pages.app, but found with extended search.
03-16 09:21:44.629 19301 19312 W System  : A resource failed to call release. 
03-16 09:21:44.629 19301 19312 W System  : A resource failed to call release. 
03-16 09:21:44.629 19301 19312 W System  : A resource failed to call release. 
03-16 09:21:44.629  1997  2193 W PackageManager: Missing required system package: com.facebook.katana, but found with extended search.
03-16 09:21:44.629  1997  2193 W PackageManager: Missing required system package: ai.x.grok, but found with extended search.
03-16 09:21:44.640  1632 15998 E VendorTagDescriptor: lookupTag: Tag name 'support_get_property_2_0' does not exist.
03-16 09:21:44.644  1997  4454 W PackageManager: Missing required system package: com.whatsapp.w4b, but found with extended search.
03-16 09:21:44.644  1997  4454 W PackageManager: Missing required system package: com.whatsapp, but found with extended search.
03-16 09:21:44.644  1997  4454 W PackageManager: Missing required system package: app.source.getcontact, but found with extended search.
03-16 09:21:44.645  1997  4454 W PackageManager: Missing required system package: com.whatsapp.w4b, but found with extended search.
03-16 09:21:44.645  1997  4454 W PackageManager: Missing required system package: com.whatsapp, but found with extended search.
03-16 09:21:44.645  1997  4454 W PackageManager: Missing required system package: app.source.getcontact, but found with extended search.
03-16 09:21:44.646  1997  4454 W PackageManager: Missing required system package: app.source.getcontact, but found with extended search.
03-16 09:21:44.646  1997  4454 W PackageManager: Missing required system package: app.source.getcontact, but found with extended search.
03-16 09:21:44.650  1997  4454 W AppOpService: Ignored setUidMode call for runtime permission app op: uid = 10164, code = FINE_LOCATION, mode = allow, callingUid = 1000, oldMode = allow
03-16 09:21:44.655  1997  4454 W PackageManager: Missing required system package: us.zoom.videomeetings, but found with extended search.
03-16 09:21:44.655  1997  4454 W PackageManager: Missing required system package: app.source.getcontact, but found with extended search.
03-16 09:21:44.655  1997  4454 W PackageManager: Missing required system package: us.zoom.videomeetings, but found with extended search.
03-16 09:21:44.655  1997  4454 W PackageManager: Missing required system package: app.source.getcontact, but found with extended search.
03-16 09:21:44.670  1632 15998 E VendorTagDescriptor: lookupTag: Tag name 'support_get_property_2_0' does not exist.
03-16 09:21:44.674  9144  9144 D SettingsActivitySearchProvider: onCreate isEnabled: false
03-16 09:21:44.686  9144  9144 D WM-WrkMgrInitializer: Initializing WorkManager with default configuration.
03-16 09:21:44.688 19301 19312 W System  : A resource failed to call release. 
03-16 09:21:44.688 19301 19312 W System  : A resource failed to call release. 
03-16 09:21:44.689  1997  4454 E RoleControllerServiceImpl: Default/fallback role holder package doesn't qualify for the role, package: com.motorola.paks, role: android.app.role.SYSTEM_FINANCED_DEVICE_CONTROLLER, user: 0
03-16 09:21:44.693  9144  9144 D WM-PackageManagerHelper: Skipping component enablement for androidx.work.impl.background.systemjob.SystemJobService
03-16 09:21:44.693  9144  9144 D WM-Schedulers: Created SystemJobScheduler and enabled SystemJobService
03-16 09:21:44.698  9144  9144 D VideoEffectsProvider: onCreate
03-16 09:21:44.701  1379  1379 E SurfaceFlinger: Out of order buffers detected for RequestedLayerState{com.motorola.launcher3/com.android.launcher3.CustomizationPanelLauncher#199729 parentId=189046} producedId=117 frameNumber=138 -> producedId=117 frameNumber=89
03-16 09:21:44.713  9144  9144 I Typeface: updateThemeFont new=Exo2-Regular;old=sans-serif;new=Exo2-Stacked;old=
03-16 09:21:44.713  9144  9162 D VideoEffectsProvider: query - uri = content://com.motorola.motoprovider.VideoEffectsProvider/v5/families
03-16 09:21:44.714  1997  3527 I ActivityManager: Flag disabled. Ignoring finishAttachApplication from uid: 10287. pid: 9144
03-16 09:21:44.720  1997  1997 W AccessibilityManagerService:  wait for adding window timeout: 21335
03-16 09:21:44.721  6857  6981 W MotoFreeForm: [FeaturesProvider] CODE_FAMILIES tmpProjection = [_ID, VERSION, PRIORITY, TITLE, DESCRIPTION, ENABLED, FAMILY_IMAGE, ICON, FAMILY_HEADER_TEXT, FAMILY_SUPPORT_TEXT, SETTINGS_SUBTITLE, ACTION_INTENT, VALUE_PROP_TITLE, VALUE_PROP_DESC, VALUE_PROP_IMAGE, DISPLAY_TYPE]
03-16 09:21:44.721  6857  6981 W MotoFreeForm: [FeaturesProvider] getFamiliesItem state = 1
03-16 09:21:44.721  6857  6981 W MotoFreeForm: [FeaturesProvider] CODE_FAMILIES CODE = 11 Column Count =16
03-16 09:21:44.724  9059  9059 E MM.MotoApp: PackageManager.NameNotFoundException: com.motorola.magictouch
03-16 09:21:44.724  9059  9059 I MM.MotoApp: Support Version: 5 
03-16 09:21:44.727  9059  9059 I MM.MotoApp: Loading V4/V5 modules
03-16 09:21:44.728  9059  9059 I MM.MotoApp: V5E - Loading V5 modules
03-16 09:21:44.730  9059  9059 W [Koin]  : (+) override index 'E8.c::_root_' -> '[Factory:'Jf.e',binds:E8.c,I8.a,J8.a]'
03-16 09:21:44.730  9059  9059 W [Koin]  : (+) override index 'I8.a::_root_' -> '[Factory:'Jf.e',binds:E8.c,I8.a,J8.a]'
03-16 09:21:44.730  9059  9059 W [Koin]  : (+) override index 'J8.a::_root_' -> '[Factory:'Jf.e',binds:E8.c,I8.a,J8.a]'
03-16 09:21:44.732  9059  9059 W [Koin]  : (+) override index 'E8.c::_root_' -> '[Factory:'ze.a',binds:I8.a,E8.c]'
03-16 09:21:44.732  9059  9059 W [Koin]  : (+) override index 'I8.a::_root_' -> '[Factory:'ze.a',binds:I8.a,E8.c]'
03-16 09:21:44.732  9059  9059 W [Koin]  : (+) override index 'y3.a::_root_' -> '[Factory:'ve.a',binds:y3.a]'
03-16 09:21:44.732  9059  9059 W [Koin]  : (+) override index 'I3.a::_root_' -> '[Factory:'Ae.a',binds:I3.a]'
03-16 09:21:44.732  9059  9059 W [Koin]  : (+) override index 'H8.a::_root_' -> '[Factory:'lc.a',binds:H8.a]'
03-16 09:21:44.739  9059  9059 W [Koin]  : (+) override index 'com.motorola.data.v3.datasource.InternalExperience::_root_' -> '[Factory:'Y9.o',binds:com.motorola.data.v3.datasource.InternalExperience]'
03-16 09:21:44.739  9059  9059 W [Koin]  : (+) override index 'com.motorola.data.provider.MotoFamilyProvider::_root_' -> '[Factory:'Y9.d',binds:com.motorola.data.provider.MotoFamilyProvider]'
03-16 09:21:44.740  9059  9059 W [Koin]  : (+) override index 'E8.c::_root_' -> '[Factory:'Da.b',binds:E8.c,I8.a]'
03-16 09:21:44.740  9059  9059 W [Koin]  : (+) override index 'I8.a::_root_' -> '[Factory:'Da.b',binds:E8.c,I8.a]'
03-16 09:21:44.740  9059  9059 W [Koin]  : (+) override index 'E8.c::_root_' -> '[Factory:'u9.a',binds:E8.c,I8.a]'
03-16 09:21:44.740  9059  9059 W [Koin]  : (+) override index 'I8.a::_root_' -> '[Factory:'u9.a',binds:E8.c,I8.a]'
03-16 09:21:44.740  9059  9059 W [Koin]  : (+) override index 'E8.c::_root_' -> '[Factory:'Rb.a',binds:I8.a,H8.a,E8.c]'
03-16 09:21:44.740  9059  9059 W [Koin]  : (+) override index 'y3.a::_root_' -> '[Factory:'Mb.a',binds:y3.a]'
03-16 09:21:44.740  9059  9059 W [Koin]  : (+) override index 'H8.a::_root_' -> '[Factory:'Rb.a',binds:I8.a,H8.a,E8.c]'
03-16 09:21:44.740  9059  9059 W [Koin]  : (+) override index 'I8.a::_root_' -> '[Factory:'Rb.a',binds:I8.a,H8.a,E8.c]'
03-16 09:21:44.743  9059  9059 W [Koin]  : (+) override index 'y3.a::_root_' -> '[Factory:'N2.a',binds:y3.a]'
03-16 09:21:44.743  9059  9059 W [Koin]  : (+) override index 'E8.c::_root_' -> '[Factory:'J2.a',binds:E8.c,I8.a,J8.a]'
03-16 09:21:44.743  9059  9059 W [Koin]  : (+) override index 'I8.a::_root_' -> '[Factory:'J2.a',binds:E8.c,I8.a,J8.a]'
03-16 09:21:44.743  9059  9059 W [Koin]  : (+) override index 'J8.a::_root_' -> '[Factory:'J2.a',binds:E8.c,I8.a,J8.a]'
03-16 09:21:44.743  9059  9059 W [Koin]  : (+) override index 'y3.a::_root_' -> '[Factory:'g6.a',binds:y3.a]'
03-16 09:21:44.743  9059  9059 W [Koin]  : (+) override index 'G8.c::_root_' -> '[Factory:'E4.b',binds:G8.c]'
03-16 09:21:44.788  1997  2193 W PackageManager: Missing required system package: us.zoom.videomeetings, but found with extended search.
03-16 09:21:44.789  1997  2193 W PackageManager: Missing required system package: org.telegram.messenger, but found with extended search.
03-16 09:21:44.789  1997  2193 W PackageManager: Missing required system package: com.whatsapp.w4b, but found with extended search.
03-16 09:21:44.789  1997  2193 W PackageManager: Missing required system package: com.whatsapp, but found with extended search.
03-16 09:21:44.789  1997  2193 W PackageManager: Missing required system package: com.shopeepay.id, but found with extended search.
03-16 09:21:44.789  1997  2193 W PackageManager: Missing required system package: com.microsoft.skydrive, but found with extended search.
03-16 09:21:44.789  1997  2193 W PackageManager: Missing required system package: com.google.android.keep, but found with extended search.
03-16 09:21:44.790  1997  2193 W PackageManager: Missing required system package: com.google.android.apps.magazines, but found with extended search.
03-16 09:21:44.790  1997  2193 W PackageManager: Missing required system package: com.google.android.apps.docs.editors.slides, but found with extended search.
03-16 09:21:44.790  1997  2193 W PackageManager: Missing required system package: com.google.android.apps.docs.editors.sheets, but found with extended search.
03-16 09:21:44.790  1997  2193 W PackageManager: Missing required system package: com.google.android.apps.docs.editors.docs, but found with extended search.
03-16 09:21:44.801  9059  9059 D CompatChangeReporter: Compat change id reported: 279646685; UID 10194; state: ENABLED
03-16 09:21:44.821  9092  9104 D SecurityHubProvider: query - uri = content://com.motorola.securityhub.provider/v5/sections
03-16 09:21:44.822  9092  9104 W SecurityHubProvider: query - match = NO MATCH
03-16 09:21:44.823  9220 16312 W GameMode: could not match uri
03-16 09:21:44.825  9059  9197 E ActivityThread: Failed to find provider info for com.motorola.motofpstouch.provider
03-16 09:21:44.826  9059  9197 E ActivityThread: Failed to find provider info for com.motorola.motowaves.provider.moto
03-16 09:21:44.834  9092  9104 D SecurityHubProvider: query - uri = content://com.motorola.securityhub.provider/v5/families
03-16 09:21:44.834  9092  9104 D MotoSecure>>: SecurityHubProvider - query - match = FAMILIES_V5
03-16 09:21:44.835  9059  9187 E ActivityThread: Failed to find provider info for com.motorola.securevault.provider
03-16 09:21:44.838  9059  9197 E ActivityThread: Failed to find provider info for com.motorola.securevault.provider
03-16 09:21:44.838  9059  9197 E ActivityThread: Failed to find provider info for com.motorola.motowaves.provider.moto
03-16 09:21:44.839  9059  9186 E ActivityThread: Failed to find provider info for com.motorola.motoedgeassistant.provider
03-16 09:21:44.839  6857  6981 W MotoFreeForm: [FeaturesProvider] CODE_FAMILIES tmpProjection = [_ID, VERSION, PRIORITY, TITLE, DESCRIPTION, ENABLED, FAMILY_IMAGE, ICON, FAMILY_HEADER_TEXT, FAMILY_SUPPORT_TEXT, SETTINGS_SUBTITLE, ACTION_INTENT, VALUE_PROP_TITLE, VALUE_PROP_DESC, VALUE_PROP_IMAGE, DISPLAY_TYPE]
03-16 09:21:44.839  6857  6981 W MotoFreeForm: [FeaturesProvider] getFamiliesItem state = 1
03-16 09:21:44.840  6857  6981 W MotoFreeForm: [FeaturesProvider] CODE_FAMILIES CODE = 11 Column Count =16
03-16 09:21:44.842  9059  9179 E ActivityThread: Failed to find provider info for com.motorola.magictouch.provider
03-16 09:21:44.842  9059  9181 E ActivityThread: Failed to find provider info for com.motorola.magictouch.provider
03-16 09:21:44.843  9059  9195 E ActivityThread: Failed to find provider info for com.motorola.motoedgeassistant.provide
03-16 09:21:44.843  9059  9180 E ActivityThread: Failed to find provider info for com.motorola.magictouch.provider
03-16 09:21:44.845  9059  9184 E ActivityThread: Failed to find provider info for com.motorola.motofpstouch.provider
03-16 09:21:44.848  9059  9191 E m.motorola.moto: No package ID ff found for resource ID 0xffffffff.
03-16 09:21:44.848  9059  9191 E MM.MotoApp: Resources.NotFoundException: String resource ID #0xffffffff
03-16 09:21:44.848  9059  9191 E m.motorola.moto: No package ID ff found for resource ID 0xffffffff.
03-16 09:21:44.848  9059  9191 E MM.MotoApp: Resources.NotFoundException: String resource ID #0xffffffff
03-16 09:21:44.848  9059  9191 E m.motorola.moto: Invalid resource ID 0x00000000.
03-16 09:21:44.849  9059  9191 E MM.MotoApp: Resources.NotFoundException: String resource ID #0x0
03-16 09:21:44.849  9059  9191 E m.motorola.moto: Invalid resource ID 0x00000000.
03-16 09:21:44.849  9059  9191 E MM.MotoApp: Resources.NotFoundException: String resource ID #0x0
03-16 09:21:44.852  9092  9104 D SecurityHubProvider: query - uri = content://com.motorola.securityhub.provider/v5/features
03-16 09:21:44.852  9059  9183 E ActivityThread: Failed to find provider info for com.motorola.magictouch.provider
03-16 09:21:44.852  9220 16312 D GameMode: isEnabled = true
03-16 09:21:44.852  9092  9104 D MotoSecure>>: SecurityHubProvider - query - match = FEATURES_V5
03-16 09:21:44.852  9220 16312 I GameMode: isMonetizationSupported: isDeviceSupported: true
03-16 09:21:44.853  9220 16312 I GameMode: isExploreAvailable: isDeviceSupported: true, isEnterprise: false
03-16 09:21:44.853  1311  1403 E ANDR-PERF-UTIL: Failed to update node /proc/9001/sched_boost with value 0
03-16 09:21:44.854  1311  1403 E ANDR-PERF-OPTSHANDLER: can't reset task 9001
03-16 09:21:44.854  1311  1403 E ANDR-PERF-RESOURCEQS: Failed to reset optimization [3, 32]
03-16 09:21:44.856  4185 16566 I ebct    : (REDACTED) appOpsListener %s %s
03-16 09:21:44.856  9092  9102 D SecurityHubProvider: query - uri = content://com.motorola.securityhub.provider/v5/heroes
03-16 09:21:44.856  9092  9102 W SecurityHubProvider: query - match = NO MATCH
03-16 09:21:44.856  4185 16566 I ebct    : (REDACTED) Ignoring irrelevant audio permission changes for package %s
03-16 09:21:44.857  6857  6981 W MotoFreeForm: [FeaturesProvider] query: uri: content://com.motorola.freeform.settings.provider/v5/features projection  null
03-16 09:21:44.857  6857  6981 I MotoFreeForm: [FeaturesProvider] tmpProjection = [_ID, FAMILY_ID, PRIORITY, VERSION, URI, TITLE, ENABLED, TYPE, DESCRIPTION, VALUE, STYLE, FEATURE_ICON, FEATURE_CARD_ICON, ACTION_INTENT, ACTION_PACKAGE, ACTION_EXTRA, ACTION_EXTRA_VALUE, DISPLAY_TYPE]
03-16 09:21:44.857  6857  6981 I MotoFreeForm: [FeaturesProvider] getItem state = 1
03-16 09:21:44.857  6857  6981 I MotoFreeForm: [FeaturesProvider] value = 0
03-16 09:21:44.858  6857  6981 I MotoFreeForm: [FeaturesProvider] CODE = 12 Column Count =18
03-16 09:21:44.858  9059  9190 E ActivityThread: Failed to find provider info for com.motorola.securevault.provider
03-16 09:21:44.858  9059  9059 W MM.MotoApp: isRunningInMotoProcess = true, processName = com.motorola.moto
03-16 09:21:44.858  9059  9189 E ActivityThread: Failed to find provider info for com.motorola.motoedgeassistant.provider
03-16 09:21:44.859  9018  9051 I WM-WorkerWrapper: Worker result SUCCESS for Work [ id=dd0cc380-8224-4141-a9a4-82a216419bac, tags={ com.motorola.dolby.dolbyui.motoAppTheme.WorkVerifyMotoAppTheme } ]
03-16 09:21:44.860  9059  9202 E ActivityThread: Failed to find provider info for com.motorola.motofpstouch.provider
03-16 09:21:44.862  9059  9181 E ActivityThread: Failed to find provider info for com.motorola.securevault.provider
03-16 09:21:44.864  9059  9236 E ActivityThread: Failed to find provider info for com.motorola.motofpstouch.provider
03-16 09:21:44.867  9144  9162 D VideoEffectsProvider: query - uri = content://com.motorola.motoprovider.VideoEffectsProvider/v5/hero
03-16 09:21:44.868  9144  9159 D VideoEffectsProvider: query - uri = content://com.motorola.motoprovider.VideoEffectsProvider/v5/families
03-16 09:21:44.868  3102 29815 E MotoActions: Exception
03-16 09:21:44.868  3102 29815 E MotoActions: android.provider.Settings$SettingNotFoundException: adaptive_sleep
03-16 09:21:44.868  3102 29815 E MotoActions: 	at android.provider.Settings.parseIntSetting(Settings.java:3979)
03-16 09:21:44.868  3102 29815 E MotoActions: 	at android.provider.Settings.-$$Nest$smparseIntSetting(Unknown Source:0)
03-16 09:21:44.868  3102 29815 E MotoActions: 	at android.provider.Settings$Secure.getIntForUser(Settings.java:7227)
03-16 09:21:44.868  3102 29815 E MotoActions: 	at android.provider.Settings$Secure.getInt(Settings.java:7220)
03-16 09:21:44.868  3102 29815 E MotoActions: 	at w4.G.b(Unknown Source:18)
03-16 09:21:44.868  3102 29815 E MotoActions: 	at j9.a.x(Unknown Source:2)
03-16 09:21:44.868  3102 29815 E MotoActions: 	at t4.a.f(Unknown Source:34)
03-16 09:21:44.868  3102 29815 E MotoActions: 	at r4.c.g(Unknown Source:108)
03-16 09:21:44.868  3102 29815 E MotoActions: 	at d4.b.h(Unknown Source:39)
03-16 09:21:44.868  3102 29815 E MotoActions: 	at com.motorola.actions.core.settings.provider.ActionsSettingsProvider.a(Unknown Source:364)
03-16 09:21:44.868  3102 29815 E MotoActions: 	at com.motorola.actions.core.settings.provider.ActionsSettingsProvider.query(Unknown Source:82)
03-16 09:21:44.868  3102 29815 E MotoActions: 	at android.content.ContentProvider.query(ContentProvider.java:1667)
03-16 09:21:44.868  3102 29815 E MotoActions: 	at android.content.ContentProvider.query(ContentProvider.java:1763)
03-16 09:21:44.868  3102 29815 E MotoActions: 	at android.content.ContentProvider$Transport.query(ContentProvider.java:305)
03-16 09:21:44.868  3102 29815 E MotoActions: 	at android.content.ContentProviderNative.onTransact(ContentProviderNative.java:107)
03-16 09:21:44.868  3102 29815 E MotoActions: 	at android.os.Binder.execTransactInternal(Binder.java:1515)
03-16 09:21:44.868  3102 29815 E MotoActions: 	at android.os.Binder.execTransact(Binder.java:1453)
03-16 09:21:44.870  9059  9186 E m.motorola.moto: Invalid resource ID 0x00000000.
03-16 09:21:44.870  9059  9186 E MM.MotoApp: Resources.NotFoundException: String resource ID #0x0
03-16 09:21:44.870  9059  9186 E m.motorola.moto: Invalid resource ID 0x00000000.
03-16 09:21:44.870  9059  9186 E MM.MotoApp: Resources.NotFoundException: String resource ID #0x0
03-16 09:21:44.872  9108  9117 D Styles  : Launcher Home App Count = 2
03-16 09:21:44.872  9108  9117 D Styles  : isMotoLauncherDefaultHome: {com.motorola.launcher3/com.android.launcher3.CustomizationPanelLauncher}
03-16 09:21:44.872  9108  9117 I FeatureProvider: getFeatures V5
03-16 09:21:44.872  9059  9214 W LocaleConfig: Failed to parse XML configuration from moto_lsf_file_paths
03-16 09:21:44.872  9059  9214 W LocaleConfig: org.xmlpull.v1.XmlPullParserException: Unexpected start tag: found paths, expected locale-config
03-16 09:21:44.872  9059  9214 W LocaleConfig: 	at com.android.internal.util.XmlUtils.beginDocument(XmlUtils.java:1701)
03-16 09:21:44.872  9059  9214 W LocaleConfig: 	at android.app.LocaleConfig.parseLocaleConfig(LocaleConfig.java:198)
03-16 09:21:44.872  9059  9214 W LocaleConfig: 	at android.app.LocaleConfig.<init>(LocaleConfig.java:150)
03-16 09:21:44.872  9059  9214 W LocaleConfig: 	at android.app.LocaleConfig.fromContextIgnoringOverride(LocaleConfig.java:121)
03-16 09:21:44.872  9059  9214 W LocaleConfig: 	at android.app.ContextImpl.setResources(ContextImpl.java:3692)
03-16 09:21:44.872  9059  9214 W LocaleConfig: 	at android.app.ContextImpl.<init>(ContextImpl.java:3619)
03-16 09:21:44.872  9059  9214 W LocaleConfig: 	at android.app.ContextImpl.createPackageContextAsUser(ContextImpl.java:2793)
03-16 09:21:44.872  9059  9214 W LocaleConfig: 	at android.app.ContextImpl.createPackageContext(ContextImpl.java:2765)
03-16 09:21:44.872  9059  9214 W LocaleConfig: 	at android.content.ContextWrapper.createPackageContext(ContextWrapper.java:1098)
03-16 09:21:44.872  9059  9214 W LocaleConfig: 	at u3.g.g(Unknown Source:11)
03-16 09:21:44.872  9059  9214 W LocaleConfig: 	at com.motorola.data.v3.datasource.resolver.FamilyResolver.applyFamilyData(Unknown Source:14)
03-16 09:21:44.872  9059  9214 W LocaleConfig: 	at com.motorola.data.v3.datasource.resolver.FamilyResolver.query(Unknown Source:31)
03-16 09:21:44.872  9059  9214 W LocaleConfig: 	at com.motorola.data.v3.datasource.resolver.MotoContentResolver.queryFamily(Unknown Source:7)
03-16 09:21:44.872  9059  9214 W LocaleConfig: 	at com.motorola.data.v3.datasource.ProviderFacade.getExternalFamilies(Unknown Source:7)
03-16 09:21:44.872  9059  9214 W LocaleConfig: 	at com.motorola.data.v3.processor.FamilyProcessor.getAllExternalProcessable(Unknown Source:7)
03-16 09:21:44.872  9059  9214 W LocaleConfig: 	at com.motorola.data.v3.processor.ProcessableProvider$loadAllProcessable$2$deferredExternal$1$1.invokeSuspend(Unknown Source:14)
03-16 09:21:44.872  9059  9214 W LocaleConfig: 	at kotlin.coroutines.jvm.internal.a.resumeWith(Unknown Source:10)
03-16 09:21:44.872  9059  9214 W LocaleConfig: 	at Xg.Q.run(Unknown Source:128)
