03-16 09:44:29.527  1997  3116 D CameraService_proxy: Reset force hdr layer present state after camera closed.
03-16 09:44:29.529  1632  1796 I CameraService: disconnect: Disconnected client for camera 1 for PID 1272
03-16 09:44:29.529  1632  1796 D cameraserver: logFgsApiEnd: FGS Logger Transaction failed, -129
03-16 09:44:29.529  1315  2645 D vibrator.camera: Camera 1 onAvailable
03-16 09:44:29.529  1315  2645 D vendor.qti.vibrator: [vibrator.camera]set state: 0x0
03-16 09:44:29.530  2843  3200 E ScreenDecorations: CutoutView not initialized hideCameraProtection
03-16 09:44:29.532  1632  1796 D Camera2ClientBase: Camera 1: start to disconnect
03-16 09:44:29.532  1632  1796 D Camera2ClientBase: Camera 1: serializationLock acquired
03-16 09:44:29.532  1632  1796 D Camera2ClientBase: Camera 1: Shutting down
03-16 09:44:29.532  1632  1796 I Camera3-Device: disconnectImpl: E
03-16 09:44:29.532  1632  1796 I Camera2ClientBase: ~Camera2ClientBase: Client object's dtor for Camera Id 1 completed. Client was: client.pid<1272> (PID 1272, UID 1000)
03-16 09:44:29.532  1272 27112 W ACameraCaptureSession: Device is closed but session 0 is not notified
03-16 09:44:29.532  1272 27112 D ACameraDeviceVendor: Device error received, code 4, frame number 21, request ID 0, subseq ID 0 physical camera ID 
03-16 09:44:29.533  1632  1796 I Camera3-Device: disconnectImpl: E
03-16 09:44:29.533  1272 27112 D ACameraDeviceVendor: Device error received, code 5, frame number 21, request ID 0, subseq ID 0 physical camera ID 
03-16 09:44:29.533  1632  1796 I Camera3DeviceInjectionMethods: injectionDisconnectImpl: Injection camera disconnect
03-16 09:44:29.534  1632  1796 I hw-BpHwBinder: onLastStrongRef automatically unlinking death recipients
03-16 09:44:29.536  1997  3116 D HighBrightnessModeController: setForceHdrLayerPresent( false )
03-16 09:44:29.536  1997  3116 V MotCameraCheckinEventData: bundle object exists 1
03-16 09:44:29.537  1997  3116 V MotCameraCheckinEventData: bundle count: 5
03-16 09:44:29.537  1997  3116 V CameraService_proxy: CheckinEvent data:
03-16 09:44:29.537  1997  3116 V CameraService_proxy:     action: com.motorola.motocare.action.CAMERA_ENGINE_CHECKIN
03-16 09:44:29.537  1997  3116 V CameraService_proxy:     packageName: com.motorola.motocare
03-16 09:44:29.537  1997  3116 V CameraService_proxy:     receiverClass: MotoCareReceiver
03-16 09:44:29.537  1997  3116 V CameraService_proxy:     receiverPermission: com.motorola.motocare.ACCESS_MOTOCARE
03-16 09:44:29.537  1997  3116 V CameraService_proxy:     cameraId: 1
03-16 09:44:29.537  1997  3116 V CameraService_proxy:     eventType: CameraClose
03-16 09:44:29.537  1997  3116 V CameraService_proxy:     cameraClientName: client.pid<1272>
03-16 09:44:29.537  1997  3116 V CameraService_proxy:     sessionId: -7015887749270079880
03-16 09:44:29.537  1997  3116 V CameraService_proxy:     sessionDuration: 2
03-16 09:44:29.538 10225 10225 D MCLOG   : [MotoCareReceiver] received com.motorola.motocare.action.CAMERA_ENGINE_CHECKIN
03-16 09:44:29.546   829   829 I hwservicemanager: TokenManager tokens count removed by (uid: 1000, pid: 1272), now: 0
03-16 09:44:29.546  1272  2814 D FaceAuth-HAL: [Session.cpp][releaseCameraResource][Line:248]releaseCameraResource OUT
03-16 09:44:29.671  1269  2586 I slpi    : LTR569 ALS_OC: lux:71.108353, last_ps:0[602], RAW:1425.000000[1389, 1137], INT:70, G:512, C:686, PCTRL:22, ACTRL:165, AGC:12, SCA:167, STA:37, AINT:127, MEAS:32, scale:0.714, rate:20.000000, int:960000
03-16 09:44:29.758  1997  2584 D BatteryService: uevent={POWER_SUPPLY_VOLTAGE_NOW=4363177, POWER_SUPPLY_CHARGE_CONTROL_LIMIT_MAX=9, POWER_SUPPLY_TYPE=Battery, POWER_SUPPLY_HEALTH=Good, POWER_SUPPLY_TECHNOLOGY=Li-ion, POWER_SUPPLY_CHARGE_FULL_DESIGN=5105000, SEQNUM=363808, POWER_SUPPLY_CHARGE_CONTROL_LIMIT=0, POWER_SUPPLY_STATUS=Charging, POWER_SUPPLY_CURRENT_MAX=4000000, POWER_SUPPLY_CYCLE_COUNT=51, POWER_SUPPLY_CHARGE_TERM_CURRENT=-100, POWER_SUPPLY_CAPACITY=89, DEVPATH=/devices/platform/soc/1c40000.qcom,spmi/spmi-0/spmi0-02/1c40000.qcom,spmi:qcom,pm7250b@2:qcom,qpnp-smb5-mmi/power_supply/battery, POWER_SUPPLY_CHARGE_TYPE=Fast, POWER_SUPPLY_CHARGE_RATE=Normal, POWER_SUPPLY_INPUT_CURRENT_LIMIT=0, POWER_SUPPLY_CURRENT_NOW=188598, POWER_SUPPLY_PRESENT=1, POWER_SUPPLY_CHARGE_FULL=5105000, POWER_SUPPLY_TIME_TO_FULL_NOW=18103, POWER_SUPPLY_CONSTANT_CHARGE_CURRENT=4000000, SUBSYSTEM=power_supply, POWER_SUPPLY_TEMP=309, ACTION=change, POWER_SUPPLY_NAME=battery, POWER_SUPPLY_VOLTAGE_MAX=4520000, POWER_SUPPLY_CONSTANT_CHARGE_CURRENT_MAX=4000000, POWER_SUPPLY_CHARGE_COUNTER=4501589}
03-16 09:44:29.758  1997  2584 D BatteryService: uevent={POWER_SUPPLY_VOLTAGE_NOW=4363177, POWER_SUPPLY_CHARGE_CONTROL_LIMIT_MAX=9, POWER_SUPPLY_TYPE=Battery, POWER_SUPPLY_HEALTH=Good, POWER_SUPPLY_TECHNOLOGY=Li-ion, POWER_SUPPLY_CHARGE_FULL_DESIGN=5105000, SEQNUM=363808, POWER_SUPPLY_CHARGE_CONTROL_LIMIT=0, POWER_SUPPLY_STATUS=Charging, POWER_SUPPLY_CURRENT_MAX=4000000, POWER_SUPPLY_CYCLE_COUNT=51, POWER_SUPPLY_CHARGE_TERM_CURRENT=-100, POWER_SUPPLY_CAPACITY=89, DEVPATH=/devices/platform/soc/1c40000.qcom,spmi/spmi-0/spmi0-02/1c40000.qcom,spmi:qcom,pm7250b@2:qcom,qpnp-smb5-mmi/power_supply/battery, POWER_SUPPLY_CHARGE_TYPE=Fast, POWER_SUPPLY_CHARGE_RATE=Normal, POWER_SUPPLY_INPUT_CURRENT_LIMIT=0, POWER_SUPPLY_CURRENT_NOW=188598, POWER_SUPPLY_PRESENT=1, POWER_SUPPLY_CHARGE_FULL=5105000, POWER_SUPPLY_TIME_TO_FULL_NOW=18103, POWER_SUPPLY_CONSTANT_CHARGE_CURRENT=4000000, SUBSYSTEM=power_supply, POWER_SUPPLY_TEMP=309, ACTION=change, POWER_SUPPLY_NAME=battery, POWER_SUPPLY_VOLTAGE_MAX=4520000, POWER_SUPPLY_CONSTANT_CHARGE_CURRENT_MAX=4000000, POWER_SUPPLY_CHARGE_COUNTER=4501589}
03-16 09:44:29.763  1997  2584 D BatteryService: uevent={POWER_SUPPLY_VOLTAGE_NOW=4363177, POWER_SUPPLY_CHARGE_CONTROL_LIMIT_MAX=9, POWER_SUPPLY_TYPE=Battery, POWER_SUPPLY_HEALTH=Good, POWER_SUPPLY_TECHNOLOGY=Li-ion, POWER_SUPPLY_CHARGE_FULL_DESIGN=5105000, SEQNUM=363809, POWER_SUPPLY_CHARGE_CONTROL_LIMIT=0, POWER_SUPPLY_STATUS=Charging, POWER_SUPPLY_CURRENT_MAX=4000000, POWER_SUPPLY_CYCLE_COUNT=51, POWER_SUPPLY_CHARGE_TERM_CURRENT=-100, POWER_SUPPLY_CAPACITY=89, DEVPATH=/devices/platform/soc/1c40000.qcom,spmi/spmi-0/spmi0-02/1c40000.qcom,spmi:qcom,pm7250b@2:qcom,qpnp-smb5-mmi/power_supply/battery, POWER_SUPPLY_CHARGE_TYPE=Fast, POWER_SUPPLY_INPUT_CURRENT_LIMIT=0, POWER_SUPPLY_CURRENT_NOW=188598, POWER_SUPPLY_PRESENT=1, POWER_SUPPLY_CHARGE_FULL=5105000, POWER_SUPPLY_TIME_TO_FULL_NOW=18103, POWER_SUPPLY_CONSTANT_CHARGE_CURRENT=4000000, SUBSYSTEM=power_supply, POWER_SUPPLY_TEMP=309, ACTION=change, POWER_SUPPLY_NAME=battery, POWER_SUPPLY_VOLTAGE_MAX=4520000, POWER_SUPPLY_CONSTANT_CHARGE_CURRENT_MAX=4000000, POWER_SUPPLY_CHARGE_COUNTER=4501589}
03-16 09:44:29.763  1997  2584 D BatteryService: uevent={POWER_SUPPLY_VOLTAGE_NOW=4363177, POWER_SUPPLY_CHARGE_CONTROL_LIMIT_MAX=9, POWER_SUPPLY_TYPE=Battery, POWER_SUPPLY_HEALTH=Good, POWER_SUPPLY_TECHNOLOGY=Li-ion, POWER_SUPPLY_CHARGE_FULL_DESIGN=5105000, SEQNUM=363809, POWER_SUPPLY_CHARGE_CONTROL_LIMIT=0, POWER_SUPPLY_STATUS=Charging, POWER_SUPPLY_CURRENT_MAX=4000000, POWER_SUPPLY_CYCLE_COUNT=51, POWER_SUPPLY_CHARGE_TERM_CURRENT=-100, POWER_SUPPLY_CAPACITY=89, DEVPATH=/devices/platform/soc/1c40000.qcom,spmi/spmi-0/spmi0-02/1c40000.qcom,spmi:qcom,pm7250b@2:qcom,qpnp-smb5-mmi/power_supply/battery, POWER_SUPPLY_CHARGE_TYPE=Fast, POWER_SUPPLY_INPUT_CURRENT_LIMIT=0, POWER_SUPPLY_CURRENT_NOW=188598, POWER_SUPPLY_PRESENT=1, POWER_SUPPLY_CHARGE_FULL=5105000, POWER_SUPPLY_TIME_TO_FULL_NOW=18103, POWER_SUPPLY_CONSTANT_CHARGE_CURRENT=4000000, SUBSYSTEM=power_supply, POWER_SUPPLY_TEMP=309, ACTION=change, POWER_SUPPLY_NAME=battery, POWER_SUPPLY_VOLTAGE_MAX=4520000, POWER_SUPPLY_CONSTANT_CHARGE_CURRENT_MAX=4000000, POWER_SUPPLY_CHARGE_COUNTER=4501589}
03-16 09:44:29.764  2843  5745 D PowerUI : can't show warning due to - plugged: true status unknown: false
03-16 09:44:29.767  1997  1997 V UiModeManager: updateLocked: null action, mDockState=0, category=null
03-16 09:44:29.767  1997  1997 D UiModeManager: updateConfigurationLocked: mDockState=0; mCarMode=false; mNightMode=com.android.server.UiModeManagerService$1@49e55a8; mNightModeCustomType=-1; uiMode=33
03-16 09:44:29.773  1997  1997 V UiModeManager: updateLocked: null action, mDockState=0, category=null
03-16 09:44:29.773  1997  1997 D UiModeManager: updateConfigurationLocked: mDockState=0; mCarMode=false; mNightMode=com.android.server.UiModeManagerService$1@49e55a8; mNightModeCustomType=-1; uiMode=33
03-16 09:44:29.775  2843  4553 D PowerUI : can't show warning due to - plugged: true status unknown: false
03-16 09:44:29.778  1997  1997 V UiModeManager: updateLocked: null action, mDockState=0, category=null
03-16 09:44:29.778  1997  1997 D UiModeManager: updateConfigurationLocked: mDockState=0; mCarMode=false; mNightMode=com.android.server.UiModeManagerService$1@49e55a8; mNightModeCustomType=-1; uiMode=33
03-16 09:44:29.780  2843  4474 D PowerUI : can't show warning due to - plugged: true status unknown: false
03-16 09:44:29.786  1997  1997 V UiModeManager: updateLocked: null action, mDockState=0, category=null
03-16 09:44:29.786  1997  1997 D UiModeManager: updateConfigurationLocked: mDockState=0; mCarMode=false; mNightMode=com.android.server.UiModeManagerService$1@49e55a8; mNightModeCustomType=-1; uiMode=33
03-16 09:44:29.792  2843  4573 D PowerUI : can't show warning due to - plugged: true status unknown: false
03-16 09:44:29.807  1997  3116 D BiometricService: canAuthenticate: User=0, Caller=0, Authenticators=33023
03-16 09:44:29.808  1997  3116 D BiometricService/PreAuthInfo: Package: com.whatsapp Sensor ID: 4 Modality: 8 Status: 1
03-16 09:44:29.808  1997  3116 D BiometricService/PreAuthInfo: Package: com.whatsapp Sensor ID: 0 Modality: 2 Status: 1
03-16 09:44:29.808  1997  3116 D BiometricService/PreAuthInfo: getCanAuthenticateInternal Modality: 11 AuthenticatorStatus: 1
03-16 09:44:29.808  1997  3116 D AuthService: canAuthenticate, userId: 0, callingUserId: 0, authenticators: 33023, result: 0
03-16 09:44:29.859  1997  3116 D ShortcutService: rescanPackageIfNeeded 0@com.whatsapp, forceRescan=false , isNewApp=false
03-16 09:44:29.859  1997  3116 W PackageManager: Missing required system package: com.whatsapp, but found with extended search.
03-16 09:44:29.867  1997  3116 D ShortcutService: Getting shortcuts for launcher= androiduser=0 pkg=com.whatsapp
03-16 09:44:29.869  1997  3116 D ShortcutService: rescanPackageIfNeeded 0@com.whatsapp, forceRescan=false , isNewApp=false
03-16 09:44:29.869  1997  3116 W PackageManager: Missing required system package: com.whatsapp, but found with extended search.
03-16 09:44:29.872  1997  3116 D ShortcutService: Getting shortcuts for launcher= androiduser=0 pkg=com.whatsapp
03-16 09:44:29.908  1268  2604 D audio_hw_primary: adev_set_parameters: enter: mic_rotation=270
03-16 09:44:29.908  1268  2604 D audio_hw_primary: adev_set_parameters: exit with code(0) takes 0.11 ms
03-16 09:44:29.969  1997  2780 D ShortcutService: Saving package item com.whatsapp to /data/system_ce/0/shortcut_service/packages/com.whatsapp.xml
03-16 09:44:29.969  1997  2193 W UserManagerService: onShortcutChanged for another profile 0 from 11
03-16 09:44:29.969  1997  2193 D ShortcutService: Getting shortcuts for launcher= com.android.systemuiuser=0 pkg=com.whatsapp
03-16 09:44:29.984  1997  2193 D ShortcutService: Getting shortcuts for launcher= com.motorola.launcher3user=0 pkg=com.whatsapp
03-16 09:44:29.984  1997  2193 D ShortcutService: Getting shortcuts for launcher= com.google.android.asuser=0 pkg=com.whatsapp
03-16 09:44:30.027  1269 14365 E sensors-hal: handle_sns_client_event:62, mot_disprot_event: now=747618406657844 ts=747618379379271, type=1, status=3
03-16 09:44:30.027  1282  1282 I QTI PowerHAL: Power setBoost: 0, duration: 0
03-16 09:44:30.052  2843  2965 D Surface : Surface::disconnect
03-16 09:44:30.052  2843  2965 D BufferQueueProducer: [ScreenDecorOverlay#201097(BLAST Consumer)pid:2843](id:b1b00005d7a,api:1,p:2843,c:2843) disconnect: api 1
03-16 09:44:30.074  1997  1997 I AS.AudioService: shouldNotificationSoundPlay false: muted stream:5 attr:AudioAttributes: usage=USAGE_NOTIFICATION content=CONTENT_TYPE_SONIFICATION flags=0x800 tags= bundle=null
03-16 09:44:30.074  1997  1997 D FlashNotifController: requestStartFlashNotification
03-16 09:44:30.074  1997  1997 I FlashNotifController: startFlashNotification: type=1, tag=android
03-16 09:44:30.074  1997  1997 D FlashNotifController: Flash notification is disabled
03-16 09:44:30.074  5012  5012 I MotoDesktopLog: [ NotificationMonitorService ] - onNotificationPosted: Notification(channel=individual_chat_defaults_11 shortcut=19370386411683@lid contentView=null vibrate=null sound=null defaults=0 flags=ONLY_ALERT_ONCE color=0xff21c063 groupKey=group_key_messages sortKey=001 actions=3 vis=PRIVATE publicVersion=Notification(channel=null shortcut=null contentView=null vibrate=null sound=null defaults=0 flags=0 color=0xff21c063 category=msg vis=PRIVATE))
03-16 09:44:30.079  2843  2955 D PeopleSpaceWidgetMgr: No app widget ids returned
03-16 09:44:30.080  5012  5012 I MotoDesktopLog: [ NotificationMonitorService ] - onNotificationPosted hide: Notification(channel=individual_chat_defaults_11 shortcut=19370386411683@lid contentView=null vibrate=null sound=null tick defaults=0 flags=GROUP_SUMMARY color=0xff21c063 category=msg groupKey=group_key_messages vis=PRIVATE publicVersion=Notification(channel=null shortcut=null contentView=null vibrate=null sound=null defaults=0 flags=0 color=0xff21c063 category=msg vis=PRIVATE))
03-16 09:44:30.080  2843  2955 D PeopleSpaceWidgetMgr: No app widget ids returned
03-16 09:44:30.197  1269  2586 I slpi    : LTR569 ALS_OC: lux:58.832802, last_ps:0[602], RAW:1179.000000[1567, 1283], INT:70, G:512, C:679, PCTRL:22, ACTRL:165, AGC:12, SCA:167, STA:37, AINT:127, MEAS:32, scale:0.714, rate:20.000000, int:960000
03-16 09:44:30.338  2843  2843 D AuthContainerView: pendingCallback: 4
03-16 09:44:30.338  2843  2843 D AuthController: onDialogDismissed: 4
03-16 09:44:30.338  1997  2712 V BiometricService/AuthSession: Dismissed! Modality: 5, User: 0, IsCrypto: false, Action: 2, Client: 2, Reason: 4, Error: 0, Latency: 2547, SessionId: 914789
03-16 09:44:30.339   907 10454 I keystore2: system/security/keystore2/src/authorization.rs:114 - add_auth_token(challenge=0, userId=-6525964093682086642, authId=-5470217332997687294, authType=0x2, timestamp=747621280ms)
03-16 09:44:30.340  2843  2843 W WindowOnBackDispatcher: sendCancelIfRunning: isInProgress=false callback=com.android.systemui.biometrics.AuthContainerView$$ExternalSyntheticLambda4@456f2ad
03-16 09:44:30.340  1997  7375 D CoreBackPreview: Window{db6c129 u0 BiometricPrompt}: Setting back callback null
03-16 09:44:30.343  1997  2712 V KeyStoreAuthorization: addAuthToken duration ms: 1 callers=android.security.KeyStoreAuthorization.addAuthToken:88 com.android.server.biometrics.AuthSession.onDialogDismissed:862 com.android.server.biometrics.BiometricService.handleOnDismissed:1279 
03-16 09:44:30.343  1997  2712 D BiometricService/AuthSession: addAuthToken: 0
03-16 09:44:30.345  2924  2924 W WindowOnBackDispatcher: OnBackInvokedCallback is not enabled for the application.
03-16 09:44:30.345  2924  2924 W WindowOnBackDispatcher: Set 'android:enableOnBackInvokedCallback="true"' in the application manifest.
03-16 09:44:30.346  1997  7375 D RestartModeController: determineRescueAppAfterAppFinishItself@1 null pkgName=com.whatsapp
03-16 09:44:30.347  1997  7375 D ActivityTrigger: ActivityTrigger activityPauseTrigger 
03-16 09:44:30.348  2843  2941 V WindowManagerShell: Transition requested (#15532): android.os.BinderProxy@2e0889e TransitionRequestInfo { type = CLOSE, triggerTask = null, pipTask = null, remoteTransition = null, displayChange = null, flags = 0, debugId = 15532 }
03-16 09:44:30.349  1997  2712 D BiometricService: resetLockout from: 4, for: 0, userId: 0
03-16 09:44:30.349  1997  2712 D BiometricService/AuthSession: Cancelling sensorId: 4
03-16 09:44:30.349  1997  2775 D BiometricUtils: isUdfpsLocalHbmSupport defaultSupport=false debugSupport=false
03-16 09:44:30.350  1997  2775 D BiometricLogger: onAllAuthenticatorsRegistered mUdfpsSupport=false
03-16 09:44:30.350  1997  2775 D BiometricScheduler: [Added] {[5245] com.android.server.biometrics.sensors.fingerprint.aidl.FingerprintResetLockoutClient, proto=12, owner=android, cookie=0, requestId=-1, userId=0}, new queue size: 1
03-16 09:44:30.350  1997  2775 D BiometricScheduler: [Polled] {[5245] com.android.server.biometrics.sensors.fingerprint.aidl.FingerprintResetLockoutClient, proto=12, owner=android, cookie=0, requestId=-1, userId=0}, State: 0
03-16 09:44:30.350  1997  2775 D BiometricScheduler: [Started] {[5245] com.android.server.biometrics.sensors.fingerprint.aidl.FingerprintResetLockoutClient, proto=12, owner=android, cookie=0, requestId=-1, userId=0}
03-16 09:44:30.350  1997  2775 V BiometricSchedulerOperation: started: {[5245] com.android.server.biometrics.sensors.fingerprint.aidl.FingerprintResetLockoutClient, proto=12, owner=android, cookie=0, requestId=-1, userId=0}, State: 2
03-16 09:44:30.350  1997  2712 D BiometricService/AuthSession: Cancelling sensorId: 0
03-16 09:44:30.351  1997  2777 D BiometricScheduler: cancelAuthenticationOrDetection, requestId: 644
03-16 09:44:30.351  1997  2775 D BiometricSchedulerOperation: [Finished / destroy]: {[5245] com.android.server.biometrics.sensors.fingerprint.aidl.FingerprintResetLockoutClient, proto=12, owner=android, cookie=0, requestId=-1, userId=0}
03-16 09:44:30.352  1997  2775 D BiometricScheduler: [Finishing] {[5245] com.android.server.biometrics.sensors.fingerprint.aidl.FingerprintResetLockoutClient, proto=12, owner=android, cookie=0, requestId=-1, userId=0}, success: true
03-16 09:44:30.352  1997  2775 D BiometricScheduler: No operations, returning to idle
03-16 09:44:30.353  2924  2924 E BiometricPromptCompat: Unable to cancel authentication. BiometricFragment not found.
03-16 09:44:30.354  1379  1379 I BpBinder: onLastStrongRef automatically unlinking death recipients: 
03-16 09:44:30.357  9220  9220 D GameMode: onStartedActivityChange: componnent: ComponentInfo{com.whatsapp/com.whatsapp.Conversation} entered launcher screen? true
03-16 09:44:30.358  9220  9257 D GameMode: isScreenUnlocked: true
03-16 09:44:30.358  9220  9257 D GameMode: isScreenUnlocked: true
03-16 09:44:30.360  9220  9257 D GameMode: isScreenUnlocked: true
03-16 09:44:30.360  1997  2193 W MotoBatteryCareService: uid: 10385 pkgName:com.whatsapp come to foreground
03-16 09:44:30.363  1997  4503 D BiometricService: canAuthenticate: User=0, Caller=0, Authenticators=33023
03-16 09:44:30.364  1997  4503 D BiometricService/PreAuthInfo: Package: com.whatsapp Sensor ID: 4 Modality: 8 Status: 1
03-16 09:44:30.364  1997  4503 D BiometricService/PreAuthInfo: Package: com.whatsapp Sensor ID: 0 Modality: 2 Status: 1
03-16 09:44:30.364  1997  4503 D BiometricService/PreAuthInfo: getCanAuthenticateInternal Modality: 11 AuthenticatorStatus: 1
03-16 09:44:30.364  1997  4503 D AuthService: canAuthenticate, userId: 0, callingUserId: 0, authenticators: 33023, result: 0
03-16 09:44:30.366  9220  9257 D GameMode: isScreenUnlocked: true
03-16 09:44:30.366  9220  9257 D GameMode: isScreenUnlocked: true
03-16 09:44:30.370  9220  9220 D GameMode: exiting game mode
03-16 09:44:30.372  9220  9220 D GameMode: isFeatureSupported: true
03-16 09:44:30.372  1997  3116 D BiometricService: canAuthenticate: User=0, Caller=0, Authenticators=33023
03-16 09:44:30.372  9220  9220 D GameMode: isFeatureSupported: true
03-16 09:44:30.373  1997  1997 W AutofillInlineSuggestionsRequestSession: Never received an InlineSuggestionsRequest from the IME for 1073741824@1771873632
03-16 09:44:30.374  1997  3116 D BiometricService/PreAuthInfo: Package: com.whatsapp Sensor ID: 4 Modality: 8 Status: 1
03-16 09:44:30.374  1997  3116 D BiometricService/PreAuthInfo: Package: com.whatsapp Sensor ID: 0 Modality: 2 Status: 1
03-16 09:44:30.374  1997  3116 D BiometricService/PreAuthInfo: getCanAuthenticateInternal Modality: 11 AuthenticatorStatus: 1
03-16 09:44:30.374  1997  3116 D AuthService: canAuthenticate, userId: 0, callingUserId: 0, authenticators: 33023, result: 0
03-16 09:44:30.374  4611  4856 I AiAiConversations: [MessageActivityBroadcaster][component=ComponentInfo{com.whatsapp/com.whatsapp.Conversation}][sessionId=1903331643][taskLocusId=] Enter Conversation
03-16 09:44:30.375  1997  7375 D BiometricService: canAuthenticate: User=0, Caller=0, Authenticators=33023
03-16 09:44:30.375  2843  2843 I AuthDialogPanelInteractionDetector: Disable detector
03-16 09:44:30.375  4611  4870 I AiAiPeople: [1] fragments remain to process, dispatched event [32]
03-16 09:44:30.375  4611  4870 I AiAiPeople: [0] fragments remain to process, dispatched event [32]
03-16 09:44:30.376  9220  9220 D GameMode: isFeatureSupported: true
03-16 09:44:30.376  1997  7375 D BiometricService/PreAuthInfo: Package: com.whatsapp Sensor ID: 4 Modality: 8 Status: 1
03-16 09:44:30.377  1997  7375 D BiometricService/PreAuthInfo: Package: com.whatsapp Sensor ID: 0 Modality: 2 Status: 1
03-16 09:44:30.377  1997  7375 D BiometricService/PreAuthInfo: getCanAuthenticateInternal Modality: 11 AuthenticatorStatus: 1
03-16 09:44:30.377  1997  7375 D AuthService: canAuthenticate, userId: 0, callingUserId: 0, authenticators: 33023, result: 0
03-16 09:44:30.377  3023  3023 D GameModeDetector: notifyGameModeStatusValue, value=false
03-16 09:44:30.377  3023  3023 D DaxService: sendGameModeIntent, state=false
03-16 09:44:30.378  2843  2965 D Surface : Surface::disconnect
03-16 09:44:30.378  2843  2965 D BufferQueueProducer: [BiometricPrompt#201093(BLAST Consumer)pid:2843](id:b1b00005d79,api:1,p:2843,c:2843) disconnect: api 1
03-16 09:44:30.383  1997  3116 W InputManager-JNI: Input channel object 'db6c129 BiometricPrompt (client)' was disposed without first being removed with the input manager!
03-16 09:44:30.383 15702 15725 D MotoDolbyUI: getDeviceType, active device is 0x2
03-16 09:44:30.383 15702 15725 D MotoDolbyUI: getDeviceType, active device is 0x2
03-16 09:44:30.388  1268  2604 D DlbDapEffectContext: DapEffectContext[0xed944000] getDapParameter() outval size = 12, ret = 0
03-16 09:44:30.389  1268  2604 D DlbDapEffectContext: DapEffectContext[0xed944000] getDapParameter() outval size = 12, ret = 0
03-16 09:44:30.390  3023 19753 D DolbyAudioEffectHelper: getDolbyStatus enabled=true profile=0
03-16 09:44:30.390  3023 19753 D DolbyProvider: true, profile=0
03-16 09:44:30.393  1997  2147 V WindowManager: Unknown focus tokens, dropping reportFocusChanged
03-16 09:44:30.393  1997  2148 W WindowManager: container Window{db6c129 u0 BiometricPrompt}does not have a surface
03-16 09:44:30.400  2924  2924 W libc    : Access denied finding property "vendor.display.enable_optimal_refresh_rate"
03-16 09:44:30.396  2924  2924 W com.whatsapp: type=1400 audit(0.0:212127): avc:  denied  { read } for  name="u:object_r:vendor_display_prop:s0" dev="tmpfs" ino=13392 scontext=u:r:untrusted_app:s0:c129,c257,c512,c768 tcontext=u:object_r:vendor_display_prop:s0 tclass=file permissive=0 app=com.whatsapp
03-16 09:44:30.417  2843  2866 V WindowManagerShell: onTransitionReady(transaction=8577050748879)
03-16 09:44:30.417  1997  2142 V WindowManager: Sent Transition (#15532) createdAt=03-16 09:44:30.346 via request=TransitionRequestInfo { type = CLOSE, triggerTask = null, pipTask = null, remoteTransition = null, displayChange = null, flags = 0, debugId = 15532 }
03-16 09:44:30.417  1997  2142 V WindowManager:     startWCT=WindowContainerTransaction { changes = {} hops = [] errorCallbackToken=null taskFragmentOrganizer=null }
03-16 09:44:30.418  1997  2142 V WindowManager:     info={id=15532 t=CLOSE f=0x0 trk=0 opt={t=FROM_STYLE} r=[0@Point(0, 0)] c=[
03-16 09:44:30.418  1997  2142 V WindowManager:         {null m=CLOSE f=FILLS_TASK leash=Surface(name=ActivityRecord{ad42168 u0 com.whatsapp/.authentication.AppAuthenticationActivity)/@0xf2df2b2 sb=Rect(0, 0 - 720, 1600) eb=Rect(0, 0 - 720, 1600) d=0 bc=ff303030 component=com.whatsapp/.authentication.AppAuthenticationActivity},
03-16 09:44:30.418  1997  2142 V WindowManager:         {null m=TO_FRONT f=FILLS_TASK leash=Surface(name=ActivityRecord{a44270f u0 com.whatsapp/.Conversation)/@0x50d351e sb=Rect(0, 0 - 720, 1600) eb=Rect(0, 0 - 720, 1600) d=0 bc=ff303030 component=com.whatsapp/.Conversation}
03-16 09:44:30.418  1997  2142 V WindowManager:     ]}
03-16 09:44:30.418  2843  2941 V WindowManagerShell: onTransitionReady (#15532) android.os.BinderProxy@2e0889e: {id=15532 t=CLOSE f=0x0 trk=0 opt={t=FROM_STYLE} r=[0@Point(0, 0)] c=[{null m=CLOSE f=FILLS_TASK leash=Surface(name=ActivityRecord{ad42168 u0 com.whatsapp/.authentication.AppAuthenticationActivity)/@0xc114811 sb=Rect(0, 0 - 720, 1600) eb=Rect(0, 0 - 720, 1600) d=0 bc=ff303030 component=com.whatsapp/.authentication.AppAuthenticationActivity},{null m=TO_FRONT f=FILLS_TASK leash=Surface(name=ActivityRecord{a44270f u0 com.whatsapp/.Conversation)/@0x5770d76 sb=Rect(0, 0 - 720, 1600) eb=Rect(0, 0 - 720, 1600) d=0 bc=ff303030 component=com.whatsapp/.Conversation}]}
03-16 09:44:30.418  2843  2941 V WindowManagerShell: Playing animation for (#15532) android.os.BinderProxy@2e0889e@0
03-16 09:44:30.418  2843  2941 V WindowManagerShell:  try handler com.android.wm.shell.transition.DefaultMixedHandler@ad75e7e
03-16 09:44:30.418  2843  2941 V WindowManagerShell:  try handler com.android.wm.shell.keyguard.KeyguardTransitionHandler@ff1cfdf
03-16 09:44:30.418  2843  2941 V WindowManagerShell:  try handler com.android.wm.shell.pip.PipTransition@cc5a42c
03-16 09:44:30.418  2843  2941 V WindowManagerShell:  try handler com.android.wm.shell.activityembedding.ActivityEmbeddingController@e347ef5
03-16 09:44:30.418  2843  2941 V WindowManagerShell:  try handler com.android.wm.shell.recents.RecentsTransitionHandler@186e48a
03-16 09:44:30.418  2843  2941 V ShellRecents: RecentsTransitionHandler.startAnimation: no controller found
03-16 09:44:30.418  2843  2941 V WindowManagerShell:  try handler com.android.wm.shell.splitscreen.StageCoordinator@ccd8afb
03-16 09:44:30.418  2843  2941 V WindowManagerShell:  try handler com.android.wm.shell.transition.RemoteTransitionHandler@cfed718
03-16 09:44:30.418  2843  2941 V WindowManagerShell: Transition doesn't have explicit remote, search filters for match for {id=15532 t=CLOSE f=0x0 trk=0 opt={t=FROM_STYLE} r=[0@Point(0, 0)] c=[{null m=CLOSE f=FILLS_TASK leash=Surface(name=ActivityRecord{ad42168 u0 com.whatsapp/.authentication.AppAuthenticationActivity)/@0xc114811 sb=Rect(0, 0 - 720, 1600) eb=Rect(0, 0 - 720, 1600) d=0 bc=ff303030 component=com.whatsapp/.authentication.AppAuthenticationActivity},{null m=TO_FRONT f=FILLS_TASK leash=Surface(name=ActivityRecord{a44270f u0 com.whatsapp/.Conversation)/@0x5770d76 sb=Rect(0, 0 - 720, 1600) eb=Rect(0, 0 - 720, 1600) d=0 bc=ff303030 component=com.whatsapp/.Conversation}]}
03-16 09:44:30.418  2843  2941 V WindowManagerShell:  Checking filter Pair{{types=[] flags=0x0] notFlags=0x100 checks=[{atype=home independent=true modes=[OPEN,TO_FRONT] flags=NONE mustBeTask=false order=TOP topActivity=ComponentInfo{com.motorola.launcher3/com.android.launcher3.uioverrides.QuickstepLauncher} launchCookie=null},{atype=standard independent=true modes=[CLOSE,TO_BACK] flags=NONE mustBeTask=false order=ANY topActivity=null launchCookie=null}]} RemoteTransition { remoteTransition = android.window.IRemoteTransition$Stub$Proxy@c77e456, appThread = android.app.IApplicationThread$Stub$Proxy@7229cd7, debugName = QuickstepLaunchHome }}
03-16 09:44:30.418  2843  2941 V WindowManagerShell:  Delegate animation for (#15532) to null
03-16 09:44:30.418  2843  2941 V WindowManagerShell:  try handler com.android.wm.shell.transition.DefaultTransitionHandler@29b1571
03-16 09:44:30.418  2843  2941 V WindowManagerShell: start default transition animation, info = {id=15532 t=CLOSE f=0x0 trk=0 opt={t=FROM_STYLE} r=[0@Point(0, 0)] c=[{null m=CLOSE f=FILLS_TASK leash=Surface(name=ActivityRecord{ad42168 u0 com.whatsapp/.authentication.AppAuthenticationActivity)/@0xc114811 sb=Rect(0, 0 - 720, 1600) eb=Rect(0, 0 - 720, 1600) d=0 bc=ff303030 component=com.whatsapp/.authentication.AppAuthenticationActivity},{null m=TO_FRONT f=FILLS_TASK leash=Surface(name=ActivityRecord{a44270f u0 com.whatsapp/.Conversation)/@0x5770d76 sb=Rect(0, 0 - 720, 1600) eb=Rect(0, 0 - 720, 1600) d=0 bc=ff303030 component=com.whatsapp/.Conversation}]}
03-16 09:44:30.424  2843  2941 V WindowManagerShell: loadAnimation: anim=android.view.animation.AnimationSet@ecbe849 animAttr=0x6 type=CLOSE isEntrance=true
03-16 09:44:30.424  2843  2941 V WindowManagerShell: loadAnimation: anim=android.view.animation.AnimationSet@f6c466f animAttr=0x7 type=CLOSE isEntrance=false
03-16 09:44:30.426  1997  2721 D WifiStaIfaceHidlImpl: getCachedScanData is not implemented by HIDL
03-16 09:44:30.431  2843  2941 W libc    : Access denied finding property "vendor.display.enable_optimal_refresh_rate"
03-16 09:44:30.431  1997  2193 W MotoBatteryCareService: uid: 10385 pkgName:com.whatsapp come to foreground
03-16 09:44:30.428  2843  2843 W wmshell.main: type=1400 audit(0.0:212128): avc:  denied  { read } for  name="u:object_r:vendor_display_prop:s0" dev="tmpfs" ino=13392 scontext=u:r:platform_app:s0:c512,c768 tcontext=u:object_r:vendor_display_prop:s0 tclass=file permissive=0 app=com.android.systemui
03-16 09:44:30.437  2843  2965 D Surface : Surface::disconnect
03-16 09:44:30.437  2843  2965 D BufferQueueProducer: [[BBQ] Left Edge Extension#201105#201106(BLAST Consumer)pid:2843](id:b1b00005d7b,api:1,p:2843,c:2843) disconnect: api 1
03-16 09:44:30.441  1997  2721 I HalDevMgr: bestIfaceCreationProposal is null, requestIface=STA, existingIface=[name=wlan0 type=STA]
03-16 09:44:30.450  2843  2941 W libc    : Access denied finding property "vendor.display.enable_optimal_refresh_rate"
03-16 09:44:30.450  1997  3262 D BiometricService: canAuthenticate: User=0, Caller=0, Authenticators=33023
03-16 09:44:30.448  2843  2843 W wmshell.main: type=1400 audit(0.0:212129): avc:  denied  { read } for  name="u:object_r:vendor_display_prop:s0" dev="tmpfs" ino=13392 scontext=u:r:platform_app:s0:c512,c768 tcontext=u:object_r:vendor_display_prop:s0 tclass=file permissive=0 app=com.android.systemui
03-16 09:44:30.453  2843  2843 W TouchableRegionManager: onHeadsUpPinnedModeChanged
03-16 09:44:30.454  1997  2687 I ImeTracker: com.whatsapp:22e9afe5: onRequestHide at ORIGIN_SERVER reason HIDE_ALWAYS_HIDDEN_STATE fromUser false
03-16 09:44:30.454  1997  2687 I ImeTracker: com.whatsapp:22e9afe5: onCancelled at PHASE_SERVER_SHOULD_HIDE
03-16 09:44:30.454  1997  3262 D BiometricService/PreAuthInfo: Package: com.whatsapp Sensor ID: 4 Modality: 8 Status: 1
03-16 09:44:30.454  1997  3262 D BiometricService/PreAuthInfo: Package: com.whatsapp Sensor ID: 0 Modality: 2 Status: 1
03-16 09:44:30.455  1997  3262 D BiometricService/PreAuthInfo: getCanAuthenticateInternal Modality: 11 AuthenticatorStatus: 1
03-16 09:44:30.455  1997  3262 D AuthService: canAuthenticate, userId: 0, callingUserId: 0, authenticators: 33023, result: 0
03-16 09:44:30.456  2843  2965 D Surface : Surface::disconnect
03-16 09:44:30.456  4965 15232 E AccessibilityService: bindInput must be paired with unbindInput.
03-16 09:44:30.456  2843  2965 D BufferQueueProducer: [[BBQ] Right Edge Extension#201107#201108(BLAST Consumer)pid:2843](id:b1b00005d7c,api:1,p:2843,c:2843) disconnect: api 1
03-16 09:44:30.457  4965  4965 V A11yInputMethod: startInput(): editor=android.view.inputmethod.EditorInfo@485bc97
03-16 09:44:30.457  4965  4965 V A11yInputMethod: CALL: doFinishInput
03-16 09:44:30.457  4965  4965 V A11yInputMethod: CALL: onFinishInput
03-16 09:44:30.457  4965  4965 V A11yInputMethod: CALL: onStartInput
03-16 09:44:30.457  2843  2941 V WindowManagerShell:  animated by com.android.wm.shell.transition.DefaultTransitionHandler@29b1571
03-16 09:44:30.461  1269  2586 I slpi    : LTR569 ALS_OC: lux:52.595226, last_ps:0[636], RAW:1054.000000[1296, 1062], INT:70, G:512, C:676, PCTRL:22, ACTRL:165, AGC:12, SCA:167, STA:37, AINT:127, MEAS:32, scale:0.714, rate:20.000000, int:960000
03-16 09:44:30.461  1997  3262 D CoreBackPreview: Window{fe82fc u0 NotificationShade}: Setting back callback OnBackInvokedCallbackInfo{mCallback=android.window.IOnBackInvokedCallback$Stub$Proxy@579f9cd, mPriority=0, mIsAnimationCallback=false}
03-16 09:44:30.462  4755  4755 I GoogleInputMethodService: GoogleInputMethodService.onFinishInput():2113 
03-16 09:44:30.462  4755  4755 I Module  : DeviceLockedStatusModuleProvider$Module.updateDeviceLockedStatus():103 repeatCheckTimes = 0, locked = false
03-16 09:44:30.463  4755  4755 W TooltipLifecycleManager: TooltipLifecycleManager.dismissTooltips():153 Tooltip with id SUGGESTION_VIEW_EDU_MINI_DIALOG not found in tooltipManager.
03-16 09:44:30.464  4755  4755 I DeviceIntelligenceExtension: DeviceIntelligenceExtension.getInlineSuggestionsRequest():211 Inline suggestions disabled in virtual keyboard with suggestion strip disabled.
03-16 09:44:30.465  4755  4755 I GoogleInputMethodService: GoogleInputMethodService.onStartInput():1384 onStartInput(EditorInfo{EditorInfo{packageName=com.whatsapp, inputType=2c001, inputTypeString=Normal[MultiLine|CapSentences|AutoCorrect], enableLearning=true, autoCorrection=true, autoComplete=true, imeOptions=40000006, privateImeOptions=null, actionName=DONE, actionLabel=null, initialSelStart=15, initialSelEnd=15, initialCapsMode=0, label=null, fieldId=2131431442, fieldName=null, extras=Bundle[mParcelledData.dataSize=168], hintText=null, hintLocales=[]}}, false)
03-16 09:44:30.466  4755  4755 I Module  : DeviceLockedStatusModuleProvider$Module.updateDeviceLockedStatus():103 repeatCheckTimes = 1, locked = false
03-16 09:44:30.468  1997  3262 W PackageConfigPersister: App-specific configuration not found for packageName: com.whatsapp and userId: 0
03-16 09:44:30.473  4611  4857 I AiAiAutofill: Autofill onFillRequest
03-16 09:44:30.473  4611  4857 I AiAiAutofill: Request is invalid
03-16 09:44:30.508  2843  2843 D KeyguardUpdateMonitor: handleFingerprintLockoutReset: mode=0
03-16 09:44:30.509  2843  2843 D KeyguardUpdateMonitor: handleFingerprintLockoutReset: mode=0
03-16 09:44:30.518  1997  3262 D ShortcutService: rescanPackageIfNeeded 0@com.whatsapp, forceRescan=false , isNewApp=false
03-16 09:44:30.518  1997  3262 W PackageManager: Missing required system package: com.whatsapp, but found with extended search.
03-16 09:44:30.522  1997  3262 D ShortcutService: Getting shortcuts for launcher= androiduser=0 pkg=com.whatsapp
03-16 09:44:30.529  1997  2576 W UserManagerService: Requested status bar icon for non-badged user 0
03-16 09:44:30.533  4611  4870 I AiAiPeople: [0] fragments remain to process, dispatched event [32]
03-16 09:44:30.542  2843  2843 W libc    : Access denied finding property "vendor.display.enable_optimal_refresh_rate"
03-16 09:44:30.540  2843  2843 W ndroid.systemui: type=1400 audit(0.0:212130): avc:  denied  { read } for  name="u:object_r:vendor_display_prop:s0" dev="tmpfs" ino=13392 scontext=u:r:platform_app:s0:c512,c768 tcontext=u:object_r:vendor_display_prop:s0 tclass=file permissive=0 app=com.android.systemui
03-16 09:44:30.595  1997  2576 D SystemServerTiming: getUserSwitchability-0
03-16 09:44:30.595  1997  2576 D SystemServerTiming: TM.isInCall
03-16 09:44:30.596  1997  3262 D SystemServerTiming: getUserSwitchability-0
03-16 09:44:30.596  1997  3262 D SystemServerTiming: TM.isInCall
03-16 09:44:30.596  1997  2576 D SystemServerTiming: hasUserRestriction-DISALLOW_USER_SWITCH
03-16 09:44:30.596  1997  2576 D SystemServerTiming: getInt-ALLOW_USER_SWITCHING_WHEN_SYSTEM_USER_LOCKED
03-16 09:44:30.597  1997  2576 D SystemServerTiming: isUserUnlocked-USER_SYSTEM
03-16 09:44:30.597  1997  3262 D SystemServerTiming: hasUserRestriction-DISALLOW_USER_SWITCH
03-16 09:44:30.597  1997  3262 D SystemServerTiming: getInt-ALLOW_USER_SWITCHING_WHEN_SYSTEM_USER_LOCKED
03-16 09:44:30.597  1997  3262 D SystemServerTiming: isUserUnlocked-USER_SYSTEM
03-16 09:44:30.607  2843  2843 D BiometricsRepositoryImpl: currentUser authFlags changed, new value: AuthenticationFlags(userId=0, flag=0)
03-16 09:44:30.608  2843  2843 D BiometricsRepositoryImpl: currentUser authFlags changed, new value: AuthenticationFlags(userId=0, flag=0)
03-16 09:44:30.614  2843  2843 D BiometricsRepositoryImpl: currentUser authFlags changed, new value: AuthenticationFlags(userId=0, flag=0)
03-16 09:44:30.615  2843  2843 D BiometricsRepositoryImpl: currentUser authFlags changed, new value: AuthenticationFlags(userId=0, flag=0)
03-16 09:44:30.617  2843  2843 D BiometricsRepositoryImpl: currentUser authFlags changed, new value: AuthenticationFlags(userId=0, flag=0)
03-16 09:44:30.617  2843  2843 D BiometricsRepositoryImpl: currentUser authFlags changed, new value: AuthenticationFlags(userId=0, flag=0)
03-16 09:44:30.729  5012  5012 I MotoDesktopLog: [ NotificationMonitorService ] - onNotificationPosted hide: Notification(channel=silent_notifications_9 shortcut=19370386411683@lid contentView=null vibrate=null sound=null tick defaults=0 flags=GROUP_SUMMARY color=0xff21c063 category=msg groupKey=group_key_messages vis=PRIVATE publicVersion=Notification(channel=null shortcut=null contentView=null vibrate=null sound=null defaults=0 flags=0 color=0xff21c063 category=msg vis=PRIVATE))
03-16 09:44:30.730  2843  2955 D PeopleSpaceWidgetMgr: No app widget ids returned
03-16 09:44:30.822  1269 14365 E sensors-hal: handle_sns_client_event:62, mot_disprot_event: now=747619202267323 ts=747619174954271, type=16, status=3
03-16 09:44:30.904  1997  2072 I system_server: Background young concurrent copying GC freed 77MB AllocSpace bytes, 127(3460KB) LOS objects, 41% free, 135MB/231MB, paused 127us,160us total 108.665ms
03-16 09:44:30.906  1997  2073 I BpBinder: onLastStrongRef automatically unlinking death recipients: 
03-16 09:44:30.923  2843  2941 V WindowManagerShell: Transition animation finished (aborted=false), notifying core (#15532) android.os.BinderProxy@2e0889e@0
03-16 09:44:30.925  1997  2142 V WindowManager: Finish Transition (#15532): created at 03-16 09:44:30.346 collect-started=0.019ms request-sent=0.048ms started=5.456ms ready=14.263ms sent=69.403ms finished=578.321ms
03-16 09:44:30.926  2924  2924 D VRI[AppAuthenticationActivity]: visibilityChanged oldVisibility=true newVisibility=false
03-16 09:44:30.927  2843  2941 V WindowManagerShell: Track 0 became idle
03-16 09:44:30.927  2843  2941 V WindowManagerShell: All active transition animations finished
03-16 09:44:30.927  1997  7375 W UserManagerService: Requested status bar icon for non-badged user 0
03-16 09:44:30.929  1997  7375 W UserManagerService: Requested status bar icon for non-badged user 0
03-16 09:44:30.930  2924  6805 D Surface : Surface::disconnect
03-16 09:44:30.931  2924  6805 D BufferQueueProducer: [com.whatsapp/com.whatsapp.authentication.AppAuthenticationActivity#201086(BLAST Consumer)pid:2924](id:b6c00000099,api:1,p:2924,c:2924) disconnect: api 1
03-16 09:44:30.938  2924  2924 W WindowOnBackDispatcher: sendCancelIfRunning: isInProgress=false callback=android.view.ViewRootImpl$$ExternalSyntheticLambda11@979df05
03-16 09:44:30.938  1997  7375 D CoreBackPreview: Window{51cd675 u0 com.whatsapp/com.whatsapp.authentication.AppAuthenticationActivity}: Setting back callback null
03-16 09:44:30.939  1997  3262 W InputManager-JNI: Input channel object '51cd675 com.whatsapp/com.whatsapp.authentication.AppAuthenticationActivity (client)' was disposed without first being removed with the input manager!
03-16 09:44:30.941  1997  2637 D ActivityManager: freezing 22805 com.google.android.gms, reason = oom_cached
03-16 09:44:30.972  1997  2576 W NotificationHistory: Attempted to add notif for locked/gone/disabled user 0
03-16 09:44:31.219 18920 16654 I AlarmManager: setExactAndAllowWhileIdle [name: GCM_HB_ALARM type: 2 triggerAtMillis: 748219599]
03-16 09:44:31.232 18920 16839 I AlarmManager: setExactAndAllowWhileIdle [name: FcmRetry type: 2 triggerAtMillis: 747739611]
03-16 09:44:31.234  1997  2576 W PackageManager: Missing required system package: com.EmasDigi, but found with extended search.
03-16 09:44:31.234  1997  2576 W PackageManager: Missing required system package: com.EmasDigi, but found with extended search.
03-16 09:44:31.236  1997  2576 W PackageManager: Missing required system package: com.EmasDigi, but found with extended search.
03-16 09:44:31.236  1997  2576 W PackageManager: Missing required system package: com.EmasDigi, but found with extended search.
03-16 09:44:31.237  1997  2199 D CompatChangeReporter: Compat change id reported: 151861875; UID 10446; state: ENABLED
03-16 09:44:31.237  1997  2199 V GrammaticalInflectionUtils: AttributionSource: android.content.AttributionSource@bfbb27f2 does not have READ_SYSTEM_GRAMMATICAL_GENDER permission.
03-16 09:44:31.239  1997  2200 W PackageManager: Missing required system package: com.EmasDigi, but found with extended search.
03-16 09:44:31.247  1168  1168 D Zygote  : Forked child process 16844
03-16 09:44:31.248  1997  2200 I ActivityManager: Start proc 16844:com.EmasDigi/u0a446 for broadcast {com.EmasDigi/com.google.firebase.iid.FirebaseInstanceIdReceiver}
03-16 09:44:31.261 16844 16844 I com.EmasDigi: Using CollectorTypeCC GC.
03-16 09:44:31.268 16844 16844 D nativeloader: Load libframework-connectivity-tiramisu-jni.so using APEX ns com_android_tethering for caller /apex/com.android.tethering/javalib/framework-connectivity-t.jar: ok
03-16 09:44:31.280  4654  5411 D ForegroundUtils: Foreground UID status: 10128, false; 10195, true; 10199, false; 10224, false; 10231, false; 10243, false; 10250, true; 10268, true; 10286, false; 10289, false; 10317, true; 10331, true; 10335, false; 10341, false; 10370, false; 10385, true; 10407, false; 10447, false; 
03-16 09:44:31.299 16844 16844 D ApplicationLoaders: Returning zygote-cached class loader: /system/framework/org.apache.http.legacy.jar
03-16 09:44:31.365  1269  2586 I slpi    : LTR569 ALS_OC: lux:45.958447, last_ps:0[611], RAW:921.000000[1159, 949], INT:70, G:512, C:669, PCTRL:22, ACTRL:165, AGC:12, SCA:167, STA:37, AINT:127, MEAS:32, scale:0.714, rate:20.000000, int:960000
03-16 09:44:31.403  1311  3759 E ANDR-PERF-LM: VmRssMeter:: start() 453: Could not find pid, can not collect vmrss data
03-16 09:44:31.403  1311  3759 E ANDR-PERF-LM: AdaptiveLaunch: writeToDataBase() 64: Meter aborted or could not get meter data for this run
03-16 09:44:31.426  1311  3758 E ANDR-PERF-LM: VmRssMeter:: start() 453: Could not find pid, can not collect vmrss data
03-16 09:44:31.460  1269  2586 I slpi-mot_tap : cor_sums, 67.2, 57.7, 77.7,  0.0, sigzm,  9.4, pk,  8.3, pcor, 77.7, slps, 33.0, 40.9, -77.7, *ang,   1.3, tn,  5.1, Tap 26 22222222222222222222222222222222222222
03-16 09:44:31.519 16844 16844 D nativeloader: Configuring clns-7 for other apk /data/app/~~IiBlGLgsoEUUPBvehz26hw==/com.EmasDigi-lHyp8CpSN39RjspACr8Vzw==/base.apk. target_sdk_version=35, uses_libraries=, library_path=/data/app/~~IiBlGLgsoEUUPBvehz26hw==/com.EmasDigi-lHyp8CpSN39RjspACr8Vzw==/lib/arm64:/data/app/~~IiBlGLgsoEUUPBvehz26hw==/com.EmasDigi-lHyp8CpSN39RjspACr8Vzw==/base.apk!/lib/arm64-v8a, permitted_path=/data:/mnt/expand:/data/user/0/com.EmasDigi
03-16 09:44:31.521 16844 16844 D CompatChangeReporter: Compat change id reported: 202956589; UID 10446; state: ENABLED
03-16 09:44:31.537 16844 16844 V GraphicsEnvironment: Currently set values for:
03-16 09:44:31.537 16844 16844 V GraphicsEnvironment:   angle_gl_driver_selection_pkgs=[]
03-16 09:44:31.537 16844 16844 V GraphicsEnvironment:   angle_gl_driver_selection_values=[]
03-16 09:44:31.537 16844 16844 V GraphicsEnvironment: Global.Settings values are invalid: number of packages: 0, number of values: 0
03-16 09:44:31.537 16844 16844 V GraphicsEnvironment: Neither updatable production driver nor prerelease driver is supported.
03-16 09:44:31.577 16844 16844 E com.EmasDigi: hiddenapi: Accessing hidden field Ljava/util/Collections$SynchronizedCollection;->mutex:Ljava/lang/Object; (runtime_flags=0, domain=core-platform, api=max-target-o) from Lj$/util/DesugarCollections; (domain=app, TargetSdkVersion=35) using reflection: denied
03-16 09:44:31.578 16844 16844 E com.EmasDigi: hiddenapi: Accessing hidden method Ljava/util/Collections$SynchronizedSet;-><init>(Ljava/util/Set;Ljava/lang/Object;)V (runtime_flags=0, domain=core-platform, api=max-target-o) from Lj$/util/DesugarCollections; (domain=app, TargetSdkVersion=35) using reflection: denied
03-16 09:44:31.578 16844 16844 E com.EmasDigi: hiddenapi: Accessing hidden method Ljava/util/Collections$SynchronizedCollection;-><init>(Ljava/util/Collection;Ljava/lang/Object;)V (runtime_flags=0, domain=core-platform, api=max-target-o) from Lj$/util/DesugarCollections; (domain=app, TargetSdkVersion=35) using reflection: denied
03-16 09:44:31.613 16844 16844 D nativeloader: Load /data/app/~~IiBlGLgsoEUUPBvehz26hw==/com.EmasDigi-lHyp8CpSN39RjspACr8Vzw==/lib/arm64/libdatastore_shared_counter.so using class loader ns clns-7 (caller=/data/app/~~IiBlGLgsoEUUPBvehz26hw==/com.EmasDigi-lHyp8CpSN39RjspACr8Vzw==/base.apk!classes4.dex): ok
03-16 09:44:31.620 16844 16859 W com.EmasDigi: ClassLoaderContext classpath size mismatch. expected=1, found=0 (DLC[];PCL[base.apk*2249926499]{PCL[/system/framework/org.apache.http.legacy.jar*437079508]#PCL[/system/framework/com.android.location.provider.jar*3414091812]#PCL[/system/framework/com.android.media.remotedisplay.jar*2042759013]#PCL[/system_ext/framework/androidx.window.extensions.jar*1157725359]#PCL[/system_ext/framework/androidx.window.sidecar.jar*3501034208]} | DLC[];PCL[])
03-16 09:44:31.625 16844 16861 D CompatChangeReporter: Compat change id reported: 312399441; UID 10446; state: ENABLED
03-16 09:44:31.629  1997  4692 E TaskPersister: File error accessing recents directory (directory doesn't exist?).
03-16 09:44:31.644 16844 16859 W System  : ClassLoader referenced unknown path: 
03-16 09:44:31.644 16844 16859 D nativeloader: Configuring clns-8 for other apk . target_sdk_version=36, uses_libraries=, library_path=/data/app/~~MnLM6sZQUuACs2UiDHYrvw==/com.google.android.gms-Em3Bjfpi0RsmpCD2cUw2Vw==/lib/arm64:/data/app/~~MnLM6sZQUuACs2UiDHYrvw==/com.google.android.gms-Em3Bjfpi0RsmpCD2cUw2Vw==/base.apk!/lib/arm64-v8a, permitted_path=/data:/mnt/expand:/data/user/0/com.google.android.gms
03-16 09:44:31.660 16844 16859 W com.EmasDigi: ClassLoaderContext classpath element checksum mismatch. expected=2249926499, found=1254652324 (DLC[];PCL[base.apk*2249926499]{PCL[/system/framework/org.apache.http.legacy.jar*437079508]#PCL[/system/framework/com.android.location.provider.jar*3414091812]#PCL[/system/framework/com.android.media.remotedisplay.jar*2042759013]#PCL[/system_ext/framework/androidx.window.extensions.jar*1157725359]#PCL[/system_ext/framework/androidx.window.sidecar.jar*3501034208]} | DLC[];PCL[/data/app/~~IiBlGLgsoEUUPBvehz26hw==/com.EmasDigi-lHyp8CpSN39RjspACr8Vzw==/base.apk*1254652324]{PCL[/system/framework/org.apache.http.legacy.jar*437079508]})
03-16 09:44:31.680  1269  2586 I slpi    : LTR569 ALS_OC: lux:37.824650, last_ps:0[606], RAW:758.000000[1013, 829], INT:70, G:512, C:552, PCTRL:22, ACTRL:165, AGC:12, SCA:167, STA:37, AINT:127, MEAS:32, scale:0.714, rate:20.000000, int:960000
03-16 09:44:31.697 16844 16844 D CompatChangeReporter: Compat change id reported: 279646685; UID 10446; state: ENABLED
03-16 09:44:31.704  1997  2576 D FileUtils: Rounded bytes from 7856328704 to 8000000000
03-16 09:44:31.712  1997  3262 D FileUtils: Rounded bytes from 7856328704 to 8000000000
03-16 09:44:31.715 18920 12694 I PhenotypeResourceReader: unable to find any Phenotype resource metadata for com.EmasDigi
03-16 09:44:31.726  1997  3262 D CompatChangeReporter: Compat change id reported: 297989574; UID 10446; state: ENABLED
03-16 09:44:31.766 16844 16844 D nativeloader: Load /data/app/~~IiBlGLgsoEUUPBvehz26hw==/com.EmasDigi-lHyp8CpSN39RjspACr8Vzw==/lib/arm64/libkeys.so using class loader ns clns-7 (caller=/data/app/~~IiBlGLgsoEUUPBvehz26hw==/com.EmasDigi-lHyp8CpSN39RjspACr8Vzw==/base.apk!classes4.dex): ok
03-16 09:44:31.783 16844 16880 E com.EmasDigi: No package ID 6a found for resource ID 0x6a0b0013.
03-16 09:44:31.785 16844 16880 I FA      : App measurement initialized, version: 157000
03-16 09:44:31.785 16844 16880 I FA      : To enable debug logging run: adb shell setprop log.tag.FA VERBOSE
03-16 09:44:31.785 16844 16880 I FA      : To enable faster debug mode event logging run:
03-16 09:44:31.785 16844 16880 I FA      :   adb shell setprop debug.firebase.analytics.app com.EmasDigi
03-16 09:44:31.792  1997  2576 D ActivityManager: unfreezing ProcessRecord{e35ef93 22805:com.google.android.gms/u0a195}, reason = unfreezeTemporarily, adj = 915, adjType = cch-empty, adjSource = null
03-16 09:44:31.793 24550 24550 I Finsky  : [2] Memory trim requested to level 40
03-16 09:44:31.793 24550 24550 I Finsky  : [2] Flushing in-memory image cache
03-16 09:44:31.794  1997  2576 D ActivityManager: sync unfroze 22805 com.google.android.gms for 27
03-16 09:44:31.807  1997  2576 D CompatChangeReporter: Compat change id reported: 319212206; UID 10446; state: ENABLED
03-16 09:44:31.814  1997  2728 D ConnectivityService: NetReassign [no changes] [c 0] [a 2] [i 4]
03-16 09:44:31.847 16844 16844 I Typeface: updateThemeFont new=Exo2-Regular;old=sans-serif;new=Exo2-Stacked;old=
03-16 09:44:31.851  1997  3262 I ActivityManager: Flag disabled. Ignoring finishAttachApplication from uid: 10446. pid: 16844
03-16 09:44:31.852 16844 16910 D CompatChangeReporter: Compat change id reported: 311402873; UID 10446; state: ENABLED
03-16 09:44:31.852 16844 16910 D CompatChangeReporter: Compat change id reported: 323349338; UID 10446; state: ENABLED
03-16 09:44:31.853  1997  3262 D CompatChangeReporter: Compat change id reported: 311402873; UID 10446; state: ENABLED
