03-16 09:43:54.481  1997  2142 V WindowManager: Sent Transition (#15518) createdAt=03-16 09:43:54.430 via request=TransitionRequestInfo { type = OPEN, triggerTask = TaskInfo{userId=0 taskId=1162 displayId=0 isRunning=true baseIntent=Intent { act=android.intent.action.MAIN cat=[android.intent.category.LAUNCHER] flg=0x10200000 cmp=com.posandroid/.MainActivity } baseActivity=ComponentInfo{com.posandroid/com.posandroid.MainActivity} topActivity=ComponentInfo{com.posandroid/com.posandroid.MainActivity} origActivity=null realActivity=ComponentInfo{com.posandroid/com.posandroid.MainActivity} numActivities=1 lastActiveTime=747582822 supportsMultiWindow=true supportsGlobalFreeform=true resizeMode=1 isResizeable=true isAppLocked=false isShowDecorCaptionWindowRequest=false canKillAndRestart=true minWidth=-1 minHeight=-1 defaultMinSize=200 token=WCT{RemoteToken{8409f4c Task{dc12f25 #1162 type=standard A=10499:com.posandroid}}} topActivityType=1 pictureInPictureParams=null shouldDockBigOverlays=false launchIntoPipHostTaskId=-1 lastParentTaskIdBeforePip=-1 displayCutoutSafeInsets=Rect(0, 77 - 0, 0) topActivityInfo=ActivityInfo{4d52b95 com.posandroid.MainActivity} launchCookies=[android.os.BinderProxy@c4924aa] positionInParent=Point(0, 0) parentTaskId=-1 isFocused=false isVisible=false isVisibleRequested=false isSleeping=false locusId=null displayAreaFeatureId=1 isTopActivityTransparent=false appCompatTaskInfo=AppCompatTaskInfo { topActivityInSizeCompat=false topActivityEligibleForLetterboxEducation= falseisLetterboxEducationEnabled= false isLetterboxDoubleTapEnabled= false topActivityEligibleForUserAspectRatioButton= false topActivityBoundsLetterboxed= false isFromLetterboxDoubleTap= false topActivityLetterboxVerticalPosition= -1 topActivityLetterboxHorizontalPosition= -1 topActivityLetterboxWidth=720 topActivityLetterboxHeight=1600 isUserFullscreenOverrideEnabled=false isSystemFullscreenOverrideEnabled=false cameraCompatTaskInfo=CameraCompatTaskInfo { cameraCompatControlState=hidden freeformCameraCompatMode=inactive}}}, pipTask = null, remoteTransition = RemoteTransition { remoteTransition = android.window.IRemoteTransition$Stub$Proxy@9cc989b, appThread = android.app.IApplicationThread$Stub$Proxy@57e6438, debugName = QuickstepLaunch }, displayChange = null, flags = 0, debugId = 15518 }
03-16 09:43:54.481  1997  2142 V WindowManager:     startWCT=WindowContainerTransaction { changes = {} hops = [] errorCallbackToken=null taskFragmentOrganizer=null }
03-16 09:43:54.481  1997  2142 V WindowManager:     info={id=15518 t=OPEN f=0x0 trk=0 r=[0@Point(0, 0)] c=[
03-16 09:43:54.481  1997  2142 V WindowManager:         {WCT{RemoteToken{8409f4c Task{dc12f25 #1162 type=standard A=10499:com.posandroid}}} m=OPEN f=NONE pTaskId=-1 leash=Surface(name=Task=1162)/@0x7e39120 sb=Rect(0, 0 - 720, 1600) eb=Rect(0, 0 - 720, 1600) d=0 taskParent=-1},
03-16 09:43:54.481  1997  2142 V WindowManager:         {WCT{RemoteToken{92802e4 Task{6c753f1 #1 type=undefined}}} m=TO_BACK f=SHOW_WALLPAPER pTaskId=-1 leash=Surface(name=Task=1)/@0x9e81095 sb=Rect(0, 0 - 720, 1600) eb=Rect(0, 0 - 720, 1600) d=0 taskParent=-1}
03-16 09:43:54.481  1997  2142 V WindowManager:     ]}
03-16 09:43:54.483  2843  2856 V WindowManagerShell: onTransitionReady(transaction=8577050748334)
03-16 09:43:54.484  2843  2941 V WindowManagerShell: onTransitionReady (#15518) android.os.BinderProxy@40b5c3a: {id=15518 t=OPEN f=0x0 trk=0 r=[0@Point(0, 0)] c=[{WCT{android.window.IWindowContainerToken$Stub$Proxy@789cefd} m=OPEN f=NONE pTaskId=-1 leash=Surface(name=Task=1162)/@0x42bfb66 sb=Rect(0, 0 - 720, 1600) eb=Rect(0, 0 - 720, 1600) d=0 taskParent=-1},{WCT{android.window.IWindowContainerToken$Stub$Proxy@76c67f2} m=TO_BACK f=SHOW_WALLPAPER pTaskId=-1 leash=Surface(name=Task=1)/@0x4374ea7 sb=Rect(0, 0 - 720, 1600) eb=Rect(0, 0 - 720, 1600) d=0 taskParent=-1}]}
03-16 09:43:54.484  2843  2941 V WindowManagerShell: Playing animation for (#15518) android.os.BinderProxy@40b5c3a@0
03-16 09:43:54.485  2843  2941 V WindowManagerShell:  try firstHandler com.android.wm.shell.transition.DefaultMixedHandler@ad75e7e
03-16 09:43:54.485  2843  2941 V WindowManagerShell: Mixed transition for opening an intent with a remote transition and PIP #15518
03-16 09:43:54.485  2843  2941 V WindowManagerShell:  Delegate animation for (#15518) to RemoteTransition { remoteTransition = android.window.IRemoteTransition$Stub$Proxy@3430206, appThread = android.app.IApplicationThread$Stub$Proxy@4c9e0c7, debugName = QuickstepLaunch }
03-16 09:43:54.487  2843  2941 V WindowManagerShell:  animated by firstHandler
03-16 09:43:54.498  1997  3765 W UserManagerService: Requested status bar icon for non-badged user 0
03-16 09:43:54.505  2843  2941 D WindowManagerShell: onKeepClearAreasChanged: restricted={Rect(0, 1413 - 720, 1571)}, unrestricted={}
03-16 09:43:54.508  1997  3765 D ActivityTaskManager: sendShowDecorCaptionWindow Task is not organized Task{8e22723 #56 type=undefined I=com.motorola.launcher3/com.android.launcher3.CustomizationPanelLauncher}
03-16 09:43:54.576  1997  3765 I ActivityManager: Flag disabled. Ignoring finishAttachApplication from uid: 10499. pid: 16376
03-16 09:43:54.598 16376 16376 E AndroidRuntime: FATAL EXCEPTION: main
03-16 09:43:54.598 16376 16376 E AndroidRuntime: Process: com.posandroid, PID: 16376
03-16 09:43:54.598 16376 16376 E AndroidRuntime: com.facebook.soloader.SoLoaderDSONotFoundError: couldn't find DSO to load: libhermestooling.so
03-16 09:43:54.598 16376 16376 E AndroidRuntime: 	existing SO sources: 
03-16 09:43:54.598 16376 16376 E AndroidRuntime: 		SoSource 0: ApplicationSoSource[DirectorySoSource[root = /data/app/~~EbEoQ0YrMr-_lvtxwBV4lw==/com.posandroid-KjcQm3p9ZtKHatXA1fKi6w==/lib/arm64 flags = 0]]
03-16 09:43:54.598 16376 16376 E AndroidRuntime: 		SoSource 1: DirectApkSoSource[root = [/data/app/~~EbEoQ0YrMr-_lvtxwBV4lw==/com.posandroid-KjcQm3p9ZtKHatXA1fKi6w==/base.apk!/lib/arm64-v8a]]
03-16 09:43:54.598 16376 16376 E AndroidRuntime: 		SoSource 2: DirectorySoSource[root = /system/lib64 flags = 3]
03-16 09:43:54.598 16376 16376 E AndroidRuntime: 		SoSource 3: DirectorySoSource[root = /vendor/lib64 flags = 3]
03-16 09:43:54.598 16376 16376 E AndroidRuntime: 	Native lib dir: /data/app/~~EbEoQ0YrMr-_lvtxwBV4lw==/com.posandroid-KjcQm3p9ZtKHatXA1fKi6w==/lib/arm64
03-16 09:43:54.598 16376 16376 E AndroidRuntime: 
03-16 09:43:54.598 16376 16376 E AndroidRuntime: 	at com.facebook.soloader.SoLoader.doLoadLibraryBySoName(SoLoader.java:1216)
03-16 09:43:54.598 16376 16376 E AndroidRuntime: 	at com.facebook.soloader.SoLoader.loadLibraryBySoNameImpl(SoLoader.java:1078)
03-16 09:43:54.598 16376 16376 E AndroidRuntime: 	at com.facebook.soloader.SoLoader.loadLibraryBySoName(SoLoader.java:943)
03-16 09:43:54.598 16376 16376 E AndroidRuntime: 	at com.facebook.soloader.SoLoader.loadLibraryOnAndroid(SoLoader.java:859)
03-16 09:43:54.598 16376 16376 E AndroidRuntime: 	at com.facebook.soloader.SoLoader.loadLibrary(SoLoader.java:842)
03-16 09:43:54.598 16376 16376 E AndroidRuntime: 	at com.facebook.soloader.SoLoader.loadLibrary(SoLoader.java:812)
03-16 09:43:54.598 16376 16376 E AndroidRuntime: 	at com.facebook.react.runtime.hermes.HermesInstance.<clinit>(HermesInstance.kt:26)
03-16 09:43:54.598 16376 16376 E AndroidRuntime: 	at com.facebook.react.defaults.DefaultReactHost.getDefaultReactHost(DefaultReactHost.kt:93)
03-16 09:43:54.598 16376 16376 E AndroidRuntime: 	at com.facebook.react.defaults.DefaultReactHost.getDefaultReactHost$default(DefaultReactHost.kt:60)
03-16 09:43:54.598 16376 16376 E AndroidRuntime: 	at com.posandroid.MainApplication.reactHost_delegate$lambda$1(MainApplication.kt:13)
03-16 09:43:54.598 16376 16376 E AndroidRuntime: 	at com.posandroid.MainApplication.$r8$lambda$3TP1oUSoY_NhCrNVro4eMH8iRFI(Unknown Source:0)
03-16 09:43:54.598 16376 16376 E AndroidRuntime: 	at com.posandroid.MainApplication$$ExternalSyntheticLambda0.invoke(D8$$SyntheticClass:0)
03-16 09:43:54.598 16376 16376 E AndroidRuntime: 	at kotlin.SynchronizedLazyImpl.getValue(LazyJVM.kt:83)
03-16 09:43:54.598 16376 16376 E AndroidRuntime: 	at com.posandroid.MainApplication.getReactHost(MainApplication.kt:12)
03-16 09:43:54.598 16376 16376 E AndroidRuntime: 	at com.facebook.react.ReactActivityDelegate.getReactHost(ReactActivityDelegate.java:109)
03-16 09:43:54.598 16376 16376 E AndroidRuntime: 	at com.facebook.react.ReactActivityDelegate.lambda$onCreate$0(ReactActivityDelegate.java:152)
03-16 09:43:54.598 16376 16376 E AndroidRuntime: 	at com.facebook.react.ReactActivityDelegate.$r8$lambda$HPdXfLmAU1y4Wc1XbwAHziPP2WA(Unknown Source:0)
03-16 09:43:54.598 16376 16376 E AndroidRuntime: 	at com.facebook.react.ReactActivityDelegate$$ExternalSyntheticLambda0.run(D8$$SyntheticClass:0)
03-16 09:43:54.598 16376 16376 E AndroidRuntime: 	at com.facebook.systrace.Systrace.traceSection(Systrace.kt:35)
03-16 09:43:54.598 16376 16376 E AndroidRuntime: 	at com.facebook.react.ReactActivityDelegate.onCreate(ReactActivityDelegate.java:132)
03-16 09:43:54.598 16376 16376 E AndroidRuntime: 	at com.facebook.react.ReactActivity.onCreate(ReactActivity.java:61)
03-16 09:43:54.598 16376 16376 E AndroidRuntime: 	at android.app.Activity.performCreate(Activity.java:9149)
03-16 09:43:54.598 16376 16376 E AndroidRuntime: 	at android.app.Activity.performCreate(Activity.java:9127)
03-16 09:43:54.598 16376 16376 E AndroidRuntime: 	at android.app.Instrumentation.callActivityOnCreate(Instrumentation.java:1526)
03-16 09:43:54.598 16376 16376 E AndroidRuntime: 	at android.app.ActivityThread.performLaunchActivity(ActivityThread.java:4156)
03-16 09:43:54.598 16376 16376 E AndroidRuntime: 	at android.app.ActivityThread.handleLaunchActivity(ActivityThread.java:4365)
03-16 09:43:54.598 16376 16376 E AndroidRuntime: 	at android.app.servertransaction.LaunchActivityItem.execute(LaunchActivityItem.java:112)
03-16 09:43:54.598 16376 16376 E AndroidRuntime: 	at android.app.servertransaction.TransactionExecutor.executeNonLifecycleItem(TransactionExecutor.java:174)
03-16 09:43:54.598 16376 16376 E AndroidRuntime: 	at android.app.servertransaction.TransactionExecutor.executeTransactionItems(TransactionExecutor.java:109)
03-16 09:43:54.598 16376 16376 E AndroidRuntime: 	at android.app.servertransaction.TransactionExecutor.execute(TransactionExecutor.java:81)
03-16 09:43:54.598 16376 16376 E AndroidRuntime: 	at android.app.ActivityThread$H.handleMessage(ActivityThread.java:2751)
03-16 09:43:54.598 16376 16376 E AndroidRuntime: 	at android.os.Handler.dispatchMessage(Handler.java:112)
03-16 09:43:54.598 16376 16376 E AndroidRuntime: 	at android.os.Looper.loopOnce(Looper.java:268)
03-16 09:43:54.598 16376 16376 E AndroidRuntime: 	at android.os.Looper.loop(Looper.java:384)
03-16 09:43:54.598 16376 16376 E AndroidRuntime: 	at android.app.ActivityThread.main(ActivityThread.java:8936)
03-16 09:43:54.598 16376 16376 E AndroidRuntime: 	at java.lang.reflect.Method.invoke(Native Method)
03-16 09:43:54.598 16376 16376 E AndroidRuntime: 	at com.android.internal.os.RuntimeInit$MethodAndArgsCaller.run(RuntimeInit.java:580)
03-16 09:43:54.598 16376 16376 E AndroidRuntime: 	at com.android.internal.os.ZygoteInit.main(ZygoteInit.java:907)
03-16 09:43:54.600  1997  3006 W ActivityTaskManager:   Force finishing activity com.posandroid/.MainActivity
03-16 09:43:54.600  1997 16395 I DropBoxManagerService: add tag=data_app_crash isTagEnabled=true flags=0x2
03-16 09:43:54.600  2843  2941 V WindowManagerShell: Transition requested (#15519): android.os.BinderProxy@bdb74ec TransitionRequestInfo { type = CLOSE, triggerTask = null, pipTask = null, remoteTransition = null, displayChange = null, flags = 16, debugId = 15519 }
03-16 09:43:54.608  1997  2143 I ActivityManager: 10499 handleShowAppErrorUi: shouldThottle=true,showFirstCrash=false,repeating=true,shouldForceShowError=false
03-16 09:43:54.611  2843  2941 D WindowManagerShell: onKeepClearAreasChanged: restricted={Rect(10, 1395 - 710, 1549)}, unrestricted={}
03-16 09:43:54.621  1997  3262 I ActivityManager: appDiedLocked: app=ProcessRecord{44aa908 16376:com.posandroid/u0a499} thread=android.os.BinderProxy@d18be4 fromBinderDied=true isKilledByAm=false reason=null
03-16 09:43:54.621  1997  3262 I ActivityManager: Process com.posandroid (pid 16376) has died: fg  TOP 
03-16 09:43:54.621  1997  3262 D RestartModeController: markWaitRestartAppIsSuicided null processName=com.posandroid
03-16 09:43:54.622  1997  2143 D DisplayManagerService: Drop pending events for gone uid 10499
03-16 09:43:54.624  1997  3262 D ActivityTaskManager: handleAppDied: uid=10499,diedCount=1,lastDiedTime=517337255,forceStopUids=false
03-16 09:43:54.628  1997  2193 W MotoBatteryCareService: uid: 10286 pkgName:com.motorola.launcher3 come to foreground
03-16 09:43:54.630  2843  2941 D WindowManagerShell: setLauncherKeepClearAreaHeight: visible=true, height=121
03-16 09:43:54.635  2843 18428 V WindowManagerShell: onTransitionReady(transaction=8577050748341)
03-16 09:43:54.635  2843  2941 V WindowManagerShell: onTransitionReady (#15519) android.os.BinderProxy@bdb74ec: {id=15519 t=CLOSE f=0x10 trk=0 r=[0@Point(0, 0)] c=[{WCT{android.window.IWindowContainerToken$Stub$Proxy@480f3d8} m=TO_FRONT f=SHOW_WALLPAPER|MOVE_TO_TOP pTaskId=-1 leash=Surface(name=Task=1)/@0x498e0b5 sb=Rect(0, 0 - 720, 1600) eb=Rect(0, 0 - 720, 1600) d=0 taskParent=-1},{WCT{android.window.IWindowContainerToken$Stub$Proxy@643d331} m=CLOSE f=NONE pTaskId=-1 leash=Surface(name=Task=1162)/@0xa8d034a sb=Rect(0, 0 - 720, 1600) eb=Rect(0, 0 - 720, 1600) d=0 taskParent=-1}]}
03-16 09:43:54.636  2843  2941 V WindowManagerShell: Transition (#15519) android.os.BinderProxy@bdb74ec@0 ready while (#15518) android.os.BinderProxy@40b5c3a@0 is still animating. Notify the animating transition in case they can be merged
03-16 09:43:54.636  2843  2941 V WindowManagerShell:    Merge into remote: RemoteTransition { remoteTransition = android.window.IRemoteTransition$Stub$Proxy@3430206, appThread = android.app.IApplicationThread$Stub$Proxy@4c9e0c7, debugName = QuickstepLaunch }
03-16 09:43:54.640  2843  2941 V WindowManagerShell: Transition animation finished (aborted=false), notifying core (#15518) android.os.BinderProxy@40b5c3a@0
03-16 09:43:54.641  1997  2142 V WindowManager: Sent Transition (#15519) createdAt=03-16 09:43:54.600 via request=TransitionRequestInfo { type = CLOSE, triggerTask = null, pipTask = null, remoteTransition = null, displayChange = null, flags = 16, debugId = 15519 }
03-16 09:43:54.641  1997  2142 V WindowManager:     startWCT=WindowContainerTransaction { changes = {} hops = [] errorCallbackToken=null taskFragmentOrganizer=null }
03-16 09:43:54.641  1997  2142 V WindowManager:     info={id=15519 t=CLOSE f=0x10 trk=0 r=[0@Point(0, 0)] c=[
03-16 09:43:54.641  1997  2142 V WindowManager:         {WCT{RemoteToken{92802e4 Task{6c753f1 #1 type=undefined}}} m=TO_FRONT f=SHOW_WALLPAPER|MOVE_TO_TOP pTaskId=-1 leash=Surface(name=Task=1)/@0x9e81095 sb=Rect(0, 0 - 720, 1600) eb=Rect(0, 0 - 720, 1600) d=0 taskParent=-1},
03-16 09:43:54.641  1997  2142 V WindowManager:         {WCT{RemoteToken{8409f4c Task{dc12f25 #1162 type=standard A=10499:com.posandroid}}} m=CLOSE f=NONE pTaskId=-1 leash=Surface(name=Task=1162)/@0x7e39120 sb=Rect(0, 0 - 720, 1600) eb=Rect(0, 0 - 720, 1600) d=0 taskParent=-1}
03-16 09:43:54.641  1997  2142 V WindowManager:     ]}
03-16 09:43:54.641  1997  2142 V WindowManager: Finish Transition (#15518): created at 03-16 09:43:54.430 collect-started=0.033ms request-sent=12.983ms started=20.524ms ready=47.864ms sent=50.291ms finished=211.255ms
03-16 09:43:54.646  2843  2941 V WindowManagerShell: Playing animation for (#15519) android.os.BinderProxy@bdb74ec@0
03-16 09:43:54.646  2843  2941 V WindowManagerShell:  try handler com.android.wm.shell.transition.DefaultMixedHandler@ad75e7e
03-16 09:43:54.646  2843  2941 V WindowManagerShell:  try handler com.android.wm.shell.keyguard.KeyguardTransitionHandler@ff1cfdf
03-16 09:43:54.646  2843  2941 V WindowManagerShell:  try handler com.android.wm.shell.pip.PipTransition@cc5a42c
03-16 09:43:54.646  2843  2941 V WindowManagerShell:  try handler com.android.wm.shell.activityembedding.ActivityEmbeddingController@e347ef5
03-16 09:43:54.646  2843  2941 V WindowManagerShell:  try handler com.android.wm.shell.recents.RecentsTransitionHandler@186e48a
03-16 09:43:54.646  2843  2941 V ShellRecents: RecentsTransitionHandler.startAnimation: no controller found
03-16 09:43:54.646  2843  2941 V WindowManagerShell:  try handler com.android.wm.shell.splitscreen.StageCoordinator@ccd8afb
03-16 09:43:54.646  2843  2941 V WindowManagerShell:  try handler com.android.wm.shell.transition.RemoteTransitionHandler@cfed718
03-16 09:43:54.647  2843  2941 V WindowManagerShell: Transition doesn't have explicit remote, search filters for match for {id=15519 t=CLOSE f=0x10 trk=0 r=[0@Point(0, 0)] c=[{WCT{android.window.IWindowContainerToken$Stub$Proxy@480f3d8} m=TO_FRONT f=SHOW_WALLPAPER|MOVE_TO_TOP pTaskId=-1 leash=Surface(name=Task=1)/@0x498e0b5 sb=Rect(0, 0 - 720, 1600) eb=Rect(0, 0 - 720, 1600) d=0 taskParent=-1},{WCT{android.window.IWindowContainerToken$Stub$Proxy@643d331} m=CLOSE f=NONE pTaskId=-1 leash=Surface(name=Task=1162)/@0xa8d034a sb=Rect(0, 0 - 720, 1600) eb=Rect(0, 0 - 720, 1600) d=0 taskParent=-1}]}
03-16 09:43:54.647  2843  2941 V WindowManagerShell:  Checking filter Pair{{types=[] flags=0x0] notFlags=0x100 checks=[{atype=home independent=true modes=[OPEN,TO_FRONT] flags=NONE mustBeTask=false order=TOP topActivity=ComponentInfo{com.motorola.launcher3/com.android.launcher3.uioverrides.QuickstepLauncher} launchCookie=null},{atype=standard independent=true modes=[CLOSE,TO_BACK] flags=NONE mustBeTask=false order=ANY topActivity=null launchCookie=null}]} RemoteTransition { remoteTransition = android.window.IRemoteTransition$Stub$Proxy@c77e456, appThread = android.app.IApplicationThread$Stub$Proxy@7229cd7, debugName = QuickstepLaunchHome }}
03-16 09:43:54.647  2843  2941 D RemoteTransitionHandler: Found filterPair{{types=[] flags=0x0] notFlags=0x100 checks=[{atype=home independent=true modes=[OPEN,TO_FRONT] flags=NONE mustBeTask=false order=TOP topActivity=ComponentInfo{com.motorola.launcher3/com.android.launcher3.uioverrides.QuickstepLauncher} launchCookie=null},{atype=standard independent=true modes=[CLOSE,TO_BACK] flags=NONE mustBeTask=false order=ANY topActivity=null launchCookie=null}]} RemoteTransition { remoteTransition = android.window.IRemoteTransition$Stub$Proxy@c77e456, appThread = android.app.IApplicationThread$Stub$Proxy@7229cd7, debugName = QuickstepLaunchHome }}
03-16 09:43:54.647  2843  2941 V WindowManagerShell:  Delegate animation for (#15519) to RemoteTransition { remoteTransition = android.window.IRemoteTransition$Stub$Proxy@c77e456, appThread = android.app.IApplicationThread$Stub$Proxy@7229cd7, debugName = QuickstepLaunchHome }
03-16 09:43:54.650  1997  4996 W UserManagerService: Requested status bar icon for non-badged user 0
03-16 09:43:54.653  1997  4996 W UserManagerService: Requested status bar icon for non-badged user 0
03-16 09:43:54.653  2843  2941 V WindowManagerShell:  animated by com.android.wm.shell.transition.RemoteTransitionHandler@cfed718
03-16 09:43:54.653  2843  2941 D WindowManagerShell: onKeepClearAreasChanged: restricted={Rect(10, 1395 - 710, 1548)}, unrestricted={}
03-16 09:43:54.655  1997  3006 W UserManagerService: Requested status bar icon for non-badged user 0
03-16 09:43:54.656  1997  3108 E PersistenceController: SettingNotFoundException: sv_custom_ai_icon_enabled
03-16 09:43:54.658  1997  3006 W PackageConfigPersister: App-specific configuration not found for packageName: com.motorola.launcher3 and userId: 0
03-16 09:43:54.674  1997  3740 D CoreBackPreview: Window{73a3ac6 u0 Splash Screen com.posandroid EXITING}: Setting back callback null
03-16 09:43:54.681  1997  3006 W PackageConfigPersister: App-specific configuration not found for packageName: com.motorola.launcher3 and userId: 0
03-16 09:43:54.696  1997  2193 W MotoBatteryCareService: uid: 10286 pkgName:com.motorola.launcher3 come to foreground
03-16 09:43:54.696  1997  3765 D PowerManagerService: nativeSetPowerMode ret:true mode:5 enabled:false duration ms: 0
03-16 09:43:54.728  2843  2941 D WindowManagerShell: onKeepClearAreasChanged: restricted={Rect(0, 1414 - 720, 1571)}, unrestricted={}
03-16 09:43:54.974  1997  1997 W AccessibilityManagerService:  wait for adding window timeout: 21446
03-16 09:43:54.981  2843  2941 V WindowManagerShell: Transition animation finished (aborted=false), notifying core (#15519) android.os.BinderProxy@bdb74ec@0
03-16 09:43:54.983  1997  2142 V WindowManager: Finish Transition (#15519): created at 03-16 09:43:54.600 collect-started=0.014ms request-sent=0.05ms started=8.198ms ready=28.24ms sent=33.15ms finished=381.722ms
03-16 09:43:54.986  2843  2941 V WindowManagerShell: Track 0 became idle
03-16 09:43:54.986  2843  2941 V WindowManagerShell: All active transition animations finished
03-16 09:43:54.987  1997  4996 W UserManagerService: Requested status bar icon for non-badged user 0
03-16 09:43:54.988  1997  4996 W UserManagerService: Requested status bar icon for non-badged user 0
03-16 09:43:55.100  1997  2147 W ActivityTaskManager: Activity top resumed state loss timeout for ActivityRecord{4ff188f u0 com.posandroid/.MainActivity t-1 f}}
03-16 09:43:55.128  1997  2147 W AccessibilityWindowsPopulator: Windows change within in 2 frames continuously over 500 ms and notify windows changed immediately
03-16 09:43:55.371  1997  3108 D ActivityTaskManager: getPreferredLaunchDisplay userset_displayid true user set display id 0, current focus display 0
03-16 09:43:55.372  1997  3108 I SettingsAccessControlPolicy: isDeviceSettingsChangeDisabled: value -> false
03-16 09:43:55.372  1997  3108 W OptProp : Cannot read opt property android.window.PROPERTY_COMPAT_ALLOW_ORIENTATION_OVERRIDE
03-16 09:43:55.372  1997  3108 W OptProp : Cannot read opt property android.window.PROPERTY_COMPAT_ALLOW_RESIZEABLE_ACTIVITY_OVERRIDES
03-16 09:43:55.372  1997  3108 W OptProp : Cannot read opt property android.window.PROPERTY_COMPAT_ALLOW_MIN_ASPECT_RATIO_OVERRIDE
03-16 09:43:55.373  1997  3108 D ActivityTaskManager: getPreferredLaunchDisplay userset_displayid true user set display id 0, current focus display 0
03-16 09:43:55.373  1997  3108 D ActivityTaskManager: getPreferredLaunchDisplay userset_displayid true user set display id 0, current focus display 0
03-16 09:43:55.374  1997  3765 E PersistenceController: SettingNotFoundException: sv_custom_ai_icon_enabled
03-16 09:43:55.374  1997  3108 D ActivityTaskManager: getPreferredLaunchDisplay userset_displayid true user set display id 0, current focus display 0
03-16 09:43:55.374  1997  3108 D ActivityTaskManager: getPreferredLaunchDisplay userset_displayid true user set display id 0, current focus display 0
03-16 09:43:55.375  1997  3108 D ActivityTaskManager: getPreferredLaunchDisplay userset_displayid true user set display id 0, current focus display 0
03-16 09:43:55.375  1997  3108 D ActivityTaskManager: getPreferredLaunchDisplay userset_displayid true user set display id 0, current focus display 0
03-16 09:43:55.375  1997  3108 D ActivityTaskManager: sendShowDecorCaptionWindow Task is not organized Task{d610517 #1163 type=undefined}
03-16 09:43:55.375  1997  3108 D ActivityTaskManager: sendShowDecorCaptionWindow Task is not organized Task{d610517 #1163 type=undefined}
03-16 09:43:55.377  1997  3108 D ActivityTaskManager: getPreferredLaunchDisplay userset_displayid true user set display id 0, current focus display 0
03-16 09:43:55.377  1997  3108 D ActivityTaskManager: getPreferredLaunchDisplay userset_displayid true user set display id 0, current focus display 0
03-16 09:43:55.377  1997  3108 D ActivityTaskManager: layoutTask::ignore force freeform on game mode because of force-fullscreen flag
03-16 09:43:55.380  1997  3108 D PowerManagerService: nativeSetPowerMode ret:true mode:5 enabled:true duration ms: 0
03-16 09:43:55.382  1997  3108 I ActivityTaskManager: START u0 {act=android.intent.action.MAIN cat=[android.intent.category.LAUNCHER] flg=0x10200000 cmp=com.posandroid/.MainActivity bnds=[360,870][534,1129]} with LAUNCH_SINGLE_TASK from uid 10286 (startActivityAsUser) (BAL_ALLOW_VISIBLE_WINDOW) result code=0
03-16 09:43:55.383  2843  2941 V WindowManagerShell: Transition requested (#15520): android.os.BinderProxy@b0e7a8f TransitionRequestInfo { type = OPEN, triggerTask = TaskInfo{userId=0 taskId=1163 displayId=0 isRunning=true baseIntent=Intent { act=android.intent.action.MAIN cat=[android.intent.category.LAUNCHER] flg=0x10200000 cmp=com.posandroid/.MainActivity } baseActivity=ComponentInfo{com.posandroid/com.posandroid.MainActivity} topActivity=ComponentInfo{com.posandroid/com.posandroid.MainActivity} origActivity=null realActivity=ComponentInfo{com.posandroid/com.posandroid.MainActivity} numActivities=1 lastActiveTime=747583761 supportsMultiWindow=true supportsGlobalFreeform=true resizeMode=1 isResizeable=true isAppLocked=false isShowDecorCaptionWindowRequest=false canKillAndRestart=false minWidth=-1 minHeight=-1 defaultMinSize=200 token=WCT{android.window.IWindowContainerToken$Stub$Proxy@81bf11c} topActivityType=1 pictureInPictureParams=null shouldDockBigOverlays=false launchIntoPipHostTaskId=-1 lastParentTaskIdBeforePip=-1 displayCutoutSafeInsets=Rect(0, 77 - 0, 0) topActivityInfo=ActivityInfo{f046125 com.posandroid.MainActivity} launchCookies=[android.os.BinderProxy@214d2fa] positionInParent=Point(0, 0) parentTaskId=-1 isFocused=false isVisible=false isVisibleRequested=false isSleeping=false locusId=null displayAreaFeatureId=1 isTopActivityTransparent=false appCompatTaskInfo=AppCompatTaskInfo { topActivityInSizeCompat=false topActivityEligibleForLetterboxEducation= falseisLetterboxEducationEnabled= false isLetterboxDoubleTapEnabled= false topActivityEligibleForUserAspectRatioButton= false topActivityBoundsLetterboxed= false isFromLetterboxDoubleTap= false topActivityLetterboxVerticalPosition= -1 topActivityLetterboxHorizontalPosition= -1 topActivityLetterboxWidth=720 topActivityLetterboxHeight=1600 isUserFullscreenOverrideEnabled=false isSystemFullscreenOverrideEnabled=false cameraCompatTaskInfo=CameraCompatTaskInfo { cameraCompatControlState=hidden freeformCameraCompatMode=inactive}}}, pipTask = null, remoteTransition = RemoteTransition { remoteTransition = android.window.IRemoteTransition$Stub$Proxy@28230ab, appThread = android.app.IApplicationThread$Stub$Proxy@b850308, debugName = QuickstepLaunch }, displayChange = null, flags = 0, debugId = 15520 }
03-16 09:43:55.384  2843  2941 V WindowManagerShell: RemoteTransition directly requested for (#15520) android.os.BinderProxy@b0e7a8f: RemoteTransition { remoteTransition = android.window.IRemoteTransition$Stub$Proxy@28230ab, appThread = android.app.IApplicationThread$Stub$Proxy@b850308, debugName = QuickstepLaunch }
03-16 09:43:55.385  1997  3527 E PersistenceController: SettingNotFoundException: sv_custom_ai_icon_enabled
03-16 09:43:55.393  2843  2941 D WindowManagerShell: setLauncherKeepClearAreaHeight: visible=false, height=121
03-16 09:43:55.403  1997  3108 D CoreBackPreview: Window{be6dbb3 u0 Splash Screen com.posandroid}: Setting back callback OnBackInvokedCallbackInfo{mCallback=android.window.IOnBackInvokedCallback$Stub$Proxy@7e9800f, mPriority=0, mIsAnimationCallback=false}
03-16 09:43:55.407  1997  2200 I ActivityManager: Start proc 16407:com.posandroid/u0a499 for next-top-activity {com.posandroid/com.posandroid.MainActivity}
03-16 09:43:55.417  2843  3556 V WindowManagerShell: onTransitionReady(transaction=8577050748367)
03-16 09:43:55.418  1997  2142 V WindowManager: Sent Transition (#15520) createdAt=03-16 09:43:55.372 via request=TransitionRequestInfo { type = OPEN, triggerTask = TaskInfo{userId=0 taskId=1163 displayId=0 isRunning=true baseIntent=Intent { act=android.intent.action.MAIN cat=[android.intent.category.LAUNCHER] flg=0x10200000 cmp=com.posandroid/.MainActivity } baseActivity=ComponentInfo{com.posandroid/com.posandroid.MainActivity} topActivity=ComponentInfo{com.posandroid/com.posandroid.MainActivity} origActivity=null realActivity=ComponentInfo{com.posandroid/com.posandroid.MainActivity} numActivities=1 lastActiveTime=747583761 supportsMultiWindow=true supportsGlobalFreeform=true resizeMode=1 isResizeable=true isAppLocked=false isShowDecorCaptionWindowRequest=false canKillAndRestart=true minWidth=-1 minHeight=-1 defaultMinSize=200 token=WCT{RemoteToken{ac15288 Task{d610517 #1163 type=standard A=10499:com.posandroid}}} topActivityType=1 pictureInPictureParams=null shouldDockBigOverlays=false launchIntoPipHostTaskId=-1 lastParentTaskIdBeforePip=-1 displayCutoutSafeInsets=Rect(0, 77 - 0, 0) topActivityInfo=ActivityInfo{8a5c421 com.posandroid.MainActivity} launchCookies=[android.os.BinderProxy@2dcc046] positionInParent=Point(0, 0) parentTaskId=-1 isFocused=false isVisible=false isVisibleRequested=false isSleeping=false locusId=null displayAreaFeatureId=1 isTopActivityTransparent=false appCompatTaskInfo=AppCompatTaskInfo { topActivityInSizeCompat=false topActivityEligibleForLetterboxEducation= falseisLetterboxEducationEnabled= false isLetterboxDoubleTapEnabled= false topActivityEligibleForUserAspectRatioButton= false topActivityBoundsLetterboxed= false isFromLetterboxDoubleTap= false topActivityLetterboxVerticalPosition= -1 topActivityLetterboxHorizontalPosition= -1 topActivityLetterboxWidth=720 topActivityLetterboxHeight=1600 isUserFullscreenOverrideEnabled=false isSystemFullscreenOverrideEnabled=false cameraCompatTaskInfo=CameraCompatTaskInfo { cameraCompatControlState=hidden freeformCameraCompatMode=inactive}}}, pipTask = null, remoteTransition = RemoteTransition { remoteTransition = android.window.IRemoteTransition$Stub$Proxy@6b76207, appThread = android.app.IApplicationThread$Stub$Proxy@45d0f34, debugName = QuickstepLaunch }, displayChange = null, flags = 0, debugId = 15520 }
03-16 09:43:55.418  2843  2941 V WindowManagerShell: onTransitionReady (#15520) android.os.BinderProxy@b0e7a8f: {id=15520 t=OPEN f=0x0 trk=0 r=[0@Point(0, 0)] c=[{WCT{android.window.IWindowContainerToken$Stub$Proxy@6af7a67} m=OPEN f=NONE pTaskId=-1 leash=Surface(name=Task=1163)/@0x9dea568 sb=Rect(0, 0 - 720, 1600) eb=Rect(0, 0 - 720, 1600) d=0 taskParent=-1},{WCT{android.window.IWindowContainerToken$Stub$Proxy@2acb014} m=TO_BACK f=SHOW_WALLPAPER pTaskId=-1 leash=Surface(name=Task=1)/@0xa24d81 sb=Rect(0, 0 - 720, 1600) eb=Rect(0, 0 - 720, 1600) d=0 taskParent=-1}]}
03-16 09:43:55.418  1997  2142 V WindowManager:     startWCT=WindowContainerTransaction { changes = {} hops = [] errorCallbackToken=null taskFragmentOrganizer=null }
03-16 09:43:55.418  2843  2941 V WindowManagerShell: Playing animation for (#15520) android.os.BinderProxy@b0e7a8f@0
03-16 09:43:55.418  1997  2142 V WindowManager:     info={id=15520 t=OPEN f=0x0 trk=0 r=[0@Point(0, 0)] c=[
03-16 09:43:55.418  1997  2142 V WindowManager:         {WCT{RemoteToken{ac15288 Task{d610517 #1163 type=standard A=10499:com.posandroid}}} m=OPEN f=NONE pTaskId=-1 leash=Surface(name=Task=1163)/@0x79b67a sb=Rect(0, 0 - 720, 1600) eb=Rect(0, 0 - 720, 1600) d=0 taskParent=-1},
03-16 09:43:55.418  1997  2142 V WindowManager:         {WCT{RemoteToken{92802e4 Task{6c753f1 #1 type=undefined}}} m=TO_BACK f=SHOW_WALLPAPER pTaskId=-1 leash=Surface(name=Task=1)/@0x9e81095 sb=Rect(0, 0 - 720, 1600) eb=Rect(0, 0 - 720, 1600) d=0 taskParent=-1}
03-16 09:43:55.418  1997  2142 V WindowManager:     ]}
03-16 09:43:55.418  2843  2941 V WindowManagerShell:  try firstHandler com.android.wm.shell.transition.DefaultMixedHandler@ad75e7e
03-16 09:43:55.418  2843  2941 V WindowManagerShell: Mixed transition for opening an intent with a remote transition and PIP #15520
03-16 09:43:55.418  2843  2941 V WindowManagerShell:  Delegate animation for (#15520) to RemoteTransition { remoteTransition = android.window.IRemoteTransition$Stub$Proxy@28230ab, appThread = android.app.IApplicationThread$Stub$Proxy@b850308, debugName = QuickstepLaunch }
03-16 09:43:55.421  2843  2941 V WindowManagerShell:  animated by firstHandler
03-16 09:43:55.428  1997  3527 W UserManagerService: Requested status bar icon for non-badged user 0
03-16 09:43:55.447  1997  3740 D ActivityTaskManager: sendShowDecorCaptionWindow Task is not organized Task{8e22723 #56 type=undefined I=com.motorola.launcher3/com.android.launcher3.CustomizationPanelLauncher}
03-16 09:43:55.452  2843  2941 D WindowManagerShell: onKeepClearAreasChanged: restricted={Rect(2, 1409 - 718, 1566)}, unrestricted={}
03-16 09:43:55.511  1997  3740 I ActivityManager: Flag disabled. Ignoring finishAttachApplication from uid: 10499. pid: 16407
03-16 09:43:55.534 16407 16407 E AndroidRuntime: FATAL EXCEPTION: main
03-16 09:43:55.534 16407 16407 E AndroidRuntime: Process: com.posandroid, PID: 16407
03-16 09:43:55.534 16407 16407 E AndroidRuntime: com.facebook.soloader.SoLoaderDSONotFoundError: couldn't find DSO to load: libhermestooling.so
03-16 09:43:55.534 16407 16407 E AndroidRuntime: 	existing SO sources: 
03-16 09:43:55.534 16407 16407 E AndroidRuntime: 		SoSource 0: ApplicationSoSource[DirectorySoSource[root = /data/app/~~EbEoQ0YrMr-_lvtxwBV4lw==/com.posandroid-KjcQm3p9ZtKHatXA1fKi6w==/lib/arm64 flags = 0]]
03-16 09:43:55.534 16407 16407 E AndroidRuntime: 		SoSource 1: DirectApkSoSource[root = [/data/app/~~EbEoQ0YrMr-_lvtxwBV4lw==/com.posandroid-KjcQm3p9ZtKHatXA1fKi6w==/base.apk!/lib/arm64-v8a]]
03-16 09:43:55.534 16407 16407 E AndroidRuntime: 		SoSource 2: DirectorySoSource[root = /system/lib64 flags = 3]
03-16 09:43:55.534 16407 16407 E AndroidRuntime: 		SoSource 3: DirectorySoSource[root = /vendor/lib64 flags = 3]
03-16 09:43:55.534 16407 16407 E AndroidRuntime: 	Native lib dir: /data/app/~~EbEoQ0YrMr-_lvtxwBV4lw==/com.posandroid-KjcQm3p9ZtKHatXA1fKi6w==/lib/arm64
03-16 09:43:55.534 16407 16407 E AndroidRuntime: 
03-16 09:43:55.534 16407 16407 E AndroidRuntime: 	at com.facebook.soloader.SoLoader.doLoadLibraryBySoName(SoLoader.java:1216)
03-16 09:43:55.534 16407 16407 E AndroidRuntime: 	at com.facebook.soloader.SoLoader.loadLibraryBySoNameImpl(SoLoader.java:1078)
03-16 09:43:55.534 16407 16407 E AndroidRuntime: 	at com.facebook.soloader.SoLoader.loadLibraryBySoName(SoLoader.java:943)
03-16 09:43:55.534 16407 16407 E AndroidRuntime: 	at com.facebook.soloader.SoLoader.loadLibraryOnAndroid(SoLoader.java:859)
03-16 09:43:55.534 16407 16407 E AndroidRuntime: 	at com.facebook.soloader.SoLoader.loadLibrary(SoLoader.java:842)
03-16 09:43:55.534 16407 16407 E AndroidRuntime: 	at com.facebook.soloader.SoLoader.loadLibrary(SoLoader.java:812)
03-16 09:43:55.534 16407 16407 E AndroidRuntime: 	at com.facebook.react.runtime.hermes.HermesInstance.<clinit>(HermesInstance.kt:26)
03-16 09:43:55.534 16407 16407 E AndroidRuntime: 	at com.facebook.react.defaults.DefaultReactHost.getDefaultReactHost(DefaultReactHost.kt:93)
03-16 09:43:55.534 16407 16407 E AndroidRuntime: 	at com.facebook.react.defaults.DefaultReactHost.getDefaultReactHost$default(DefaultReactHost.kt:60)
03-16 09:43:55.534 16407 16407 E AndroidRuntime: 	at com.posandroid.MainApplication.reactHost_delegate$lambda$1(MainApplication.kt:13)
03-16 09:43:55.534 16407 16407 E AndroidRuntime: 	at com.posandroid.MainApplication.$r8$lambda$3TP1oUSoY_NhCrNVro4eMH8iRFI(Unknown Source:0)
03-16 09:43:55.534 16407 16407 E AndroidRuntime: 	at com.posandroid.MainApplication$$ExternalSyntheticLambda0.invoke(D8$$SyntheticClass:0)
03-16 09:43:55.534 16407 16407 E AndroidRuntime: 	at kotlin.SynchronizedLazyImpl.getValue(LazyJVM.kt:83)
03-16 09:43:55.534 16407 16407 E AndroidRuntime: 	at com.posandroid.MainApplication.getReactHost(MainApplication.kt:12)
03-16 09:43:55.534 16407 16407 E AndroidRuntime: 	at com.facebook.react.ReactActivityDelegate.getReactHost(ReactActivityDelegate.java:109)
03-16 09:43:55.534 16407 16407 E AndroidRuntime: 	at com.facebook.react.ReactActivityDelegate.lambda$onCreate$0(ReactActivityDelegate.java:152)
03-16 09:43:55.534 16407 16407 E AndroidRuntime: 	at com.facebook.react.ReactActivityDelegate.$r8$lambda$HPdXfLmAU1y4Wc1XbwAHziPP2WA(Unknown Source:0)
03-16 09:43:55.534 16407 16407 E AndroidRuntime: 	at com.facebook.react.ReactActivityDelegate$$ExternalSyntheticLambda0.run(D8$$SyntheticClass:0)
03-16 09:43:55.534 16407 16407 E AndroidRuntime: 	at com.facebook.systrace.Systrace.traceSection(Systrace.kt:35)
03-16 09:43:55.534 16407 16407 E AndroidRuntime: 	at com.facebook.react.ReactActivityDelegate.onCreate(ReactActivityDelegate.java:132)
03-16 09:43:55.534 16407 16407 E AndroidRuntime: 	at com.facebook.react.ReactActivity.onCreate(ReactActivity.java:61)
03-16 09:43:55.534 16407 16407 E AndroidRuntime: 	at android.app.Activity.performCreate(Activity.java:9149)
03-16 09:43:55.534 16407 16407 E AndroidRuntime: 	at android.app.Activity.performCreate(Activity.java:9127)
03-16 09:43:55.534 16407 16407 E AndroidRuntime: 	at android.app.Instrumentation.callActivityOnCreate(Instrumentation.java:1526)
03-16 09:43:55.534 16407 16407 E AndroidRuntime: 	at android.app.ActivityThread.performLaunchActivity(ActivityThread.java:4156)
03-16 09:43:55.534 16407 16407 E AndroidRuntime: 	at android.app.ActivityThread.handleLaunchActivity(ActivityThread.java:4365)
03-16 09:43:55.534 16407 16407 E AndroidRuntime: 	at android.app.servertransaction.LaunchActivityItem.execute(LaunchActivityItem.java:112)
03-16 09:43:55.534 16407 16407 E AndroidRuntime: 	at android.app.servertransaction.TransactionExecutor.executeNonLifecycleItem(TransactionExecutor.java:174)
03-16 09:43:55.534 16407 16407 E AndroidRuntime: 	at android.app.servertransaction.TransactionExecutor.executeTransactionItems(TransactionExecutor.java:109)
03-16 09:43:55.534 16407 16407 E AndroidRuntime: 	at android.app.servertransaction.TransactionExecutor.execute(TransactionExecutor.java:81)
03-16 09:43:55.534 16407 16407 E AndroidRuntime: 	at android.app.ActivityThread$H.handleMessage(ActivityThread.java:2751)
03-16 09:43:55.534 16407 16407 E AndroidRuntime: 	at android.os.Handler.dispatchMessage(Handler.java:112)
03-16 09:43:55.534 16407 16407 E AndroidRuntime: 	at android.os.Looper.loopOnce(Looper.java:268)
03-16 09:43:55.534 16407 16407 E AndroidRuntime: 	at android.os.Looper.loop(Looper.java:384)
03-16 09:43:55.534 16407 16407 E AndroidRuntime: 	at android.app.ActivityThread.main(ActivityThread.java:8936)
03-16 09:43:55.534 16407 16407 E AndroidRuntime: 	at java.lang.reflect.Method.invoke(Native Method)
03-16 09:43:55.534 16407 16407 E AndroidRuntime: 	at com.android.internal.os.RuntimeInit$MethodAndArgsCaller.run(RuntimeInit.java:580)
03-16 09:43:55.534 16407 16407 E AndroidRuntime: 	at com.android.internal.os.ZygoteInit.main(ZygoteInit.java:907)
03-16 09:43:55.536  1997 16425 I DropBoxManagerService: add tag=data_app_crash isTagEnabled=true flags=0x2
03-16 09:43:55.537  1997  3740 W ActivityTaskManager:   Force finishing activity com.posandroid/.MainActivity
03-16 09:43:55.538  2843  2941 V WindowManagerShell: Transition requested (#15521): android.os.BinderProxy@91d2bfe TransitionRequestInfo { type = CLOSE, triggerTask = null, pipTask = null, remoteTransition = null, displayChange = null, flags = 16, debugId = 15521 }
03-16 09:43:55.545  1997  2143 I ActivityManager: 10499 handleShowAppErrorUi: shouldThottle=true,showFirstCrash=false,repeating=true,shouldForceShowError=false
03-16 09:43:55.548  2843  2941 D WindowManagerShell: onKeepClearAreasChanged: restricted={Rect(10, 1395 - 710, 1549)}, unrestricted={}
03-16 09:43:55.557  1997  3527 I ActivityManager: appDiedLocked: app=ProcessRecord{2fbe0e9 16407:com.posandroid/u0a499} thread=android.os.BinderProxy@2308aff fromBinderDied=true isKilledByAm=false reason=null
03-16 09:43:55.557  1997  3527 I ActivityManager: Process com.posandroid (pid 16407) has died: fg  TOP 
03-16 09:43:55.557  1997  3527 D RestartModeController: markWaitRestartAppIsSuicided null processName=com.posandroid
03-16 09:43:55.558  1997  2143 D DisplayManagerService: Drop pending events for gone uid 10499
03-16 09:43:55.560  2843  2941 D WindowManagerShell: onKeepClearAreasChanged: restricted={Rect(10, 1395 - 710, 1548)}, unrestricted={}
03-16 09:43:55.562  1997  3527 D ActivityTaskManager: handleAppDied: uid=10499,diedCount=2,lastDiedTime=517337255,forceStopUids=false
03-16 09:43:55.565  1997  2193 W MotoBatteryCareService: uid: 10286 pkgName:com.motorola.launcher3 come to foreground
03-16 09:43:55.572  2843  2941 D WindowManagerShell: setLauncherKeepClearAreaHeight: visible=true, height=121
03-16 09:43:55.574  2843 18428 V WindowManagerShell: onTransitionReady(transaction=8577050748374)
03-16 09:43:55.575  2843  2941 V WindowManagerShell: onTransitionReady (#15521) android.os.BinderProxy@91d2bfe: {id=15521 t=CLOSE f=0x10 trk=0 r=[0@Point(0, 0)] c=[{WCT{android.window.IWindowContainerToken$Stub$Proxy@61c0a0a} m=TO_FRONT f=SHOW_WALLPAPER|MOVE_TO_TOP pTaskId=-1 leash=Surface(name=Task=1)/@0x9474f5f sb=Rect(0, 0 - 720, 1600) eb=Rect(0, 0 - 720, 1600) d=0 taskParent=-1},{WCT{android.window.IWindowContainerToken$Stub$Proxy@2bb827b} m=CLOSE f=NONE pTaskId=-1 leash=Surface(name=Task=1163)/@0x5edac sb=Rect(0, 0 - 720, 1600) eb=Rect(0, 0 - 720, 1600) d=0 taskParent=-1}]}
03-16 09:43:55.575  2843  2941 V WindowManagerShell: Transition (#15521) android.os.BinderProxy@91d2bfe@0 ready while (#15520) android.os.BinderProxy@b0e7a8f@0 is still animating. Notify the animating transition in case they can be merged
03-16 09:43:55.575  2843  2941 V WindowManagerShell:    Merge into remote: RemoteTransition { remoteTransition = android.window.IRemoteTransition$Stub$Proxy@28230ab, appThread = android.app.IApplicationThread$Stub$Proxy@b850308, debugName = QuickstepLaunch }
03-16 09:43:55.578  2843  2941 V WindowManagerShell: Transition animation finished (aborted=false), notifying core (#15520) android.os.BinderProxy@b0e7a8f@0
03-16 09:43:55.584  1997  2142 V WindowManager: Sent Transition (#15521) createdAt=03-16 09:43:55.537 via request=TransitionRequestInfo { type = CLOSE, triggerTask = null, pipTask = null, remoteTransition = null, displayChange = null, flags = 16, debugId = 15521 }
03-16 09:43:55.584  1997  2142 V WindowManager:     startWCT=WindowContainerTransaction { changes = {} hops = [] errorCallbackToken=null taskFragmentOrganizer=null }
03-16 09:43:55.584  1997  2142 V WindowManager:     info={id=15521 t=CLOSE f=0x10 trk=0 r=[0@Point(0, 0)] c=[
03-16 09:43:55.584  1997  2142 V WindowManager:         {WCT{RemoteToken{92802e4 Task{6c753f1 #1 type=undefined}}} m=TO_FRONT f=SHOW_WALLPAPER|MOVE_TO_TOP pTaskId=-1 leash=Surface(name=Task=1)/@0x9e81095 sb=Rect(0, 0 - 720, 1600) eb=Rect(0, 0 - 720, 1600) d=0 taskParent=-1},
03-16 09:43:55.584  1997  2142 V WindowManager:         {WCT{RemoteToken{ac15288 Task{d610517 #1163 type=standard A=10499:com.posandroid}}} m=CLOSE f=NONE pTaskId=-1 leash=Surface(name=Task=1163)/@0x79b67a sb=Rect(0, 0 - 720, 1600) eb=Rect(0, 0 - 720, 1600) d=0 taskParent=-1}
03-16 09:43:55.584  1997  2142 V WindowManager:     ]}
03-16 09:43:55.587  1997  2142 V WindowManager: Finish Transition (#15520): created at 03-16 09:43:55.372 collect-started=0.03ms request-sent=9.081ms started=12.411ms ready=41.824ms sent=43.949ms finished=213.813ms
03-16 09:43:55.588  2843  2941 V WindowManagerShell: Playing animation for (#15521) android.os.BinderProxy@91d2bfe@0
03-16 09:43:55.588  2843  2941 V WindowManagerShell:  try handler com.android.wm.shell.transition.DefaultMixedHandler@ad75e7e
03-16 09:43:55.588  2843  2941 V WindowManagerShell:  try handler com.android.wm.shell.keyguard.KeyguardTransitionHandler@ff1cfdf
03-16 09:43:55.588  2843  2941 V WindowManagerShell:  try handler com.android.wm.shell.pip.PipTransition@cc5a42c
03-16 09:43:55.588  2843  2941 V WindowManagerShell:  try handler com.android.wm.shell.activityembedding.ActivityEmbeddingController@e347ef5
03-16 09:43:55.588  2843  2941 V WindowManagerShell:  try handler com.android.wm.shell.recents.RecentsTransitionHandler@186e48a
03-16 09:43:55.588  2843  2941 V ShellRecents: RecentsTransitionHandler.startAnimation: no controller found
03-16 09:43:55.588  2843  2941 V WindowManagerShell:  try handler com.android.wm.shell.splitscreen.StageCoordinator@ccd8afb
03-16 09:43:55.588  2843  2941 V WindowManagerShell:  try handler com.android.wm.shell.transition.RemoteTransitionHandler@cfed718
03-16 09:43:55.588  2843  2941 V WindowManagerShell: Transition doesn't have explicit remote, search filters for match for {id=15521 t=CLOSE f=0x10 trk=0 r=[0@Point(0, 0)] c=[{WCT{android.window.IWindowContainerToken$Stub$Proxy@61c0a0a} m=TO_FRONT f=SHOW_WALLPAPER|MOVE_TO_TOP pTaskId=-1 leash=Surface(name=Task=1)/@0x9474f5f sb=Rect(0, 0 - 720, 1600) eb=Rect(0, 0 - 720, 1600) d=0 taskParent=-1},{WCT{android.window.IWindowContainerToken$Stub$Proxy@2bb827b} m=CLOSE f=NONE pTaskId=-1 leash=Surface(name=Task=1163)/@0x5edac sb=Rect(0, 0 - 720, 1600) eb=Rect(0, 0 - 720, 1600) d=0 taskParent=-1}]}
03-16 09:43:55.588  2843  2941 V WindowManagerShell:  Checking filter Pair{{types=[] flags=0x0] notFlags=0x100 checks=[{atype=home independent=true modes=[OPEN,TO_FRONT] flags=NONE mustBeTask=false order=TOP topActivity=ComponentInfo{com.motorola.launcher3/com.android.launcher3.uioverrides.QuickstepLauncher} launchCookie=null},{atype=standard independent=true modes=[CLOSE,TO_BACK] flags=NONE mustBeTask=false order=ANY topActivity=null launchCookie=null}]} RemoteTransition { remoteTransition = android.window.IRemoteTransition$Stub$Proxy@c77e456, appThread = android.app.IApplicationThread$Stub$Proxy@7229cd7, debugName = QuickstepLaunchHome }}
03-16 09:43:55.589  2843  2941 D RemoteTransitionHandler: Found filterPair{{types=[] flags=0x0] notFlags=0x100 checks=[{atype=home independent=true modes=[OPEN,TO_FRONT] flags=NONE mustBeTask=false order=TOP topActivity=ComponentInfo{com.motorola.launcher3/com.android.launcher3.uioverrides.QuickstepLauncher} launchCookie=null},{atype=standard independent=true modes=[CLOSE,TO_BACK] flags=NONE mustBeTask=false order=ANY topActivity=null launchCookie=null}]} RemoteTransition { remoteTransition = android.window.IRemoteTransition$Stub$Proxy@c77e456, appThread = android.app.IApplicationThread$Stub$Proxy@7229cd7, debugName = QuickstepLaunchHome }}
03-16 09:43:55.589  2843  2941 V WindowManagerShell:  Delegate animation for (#15521) to RemoteTransition { remoteTransition = android.window.IRemoteTransition$Stub$Proxy@c77e456, appThread = android.app.IApplicationThread$Stub$Proxy@7229cd7, debugName = QuickstepLaunchHome }
03-16 09:43:55.590  1997  2193 W MotoBatteryCareService: uid: 10286 pkgName:com.motorola.launcher3 come to foreground
03-16 09:43:55.590  1997  4503 D PowerManagerService: nativeSetPowerMode ret:true mode:5 enabled:false duration ms: 0
03-16 09:43:55.590  2843  2941 V WindowManagerShell:  animated by com.android.wm.shell.transition.RemoteTransitionHandler@cfed718
03-16 09:43:55.592  1997  3006 W UserManagerService: Requested status bar icon for non-badged user 0
03-16 09:43:55.592  1997  3006 W UserManagerService: Requested status bar icon for non-badged user 0
03-16 09:43:55.595  1997  3262 W UserManagerService: Requested status bar icon for non-badged user 0
03-16 09:43:55.598  1997  3006 E PersistenceController: SettingNotFoundException: sv_custom_ai_icon_enabled
03-16 09:43:55.599  1997  4503 W PackageConfigPersister: App-specific configuration not found for packageName: com.motorola.launcher3 and userId: 0
03-16 09:43:55.618  1997  3006 D CoreBackPreview: Window{be6dbb3 u0 Splash Screen com.posandroid EXITING}: Setting back callback null
03-16 09:43:55.626  1997  4996 W PackageConfigPersister: App-specific configuration not found for packageName: com.motorola.launcher3 and userId: 0
03-16 09:43:55.661  2843  2941 D WindowManagerShell: onKeepClearAreasChanged: restricted={Rect(0, 1414 - 720, 1571)}, unrestricted={}
03-16 09:43:55.911  1997  1997 W AccessibilityManagerService:  wait for adding window timeout: 21447
03-16 09:43:55.936  2843  2941 V WindowManagerShell: Transition animation finished (aborted=false), notifying core (#15521) android.os.BinderProxy@91d2bfe@0
03-16 09:43:55.937  1997  2142 V WindowManager: Finish Transition (#15521): created at 03-16 09:43:55.537 collect-started=0.018ms request-sent=0.171ms started=8.002ms ready=29.318ms sent=35.594ms finished=400.243ms
03-16 09:43:55.942  2843  2941 V WindowManagerShell: Track 0 became idle
03-16 09:43:55.942  2843  2941 V WindowManagerShell: All active transition animations finished
03-16 09:43:55.943  1997  4996 W UserManagerService: Requested status bar icon for non-badged user 0
03-16 09:43:55.944  1997  4996 W UserManagerService: Requested status bar icon for non-badged user 0
03-16 09:43:56.038  1997  2147 W ActivityTaskManager: Activity top resumed state loss timeout for ActivityRecord{5194cb1 u0 com.posandroid/.MainActivity t-1 f}}
03-16 09:43:56.082  1997  2147 W AccessibilityWindowsPopulator: Windows change within in 2 frames continuously over 500 ms and notify windows changed immediately
03-16 09:43:56.194  1997  2576 D ActivityTaskManager: getPreferredLaunchDisplay userset_displayid true user set display id 0, current focus display 0
03-16 09:43:56.194  1997  2576 I SettingsAccessControlPolicy: isDeviceSettingsChangeDisabled: value -> false
03-16 09:43:56.194  1997  2576 W OptProp : Cannot read opt property android.window.PROPERTY_COMPAT_ALLOW_ORIENTATION_OVERRIDE
03-16 09:43:56.195  1997  2576 W OptProp : Cannot read opt property android.window.PROPERTY_COMPAT_ALLOW_RESIZEABLE_ACTIVITY_OVERRIDES
03-16 09:43:56.195  1997  2576 W OptProp : Cannot read opt property android.window.PROPERTY_COMPAT_ALLOW_MIN_ASPECT_RATIO_OVERRIDE
03-16 09:43:56.195  1997  2576 D ActivityTaskManager: getPreferredLaunchDisplay userset_displayid true user set display id 0, current focus display 0
03-16 09:43:56.195  1997  2576 D ActivityTaskManager: getPreferredLaunchDisplay userset_displayid true user set display id 0, current focus display 0
